[ICP MODE] compare (flags: --icp-mode=global|incremental|compare)
#################### Pottery Data load ####################
Attempting to read file: /Dataset/SfS_pp/Axes/Pot_B_Piece_01_Axis.xyz
File opened successfully
Successfully read 1 points
Attempting to read PCD file: /Dataset/SfS_pp/Breaklines/Pot_B_Piece_01_Breakline_0.pcd
File opened successfully
Found 6 segments, 210 total points
Processing 210 points
Found 210 unique points
Successfully processed PCD file
Attempting to read XYZ file: /Dataset/SfS_pp/Surfaces/Pot_B_Piece_01_Surface_0.xyz
Found 15472 total points, reading 15472 points
Successfully read 15472 points
Attempting to read XYZ file: /Dataset/SfS_pp/Surfaces/Pot_B_Piece_01_Surface_1.xyz
Found 16166 total points, reading 16166 points
Successfully read 16166 points
Attempting to read PCD file: /Dataset/SfS_pp/Surfaces/Pot_B_Piece_01_Surface_F.pcd
Attempting to read file: /Dataset/SfS_pp/Axes/Pot_B_Piece_02_Axis.xyz
File opened successfully
Successfully read 1 points
Attempting to read PCD file: /Dataset/SfS_pp/Breaklines/Pot_B_Piece_02_Breakline_0.pcd
File opened successfully
Found 3 segments, 150 total points
Processing 150 points
Found 150 unique points
Successfully processed PCD file
Attempting to read XYZ file: /Dataset/SfS_pp/Surfaces/Pot_B_Piece_02_Surface_0.xyz
Found 8942 total points, reading 8942 points
Successfully read 8942 points
Attempting to read XYZ file: /Dataset/SfS_pp/Surfaces/Pot_B_Piece_02_Surface_1.xyz
Found 9467 total points, reading 9467 points
Successfully read 9467 points
Attempting to read PCD file: /Dataset/SfS_pp/Surfaces/Pot_B_Piece_02_Surface_F.pcd
Attempting to read file: /Dataset/SfS_pp/Axes/Pot_B_Piece_03_Axis.xyz
File opened successfully
Successfully read 1 points
Attempting to read PCD file: /Dataset/SfS_pp/Breaklines/Pot_B_Piece_03_Breakline_0.pcd
File opened successfully
Found 4 segments, 143 total points
Processing 143 points
Found 143 unique points
Successfully processed PCD file
Attempting to read XYZ file: /Dataset/SfS_pp/Surfaces/Pot_B_Piece_03_Surface_0.xyz
Found 8556 total points, reading 8556 points
Successfully read 8556 points
Attempting to read XYZ file: /Dataset/SfS_pp/Surfaces/Pot_B_Piece_03_Surface_1.xyz
Found 9361 total points, reading 9361 points
Successfully read 9361 points
Attempting to read PCD file: /Dataset/SfS_pp/Surfaces/Pot_B_Piece_03_Surface_F.pcd
Attempting to read file: /Dataset/SfS_pp/Axes/Pot_B_Piece_04_Axis.xyz
File opened successfully
Successfully read 1 points
Attempting to read PCD file: /Dataset/SfS_pp/Breaklines/Pot_B_Piece_04_Breakline_0.pcd
File opened successfully
Found 3 segments, 136 total points
Processing 136 points
Found 136 unique points
Successfully processed PCD file
Attempting to read XYZ file: /Dataset/SfS_pp/Surfaces/Pot_B_Piece_04_Surface_0.xyz
Found 7574 total points, reading 7574 points
Successfully read 7574 points
Attempting to read XYZ file: /Dataset/SfS_pp/Surfaces/Pot_B_Piece_04_Surface_1.xyz
Found 8024 total points, reading 8024 points
Successfully read 8024 points
Attempting to read PCD file: /Dataset/SfS_pp/Surfaces/Pot_B_Piece_04_Surface_F.pcd
Attempting to read file: /Dataset/SfS_pp/Axes/Pot_B_Piece_05_Axis.xyz
File opened successfully
Successfully read 1 points
Attempting to read PCD file: /Dataset/SfS_pp/Breaklines/Pot_B_Piece_05_Breakline_0.pcd
File opened successfully
Found 4 segments, 131 total points
Processing 131 points
Found 131 unique points
Successfully processed PCD file
Attempting to read XYZ file: /Dataset/SfS_pp/Surfaces/Pot_B_Piece_05_Surface_0.xyz
Found 6621 total points, reading 6621 points
Successfully read 6621 points
Attempting to read XYZ file: /Dataset/SfS_pp/Surfaces/Pot_B_Piece_05_Surface_1.xyz
Found 7204 total points, reading 7204 points
Successfully read 7204 points
Attempting to read PCD file: /Dataset/SfS_pp/Surfaces/Pot_B_Piece_05_Surface_F.pcd
Attempting to read file: /Dataset/SfS_pp/Axes/Pot_B_Piece_06_Axis.xyz
File opened successfully
Successfully read 1 points
Attempting to read PCD file: /Dataset/SfS_pp/Breaklines/Pot_B_Piece_06_Breakline_0.pcd
File opened successfully
Found 3 segments, 104 total points
Processing 104 points
Found 104 unique points
Successfully processed PCD file
Attempting to read XYZ file: /Dataset/SfS_pp/Surfaces/Pot_B_Piece_06_Surface_0.xyz
Found 3848 total points, reading 3848 points
Successfully read 3848 points
Attempting to read XYZ file: /Dataset/SfS_pp/Surfaces/Pot_B_Piece_06_Surface_1.xyz
Found 3968 total points, reading 3968 points
Successfully read 3968 points
Attempting to read PCD file: /Dataset/SfS_pp/Surfaces/Pot_B_Piece_06_Surface_F.pcd
Attempting to read file: /Dataset/SfS_pp/Axes/Pot_B_Piece_07_Axis.xyz
File opened successfully
Successfully read 1 points
Attempting to read PCD file: /Dataset/SfS_pp/Breaklines/Pot_B_Piece_07_Breakline_0.pcd
File opened successfully
Found 4 segments, 104 total points
Processing 104 points
Found 104 unique points
Successfully processed PCD file
Attempting to read XYZ file: /Dataset/SfS_pp/Surfaces/Pot_B_Piece_07_Surface_0.xyz
Found 3947 total points, reading 3947 points
Successfully read 3947 points
Attempting to read XYZ file: /Dataset/SfS_pp/Surfaces/Pot_B_Piece_07_Surface_1.xyz
Found 4050 total points, reading 4050 points
Successfully read 4050 points
Attempting to read PCD file: /Dataset/SfS_pp/Surfaces/Pot_B_Piece_07_Surface_F.pcd
Attempting to read file: /Dataset/SfS_pp/Axes/Pot_B_Piece_08_Axis.xyz
File opened successfully
Successfully read 2 points
Attempting to read PCD file: /Dataset/SfS_pp/Breaklines/Pot_B_Piece_08_Breakline_0.pcd
File opened successfully
Found 3 segments, 101 total points
Processing 101 points
Found 101 unique points
Successfully processed PCD file
Attempting to read XYZ file: /Dataset/SfS_pp/Surfaces/Pot_B_Piece_08_Surface_0.xyz
Found 4481 total points, reading 4481 points
Successfully read 4481 points
Attempting to read XYZ file: /Dataset/SfS_pp/Surfaces/Pot_B_Piece_08_Surface_1.xyz
Found 4724 total points, reading 4724 points
Successfully read 4724 points
Attempting to read PCD file: /Dataset/SfS_pp/Surfaces/Pot_B_Piece_08_Surface_F.pcd
Attempting to read file: /Dataset/SfS_pp/Axes/Pot_B_Piece_09_Axis.xyz
File opened successfully
Successfully read 1 points
Attempting to read PCD file: /Dataset/SfS_pp/Breaklines/Pot_B_Piece_09_Breakline_0.pcd
File opened successfully
Found 3 segments, 75 total points
Processing 75 points
Found 75 unique points
Successfully processed PCD file
Attempting to read XYZ file: /Dataset/SfS_pp/Surfaces/Pot_B_Piece_09_Surface_0.xyz
Found 2388 total points, reading 2388 points
Successfully read 2388 points
Attempting to read XYZ file: /Dataset/SfS_pp/Surfaces/Pot_B_Piece_09_Surface_1.xyz
Found 2699 total points, reading 2699 points
Successfully read 2699 points
Attempting to read PCD file: /Dataset/SfS_pp/Surfaces/Pot_B_Piece_09_Surface_F.pcd
#################### Ground Truth data load ####################
0 1 1 1 1 0 0 1 1
1 0 0 1 0 0 0 1 0
1 0 0 0 1 0 1 0 0
1 1 0 0 0 1 0 0 0
1 0 1 0 0 0 0 1 0
0 0 0 1 0 0 1 0 1
0 0 1 0 0 1 0 0 1
1 1 0 0 1 0 0 0 0
1 0 0 0 0 1 1 0 0
#################### Save initial state ####################
#################### Change Axis symmetrix to z axis ####################
#################### Feature matching ####################
Total Number : 114
#################### Pairwise pruning ####################
Pruned match count: 77
#################### Genetic Algorithm search ####################
=== GA Iteration 1 / 1 ===
#################### GROUND TRUTH CANDIDATE AUDIT ####################
[GT AUDIT] Edge 1-2 (GT=1) Candidates: 5
  Choice 1: inliner= 34 score=0.580 density=21.516 [Wrapped] rad=2.5008 trans=41.3298
  Choice 2: inliner= 38 score=0.416 density=26.843 [Wrapped] rad=1.8270 trans=45.0536
  Choice 3: inliner= 30 score=0.677 density=17.891 [Wrapped] rad=0.5291 trans=40.3236
  Choice 4: inliner= 36 score=0.590 density=22.641 [Wrapped] rad=0.5323 trans=37.9122
  Choice 5: inliner= 78 score=0.382 density=56.448 [Wrapped] rad=2.2771 trans=36.4866
  -> Best Match for GT: Choice 3 (rad_err=0.5291)
[GT AUDIT] Edge 1-3 (GT=1) Candidates: 1
  Choice 1: inliner= 76 score=0.253 density=60.678 [Wrapped] rad=1.2973 trans=70.0543
  -> Best Match for GT: Choice 1 (rad_err=1.2973)
[GT AUDIT] Edge 1-4 (GT=1) Candidates: 5
  Choice 1: inliner= 30 score=0.585 density=18.922 [Wrapped] rad=1.4131 trans=48.4368
  Choice 2: inliner= 38 score=0.406 density=27.027 [Wrapped] rad=0.1955 trans=44.7124 [VALID GT MATCH]
  Choice 3: inliner= 89 score=0.306 density=68.123 [Wrapped] rad=0.8184 trans=44.4734
  Choice 4: inliner= 44 score=0.409 density=31.229 [Wrapped] rad=1.4846 trans=50.1763
  Choice 5: inliner= 40 score=0.659 density=24.108 [Wrapped] rad=2.5346 trans=41.5488
  -> Best Match for GT: Choice 2 (rad_err=0.1955)
[GT AUDIT] Edge 1-5 (GT=1) Candidates: 4
  Choice 1: inliner= 72 score=0.248 density=57.704 [Wrapped] rad=0.5367 trans=11.3521
  Choice 2: inliner= 38 score=0.420 density=26.754 [Wrapped] rad=0.8574 trans=7.7600
  Choice 3: inliner= 28 score=0.527 density=18.338 [Wrapped] rad=1.8356 trans=12.2002
  Choice 4: inliner= 16 score=0.568 density=10.205 [Wrapped] rad=2.8126 trans=12.2488
  -> Best Match for GT: Choice 1 (rad_err=0.5367)
[GT AUDIT] Edge 1-8 (GT=1) Candidates: 2
  Choice 1: inliner= 34 score=0.475 density=23.045 [Wrapped] rad=0.4639 trans=117.6797
  Choice 2: inliner= 28 score=0.211 density=23.130 [Wrapped] rad=1.8840 trans=114.5445
  -> Best Match for GT: Choice 1 (rad_err=0.4639)
[GT AUDIT] Edge 1-9 (GT=1) Candidates: 4
  Choice 1: inliner= 30 score=0.653 density=18.152 [Wrapped] rad=1.2421 trans=9.7771
  Choice 2: inliner= 45 score=0.467 density=30.676 [Wrapped] rad=0.1186 trans=8.8195 [VALID GT MATCH]
  Choice 3: inliner= 43 score=0.226 density=35.063 [Wrapped] rad=0.9751 trans=6.0147
  Choice 4: inliner= 22 score=0.729 density=12.722 [Wrapped] rad=2.6808 trans=12.3977
  -> Best Match for GT: Choice 2 (rad_err=0.1186)
[GT AUDIT] Edge 2-4 (GT=1) Candidates: 2
  Choice 1: inliner= 20 score=0.360 density=14.707 [Wrapped] rad=1.4499 trans=7.2407
  Choice 2: inliner= 62 score=0.253 density=49.478 [Wrapped] rad=0.6062 trans=13.2805
  -> Best Match for GT: Choice 2 (rad_err=0.6062)
[GT AUDIT] Edge 2-8 (GT=1) Candidates: 3
  Choice 1: inliner= 62 score=0.385 density=44.758 [Wrapped] rad=0.9625 trans=96.5457
  Choice 2: inliner= 42 score=0.589 density=26.430 [Wrapped] rad=2.5965 trans=102.2700
  Choice 3: inliner= 30 score=0.476 density=20.322 [Wrapped] rad=2.3499 trans=99.6408
  -> Best Match for GT: Choice 1 (rad_err=0.9625)
[GT AUDIT] Edge 3-5 (GT=1) Candidates: 2
  Choice 1: inliner= 42 score=0.440 density=29.162 [Wrapped] rad=1.9124 trans=7.6121
  Choice 2: inliner= 42 score=0.310 density=32.059 [Wrapped] rad=0.3596 trans=4.7638
  -> Best Match for GT: Choice 2 (rad_err=0.3596)
[GT AUDIT] Edge 3-7 (GT=1) Candidates: 2
  Choice 1: inliner= 42 score=0.213 density=34.628 [Wrapped] rad=1.4751 trans=23.0182
  Choice 2: inliner= 20 score=0.547 density=12.931 [Wrapped] rad=0.3512 trans=22.7634
  -> Best Match for GT: Choice 2 (rad_err=0.3512)
[GT AUDIT] Edge 4-6 (GT=1) Candidates: 2
  Choice 1: inliner= 24 score=0.360 density=17.647 [Wrapped] rad=0.5749 trans=4.9565
  Choice 2: inliner= 62 score=0.349 density=45.951 [Wrapped] rad=2.1904 trans=6.1619
  -> Best Match for GT: Choice 1 (rad_err=0.5749)
[GT AUDIT] Edge 5-8 (GT=1) Candidates: 2
  Choice 1: inliner= 44 score=0.451 density=30.313 [Wrapped] rad=0.6042 trans=13.5951
  Choice 2: inliner= 58 score=0.400 density=41.422 [Wrapped] rad=1.5393 trans=30.8526
  -> Best Match for GT: Choice 1 (rad_err=0.6042)
[GT AUDIT] Edge 6-7 (GT=1) Candidates: 2
  Choice 1: inliner= 36 score=0.371 density=26.258 [Wrapped] rad=0.5176 trans=17.1752
  Choice 2: inliner= 24 score=0.486 density=16.147 [Wrapped] rad=2.0496 trans=9.0074
  -> Best Match for GT: Choice 1 (rad_err=0.5176)
[GT AUDIT] Edge 6-9 (GT=1) Candidates: 1
  Choice 1: inliner= 32 score=0.526 density=20.971 [Wrapped] rad=0.0525 trans=4.0950 [VALID GT MATCH]
  -> Best Match for GT: Choice 1 (rad_err=0.0525)
[GT AUDIT] Edge 7-9 (GT=1) Candidates: 2
  Choice 1: inliner= 52 score=0.286 density=40.438 [Wrapped] rad=0.0622 trans=4.2974 [VALID GT MATCH]
  Choice 2: inliner= 24 score=0.269 density=18.906 [Wrapped] rad=0.6444 trans=11.5225
  -> Best Match for GT: Choice 1 (rad_err=0.0622)
######################################################################
[GA] Generation 0 best fitness: -20658.5128
[GA] Generation 1 best fitness: -20658.5128
[GA] Generation 2 best fitness: -19555.5656
[GA] Generation 3 best fitness: -17018.2011
[GA] Generation 4 best fitness: -17018.2011
[GA] Generation 5 best fitness: -17018.2011
[GA] Generation 6 best fitness: -14981.2666
[GA] Generation 7 best fitness: -12939.8603
[GA] Generation 8 best fitness: -12939.8603
[GA] Generation 9 best fitness: -12939.8603
[GA] Generation 10 best fitness: -12939.8603
[GA] Generation 11 best fitness: -10363.3490
[GA] Generation 12 best fitness: -10363.3490
[GA] Generation 13 best fitness: -10363.3490
[GA] Generation 14 best fitness: -10172.9835
[GA] Generation 15 best fitness: -8790.4761
[GA] Generation 16 best fitness: -8064.2009
[GA] Generation 17 best fitness: -8064.2009
[GA] Generation 18 best fitness: -7873.7145
[GA] Generation 19 best fitness: -7873.7145
[GA] Generation 20 best fitness: -7758.7466
[GA] Generation 21 best fitness: -7558.8401
[GA] Generation 22 best fitness: -7558.8401
[GA] Generation 23 best fitness: -7558.8401
[GA] Generation 24 best fitness: -7276.3873
[GA] Generation 25 best fitness: -7276.3873
[GA] Generation 26 best fitness: -7276.3873
[GA] Generation 27 best fitness: -7276.3873
[GA] Generation 28 best fitness: -7276.3873
[GA] Generation 29 best fitness: -7092.6309
[GA] Generation 30 best fitness: -7092.6309
[GA] Generation 31 best fitness: -7092.6309
[GA] Generation 32 best fitness: -7092.6309
[GA] Generation 33 best fitness: -7092.6309
[GA] Generation 34 best fitness: -7092.6309
[GA] Generation 35 best fitness: -7025.3291
[GA] Generation 36 best fitness: -6587.0975
[GA] Generation 37 best fitness: -6587.0975
[GA] Generation 38 best fitness: -6587.0975
[GA] Generation 39 best fitness: -6039.1037
[GA] Generation 40 best fitness: -5541.6296
[GA] Generation 41 best fitness: -5541.6296
[GA] Generation 42 best fitness: -5541.6296
[GA] Generation 43 best fitness: -4276.0703
[GA] Generation 44 best fitness: -4276.0703
[GA] Generation 45 best fitness: -4276.0703
[GA] Generation 46 best fitness: -4276.0703
[GA] Generation 47 best fitness: -4276.0703
[GA] Generation 48 best fitness: -4276.0703
[GA] Generation 49 best fitness: -4276.0703
[GA Iter 1] Best fitness: -4064.9762 (improvement: 999995935.0238)
GA converged after 1 iteration(s).
[CountResult DEBUG] Thresholds: rad=0.3500, trans=50.0000
[CountResult DEBUG] Edge 1-2 GT=1.0000 Pred=1.0000 rad_err=0.0514 trans_err=11.0481 => PASS
[CountResult DEBUG] Edge 1-3 GT=1.0000 Pred=1.0000 rad_err=0.1077 trans_err=45.4902 => PASS
[CountResult DEBUG] Edge 1-4 GT=1.0000 Pred=1.0000 rad_err=2.0711 trans_err=741.2096 => FAIL
[CountResult DEBUG] Edge 1-5 GT=1.0000 Pred=1.0000 rad_err=0.0075 trans_err=2.8727 => PASS
[CountResult DEBUG] Edge 1-8 GT=1.0000 Pred=1.0000 rad_err=0.0731 trans_err=6.4314 => PASS
[CountResult DEBUG] Edge 1-9 GT=1.0000 Pred=1.0000 rad_err=0.9753 trans_err=379.8832 => FAIL
[CountResult DEBUG] Edge 2-4 GT=1.0000 Pred=1.0000 rad_err=2.0910 trans_err=340.2169 => FAIL
[CountResult DEBUG] Edge 2-8 GT=1.0000 Pred=1.0000 rad_err=0.0278 trans_err=10.2219 => PASS
[CountResult DEBUG] Edge 3-5 GT=1.0000 Pred=1.0000 rad_err=0.1018 trans_err=29.9069 => PASS
[CountResult DEBUG] Edge 3-7 GT=1.0000 Pred=1.0000 rad_err=1.0314 trans_err=279.5547 => FAIL
[CountResult DEBUG] Edge 4-6 GT=1.0000 Pred=1.0000 rad_err=0.0316 trans_err=2.8902 => PASS
[CountResult DEBUG] Edge 5-8 GT=1.0000 Pred=1.0000 rad_err=0.0752 trans_err=19.7414 => PASS
[CountResult DEBUG] Edge 6-7 GT=1.0000 Pred=0.0000 rad_err=1.0660 trans_err=167.5568 => FAIL
[CountResult DEBUG] Edge 6-9 GT=1.0000 Pred=1.0000 rad_err=1.1148 trans_err=170.3420 => FAIL
[CountResult DEBUG] Edge 7-9 GT=1.0000 Pred=1.0000 rad_err=0.0649 trans_err=19.0087 => PASS
[CountResult DEBUG] Sherd 1 gt_edges=6 matched_edges=4 => MATCHED
[CountResult DEBUG] Sherd 2 gt_edges=3 matched_edges=2 => MATCHED
[CountResult DEBUG] Sherd 3 gt_edges=3 matched_edges=2 => MATCHED
[CountResult DEBUG] Sherd 4 gt_edges=3 matched_edges=1 => MATCHED
[CountResult DEBUG] Sherd 5 gt_edges=3 matched_edges=3 => MATCHED
[CountResult DEBUG] Sherd 6 gt_edges=3 matched_edges=1 => MATCHED
[CountResult DEBUG] Sherd 7 gt_edges=3 matched_edges=1 => MATCHED
[CountResult DEBUG] Sherd 8 gt_edges=3 matched_edges=3 => MATCHED
[CountResult DEBUG] Sherd 9 gt_edges=3 matched_edges=1 => MATCHED
Sherd accuracy : 9 / 9 (100.0000%)
Edge accuracy : 9 / 15 (60.0000%)
########## Pre-ICP GA Results ##########
Sherd Accuracy : 9 / 9
Edge Accuracy  : 9 / 15
########################################
#################### Post-GA Global ICP Refinement ####################
#################### Fine reconstruction is converge ####################
[CountResult DEBUG] Thresholds: rad=0.3500, trans=50.0000
[CountResult DEBUG] Edge 1-2 GT=1.0000 Pred=1.0000 rad_err=0.0352 trans_err=14.3809 => PASS
[CountResult DEBUG] Edge 1-3 GT=1.0000 Pred=1.0000 rad_err=0.0590 trans_err=24.2731 => PASS
[CountResult DEBUG] Edge 1-4 GT=1.0000 Pred=1.0000 rad_err=2.0897 trans_err=743.4667 => FAIL
[CountResult DEBUG] Edge 1-5 GT=1.0000 Pred=1.0000 rad_err=0.0199 trans_err=4.9346 => PASS
[CountResult DEBUG] Edge 1-8 GT=1.0000 Pred=1.0000 rad_err=0.0373 trans_err=2.6225 => PASS
[CountResult DEBUG] Edge 1-9 GT=1.0000 Pred=1.0000 rad_err=0.9890 trans_err=371.3575 => FAIL
[CountResult DEBUG] Edge 2-4 GT=1.0000 Pred=1.0000 rad_err=2.0690 trans_err=332.2737 => FAIL
[CountResult DEBUG] Edge 2-8 GT=1.0000 Pred=1.0000 rad_err=0.0375 trans_err=9.3675 => PASS
[CountResult DEBUG] Edge 3-5 GT=1.0000 Pred=1.0000 rad_err=0.0479 trans_err=17.0364 => PASS
[CountResult DEBUG] Edge 3-7 GT=1.0000 Pred=0.0000 rad_err=0.9934 trans_err=239.9360 => FAIL
[CountResult DEBUG] Edge 4-6 GT=1.0000 Pred=1.0000 rad_err=0.0242 trans_err=7.2890 => PASS
[CountResult DEBUG] Edge 5-8 GT=1.0000 Pred=1.0000 rad_err=0.0254 trans_err=4.1164 => PASS
[CountResult DEBUG] Edge 6-7 GT=1.0000 Pred=0.0000 rad_err=1.0996 trans_err=150.9302 => FAIL
[CountResult DEBUG] Edge 6-9 GT=1.0000 Pred=0.0000 rad_err=1.1325 trans_err=152.2997 => FAIL
[CountResult DEBUG] Edge 7-9 GT=1.0000 Pred=1.0000 rad_err=0.0478 trans_err=12.6897 => PASS
[CountResult DEBUG] Sherd 1 gt_edges=6 matched_edges=4 => MATCHED
[CountResult DEBUG] Sherd 2 gt_edges=3 matched_edges=2 => MATCHED
[CountResult DEBUG] Sherd 3 gt_edges=3 matched_edges=2 => MATCHED
[CountResult DEBUG] Sherd 4 gt_edges=3 matched_edges=1 => MATCHED
[CountResult DEBUG] Sherd 5 gt_edges=3 matched_edges=3 => MATCHED
[CountResult DEBUG] Sherd 6 gt_edges=3 matched_edges=1 => MATCHED
[CountResult DEBUG] Sherd 7 gt_edges=3 matched_edges=1 => MATCHED
[CountResult DEBUG] Sherd 8 gt_edges=3 matched_edges=3 => MATCHED
[CountResult DEBUG] Sherd 9 gt_edges=3 matched_edges=1 => MATCHED
Sherd accuracy : 9 / 9 (100.0000%)
Edge accuracy : 9 / 15 (60.0000%)
########## Post-ICP Global Results ##########
Sherd Accuracy : 9 / 9
Edge Accuracy  : 9 / 15
########################################
#################### Post-GA Incremental ICP Refinement ####################
[CountResult DEBUG] Thresholds: rad=0.3500, trans=50.0000
[CountResult DEBUG] Edge 1-2 GT=1.0000 Pred=1.0000 rad_err=0.0408 trans_err=10.9286 => PASS
[CountResult DEBUG] Edge 1-3 GT=1.0000 Pred=1.0000 rad_err=0.1807 trans_err=62.5921 => FAIL
[CountResult DEBUG] Edge 1-4 GT=1.0000 Pred=1.0000 rad_err=0.2475 trans_err=67.9967 => FAIL
[CountResult DEBUG] Edge 1-5 GT=1.0000 Pred=1.0000 rad_err=0.2399 trans_err=25.9028 => PASS
[CountResult DEBUG] Edge 1-8 GT=1.0000 Pred=1.0000 rad_err=1.5886 trans_err=608.3761 => FAIL
[CountResult DEBUG] Edge 1-9 GT=1.0000 Pred=1.0000 rad_err=0.4352 trans_err=185.1075 => FAIL
[CountResult DEBUG] Edge 2-4 GT=1.0000 Pred=1.0000 rad_err=0.2881 trans_err=100.2795 => FAIL
[CountResult DEBUG] Edge 2-8 GT=1.0000 Pred=1.0000 rad_err=1.5826 trans_err=389.2997 => FAIL
[CountResult DEBUG] Edge 3-5 GT=1.0000 Pred=1.0000 rad_err=0.1490 trans_err=32.1985 => PASS
[CountResult DEBUG] Edge 3-7 GT=1.0000 Pred=1.0000 rad_err=0.3354 trans_err=108.6321 => FAIL
[CountResult DEBUG] Edge 4-6 GT=1.0000 Pred=1.0000 rad_err=1.5418 trans_err=547.4642 => FAIL
[CountResult DEBUG] Edge 5-8 GT=1.0000 Pred=1.0000 rad_err=1.5673 trans_err=454.2666 => FAIL
[CountResult DEBUG] Edge 6-7 GT=1.0000 Pred=0.0000 rad_err=1.4072 trans_err=345.8043 => FAIL
[CountResult DEBUG] Edge 6-9 GT=1.0000 Pred=1.0000 rad_err=1.6218 trans_err=318.6052 => FAIL
[CountResult DEBUG] Edge 7-9 GT=1.0000 Pred=1.0000 rad_err=0.5983 trans_err=132.6728 => FAIL
[CountResult DEBUG] Sherd 1 gt_edges=6 matched_edges=4 => MATCHED
[CountResult DEBUG] Sherd 2 gt_edges=3 matched_edges=2 => MATCHED
[CountResult DEBUG] Sherd 3 gt_edges=3 matched_edges=2 => MATCHED
[CountResult DEBUG] Sherd 4 gt_edges=3 matched_edges=2 => MATCHED
[CountResult DEBUG] Sherd 5 gt_edges=3 matched_edges=2 => MATCHED
[CountResult DEBUG] Sherd 6 gt_edges=3 matched_edges=0 => MISSED
[CountResult DEBUG] Sherd 7 gt_edges=3 matched_edges=0 => MISSED
[CountResult DEBUG] Sherd 8 gt_edges=3 matched_edges=0 => MISSED
[CountResult DEBUG] Sherd 9 gt_edges=3 matched_edges=0 => MISSED
Sherd accuracy : 5 / 9 (55.5556%)
Edge accuracy : 4 / 15 (26.6667%)
########## Post-ICP Incremental Results ##########
Sherd Accuracy : 5 / 9
Edge Accuracy  : 4 / 15
########################################
########## Final Refined Results ##########
Selected Stage      : Pre-ICP GA (selected in compare)
Final Sherd Accuracy : 9 / 9
Final Edge Accuracy  : 9 / 15
Total Runtime        : 1428017.6810 sec
###########################################
Showing Refined assembly. Press 'G' to toggle Ground Truth comparison! Press 'Q' to quit.
[0;mScreenshot (screenshot-1777438585.png) and camera information (screenshot-1777438585.cam) successfully captured.
[0;mScreenshot (screenshot-1777438591.png) and camera information (screenshot-1777438591.cam) successfully captured.
