
--- COLLISION CLOUD SUMMARY ---
  Params: voxel=5 edge_exclusion=2 epsilon=2.5 max_points=300
  Sherd 1: in=7717 out=7977 filtered=1136 candidate=14558 voxel=389 final=389 radius=49.349
  Sherd 2: in=7044 out=8380 filtered=1069 candidate=14355 voxel=371 final=371 radius=47.736
  Sherd 3: in=2895 out=3446 filtered=694 candidate=5647 voxel=161 final=161 radius=28.197
  Sherd 4: in=1569 out=1995 filtered=520 candidate=3044 voxel=91 final=91 radius=22.965
  Sherd 5: in=1583 out=2194 filtered=462 candidate=3315 voxel=88 final=88 radius=21.008
  Sherd 6: in=1106 out=1571 filtered=423 candidate=2254 voxel=70 final=70 radius=20.043
  Valid sherds=6 empty_clouds=0


--- GENERATION 0 BEST BREAKDOWN ---
  Total Fitness: -755.68
  Inlier Reward: 281.39
  Cycle Penalty: 0.00
  Overlap Penalty: 195.03
  Edge Residual Penalty: 771.07
  Edge Rot Residual Penalty: 130.96
  Connectivity Reward: 60.00
  Component Penalty: 0.00
  Largest Component: 6
  Num Components: 1
  Active Pairs: 13
  OverlapDiag Sum (indexed): 205.5603 (delta_vs_fitness=10.5267)
  OverlapDiag Pairs: total=15 same_comp=15 broad_reject=0 narrow_checked=15 active=7
  OverlapDiag Top Active Pairs:
    Pair (1,2) pen=99.6784 hits=52/161 hit_ratio=0.3230 avg_depth=0.3277 min_nn=0.3991
    Pair (0,5) pen=30.9494 hits=12/389 hit_ratio=0.1714 avg_depth=0.2786 min_nn=1.2396
    Pair (3,4) pen=29.3704 hits=13/91 hit_ratio=0.1477 avg_depth=0.2788 min_nn=0.5175
    Pair (0,4) pen=23.1335 hits=7/88 hit_ratio=0.0795 avg_depth=0.5479 min_nn=0.5755
    Pair (0,3) pen=11.9019 hits=9/91 hit_ratio=0.0989 avg_depth=0.1426 min_nn=1.6376

  --- ACTIVE GENE MAP ---
    Gene  0 (Pair  2- 1): choice=1 (inl=32)
    Gene  1 (Pair  3- 1): choice=2 (inl=36)
    Gene  3 (Pair  5- 1): choice=2 (inl=26)
    Gene  4 (Pair  6- 1): choice=1 (inl=33)
    Gene  5 (Pair  3- 2): choice=4 (inl=67)
    Gene  6 (Pair  4- 2): choice=1 (inl=10)
    Gene  7 (Pair  5- 2): choice=1 (inl=28)
    Gene  8 (Pair  6- 2): choice=1 (inl=26)
    Gene  9 (Pair  4- 3): choice=1 (inl=18)
    Gene 10 (Pair  5- 3): choice=1 (inl=26)
    Gene 12 (Pair  5- 4): choice=1 (inl=22)
    Gene 13 (Pair  6- 4): choice=1 (inl=22)
    Gene 14 (Pair  6- 5): choice=1 (inl=28)

  --- SHARD 4 CANDIDATE ANALYSIS ---
    Pair (4-1): Selected=0 / 1 choices
      Choice 1: inliners=22
    Pair (4-2): Selected=1 / 2 choices
      Choice 1: inliners=10 [SELECTED]
      Choice 2: inliners=24
    Pair (4-3): Selected=1 / 2 choices
      Choice 1: inliners=18 [SELECTED]
      Choice 2: inliners=26
    Pair (5-4): Selected=1 / 1 choices
      Choice 1: inliners=22 [SELECTED]
    Pair (6-4): Selected=1 / 1 choices
      Choice 1: inliners=22 [SELECTED]


--- GENERATION 10 BEST BREAKDOWN ---
  Total Fitness: -293.50
  Inlier Reward: 220.42
  Cycle Penalty: 0.00
  Overlap Penalty: 345.41
  Edge Residual Penalty: 118.72
  Edge Rot Residual Penalty: 109.79
  Connectivity Reward: 60.00
  Component Penalty: 0.00
  Largest Component: 6
  Num Components: 1
  Active Pairs: 9
  OverlapDiag Sum (indexed): 359.5377 (delta_vs_fitness=14.1267)
  OverlapDiag Pairs: total=15 same_comp=15 broad_reject=0 narrow_checked=15 active=7
  OverlapDiag Top Active Pairs:
    Pair (1,2) pen=246.1723 hits=137/371 hit_ratio=0.8447 avg_depth=0.3529 min_nn=0.3010
    Pair (1,5) pen=32.1530 hits=13/70 hit_ratio=0.1857 avg_depth=0.2607 min_nn=1.2441
    Pair (0,5) pen=30.9494 hits=12/389 hit_ratio=0.1714 avg_depth=0.2786 min_nn=1.2396
    Pair (0,4) pen=23.1335 hits=7/88 hit_ratio=0.0795 avg_depth=0.5479 min_nn=0.5755
    Pair (3,4) pen=13.0028 hits=6/91 hit_ratio=0.0682 avg_depth=0.3514 min_nn=1.1835

  --- ACTIVE GENE MAP ---
    Gene  0 (Pair  2- 1): choice=2 (inl=34)
    Gene  1 (Pair  3- 1): choice=2 (inl=36)
    Gene  3 (Pair  5- 1): choice=2 (inl=26)
    Gene  4 (Pair  6- 1): choice=1 (inl=33)
    Gene  5 (Pair  3- 2): choice=4 (inl=67)
    Gene  8 (Pair  6- 2): choice=1 (inl=26)
    Gene 12 (Pair  5- 4): choice=1 (inl=22)
    Gene 13 (Pair  6- 4): choice=1 (inl=22)
    Gene 14 (Pair  6- 5): choice=1 (inl=28)

  --- SHARD 4 CANDIDATE ANALYSIS ---
    Pair (4-1): Selected=0 / 1 choices
      Choice 1: inliners=22
    Pair (4-2): Selected=0 / 2 choices
      Choice 1: inliners=10
      Choice 2: inliners=24
    Pair (4-3): Selected=0 / 2 choices
      Choice 1: inliners=18
      Choice 2: inliners=26
    Pair (5-4): Selected=1 / 1 choices
      Choice 1: inliners=22 [SELECTED]
    Pair (6-4): Selected=1 / 1 choices
      Choice 1: inliners=22 [SELECTED]


--- GENERATION 20 BEST BREAKDOWN ---
  Total Fitness: 2.81
  Inlier Reward: 204.13
  Cycle Penalty: 0.00
  Overlap Penalty: 111.59
  Edge Residual Penalty: 86.35
  Edge Rot Residual Penalty: 63.38
  Connectivity Reward: 60.00
  Component Penalty: 0.00
  Largest Component: 6
  Num Components: 1
  Active Pairs: 8
  OverlapDiag Sum (indexed): 121.9226 (delta_vs_fitness=10.3286)
  OverlapDiag Pairs: total=15 same_comp=15 broad_reject=0 narrow_checked=15 active=7
  OverlapDiag Top Active Pairs:
    Pair (1,2) pen=31.9529 hits=15/161 hit_ratio=0.0932 avg_depth=0.3635 min_nn=0.4229
    Pair (0,5) pen=30.9494 hits=12/389 hit_ratio=0.1714 avg_depth=0.2786 min_nn=1.2396
    Pair (3,4) pen=25.5582 hits=11/91 hit_ratio=0.1250 avg_depth=0.3000 min_nn=1.2163
    Pair (0,4) pen=23.1335 hits=7/88 hit_ratio=0.0795 avg_depth=0.5479 min_nn=0.5755
    Pair (0,2) pen=4.6493 hits=4/389 hit_ratio=0.0248 avg_depth=0.2981 min_nn=1.4195

  --- ACTIVE GENE MAP ---
    Gene  1 (Pair  3- 1): choice=2 (inl=36)
    Gene  2 (Pair  4- 1): choice=1 (inl=22)
    Gene  3 (Pair  5- 1): choice=2 (inl=26)
    Gene  4 (Pair  6- 1): choice=1 (inl=33)
    Gene  5 (Pair  3- 2): choice=4 (inl=67)
    Gene  7 (Pair  5- 2): choice=1 (inl=28)
    Gene  8 (Pair  6- 2): choice=1 (inl=26)
    Gene 14 (Pair  6- 5): choice=1 (inl=28)

  --- SHARD 4 CANDIDATE ANALYSIS ---
    Pair (4-1): Selected=1 / 1 choices
      Choice 1: inliners=22 [SELECTED]
    Pair (4-2): Selected=0 / 2 choices
      Choice 1: inliners=10
      Choice 2: inliners=24
    Pair (4-3): Selected=0 / 2 choices
      Choice 1: inliners=18
      Choice 2: inliners=26
    Pair (5-4): Selected=0 / 1 choices
      Choice 1: inliners=22
    Pair (6-4): Selected=0 / 1 choices
      Choice 1: inliners=22


--- GENERATION 30 BEST BREAKDOWN ---
  Total Fitness: 28.08
  Inlier Reward: 186.30
  Cycle Penalty: 0.00
  Overlap Penalty: 141.26
  Edge Residual Penalty: 21.80
  Edge Rot Residual Penalty: 55.15
  Connectivity Reward: 60.00
  Component Penalty: 0.00
  Largest Component: 6
  Num Components: 1
  Active Pairs: 7
  OverlapDiag Sum (indexed): 149.8853 (delta_vs_fitness=8.6243)
  OverlapDiag Pairs: total=15 same_comp=15 broad_reject=0 narrow_checked=15 active=6
  OverlapDiag Top Active Pairs:
    Pair (2,4) pen=59.0870 hits=29/161 hit_ratio=0.3068 avg_depth=0.2472 min_nn=0.7796
    Pair (1,2) pen=31.9529 hits=15/161 hit_ratio=0.0932 avg_depth=0.3635 min_nn=0.4229
    Pair (0,5) pen=30.9494 hits=12/389 hit_ratio=0.1714 avg_depth=0.2786 min_nn=1.2396
    Pair (4,5) pen=19.2718 hits=6/88 hit_ratio=0.0857 avg_depth=0.4830 min_nn=0.5918
    Pair (0,2) pen=4.6493 hits=4/389 hit_ratio=0.0248 avg_depth=0.2981 min_nn=1.4195

  --- ACTIVE GENE MAP ---
    Gene  1 (Pair  3- 1): choice=2 (inl=36)
    Gene  2 (Pair  4- 1): choice=1 (inl=22)
    Gene  4 (Pair  6- 1): choice=1 (inl=33)
    Gene  5 (Pair  3- 2): choice=4 (inl=67)
    Gene  7 (Pair  5- 2): choice=1 (inl=28)
    Gene  8 (Pair  6- 2): choice=1 (inl=26)
    Gene 14 (Pair  6- 5): choice=1 (inl=28)

  --- SHARD 4 CANDIDATE ANALYSIS ---
    Pair (4-1): Selected=1 / 1 choices
      Choice 1: inliners=22 [SELECTED]
    Pair (4-2): Selected=0 / 2 choices
      Choice 1: inliners=10
      Choice 2: inliners=24
    Pair (4-3): Selected=0 / 2 choices
      Choice 1: inliners=18
      Choice 2: inliners=26
    Pair (5-4): Selected=0 / 1 choices
      Choice 1: inliners=22
    Pair (6-4): Selected=0 / 1 choices
      Choice 1: inliners=22


--- GENERATION 40 BEST BREAKDOWN ---
  Total Fitness: 28.08
  Inlier Reward: 186.30
  Cycle Penalty: 0.00
  Overlap Penalty: 141.26
  Edge Residual Penalty: 21.80
  Edge Rot Residual Penalty: 55.15
  Connectivity Reward: 60.00
  Component Penalty: 0.00
  Largest Component: 6
  Num Components: 1
  Active Pairs: 7
  OverlapDiag Sum (indexed): 149.8853 (delta_vs_fitness=8.6243)
  OverlapDiag Pairs: total=15 same_comp=15 broad_reject=0 narrow_checked=15 active=6
  OverlapDiag Top Active Pairs:
    Pair (2,4) pen=59.0870 hits=29/161 hit_ratio=0.3068 avg_depth=0.2472 min_nn=0.7796
    Pair (1,2) pen=31.9529 hits=15/161 hit_ratio=0.0932 avg_depth=0.3635 min_nn=0.4229
    Pair (0,5) pen=30.9494 hits=12/389 hit_ratio=0.1714 avg_depth=0.2786 min_nn=1.2396
    Pair (4,5) pen=19.2718 hits=6/88 hit_ratio=0.0857 avg_depth=0.4830 min_nn=0.5918
    Pair (0,2) pen=4.6493 hits=4/389 hit_ratio=0.0248 avg_depth=0.2981 min_nn=1.4195

  --- ACTIVE GENE MAP ---
    Gene  1 (Pair  3- 1): choice=2 (inl=36)
    Gene  2 (Pair  4- 1): choice=1 (inl=22)
    Gene  4 (Pair  6- 1): choice=1 (inl=33)
    Gene  5 (Pair  3- 2): choice=4 (inl=67)
    Gene  7 (Pair  5- 2): choice=1 (inl=28)
    Gene  8 (Pair  6- 2): choice=1 (inl=26)
    Gene 14 (Pair  6- 5): choice=1 (inl=28)

  --- SHARD 4 CANDIDATE ANALYSIS ---
    Pair (4-1): Selected=1 / 1 choices
      Choice 1: inliners=22 [SELECTED]
    Pair (4-2): Selected=0 / 2 choices
      Choice 1: inliners=10
      Choice 2: inliners=24
    Pair (4-3): Selected=0 / 2 choices
      Choice 1: inliners=18
      Choice 2: inliners=26
    Pair (5-4): Selected=0 / 1 choices
      Choice 1: inliners=22
    Pair (6-4): Selected=0 / 1 choices
      Choice 1: inliners=22


--- GENERATION 50 BEST BREAKDOWN ---
  Total Fitness: 106.86
  Inlier Reward: 164.76
  Cycle Penalty: 0.00
  Overlap Penalty: 102.77
  Edge Residual Penalty: 6.35
  Edge Rot Residual Penalty: 8.78
  Connectivity Reward: 60.00
  Component Penalty: 0.00
  Largest Component: 6
  Num Components: 1
  Active Pairs: 6
  OverlapDiag Sum (indexed): 111.3977 (delta_vs_fitness=8.6243)
  OverlapDiag Pairs: total=15 same_comp=15 broad_reject=0 narrow_checked=15 active=6
  OverlapDiag Top Active Pairs:
    Pair (1,2) pen=31.9529 hits=15/161 hit_ratio=0.0932 avg_depth=0.3635 min_nn=0.4229
    Pair (0,5) pen=30.9494 hits=12/389 hit_ratio=0.1714 avg_depth=0.2786 min_nn=1.2396
    Pair (1,4) pen=22.2990 hits=8/371 hit_ratio=0.0909 avg_depth=0.4198 min_nn=0.3128
    Pair (3,4) pen=17.5722 hits=8/91 hit_ratio=0.0909 avg_depth=0.3119 min_nn=0.8039
    Pair (0,2) pen=4.6493 hits=4/389 hit_ratio=0.0248 avg_depth=0.2981 min_nn=1.4195

  --- ACTIVE GENE MAP ---
    Gene  1 (Pair  3- 1): choice=2 (inl=36)
    Gene  2 (Pair  4- 1): choice=1 (inl=22)
    Gene  4 (Pair  6- 1): choice=1 (inl=33)
    Gene  5 (Pair  3- 2): choice=4 (inl=67)
    Gene  7 (Pair  5- 2): choice=1 (inl=28)
    Gene  8 (Pair  6- 2): choice=1 (inl=26)

  --- SHARD 4 CANDIDATE ANALYSIS ---
    Pair (4-1): Selected=1 / 1 choices
      Choice 1: inliners=22 [SELECTED]
    Pair (4-2): Selected=0 / 2 choices
      Choice 1: inliners=10
      Choice 2: inliners=24
    Pair (4-3): Selected=0 / 2 choices
      Choice 1: inliners=18
      Choice 2: inliners=26
    Pair (5-4): Selected=0 / 1 choices
      Choice 1: inliners=22
    Pair (6-4): Selected=0 / 1 choices
      Choice 1: inliners=22


--- COLLISION AUDIT [FINAL BEST] ---
  Fitness overlap penalty: 102.7734
  Recomputed indexed overlap sum: 111.3977 (delta=8.6243)
  Pair counts: total=15 same_comp=15 broad_reject=0 narrow_checked=15 active=6
  Pair (0,1): center_dist=0.000 broad_radius=0.000 min_nn=3.194 hits=0/389 hit_ratio=0.000 avg_depth=0.000 pair_pen=0.000 [OK] NARROW-PHASE CLEAR
  Pair (0,2): center_dist=0.000 broad_radius=0.000 min_nn=1.419 hits=4/389 hit_ratio=0.025 avg_depth=0.298 pair_pen=4.649 [!!!] ACTIVE COLLISION UNRESOLVED
  Pair (0,3): center_dist=0.000 broad_radius=0.000 min_nn=2.142 hits=4/389 hit_ratio=0.044 avg_depth=0.057 pair_pen=3.975 [!!!] ACTIVE COLLISION UNRESOLVED
  Pair (0,4): center_dist=0.000 broad_radius=0.000 min_nn=6.089 hits=0/389 hit_ratio=0.000 avg_depth=0.000 pair_pen=0.000 [OK] NARROW-PHASE CLEAR
  Pair (0,5): center_dist=0.000 broad_radius=0.000 min_nn=1.240 hits=12/389 hit_ratio=0.171 avg_depth=0.279 pair_pen=30.949 [!!!] ACTIVE COLLISION UNRESOLVED
  Pair (1,2): center_dist=0.000 broad_radius=0.000 min_nn=0.423 hits=15/161 hit_ratio=0.093 avg_depth=0.364 pair_pen=31.953 [!!!] ACTIVE COLLISION UNRESOLVED
  Pair (1,3): center_dist=0.000 broad_radius=0.000 min_nn=27.199 hits=0/371 hit_ratio=0.000 avg_depth=0.000 pair_pen=0.000 [OK] NARROW-PHASE CLEAR
  Pair (1,4): center_dist=0.000 broad_radius=0.000 min_nn=0.313 hits=8/371 hit_ratio=0.091 avg_depth=0.420 pair_pen=22.299 [!!!] ACTIVE COLLISION UNRESOLVED
  Pair (1,5): center_dist=0.000 broad_radius=0.000 min_nn=35.146 hits=0/371 hit_ratio=0.000 avg_depth=0.000 pair_pen=0.000 [OK] NARROW-PHASE CLEAR
  Pair (2,3): center_dist=0.000 broad_radius=0.000 min_nn=42.027 hits=0/161 hit_ratio=0.000 avg_depth=0.000 pair_pen=0.000 [OK] NARROW-PHASE CLEAR
  Pair (2,4): center_dist=0.000 broad_radius=0.000 min_nn=43.899 hits=0/161 hit_ratio=0.000 avg_depth=0.000 pair_pen=0.000 [OK] NARROW-PHASE CLEAR
  Pair (2,5): center_dist=0.000 broad_radius=0.000 min_nn=4.487 hits=0/161 hit_ratio=0.000 avg_depth=0.000 pair_pen=0.000 [OK] NARROW-PHASE CLEAR
  Pair (3,4): center_dist=0.000 broad_radius=0.000 min_nn=0.804 hits=8/91 hit_ratio=0.091 avg_depth=0.312 pair_pen=17.572 [!!!] ACTIVE COLLISION UNRESOLVED
  Pair (3,5): center_dist=0.000 broad_radius=0.000 min_nn=60.155 hits=0/91 hit_ratio=0.000 avg_depth=0.000 pair_pen=0.000 [OK] NARROW-PHASE CLEAR
  Pair (4,5): center_dist=0.000 broad_radius=0.000 min_nn=78.982 hits=0/88 hit_ratio=0.000 avg_depth=0.000 pair_pen=0.000 [OK] NARROW-PHASE CLEAR

