[ICP MODE] compare (flags: --icp-mode=global|incremental|compare)
#################### Pottery Data load ####################
Attempting to read file: /Dataset/SfS_pp/Axes/Pot_F_Piece_01_Axis.xyz
File opened successfully
Successfully read 1 points
Attempting to read PCD file: /Dataset/SfS_pp/Breaklines/Pot_F_Piece_01_Breakline_0.pcd
File opened successfully
Found 5 segments, 131 total points
Processing 131 points
Found 131 unique points
Successfully processed PCD file
Attempting to read XYZ file: /Dataset/SfS_pp/Surfaces/Pot_F_Piece_01_Surface_0.xyz
Found 7717 total points, reading 7717 points
Successfully read 7717 points
Attempting to read XYZ file: /Dataset/SfS_pp/Surfaces/Pot_F_Piece_01_Surface_1.xyz
Found 7977 total points, reading 7977 points
Successfully read 7977 points
Attempting to read PCD file: /Dataset/SfS_pp/Surfaces/Pot_F_Piece_01_Surface_F.pcd
Attempting to read file: /Dataset/SfS_pp/Axes/Pot_F_Piece_02_Axis.xyz
File opened successfully
Successfully read 1 points
Attempting to read PCD file: /Dataset/SfS_pp/Breaklines/Pot_F_Piece_02_Breakline_0.pcd
File opened successfully
Found 3 segments, 125 total points
Processing 125 points
Found 125 unique points
Successfully processed PCD file
Attempting to read XYZ file: /Dataset/SfS_pp/Surfaces/Pot_F_Piece_02_Surface_0.xyz
Found 7044 total points, reading 7044 points
Successfully read 7044 points
Attempting to read XYZ file: /Dataset/SfS_pp/Surfaces/Pot_F_Piece_02_Surface_1.xyz
Found 8380 total points, reading 8380 points
Successfully read 8380 points
Attempting to read PCD file: /Dataset/SfS_pp/Surfaces/Pot_F_Piece_02_Surface_F.pcd
Attempting to read file: /Dataset/SfS_pp/Axes/Pot_F_Piece_03_Axis.xyz
File opened successfully
Successfully read 1 points
Attempting to read PCD file: /Dataset/SfS_pp/Breaklines/Pot_F_Piece_03_Breakline_0.pcd
File opened successfully
Found 3 segments, 84 total points
Processing 84 points
Found 84 unique points
Successfully processed PCD file
Attempting to read XYZ file: /Dataset/SfS_pp/Surfaces/Pot_F_Piece_03_Surface_0.xyz
Found 2895 total points, reading 2895 points
Successfully read 2895 points
Attempting to read XYZ file: /Dataset/SfS_pp/Surfaces/Pot_F_Piece_03_Surface_1.xyz
Found 3446 total points, reading 3446 points
Successfully read 3446 points
Attempting to read PCD file: /Dataset/SfS_pp/Surfaces/Pot_F_Piece_03_Surface_F.pcd
Attempting to read file: /Dataset/SfS_pp/Axes/Pot_F_Piece_04_Axis.xyz
File opened successfully
Successfully read 1 points
Attempting to read PCD file: /Dataset/SfS_pp/Breaklines/Pot_F_Piece_04_Breakline_0.pcd
File opened successfully
Found 2 segments, 59 total points
Processing 59 points
Found 59 unique points
Successfully processed PCD file
Attempting to read XYZ file: /Dataset/SfS_pp/Surfaces/Pot_F_Piece_04_Surface_0.xyz
Found 1569 total points, reading 1569 points
Successfully read 1569 points
Attempting to read XYZ file: /Dataset/SfS_pp/Surfaces/Pot_F_Piece_04_Surface_1.xyz
Found 1995 total points, reading 1995 points
Successfully read 1995 points
Attempting to read PCD file: /Dataset/SfS_pp/Surfaces/Pot_F_Piece_04_Surface_F.pcd
Attempting to read file: /Dataset/SfS_pp/Axes/Pot_F_Piece_05_Axis.xyz
File opened successfully
Successfully read 1 points
Attempting to read PCD file: /Dataset/SfS_pp/Breaklines/Pot_F_Piece_05_Breakline_0.pcd
File opened successfully
Found 4 segments, 57 total points
Processing 57 points
Found 57 unique points
Successfully processed PCD file
Attempting to read XYZ file: /Dataset/SfS_pp/Surfaces/Pot_F_Piece_05_Surface_0.xyz
Found 1583 total points, reading 1583 points
Successfully read 1583 points
Attempting to read XYZ file: /Dataset/SfS_pp/Surfaces/Pot_F_Piece_05_Surface_1.xyz
Found 2194 total points, reading 2194 points
Successfully read 2194 points
Attempting to read PCD file: /Dataset/SfS_pp/Surfaces/Pot_F_Piece_05_Surface_F.pcd
Attempting to read file: /Dataset/SfS_pp/Axes/Pot_F_Piece_06_Axis.xyz
File opened successfully
Successfully read 1 points
Attempting to read PCD file: /Dataset/SfS_pp/Breaklines/Pot_F_Piece_06_Breakline_0.pcd
File opened successfully
Found 3 segments, 50 total points
Processing 50 points
Found 50 unique points
Successfully processed PCD file
Attempting to read XYZ file: /Dataset/SfS_pp/Surfaces/Pot_F_Piece_06_Surface_0.xyz
Found 1106 total points, reading 1106 points
Successfully read 1106 points
Attempting to read XYZ file: /Dataset/SfS_pp/Surfaces/Pot_F_Piece_06_Surface_1.xyz
Found 1571 total points, reading 1571 points
Successfully read 1571 points
Attempting to read PCD file: /Dataset/SfS_pp/Surfaces/Pot_F_Piece_06_Surface_F.pcd
Attempting to read file: /Dataset/SfS_pp/Axes/Pot_F_Piece_07_Axis.xyz
File opened successfully
Successfully read 3 points
Attempting to read PCD file: /Dataset/SfS_pp/Breaklines/Pot_F_Piece_07_Breakline_0.pcd
File opened successfully
Found 2 segments, 28 total points
Processing 28 points
Found 28 unique points
Successfully processed PCD file
#################### Ground Truth data load ####################
0 1 1 1 1 1 0
1 0 1 0 1 0 0
1 1 0 0 0 1 0
1 0 0 0 1 0 0
1 1 0 1 0 0 0
1 0 1 0 0 0 0
0 0 0 0 0 0 0
#################### Save initial state ####################
#################### Change Axis symmetrix to z axis ####################
#################### Feature matching ####################
Total Number : 36
#################### Pairwise pruning ####################
Pruned match count: 27
#################### Genetic Algorithm search ####################
=== GA Iteration 1 / 1 ===
#################### GROUND TRUTH CANDIDATE AUDIT ####################
[GT AUDIT] Edge 1-2 (GT=1) Candidates: 2
  Choice 1: inliner= 32 score=0.601 density=19.991 [Wrapped] rad=1.4614 trans=12.3622
  Choice 2: inliner= 34 score=0.491 density=22.801 [Wrapped] rad=0.5777 trans=11.7560
  -> Best Match for GT: Choice 2 (rad_err=0.5777)
[GT AUDIT] Edge 1-3 (GT=1) Candidates: 2
  Choice 1: inliner= 24 score=0.549 density=15.490 [Wrapped] rad=2.5047 trans=9.6644
  Choice 2: inliner= 36 score=0.430 density=25.166 [Wrapped] rad=1.4937 trans=6.5210
  -> Best Match for GT: Choice 2 (rad_err=1.4937)
[GT AUDIT] Edge 1-4 (GT=1) Candidates: 1
  Choice 1: inliner= 22 score=0.252 density=17.570 [Wrapped] rad=0.1878 trans=9.0178 [VALID GT MATCH]
  -> Best Match for GT: Choice 1 (rad_err=0.1878)
[GT AUDIT] Edge 1-5 (GT=1) Candidates: 2
  Choice 1: inliner= 24 score=0.820 density=13.187 [Wrapped] rad=3.0144 trans=12.9653
  Choice 2: inliner= 26 score=0.458 density=17.830 [Wrapped] rad=2.1305 trans=14.2117
  -> Best Match for GT: Choice 2 (rad_err=2.1305)
[GT AUDIT] Edge 1-6 (GT=1) Candidates: 1
  Choice 1: inliner= 33 score=0.227 density=26.893 [Wrapped] rad=2.3385 trans=16.5826
  -> Best Match for GT: Choice 1 (rad_err=2.3385)
[GT AUDIT] Edge 2-3 (GT=1) Candidates: 4
  Choice 1: inliner= 45 score=0.516 density=29.692 [Wrapped] rad=2.9029 trans=8.8276
  Choice 2: inliner= 22 score=0.470 density=14.968 [Wrapped] rad=2.8423 trans=46.5259
  Choice 3: inliner= 36 score=0.455 density=24.744 [Wrapped] rad=3.0990 trans=39.8454
  Choice 4: inliner= 67 score=0.264 density=53.021 [Wrapped] rad=0.1121 trans=6.9971 [VALID GT MATCH]
  -> Best Match for GT: Choice 4 (rad_err=0.1121)
[GT AUDIT] Edge 2-5 (GT=1) Candidates: 2
  Choice 1: inliner= 28 score=0.282 density=21.839 [Wrapped] rad=0.4615 trans=4.5700
  Choice 2: inliner= 20 score=0.448 density=13.811 [Wrapped] rad=2.2038 trans=6.0219
  -> Best Match for GT: Choice 1 (rad_err=0.4615)
[GT AUDIT] Edge 3-6 (GT=1) Candidates: 2
  Choice 1: inliner= 33 score=0.300 density=25.391 [Wrapped] rad=2.8353 trans=32.0725
  Choice 2: inliner= 22 score=0.535 density=14.332 [Wrapped] rad=2.4679 trans=12.4535
  -> Best Match for GT: Choice 2 (rad_err=2.4679)
[GT AUDIT] Edge 4-5 (GT=1) Candidates: 1
  Choice 1: inliner= 22 score=0.255 density=17.531 [Wrapped] rad=0.1400 trans=4.8965 [VALID GT MATCH]
  -> Best Match for GT: Choice 1 (rad_err=0.1400)
######################################################################
[GA] Generation 0 best fitness: -2200.0191
[GA] Generation 1 best fitness: -1617.1952
[GA] Generation 2 best fitness: -1028.7682
[GA] Generation 3 best fitness: -384.4028
[GA] Generation 4 best fitness: -363.3310
[GA] Generation 5 best fitness: -129.5338
[GA] Generation 6 best fitness: -9.8767
[GA] Generation 7 best fitness: 90.2970
[GA] Generation 8 best fitness: 90.2970
[GA] Generation 9 best fitness: 90.2970
[GA] Generation 10 best fitness: 137.5553
[GA] Generation 11 best fitness: 137.5553
[GA] Generation 12 best fitness: 193.4522
[GA] Generation 13 best fitness: 193.4522
[GA] Generation 14 best fitness: 193.4522
[GA] Generation 15 best fitness: 193.4522
[GA] Generation 16 best fitness: 193.4522
[GA] Generation 17 best fitness: 193.4522
[GA] Generation 18 best fitness: 195.6116
[GA] Generation 19 best fitness: 195.6116
[GA] Generation 20 best fitness: 202.6434
[GA] Generation 21 best fitness: 202.6830
[GA] Generation 22 best fitness: 202.6830
[GA] Generation 23 best fitness: 202.6830
[GA] Generation 24 best fitness: 202.6830
[GA] Generation 25 best fitness: 202.6830
[GA] Generation 26 best fitness: 202.6830
[GA] Generation 27 best fitness: 202.6830
[GA] Generation 28 best fitness: 202.6830
[GA] Generation 29 best fitness: 202.6830
[GA] Generation 30 best fitness: 202.6830
[GA] Generation 31 best fitness: 202.6830
[GA] Generation 32 best fitness: 202.6830
[GA] Generation 33 best fitness: 202.6830
[GA] Generation 34 best fitness: 202.6830
[GA] Generation 35 best fitness: 202.6830
[GA] Generation 36 best fitness: 202.6830
[GA] Generation 37 best fitness: 202.6830
[GA] Generation 38 best fitness: 202.6830
[GA] Generation 39 best fitness: 202.9879
[GA] Generation 40 best fitness: 202.9879
[GA] Generation 41 best fitness: 202.9879
[GA] Generation 42 best fitness: 202.9879
[GA] Generation 43 best fitness: 202.9879
[GA] Generation 44 best fitness: 202.9879
[GA] Generation 45 best fitness: 202.9879
[GA] Generation 46 best fitness: 202.9879
[GA] Generation 47 best fitness: 202.9879
[GA] Generation 48 best fitness: 202.9879
[GA] Generation 49 best fitness: 202.9879
[GA] Generation 50 best fitness: 202.9879
[GA] Generation 51 best fitness: 202.9879
[GA] Generation 52 best fitness: 202.9879
[GA] Generation 53 best fitness: 202.9879
[GA] Generation 54 best fitness: 202.9879
[GA] Generation 55 best fitness: 202.9879
[GA] Generation 56 best fitness: 202.9879
[GA] Generation 57 best fitness: 202.9879
[GA] Generation 58 best fitness: 202.9879
[GA] Generation 59 best fitness: 202.9879
[GA] Generation 60 best fitness: 202.9879
[GA] Generation 61 best fitness: 202.9879
[GA] Generation 62 best fitness: 202.9879
[GA] Generation 63 best fitness: 202.9879
[GA] Generation 64 best fitness: 202.9879
[GA] Generation 65 best fitness: 202.9879
[GA] Generation 66 best fitness: 202.9879
[GA] Generation 67 best fitness: 202.9879
[GA] Generation 68 best fitness: 202.9879
[GA] Generation 69 best fitness: 202.9879
[GA] Generation 70 best fitness: 202.9879
[GA] Generation 71 best fitness: 202.9879
[GA] Generation 72 best fitness: 202.9879
[GA] Generation 73 best fitness: 202.9879
[GA] Generation 74 best fitness: 202.9879
[GA] Generation 75 best fitness: 202.9879
[GA] Generation 76 best fitness: 202.9879
[GA] Generation 77 best fitness: 202.9879
[GA] Generation 78 best fitness: 202.9879
[GA] Generation 79 best fitness: 202.9879
