
--- COLLISION CLOUD SUMMARY ---
  Params: voxel=5 edge_exclusion=2 epsilon=2.5 max_points=300
  Sherd 1: in=29196 out=33483 filtered=1746 candidate=60933 voxel=1620 final=1620 radius=72.247
  Sherd 2: in=26028 out=29475 filtered=1961 candidate=53542 voxel=1491 final=1491 radius=76.050
  Sherd 3: in=14590 out=8150 filtered=1693 candidate=21047 voxel=566 final=566 radius=65.045
  Sherd 4: in=8442 out=10188 filtered=1179 candidate=17451 voxel=460 final=460 radius=45.273
  Valid sherds=4 empty_clouds=0


--- GENERATION 0 BEST BREAKDOWN ---
  Total Fitness: 364.52
  Inlier Reward: 325.86
  Cycle Penalty: 0.00
  Overlap Penalty: 0.00
  Edge Residual Penalty: 1.02
  Edge Rot Residual Penalty: 0.33
  Connectivity Reward: 40.00
  Component Penalty: 0.00
  Largest Component: 4
  Num Components: 1
  Active Pairs: 4
  OverlapDiag Sum (indexed): 34.1523 (delta_vs_fitness=34.1523)
  OverlapDiag Pairs: total=6 same_comp=6 broad_reject=0 narrow_checked=6 active=2
  OverlapDiag Top Active Pairs:
    Pair (0,1) pen=18.7508 hits=16/1491 hit_ratio=0.0107 avg_depth=0.3439 min_nn=0.8240
    Pair (0,3) pen=15.4015 hits=11/460 hit_ratio=0.0239 avg_depth=0.3735 min_nn=0.8956

  --- ACTIVE GENE MAP ---
    Gene  0 (Pair  2- 1): choice=3 (inl=84)
    Gene  1 (Pair  3- 1): choice=2 (inl=179)
    Gene  2 (Pair  4- 1): choice=4 (inl=55)
    Gene  4 (Pair  4- 2): choice=6 (inl=114)

  --- SHARD 4 CANDIDATE ANALYSIS ---
    Pair (4-1): Selected=4 / 5 choices
      Choice 1: inliners=46
      Choice 2: inliners=0
      Choice 3: inliners=42
      Choice 4: inliners=55 [SELECTED]
      Choice 5: inliners=38
    Pair (4-2): Selected=6 / 7 choices
      Choice 1: inliners=20
      Choice 2: inliners=20
      Choice 3: inliners=30
      Choice 4: inliners=34
      Choice 5: inliners=20
      Choice 6: inliners=114 [SELECTED]
      Choice 7: inliners=40
    Pair (4-3): Selected=0 / 9 choices
      Choice 1: inliners=10
      Choice 2: inliners=8
      Choice 3: inliners=48
      Choice 4: inliners=28
      Choice 5: inliners=22
      Choice 6: inliners=8
      Choice 7: inliners=0
      Choice 8: inliners=20
      Choice 9: inliners=8


--- GENERATION 10 BEST BREAKDOWN ---
  Total Fitness: 439.26
  Inlier Reward: 399.47
  Cycle Penalty: 0.00
  Overlap Penalty: 0.00
  Edge Residual Penalty: 0.21
  Edge Rot Residual Penalty: 0.00
  Connectivity Reward: 40.00
  Component Penalty: 0.00
  Largest Component: 4
  Num Components: 1
  Active Pairs: 4
  OverlapDiag Sum (indexed): 46.6075 (delta_vs_fitness=46.6075)
  OverlapDiag Pairs: total=6 same_comp=6 broad_reject=0 narrow_checked=6 active=2
  OverlapDiag Top Active Pairs:
    Pair (1,3) pen=27.8567 hits=21/1491 hit_ratio=0.0370 avg_depth=0.3345 min_nn=0.5719
    Pair (0,1) pen=18.7508 hits=16/1491 hit_ratio=0.0107 avg_depth=0.3439 min_nn=0.8240

  --- ACTIVE GENE MAP ---
    Gene  0 (Pair  2- 1): choice=3 (inl=84)
    Gene  1 (Pair  3- 1): choice=2 (inl=179)
    Gene  3 (Pair  3- 2): choice=11 (inl=139)
    Gene  4 (Pair  4- 2): choice=6 (inl=114)

  --- SHARD 4 CANDIDATE ANALYSIS ---
    Pair (4-1): Selected=0 / 5 choices
      Choice 1: inliners=46
      Choice 2: inliners=0
      Choice 3: inliners=42
      Choice 4: inliners=55
      Choice 5: inliners=38
    Pair (4-2): Selected=6 / 7 choices
      Choice 1: inliners=20
      Choice 2: inliners=20
      Choice 3: inliners=30
      Choice 4: inliners=34
      Choice 5: inliners=20
      Choice 6: inliners=114 [SELECTED]
      Choice 7: inliners=40
    Pair (4-3): Selected=0 / 9 choices
      Choice 1: inliners=10
      Choice 2: inliners=8
      Choice 3: inliners=48
      Choice 4: inliners=28
      Choice 5: inliners=22
      Choice 6: inliners=8
      Choice 7: inliners=0
      Choice 8: inliners=20
      Choice 9: inliners=8


--- GENERATION 20 BEST BREAKDOWN ---
  Total Fitness: 439.26
  Inlier Reward: 399.47
  Cycle Penalty: 0.00
  Overlap Penalty: 0.00
  Edge Residual Penalty: 0.21
  Edge Rot Residual Penalty: 0.00
  Connectivity Reward: 40.00
  Component Penalty: 0.00
  Largest Component: 4
  Num Components: 1
  Active Pairs: 4
  OverlapDiag Sum (indexed): 46.6075 (delta_vs_fitness=46.6075)
  OverlapDiag Pairs: total=6 same_comp=6 broad_reject=0 narrow_checked=6 active=2
  OverlapDiag Top Active Pairs:
    Pair (1,3) pen=27.8567 hits=21/1491 hit_ratio=0.0370 avg_depth=0.3345 min_nn=0.5719
    Pair (0,1) pen=18.7508 hits=16/1491 hit_ratio=0.0107 avg_depth=0.3439 min_nn=0.8240

  --- ACTIVE GENE MAP ---
    Gene  0 (Pair  2- 1): choice=3 (inl=84)
    Gene  1 (Pair  3- 1): choice=2 (inl=179)
    Gene  3 (Pair  3- 2): choice=11 (inl=139)
    Gene  4 (Pair  4- 2): choice=6 (inl=114)

  --- SHARD 4 CANDIDATE ANALYSIS ---
    Pair (4-1): Selected=0 / 5 choices
      Choice 1: inliners=46
      Choice 2: inliners=0
      Choice 3: inliners=42
      Choice 4: inliners=55
      Choice 5: inliners=38
    Pair (4-2): Selected=6 / 7 choices
      Choice 1: inliners=20
      Choice 2: inliners=20
      Choice 3: inliners=30
      Choice 4: inliners=34
      Choice 5: inliners=20
      Choice 6: inliners=114 [SELECTED]
      Choice 7: inliners=40
    Pair (4-3): Selected=0 / 9 choices
      Choice 1: inliners=10
      Choice 2: inliners=8
      Choice 3: inliners=48
      Choice 4: inliners=28
      Choice 5: inliners=22
      Choice 6: inliners=8
      Choice 7: inliners=0
      Choice 8: inliners=20
      Choice 9: inliners=8


--- GENERATION 30 BEST BREAKDOWN ---
  Total Fitness: 439.26
  Inlier Reward: 399.47
  Cycle Penalty: 0.00
  Overlap Penalty: 0.00
  Edge Residual Penalty: 0.21
  Edge Rot Residual Penalty: 0.00
  Connectivity Reward: 40.00
  Component Penalty: 0.00
  Largest Component: 4
  Num Components: 1
  Active Pairs: 4
  OverlapDiag Sum (indexed): 46.6075 (delta_vs_fitness=46.6075)
  OverlapDiag Pairs: total=6 same_comp=6 broad_reject=0 narrow_checked=6 active=2
  OverlapDiag Top Active Pairs:
    Pair (1,3) pen=27.8567 hits=21/1491 hit_ratio=0.0370 avg_depth=0.3345 min_nn=0.5719
    Pair (0,1) pen=18.7508 hits=16/1491 hit_ratio=0.0107 avg_depth=0.3439 min_nn=0.8240

  --- ACTIVE GENE MAP ---
    Gene  0 (Pair  2- 1): choice=3 (inl=84)
    Gene  1 (Pair  3- 1): choice=2 (inl=179)
    Gene  3 (Pair  3- 2): choice=11 (inl=139)
    Gene  4 (Pair  4- 2): choice=6 (inl=114)

  --- SHARD 4 CANDIDATE ANALYSIS ---
    Pair (4-1): Selected=0 / 5 choices
      Choice 1: inliners=46
      Choice 2: inliners=0
      Choice 3: inliners=42
      Choice 4: inliners=55
      Choice 5: inliners=38
    Pair (4-2): Selected=6 / 7 choices
      Choice 1: inliners=20
      Choice 2: inliners=20
      Choice 3: inliners=30
      Choice 4: inliners=34
      Choice 5: inliners=20
      Choice 6: inliners=114 [SELECTED]
      Choice 7: inliners=40
    Pair (4-3): Selected=0 / 9 choices
      Choice 1: inliners=10
      Choice 2: inliners=8
      Choice 3: inliners=48
      Choice 4: inliners=28
      Choice 5: inliners=22
      Choice 6: inliners=8
      Choice 7: inliners=0
      Choice 8: inliners=20
      Choice 9: inliners=8


--- GENERATION 40 BEST BREAKDOWN ---
  Total Fitness: 439.26
  Inlier Reward: 399.47
  Cycle Penalty: 0.00
  Overlap Penalty: 0.00
  Edge Residual Penalty: 0.21
  Edge Rot Residual Penalty: 0.00
  Connectivity Reward: 40.00
  Component Penalty: 0.00
  Largest Component: 4
  Num Components: 1
  Active Pairs: 4
  OverlapDiag Sum (indexed): 46.6075 (delta_vs_fitness=46.6075)
  OverlapDiag Pairs: total=6 same_comp=6 broad_reject=0 narrow_checked=6 active=2
  OverlapDiag Top Active Pairs:
    Pair (1,3) pen=27.8567 hits=21/1491 hit_ratio=0.0370 avg_depth=0.3345 min_nn=0.5719
    Pair (0,1) pen=18.7508 hits=16/1491 hit_ratio=0.0107 avg_depth=0.3439 min_nn=0.8240

  --- ACTIVE GENE MAP ---
    Gene  0 (Pair  2- 1): choice=3 (inl=84)
    Gene  1 (Pair  3- 1): choice=2 (inl=179)
    Gene  3 (Pair  3- 2): choice=11 (inl=139)
    Gene  4 (Pair  4- 2): choice=6 (inl=114)

  --- SHARD 4 CANDIDATE ANALYSIS ---
    Pair (4-1): Selected=0 / 5 choices
      Choice 1: inliners=46
      Choice 2: inliners=0
      Choice 3: inliners=42
      Choice 4: inliners=55
      Choice 5: inliners=38
    Pair (4-2): Selected=6 / 7 choices
      Choice 1: inliners=20
      Choice 2: inliners=20
      Choice 3: inliners=30
      Choice 4: inliners=34
      Choice 5: inliners=20
      Choice 6: inliners=114 [SELECTED]
      Choice 7: inliners=40
    Pair (4-3): Selected=0 / 9 choices
      Choice 1: inliners=10
      Choice 2: inliners=8
      Choice 3: inliners=48
      Choice 4: inliners=28
      Choice 5: inliners=22
      Choice 6: inliners=8
      Choice 7: inliners=0
      Choice 8: inliners=20
      Choice 9: inliners=8


--- GENERATION 50 BEST BREAKDOWN ---
  Total Fitness: 439.26
  Inlier Reward: 399.47
  Cycle Penalty: 0.00
  Overlap Penalty: 0.00
  Edge Residual Penalty: 0.21
  Edge Rot Residual Penalty: 0.00
  Connectivity Reward: 40.00
  Component Penalty: 0.00
  Largest Component: 4
  Num Components: 1
  Active Pairs: 4
  OverlapDiag Sum (indexed): 46.6075 (delta_vs_fitness=46.6075)
  OverlapDiag Pairs: total=6 same_comp=6 broad_reject=0 narrow_checked=6 active=2
  OverlapDiag Top Active Pairs:
    Pair (1,3) pen=27.8567 hits=21/1491 hit_ratio=0.0370 avg_depth=0.3345 min_nn=0.5719
    Pair (0,1) pen=18.7508 hits=16/1491 hit_ratio=0.0107 avg_depth=0.3439 min_nn=0.8240

  --- ACTIVE GENE MAP ---
    Gene  0 (Pair  2- 1): choice=3 (inl=84)
    Gene  1 (Pair  3- 1): choice=2 (inl=179)
    Gene  3 (Pair  3- 2): choice=11 (inl=139)
    Gene  4 (Pair  4- 2): choice=6 (inl=114)

  --- SHARD 4 CANDIDATE ANALYSIS ---
    Pair (4-1): Selected=0 / 5 choices
      Choice 1: inliners=46
      Choice 2: inliners=0
      Choice 3: inliners=42
      Choice 4: inliners=55
      Choice 5: inliners=38
    Pair (4-2): Selected=6 / 7 choices
      Choice 1: inliners=20
      Choice 2: inliners=20
      Choice 3: inliners=30
      Choice 4: inliners=34
      Choice 5: inliners=20
      Choice 6: inliners=114 [SELECTED]
      Choice 7: inliners=40
    Pair (4-3): Selected=0 / 9 choices
      Choice 1: inliners=10
      Choice 2: inliners=8
      Choice 3: inliners=48
      Choice 4: inliners=28
      Choice 5: inliners=22
      Choice 6: inliners=8
      Choice 7: inliners=0
      Choice 8: inliners=20
      Choice 9: inliners=8


--- COLLISION AUDIT [FINAL BEST] ---
  Fitness overlap penalty: 0.0000
  Recomputed indexed overlap sum: 46.6075 (delta=46.6075)
  Pair counts: total=6 same_comp=6 broad_reject=0 narrow_checked=6 active=2
  Pair (0,1): center_dist=0.000 broad_radius=0.000 min_nn=0.824 hits=16/1491 hit_ratio=0.011 avg_depth=0.344 pair_pen=18.751 [!!!] ACTIVE COLLISION UNRESOLVED
  Pair (0,2): center_dist=0.000 broad_radius=0.000 min_nn=4.131 hits=0/1620 hit_ratio=0.000 avg_depth=0.000 pair_pen=0.000 [OK] NARROW-PHASE CLEAR
  Pair (0,3): center_dist=0.000 broad_radius=0.000 min_nn=3.763 hits=0/1620 hit_ratio=0.000 avg_depth=0.000 pair_pen=0.000 [OK] NARROW-PHASE CLEAR
  Pair (1,2): center_dist=0.000 broad_radius=0.000 min_nn=4.199 hits=0/1491 hit_ratio=0.000 avg_depth=0.000 pair_pen=0.000 [OK] NARROW-PHASE CLEAR
  Pair (1,3): center_dist=0.000 broad_radius=0.000 min_nn=0.572 hits=21/1491 hit_ratio=0.037 avg_depth=0.334 pair_pen=27.857 [!!!] ACTIVE COLLISION UNRESOLVED
  Pair (2,3): center_dist=0.000 broad_radius=0.000 min_nn=23.503 hits=0/566 hit_ratio=0.000 avg_depth=0.000 pair_pen=0.000 [OK] NARROW-PHASE CLEAR

