
--- COLLISION CLOUD SUMMARY ---
  Params: voxel=5 edge_exclusion=2 epsilon=2.5 max_points=300
  Sherd 1: in=16002 out=9322 filtered=2063 candidate=23261 voxel=581 final=581 radius=86.469
  Sherd 2: in=10351 out=8187 filtered=1243 candidate=17295 voxel=457 final=457 radius=63.604
  Sherd 3: in=7968 out=3686 filtered=1173 candidate=10481 voxel=269 final=269 radius=48.286
  Sherd 4: in=6710 out=6149 filtered=1076 candidate=11783 voxel=296 final=296 radius=41.737
  Sherd 5: in=5529 out=6026 filtered=1207 candidate=10348 voxel=288 final=288 radius=64.825
  Sherd 6: in=4587 out=4839 filtered=1205 candidate=8221 voxel=213 final=213 radius=55.914
  Sherd 7: in=5265 out=5815 filtered=985 candidate=10095 voxel=275 final=275 radius=44.286
  Sherd 8: in=4346 out=4615 filtered=824 candidate=8137 voxel=210 final=210 radius=31.112
  Sherd 9: in=4020 out=4452 filtered=805 candidate=7667 voxel=206 final=206 radius=32.257
  Sherd 10: in=3036 out=2371 filtered=904 candidate=4503 voxel=126 final=126 radius=32.906
  Sherd 11: in=2175 out=2364 filtered=629 candidate=3910 voxel=120 final=120 radius=26.022
  Valid sherds=11 empty_clouds=0


--- GENERATION 0 BEST BREAKDOWN ---
  Total Fitness: -622145.21
  Inlier Reward: 1153.38
  Cycle Penalty: 11260.70
  Overlap Penalty: 1721.38
  Edge Residual Penalty: 609836.71
  Edge Rot Residual Penalty: 589.80
  Connectivity Reward: 110.00
  Component Penalty: 0.00
  Largest Component: 11
  Num Components: 1
  Active Pairs: 45
  OverlapDiag Sum (indexed): 1734.1569 (delta_vs_fitness=12.7804)
  OverlapDiag Pairs: total=55 same_comp=55 broad_reject=0 narrow_checked=55 active=28
  OverlapDiag Top Active Pairs:
    Pair (6,10) pen=154.2340 hits=70/120 hit_ratio=0.5833 avg_depth=0.3236 min_nn=0.5311
    Pair (8,10) pen=120.8733 hits=64/120 hit_ratio=0.5333 avg_depth=0.2819 min_nn=0.5753
    Pair (0,5) pen=115.0826 hits=100/581 hit_ratio=0.4601 avg_depth=0.2766 min_nn=0.4644
    Pair (3,8) pen=103.3666 hits=91/206 hit_ratio=0.4417 avg_depth=0.2614 min_nn=0.4542
    Pair (3,10) pen=98.6139 hits=37/296 hit_ratio=0.3083 avg_depth=0.3643 min_nn=0.1069

  --- ACTIVE GENE MAP ---
    Gene  0 (Pair  2- 1): choice=2 (inl=70)
    Gene  1 (Pair  3- 1): choice=8 (inl=55)
    Gene  2 (Pair  4- 1): choice=3 (inl=72)
    Gene  3 (Pair  5- 1): choice=2 (inl=65)
    Gene  4 (Pair  7- 1): choice=3 (inl=61)
    Gene  5 (Pair  8- 1): choice=2 (inl=36)
    Gene  6 (Pair  9- 1): choice=9 (inl=40)
    Gene  7 (Pair 10- 1): choice=2 (inl=40)
    Gene  8 (Pair 11- 1): choice=3 (inl=8)
    Gene  9 (Pair  3- 2): choice=5 (inl=32)
    Gene 10 (Pair  4- 2): choice=5 (inl=58)
    Gene 11 (Pair  5- 2): choice=1 (inl=30)
    Gene 12 (Pair  7- 2): choice=2 (inl=66)
    Gene 13 (Pair  8- 2): choice=4 (inl=36)
    Gene 14 (Pair  9- 2): choice=2 (inl=45)
    Gene 15 (Pair 10- 2): choice=2 (inl=42)
    Gene 16 (Pair 11- 2): choice=1 (inl=30)
    Gene 17 (Pair  4- 3): choice=3 (inl=56)
    Gene 18 (Pair  5- 3): choice=1 (inl=48)
    Gene 20 (Pair  8- 3): choice=6 (inl=32)
    Gene 21 (Pair  9- 3): choice=13 (inl=22)
    Gene 22 (Pair 10- 3): choice=5 (inl=14)
    Gene 24 (Pair  5- 4): choice=2 (inl=77)
    Gene 25 (Pair  7- 4): choice=1 (inl=36)
    Gene 26 (Pair  8- 4): choice=4 (inl=36)
    Gene 27 (Pair  9- 4): choice=5 (inl=0)
    Gene 28 (Pair 10- 4): choice=1 (inl=28)
    Gene 29 (Pair 11- 4): choice=1 (inl=16)
    Gene 30 (Pair  6- 5): choice=6 (inl=90)
    Gene 31 (Pair  7- 5): choice=2 (inl=16)
    Gene 32 (Pair  8- 5): choice=1 (inl=30)
    Gene 33 (Pair  9- 5): choice=3 (inl=32)
    Gene 34 (Pair 10- 5): choice=3 (inl=51)
    Gene 35 (Pair  7- 6): choice=1 (inl=8)
    Gene 36 (Pair  9- 6): choice=3 (inl=0)
    Gene 37 (Pair  8- 7): choice=5 (inl=47)
    Gene 38 (Pair  9- 7): choice=1 (inl=24)
    Gene 39 (Pair 10- 7): choice=1 (inl=52)
    Gene 40 (Pair 11- 7): choice=1 (inl=12)
    Gene 41 (Pair  9- 8): choice=6 (inl=45)
    Gene 42 (Pair 10- 8): choice=1 (inl=40)
    Gene 43 (Pair 11- 8): choice=5 (inl=34)
    Gene 44 (Pair 10- 9): choice=1 (inl=26)
    Gene 45 (Pair 11- 9): choice=3 (inl=22)
    Gene 46 (Pair 11-10): choice=1 (inl=38)

  --- SHARD 4 CANDIDATE ANALYSIS ---
    Pair (4-1): Selected=3 / 4 choices
      Choice 1: inliners=32
      Choice 2: inliners=67
      Choice 3: inliners=72 [SELECTED]
      Choice 4: inliners=63
    Pair (4-2): Selected=5 / 5 choices
      Choice 1: inliners=12
      Choice 2: inliners=32
      Choice 3: inliners=20
      Choice 4: inliners=24
      Choice 5: inliners=58 [SELECTED]
    Pair (4-3): Selected=3 / 4 choices
      Choice 1: inliners=50
      Choice 2: inliners=34
      Choice 3: inliners=56 [SELECTED]
      Choice 4: inliners=34
    Pair (5-4): Selected=2 / 2 choices
      Choice 1: inliners=70
      Choice 2: inliners=77 [SELECTED]
    Pair (7-4): Selected=1 / 1 choices
      Choice 1: inliners=36 [SELECTED]
    Pair (8-4): Selected=4 / 5 choices
      Choice 1: inliners=0
      Choice 2: inliners=47
      Choice 3: inliners=14
      Choice 4: inliners=36 [SELECTED]
      Choice 5: inliners=36
    Pair (9-4): Selected=5 / 8 choices
      Choice 1: inliners=42
      Choice 2: inliners=20
      Choice 3: inliners=32
      Choice 4: inliners=38
      Choice 5: inliners=0 [SELECTED]
      Choice 6: inliners=36
      Choice 7: inliners=22
      Choice 8: inliners=28
    Pair (10-4): Selected=1 / 2 choices
      Choice 1: inliners=28 [SELECTED]
      Choice 2: inliners=26
    Pair (11-4): Selected=1 / 3 choices
      Choice 1: inliners=16 [SELECTED]
      Choice 2: inliners=14
      Choice 3: inliners=36


--- GENERATION 10 BEST BREAKDOWN ---
  Total Fitness: -199185.65
  Inlier Reward: 1228.99
  Cycle Penalty: 5849.39
  Overlap Penalty: 1971.35
  Edge Residual Penalty: 192172.98
  Edge Rot Residual Penalty: 530.92
  Connectivity Reward: 110.00
  Component Penalty: 0.00
  Largest Component: 11
  Num Components: 1
  Active Pairs: 40
  OverlapDiag Sum (indexed): 2030.9733 (delta_vs_fitness=59.6254)
  OverlapDiag Pairs: total=55 same_comp=55 broad_reject=0 narrow_checked=55 active=35
  OverlapDiag Top Active Pairs:
    Pair (1,3) pen=170.9236 hits=157/296 hit_ratio=0.5304 avg_depth=0.3386 min_nn=0.2794
    Pair (6,10) pen=154.2340 hits=70/120 hit_ratio=0.5833 avg_depth=0.3236 min_nn=0.5311
    Pair (8,9) pen=113.0205 hits=52/206 hit_ratio=0.3651 avg_depth=0.3421 min_nn=0.5011
    Pair (2,8) pen=106.1190 hits=56/206 hit_ratio=0.2718 avg_depth=0.3688 min_nn=0.2931
    Pair (3,10) pen=98.6139 hits=37/296 hit_ratio=0.3083 avg_depth=0.3643 min_nn=0.1069

  --- ACTIVE GENE MAP ---
    Gene  0 (Pair  2- 1): choice=4 (inl=44)
    Gene  1 (Pair  3- 1): choice=9 (inl=77)
    Gene  2 (Pair  4- 1): choice=3 (inl=72)
    Gene  3 (Pair  5- 1): choice=1 (inl=76)
    Gene  4 (Pair  7- 1): choice=3 (inl=61)
    Gene  5 (Pair  8- 1): choice=7 (inl=44)
    Gene  6 (Pair  9- 1): choice=7 (inl=47)
    Gene  7 (Pair 10- 1): choice=2 (inl=40)
    Gene  8 (Pair 11- 1): choice=3 (inl=8)
    Gene  9 (Pair  3- 2): choice=1 (inl=62)
    Gene 10 (Pair  4- 2): choice=5 (inl=58)
    Gene 11 (Pair  5- 2): choice=1 (inl=30)
    Gene 12 (Pair  7- 2): choice=2 (inl=66)
    Gene 13 (Pair  8- 2): choice=4 (inl=36)
    Gene 14 (Pair  9- 2): choice=6 (inl=38)
    Gene 15 (Pair 10- 2): choice=4 (inl=34)
    Gene 16 (Pair 11- 2): choice=1 (inl=30)
    Gene 17 (Pair  4- 3): choice=3 (inl=56)
    Gene 18 (Pair  5- 3): choice=7 (inl=56)
    Gene 20 (Pair  8- 3): choice=1 (inl=34)
    Gene 21 (Pair  9- 3): choice=1 (inl=22)
    Gene 22 (Pair 10- 3): choice=2 (inl=47)
    Gene 24 (Pair  5- 4): choice=2 (inl=77)
    Gene 25 (Pair  7- 4): choice=1 (inl=36)
    Gene 26 (Pair  8- 4): choice=2 (inl=47)
    Gene 27 (Pair  9- 4): choice=1 (inl=42)
    Gene 28 (Pair 10- 4): choice=1 (inl=28)
    Gene 30 (Pair  6- 5): choice=5 (inl=77)
    Gene 31 (Pair  7- 5): choice=4 (inl=58)
    Gene 32 (Pair  8- 5): choice=2 (inl=36)
    Gene 33 (Pair  9- 5): choice=1 (inl=38)
    Gene 34 (Pair 10- 5): choice=3 (inl=51)
    Gene 37 (Pair  8- 7): choice=5 (inl=47)
    Gene 38 (Pair  9- 7): choice=3 (inl=28)
    Gene 39 (Pair 10- 7): choice=1 (inl=52)
    Gene 40 (Pair 11- 7): choice=1 (inl=12)
    Gene 41 (Pair  9- 8): choice=12 (inl=56)
    Gene 42 (Pair 10- 8): choice=1 (inl=40)
    Gene 45 (Pair 11- 9): choice=1 (inl=6)
    Gene 46 (Pair 11-10): choice=1 (inl=38)

  --- SHARD 4 CANDIDATE ANALYSIS ---
    Pair (4-1): Selected=3 / 4 choices
      Choice 1: inliners=32
      Choice 2: inliners=67
      Choice 3: inliners=72 [SELECTED]
      Choice 4: inliners=63
    Pair (4-2): Selected=5 / 5 choices
      Choice 1: inliners=12
      Choice 2: inliners=32
      Choice 3: inliners=20
      Choice 4: inliners=24
      Choice 5: inliners=58 [SELECTED]
    Pair (4-3): Selected=3 / 4 choices
      Choice 1: inliners=50
      Choice 2: inliners=34
      Choice 3: inliners=56 [SELECTED]
      Choice 4: inliners=34
    Pair (5-4): Selected=2 / 2 choices
      Choice 1: inliners=70
      Choice 2: inliners=77 [SELECTED]
    Pair (7-4): Selected=1 / 1 choices
      Choice 1: inliners=36 [SELECTED]
    Pair (8-4): Selected=2 / 5 choices
      Choice 1: inliners=0
      Choice 2: inliners=47 [SELECTED]
      Choice 3: inliners=14
      Choice 4: inliners=36
      Choice 5: inliners=36
    Pair (9-4): Selected=1 / 8 choices
      Choice 1: inliners=42 [SELECTED]
      Choice 2: inliners=20
      Choice 3: inliners=32
      Choice 4: inliners=38
      Choice 5: inliners=0
      Choice 6: inliners=36
      Choice 7: inliners=22
      Choice 8: inliners=28
    Pair (10-4): Selected=1 / 2 choices
      Choice 1: inliners=28 [SELECTED]
      Choice 2: inliners=26
    Pair (11-4): Selected=0 / 3 choices
      Choice 1: inliners=16
      Choice 2: inliners=14
      Choice 3: inliners=36


--- GENERATION 20 BEST BREAKDOWN ---
  Total Fitness: -124939.37
  Inlier Reward: 1126.85
  Cycle Penalty: 4248.72
  Overlap Penalty: 2114.89
  Edge Residual Penalty: 119306.04
  Edge Rot Residual Penalty: 506.57
  Connectivity Reward: 110.00
  Component Penalty: 0.00
  Largest Component: 11
  Num Components: 1
  Active Pairs: 39
  OverlapDiag Sum (indexed): 2189.8438 (delta_vs_fitness=74.9542)
  OverlapDiag Pairs: total=55 same_comp=55 broad_reject=0 narrow_checked=55 active=44
  OverlapDiag Top Active Pairs:
    Pair (6,10) pen=154.2340 hits=70/120 hit_ratio=0.5833 avg_depth=0.3236 min_nn=0.5311
    Pair (0,5) pen=134.3849 hits=76/213 hit_ratio=0.3568 avg_depth=0.3708 min_nn=0.7820
    Pair (2,4) pen=99.8938 hits=80/269 hit_ratio=0.2974 avg_depth=0.3135 min_nn=0.5881
    Pair (3,10) pen=98.6139 hits=37/296 hit_ratio=0.3083 avg_depth=0.3643 min_nn=0.1069
    Pair (6,9) pen=97.1157 hits=48/275 hit_ratio=0.3333 avg_depth=0.3213 min_nn=0.5744

  --- ACTIVE GENE MAP ---
    Gene  1 (Pair  3- 1): choice=9 (inl=77)
    Gene  2 (Pair  4- 1): choice=3 (inl=72)
    Gene  3 (Pair  5- 1): choice=3 (inl=76)
    Gene  4 (Pair  7- 1): choice=3 (inl=61)
    Gene  5 (Pair  8- 1): choice=7 (inl=44)
    Gene  6 (Pair  9- 1): choice=10 (inl=0)
    Gene  7 (Pair 10- 1): choice=2 (inl=40)
    Gene  8 (Pair 11- 1): choice=3 (inl=8)
    Gene  9 (Pair  3- 2): choice=1 (inl=62)
    Gene 11 (Pair  5- 2): choice=1 (inl=30)
    Gene 12 (Pair  7- 2): choice=2 (inl=66)
    Gene 13 (Pair  8- 2): choice=4 (inl=36)
    Gene 14 (Pair  9- 2): choice=2 (inl=45)
    Gene 15 (Pair 10- 2): choice=4 (inl=34)
    Gene 16 (Pair 11- 2): choice=1 (inl=30)
    Gene 17 (Pair  4- 3): choice=3 (inl=56)
    Gene 18 (Pair  5- 3): choice=7 (inl=56)
    Gene 19 (Pair  7- 3): choice=1 (inl=64)
    Gene 20 (Pair  8- 3): choice=6 (inl=32)
    Gene 21 (Pair  9- 3): choice=1 (inl=22)
    Gene 22 (Pair 10- 3): choice=2 (inl=47)
    Gene 23 (Pair 11- 3): choice=2 (inl=41)
    Gene 24 (Pair  5- 4): choice=1 (inl=70)
    Gene 26 (Pair  8- 4): choice=2 (inl=47)
    Gene 28 (Pair 10- 4): choice=1 (inl=28)
    Gene 30 (Pair  6- 5): choice=6 (inl=90)
    Gene 31 (Pair  7- 5): choice=4 (inl=58)
    Gene 32 (Pair  8- 5): choice=2 (inl=36)
    Gene 33 (Pair  9- 5): choice=1 (inl=38)
    Gene 34 (Pair 10- 5): choice=3 (inl=51)
    Gene 37 (Pair  8- 7): choice=5 (inl=47)
    Gene 38 (Pair  9- 7): choice=2 (inl=0)
    Gene 39 (Pair 10- 7): choice=1 (inl=52)
    Gene 40 (Pair 11- 7): choice=3 (inl=16)
    Gene 41 (Pair  9- 8): choice=1 (inl=32)
    Gene 42 (Pair 10- 8): choice=1 (inl=40)
    Gene 44 (Pair 10- 9): choice=6 (inl=26)
    Gene 45 (Pair 11- 9): choice=4 (inl=26)
    Gene 46 (Pair 11-10): choice=2 (inl=14)

  --- SHARD 4 CANDIDATE ANALYSIS ---
    Pair (4-1): Selected=3 / 4 choices
      Choice 1: inliners=32
      Choice 2: inliners=67
      Choice 3: inliners=72 [SELECTED]
      Choice 4: inliners=63
    Pair (4-2): Selected=0 / 5 choices
      Choice 1: inliners=12
      Choice 2: inliners=32
      Choice 3: inliners=20
      Choice 4: inliners=24
      Choice 5: inliners=58
    Pair (4-3): Selected=3 / 4 choices
      Choice 1: inliners=50
      Choice 2: inliners=34
      Choice 3: inliners=56 [SELECTED]
      Choice 4: inliners=34
    Pair (5-4): Selected=1 / 2 choices
      Choice 1: inliners=70 [SELECTED]
      Choice 2: inliners=77
    Pair (7-4): Selected=0 / 1 choices
      Choice 1: inliners=36
    Pair (8-4): Selected=2 / 5 choices
      Choice 1: inliners=0
      Choice 2: inliners=47 [SELECTED]
      Choice 3: inliners=14
      Choice 4: inliners=36
      Choice 5: inliners=36
    Pair (9-4): Selected=0 / 8 choices
      Choice 1: inliners=42
      Choice 2: inliners=20
      Choice 3: inliners=32
      Choice 4: inliners=38
      Choice 5: inliners=0
      Choice 6: inliners=36
      Choice 7: inliners=22
      Choice 8: inliners=28
    Pair (10-4): Selected=1 / 2 choices
      Choice 1: inliners=28 [SELECTED]
      Choice 2: inliners=26
    Pair (11-4): Selected=0 / 3 choices
      Choice 1: inliners=16
      Choice 2: inliners=14
      Choice 3: inliners=36


--- GENERATION 30 BEST BREAKDOWN ---
  Total Fitness: -99222.18
  Inlier Reward: 1157.42
  Cycle Penalty: 5038.22
  Overlap Penalty: 2390.07
  Edge Residual Penalty: 92550.13
  Edge Rot Residual Penalty: 511.18
  Connectivity Reward: 110.00
  Component Penalty: 0.00
  Largest Component: 11
  Num Components: 1
  Active Pairs: 40
  OverlapDiag Sum (indexed): 2446.1627 (delta_vs_fitness=56.0975)
  OverlapDiag Pairs: total=55 same_comp=55 broad_reject=0 narrow_checked=55 active=44
  OverlapDiag Top Active Pairs:
    Pair (6,10) pen=154.2340 hits=70/120 hit_ratio=0.5833 avg_depth=0.3236 min_nn=0.5311
    Pair (0,5) pen=134.3849 hits=76/213 hit_ratio=0.3568 avg_depth=0.3708 min_nn=0.7820
    Pair (7,8) pen=120.4523 hits=94/206 hit_ratio=0.4563 avg_depth=0.2904 min_nn=0.7456
    Pair (3,4) pen=103.0815 hits=126/288 hit_ratio=0.4375 avg_depth=0.2533 min_nn=0.5251
    Pair (2,4) pen=99.8938 hits=80/269 hit_ratio=0.2974 avg_depth=0.3135 min_nn=0.5881

  --- ACTIVE GENE MAP ---
    Gene  0 (Pair  2- 1): choice=4 (inl=44)
    Gene  1 (Pair  3- 1): choice=9 (inl=77)
    Gene  2 (Pair  4- 1): choice=4 (inl=63)
    Gene  3 (Pair  5- 1): choice=3 (inl=76)
    Gene  4 (Pair  7- 1): choice=3 (inl=61)
    Gene  5 (Pair  8- 1): choice=7 (inl=44)
    Gene  6 (Pair  9- 1): choice=6 (inl=0)
    Gene  7 (Pair 10- 1): choice=2 (inl=40)
    Gene  8 (Pair 11- 1): choice=3 (inl=8)
    Gene  9 (Pair  3- 2): choice=1 (inl=62)
    Gene 11 (Pair  5- 2): choice=1 (inl=30)
    Gene 12 (Pair  7- 2): choice=2 (inl=66)
    Gene 13 (Pair  8- 2): choice=4 (inl=36)
    Gene 14 (Pair  9- 2): choice=2 (inl=45)
    Gene 15 (Pair 10- 2): choice=4 (inl=34)
    Gene 16 (Pair 11- 2): choice=2 (inl=30)
    Gene 17 (Pair  4- 3): choice=3 (inl=56)
    Gene 18 (Pair  5- 3): choice=7 (inl=56)
    Gene 19 (Pair  7- 3): choice=1 (inl=64)
    Gene 20 (Pair  8- 3): choice=1 (inl=34)
    Gene 21 (Pair  9- 3): choice=1 (inl=22)
    Gene 22 (Pair 10- 3): choice=2 (inl=47)
    Gene 23 (Pair 11- 3): choice=2 (inl=41)
    Gene 24 (Pair  5- 4): choice=1 (inl=70)
    Gene 26 (Pair  8- 4): choice=2 (inl=47)
    Gene 28 (Pair 10- 4): choice=1 (inl=28)
    Gene 30 (Pair  6- 5): choice=6 (inl=90)
    Gene 31 (Pair  7- 5): choice=4 (inl=58)
    Gene 32 (Pair  8- 5): choice=2 (inl=36)
    Gene 33 (Pair  9- 5): choice=1 (inl=38)
    Gene 34 (Pair 10- 5): choice=3 (inl=51)
    Gene 37 (Pair  8- 7): choice=5 (inl=47)
    Gene 38 (Pair  9- 7): choice=2 (inl=0)
    Gene 39 (Pair 10- 7): choice=1 (inl=52)
    Gene 40 (Pair 11- 7): choice=3 (inl=16)
    Gene 41 (Pair  9- 8): choice=1 (inl=32)
    Gene 42 (Pair 10- 8): choice=1 (inl=40)
    Gene 44 (Pair 10- 9): choice=6 (inl=26)
    Gene 45 (Pair 11- 9): choice=1 (inl=6)
    Gene 46 (Pair 11-10): choice=1 (inl=38)

  --- SHARD 4 CANDIDATE ANALYSIS ---
    Pair (4-1): Selected=4 / 4 choices
      Choice 1: inliners=32
      Choice 2: inliners=67
      Choice 3: inliners=72
      Choice 4: inliners=63 [SELECTED]
    Pair (4-2): Selected=0 / 5 choices
      Choice 1: inliners=12
      Choice 2: inliners=32
      Choice 3: inliners=20
      Choice 4: inliners=24
      Choice 5: inliners=58
    Pair (4-3): Selected=3 / 4 choices
      Choice 1: inliners=50
      Choice 2: inliners=34
      Choice 3: inliners=56 [SELECTED]
      Choice 4: inliners=34
    Pair (5-4): Selected=1 / 2 choices
      Choice 1: inliners=70 [SELECTED]
      Choice 2: inliners=77
    Pair (7-4): Selected=0 / 1 choices
      Choice 1: inliners=36
    Pair (8-4): Selected=2 / 5 choices
      Choice 1: inliners=0
      Choice 2: inliners=47 [SELECTED]
      Choice 3: inliners=14
      Choice 4: inliners=36
      Choice 5: inliners=36
    Pair (9-4): Selected=0 / 8 choices
      Choice 1: inliners=42
      Choice 2: inliners=20
      Choice 3: inliners=32
      Choice 4: inliners=38
      Choice 5: inliners=0
      Choice 6: inliners=36
      Choice 7: inliners=22
      Choice 8: inliners=28
    Pair (10-4): Selected=1 / 2 choices
      Choice 1: inliners=28 [SELECTED]
      Choice 2: inliners=26
    Pair (11-4): Selected=0 / 3 choices
      Choice 1: inliners=16
      Choice 2: inliners=14
      Choice 3: inliners=36


--- GENERATION 40 BEST BREAKDOWN ---
  Total Fitness: -73221.79
  Inlier Reward: 1087.50
  Cycle Penalty: 3467.62
  Overlap Penalty: 2390.07
  Edge Residual Penalty: 68085.37
  Edge Rot Residual Penalty: 476.24
  Connectivity Reward: 110.00
  Component Penalty: 0.00
  Largest Component: 11
  Num Components: 1
  Active Pairs: 37
  OverlapDiag Sum (indexed): 2446.1627 (delta_vs_fitness=56.0975)
  OverlapDiag Pairs: total=55 same_comp=55 broad_reject=0 narrow_checked=55 active=44
  OverlapDiag Top Active Pairs:
    Pair (6,10) pen=154.2340 hits=70/120 hit_ratio=0.5833 avg_depth=0.3236 min_nn=0.5311
    Pair (0,5) pen=134.3849 hits=76/213 hit_ratio=0.3568 avg_depth=0.3708 min_nn=0.7820
    Pair (7,8) pen=120.4523 hits=94/206 hit_ratio=0.4563 avg_depth=0.2904 min_nn=0.7456
    Pair (3,4) pen=103.0815 hits=126/288 hit_ratio=0.4375 avg_depth=0.2533 min_nn=0.5251
    Pair (2,4) pen=99.8938 hits=80/269 hit_ratio=0.2974 avg_depth=0.3135 min_nn=0.5881

  --- ACTIVE GENE MAP ---
    Gene  0 (Pair  2- 1): choice=4 (inl=44)
    Gene  1 (Pair  3- 1): choice=9 (inl=77)
    Gene  2 (Pair  4- 1): choice=4 (inl=63)
    Gene  3 (Pair  5- 1): choice=3 (inl=76)
    Gene  4 (Pair  7- 1): choice=3 (inl=61)
    Gene  5 (Pair  8- 1): choice=7 (inl=44)
    Gene  6 (Pair  9- 1): choice=6 (inl=0)
    Gene  7 (Pair 10- 1): choice=2 (inl=40)
    Gene  8 (Pair 11- 1): choice=3 (inl=8)
    Gene  9 (Pair  3- 2): choice=1 (inl=62)
    Gene 13 (Pair  8- 2): choice=4 (inl=36)
    Gene 14 (Pair  9- 2): choice=2 (inl=45)
    Gene 15 (Pair 10- 2): choice=4 (inl=34)
    Gene 16 (Pair 11- 2): choice=2 (inl=30)
    Gene 17 (Pair  4- 3): choice=3 (inl=56)
    Gene 18 (Pair  5- 3): choice=7 (inl=56)
    Gene 19 (Pair  7- 3): choice=1 (inl=64)
    Gene 21 (Pair  9- 3): choice=1 (inl=22)
    Gene 22 (Pair 10- 3): choice=2 (inl=47)
    Gene 23 (Pair 11- 3): choice=2 (inl=41)
    Gene 24 (Pair  5- 4): choice=1 (inl=70)
    Gene 26 (Pair  8- 4): choice=2 (inl=47)
    Gene 28 (Pair 10- 4): choice=1 (inl=28)
    Gene 30 (Pair  6- 5): choice=6 (inl=90)
    Gene 31 (Pair  7- 5): choice=4 (inl=58)
    Gene 32 (Pair  8- 5): choice=2 (inl=36)
    Gene 33 (Pair  9- 5): choice=1 (inl=38)
    Gene 34 (Pair 10- 5): choice=3 (inl=51)
    Gene 37 (Pair  8- 7): choice=5 (inl=47)
    Gene 38 (Pair  9- 7): choice=2 (inl=0)
    Gene 39 (Pair 10- 7): choice=1 (inl=52)
    Gene 40 (Pair 11- 7): choice=3 (inl=16)
    Gene 41 (Pair  9- 8): choice=1 (inl=32)
    Gene 42 (Pair 10- 8): choice=1 (inl=40)
    Gene 44 (Pair 10- 9): choice=6 (inl=26)
    Gene 45 (Pair 11- 9): choice=4 (inl=26)
    Gene 46 (Pair 11-10): choice=1 (inl=38)

  --- SHARD 4 CANDIDATE ANALYSIS ---
    Pair (4-1): Selected=4 / 4 choices
      Choice 1: inliners=32
      Choice 2: inliners=67
      Choice 3: inliners=72
      Choice 4: inliners=63 [SELECTED]
    Pair (4-2): Selected=0 / 5 choices
      Choice 1: inliners=12
      Choice 2: inliners=32
      Choice 3: inliners=20
      Choice 4: inliners=24
      Choice 5: inliners=58
    Pair (4-3): Selected=3 / 4 choices
      Choice 1: inliners=50
      Choice 2: inliners=34
      Choice 3: inliners=56 [SELECTED]
      Choice 4: inliners=34
    Pair (5-4): Selected=1 / 2 choices
      Choice 1: inliners=70 [SELECTED]
      Choice 2: inliners=77
    Pair (7-4): Selected=0 / 1 choices
      Choice 1: inliners=36
    Pair (8-4): Selected=2 / 5 choices
      Choice 1: inliners=0
      Choice 2: inliners=47 [SELECTED]
      Choice 3: inliners=14
      Choice 4: inliners=36
      Choice 5: inliners=36
    Pair (9-4): Selected=0 / 8 choices
      Choice 1: inliners=42
      Choice 2: inliners=20
      Choice 3: inliners=32
      Choice 4: inliners=38
      Choice 5: inliners=0
      Choice 6: inliners=36
      Choice 7: inliners=22
      Choice 8: inliners=28
    Pair (10-4): Selected=1 / 2 choices
      Choice 1: inliners=28 [SELECTED]
      Choice 2: inliners=26
    Pair (11-4): Selected=0 / 3 choices
      Choice 1: inliners=16
      Choice 2: inliners=14
      Choice 3: inliners=36


--- GENERATION 50 BEST BREAKDOWN ---
  Total Fitness: -67509.15
  Inlier Reward: 1034.33
  Cycle Penalty: 3052.06
  Overlap Penalty: 2288.27
  Edge Residual Penalty: 62881.45
  Edge Rot Residual Penalty: 431.70
  Connectivity Reward: 110.00
  Component Penalty: 0.00
  Largest Component: 11
  Num Components: 1
  Active Pairs: 35
  OverlapDiag Sum (indexed): 2387.2527 (delta_vs_fitness=98.9849)
  OverlapDiag Pairs: total=55 same_comp=55 broad_reject=0 narrow_checked=55 active=45
  OverlapDiag Top Active Pairs:
    Pair (6,10) pen=154.2340 hits=70/120 hit_ratio=0.5833 avg_depth=0.3236 min_nn=0.5311
    Pair (0,5) pen=134.3849 hits=76/213 hit_ratio=0.3568 avg_depth=0.3708 min_nn=0.7820
    Pair (7,8) pen=120.4523 hits=94/206 hit_ratio=0.4563 avg_depth=0.2904 min_nn=0.7456
    Pair (3,4) pen=103.0815 hits=126/288 hit_ratio=0.4375 avg_depth=0.2533 min_nn=0.5251
    Pair (2,4) pen=99.8938 hits=80/269 hit_ratio=0.2974 avg_depth=0.3135 min_nn=0.5881

  --- ACTIVE GENE MAP ---
    Gene  1 (Pair  3- 1): choice=9 (inl=77)
    Gene  2 (Pair  4- 1): choice=4 (inl=63)
    Gene  3 (Pair  5- 1): choice=3 (inl=76)
    Gene  4 (Pair  7- 1): choice=3 (inl=61)
    Gene  5 (Pair  8- 1): choice=7 (inl=44)
    Gene  6 (Pair  9- 1): choice=6 (inl=0)
    Gene  7 (Pair 10- 1): choice=2 (inl=40)
    Gene  8 (Pair 11- 1): choice=3 (inl=8)
    Gene  9 (Pair  3- 2): choice=1 (inl=62)
    Gene 13 (Pair  8- 2): choice=4 (inl=36)
    Gene 15 (Pair 10- 2): choice=3 (inl=36)
    Gene 16 (Pair 11- 2): choice=2 (inl=30)
    Gene 17 (Pair  4- 3): choice=3 (inl=56)
    Gene 18 (Pair  5- 3): choice=7 (inl=56)
    Gene 19 (Pair  7- 3): choice=1 (inl=64)
    Gene 21 (Pair  9- 3): choice=1 (inl=22)
    Gene 22 (Pair 10- 3): choice=2 (inl=47)
    Gene 23 (Pair 11- 3): choice=2 (inl=41)
    Gene 24 (Pair  5- 4): choice=1 (inl=70)
    Gene 26 (Pair  8- 4): choice=2 (inl=47)
    Gene 28 (Pair 10- 4): choice=1 (inl=28)
    Gene 30 (Pair  6- 5): choice=6 (inl=90)
    Gene 31 (Pair  7- 5): choice=4 (inl=58)
    Gene 32 (Pair  8- 5): choice=2 (inl=36)
    Gene 33 (Pair  9- 5): choice=1 (inl=38)
    Gene 34 (Pair 10- 5): choice=3 (inl=51)
    Gene 37 (Pair  8- 7): choice=5 (inl=47)
    Gene 38 (Pair  9- 7): choice=2 (inl=0)
    Gene 39 (Pair 10- 7): choice=1 (inl=52)
    Gene 40 (Pair 11- 7): choice=3 (inl=16)
    Gene 41 (Pair  9- 8): choice=1 (inl=32)
    Gene 42 (Pair 10- 8): choice=1 (inl=40)
    Gene 44 (Pair 10- 9): choice=6 (inl=26)
    Gene 45 (Pair 11- 9): choice=4 (inl=26)
    Gene 46 (Pair 11-10): choice=1 (inl=38)

  --- SHARD 4 CANDIDATE ANALYSIS ---
    Pair (4-1): Selected=4 / 4 choices
      Choice 1: inliners=32
      Choice 2: inliners=67
      Choice 3: inliners=72
      Choice 4: inliners=63 [SELECTED]
    Pair (4-2): Selected=0 / 5 choices
      Choice 1: inliners=12
      Choice 2: inliners=32
      Choice 3: inliners=20
      Choice 4: inliners=24
      Choice 5: inliners=58
    Pair (4-3): Selected=3 / 4 choices
      Choice 1: inliners=50
      Choice 2: inliners=34
      Choice 3: inliners=56 [SELECTED]
      Choice 4: inliners=34
    Pair (5-4): Selected=1 / 2 choices
      Choice 1: inliners=70 [SELECTED]
      Choice 2: inliners=77
    Pair (7-4): Selected=0 / 1 choices
      Choice 1: inliners=36
    Pair (8-4): Selected=2 / 5 choices
      Choice 1: inliners=0
      Choice 2: inliners=47 [SELECTED]
      Choice 3: inliners=14
      Choice 4: inliners=36
      Choice 5: inliners=36
    Pair (9-4): Selected=0 / 8 choices
      Choice 1: inliners=42
      Choice 2: inliners=20
      Choice 3: inliners=32
      Choice 4: inliners=38
      Choice 5: inliners=0
      Choice 6: inliners=36
      Choice 7: inliners=22
      Choice 8: inliners=28
    Pair (10-4): Selected=1 / 2 choices
      Choice 1: inliners=28 [SELECTED]
      Choice 2: inliners=26
    Pair (11-4): Selected=0 / 3 choices
      Choice 1: inliners=16
      Choice 2: inliners=14
      Choice 3: inliners=36


--- COLLISION AUDIT [FINAL BEST] ---
  Fitness overlap penalty: 2288.2678
  Recomputed indexed overlap sum: 2387.2527 (delta=98.9849)
  Pair counts: total=55 same_comp=55 broad_reject=0 narrow_checked=55 active=45
  Pair (0,1): center_dist=0.000 broad_radius=0.000 min_nn=1.190 hits=1/581 hit_ratio=0.002 avg_depth=0.524 pair_pen=0.355 [!!!] ACTIVE COLLISION UNRESOLVED
  Pair (0,2): center_dist=0.000 broad_radius=0.000 min_nn=0.959 hits=8/581 hit_ratio=0.014 avg_depth=0.224 pair_pen=6.478 [!!!] ACTIVE COLLISION UNRESOLVED
  Pair (0,3): center_dist=0.000 broad_radius=0.000 min_nn=1.912 hits=1/581 hit_ratio=0.002 avg_depth=0.235 pair_pen=0.298 [!!!] ACTIVE COLLISION UNRESOLVED
  Pair (0,4): center_dist=0.000 broad_radius=0.000 min_nn=1.030 hits=5/581 hit_ratio=0.014 avg_depth=0.262 pair_pen=4.229 [!!!] ACTIVE COLLISION UNRESOLVED
  Pair (0,5): center_dist=0.000 broad_radius=0.000 min_nn=0.782 hits=76/213 hit_ratio=0.357 avg_depth=0.371 pair_pen=134.385 [!!!] ACTIVE COLLISION UNRESOLVED
  Pair (0,6): center_dist=0.000 broad_radius=0.000 min_nn=3.794 hits=0/581 hit_ratio=0.000 avg_depth=0.000 pair_pen=0.000 [OK] NARROW-PHASE CLEAR
  Pair (0,7): center_dist=0.000 broad_radius=0.000 min_nn=4.237 hits=0/581 hit_ratio=0.000 avg_depth=0.000 pair_pen=0.000 [OK] NARROW-PHASE CLEAR
  Pair (0,8): center_dist=0.000 broad_radius=0.000 min_nn=3.127 hits=0/581 hit_ratio=0.000 avg_depth=0.000 pair_pen=0.000 [OK] NARROW-PHASE CLEAR
  Pair (0,9): center_dist=0.000 broad_radius=0.000 min_nn=4.738 hits=0/581 hit_ratio=0.000 avg_depth=0.000 pair_pen=0.000 [OK] NARROW-PHASE CLEAR
  Pair (0,10): center_dist=0.000 broad_radius=0.000 min_nn=3.631 hits=0/581 hit_ratio=0.000 avg_depth=0.000 pair_pen=0.000 [OK] NARROW-PHASE CLEAR
  Pair (1,2): center_dist=0.000 broad_radius=0.000 min_nn=5.037 hits=0/457 hit_ratio=0.000 avg_depth=0.000 pair_pen=0.000 [OK] NARROW-PHASE CLEAR
  Pair (1,3): center_dist=0.000 broad_radius=0.000 min_nn=0.299 hits=13/296 hit_ratio=0.044 avg_depth=0.444 pair_pen=25.548 [!!!] ACTIVE COLLISION UNRESOLVED
  Pair (1,4): center_dist=0.000 broad_radius=0.000 min_nn=0.705 hits=14/288 hit_ratio=0.049 avg_depth=0.318 pair_pen=20.521 [!!!] ACTIVE COLLISION UNRESOLVED
  Pair (1,5): center_dist=0.000 broad_radius=0.000 min_nn=0.544 hits=2/213 hit_ratio=0.009 avg_depth=0.416 pair_pen=1.660 [!!!] ACTIVE COLLISION UNRESOLVED
  Pair (1,6): center_dist=0.000 broad_radius=0.000 min_nn=0.320 hits=42/275 hit_ratio=0.153 avg_depth=0.289 pair_pen=54.823 [!!!] ACTIVE COLLISION UNRESOLVED
  Pair (1,7): center_dist=0.000 broad_radius=0.000 min_nn=1.006 hits=34/457 hit_ratio=0.162 avg_depth=0.279 pair_pen=49.897 [!!!] ACTIVE COLLISION UNRESOLVED
  Pair (1,8): center_dist=0.000 broad_radius=0.000 min_nn=0.786 hits=27/206 hit_ratio=0.131 avg_depth=0.302 pair_pen=44.302 [!!!] ACTIVE COLLISION UNRESOLVED
  Pair (1,9): center_dist=0.000 broad_radius=0.000 min_nn=0.857 hits=27/126 hit_ratio=0.214 avg_depth=0.285 pair_pen=53.729 [!!!] ACTIVE COLLISION UNRESOLVED
  Pair (1,10): center_dist=0.000 broad_radius=0.000 min_nn=0.512 hits=25/120 hit_ratio=0.208 avg_depth=0.340 pair_pen=61.479 [!!!] ACTIVE COLLISION UNRESOLVED
  Pair (2,3): center_dist=0.000 broad_radius=0.000 min_nn=0.388 hits=95/296 hit_ratio=0.321 avg_depth=0.291 pair_pen=98.167 [!!!] ACTIVE COLLISION UNRESOLVED
  Pair (2,4): center_dist=0.000 broad_radius=0.000 min_nn=0.588 hits=80/269 hit_ratio=0.297 avg_depth=0.314 pair_pen=99.894 [!!!] ACTIVE COLLISION UNRESOLVED
  Pair (2,5): center_dist=0.000 broad_radius=0.000 min_nn=2.811 hits=0/269 hit_ratio=0.000 avg_depth=0.000 pair_pen=0.000 [OK] NARROW-PHASE CLEAR
  Pair (2,6): center_dist=0.000 broad_radius=0.000 min_nn=0.654 hits=44/275 hit_ratio=0.160 avg_depth=0.282 pair_pen=55.303 [!!!] ACTIVE COLLISION UNRESOLVED
  Pair (2,7): center_dist=0.000 broad_radius=0.000 min_nn=0.302 hits=10/210 hit_ratio=0.048 avg_depth=0.392 pair_pen=18.190 [!!!] ACTIVE COLLISION UNRESOLVED
  Pair (2,8): center_dist=0.000 broad_radius=0.000 min_nn=7.829 hits=0/269 hit_ratio=0.000 avg_depth=0.000 pair_pen=0.000 [OK] NARROW-PHASE CLEAR
  Pair (2,9): center_dist=0.000 broad_radius=0.000 min_nn=0.495 hits=17/126 hit_ratio=0.135 avg_depth=0.358 pair_pen=41.294 [!!!] ACTIVE COLLISION UNRESOLVED
  Pair (2,10): center_dist=0.000 broad_radius=0.000 min_nn=1.442 hits=7/269 hit_ratio=0.058 avg_depth=0.202 pair_pen=9.254 [!!!] ACTIVE COLLISION UNRESOLVED
  Pair (3,4): center_dist=0.000 broad_radius=0.000 min_nn=0.525 hits=126/288 hit_ratio=0.438 avg_depth=0.253 pair_pen=103.082 [!!!] ACTIVE COLLISION UNRESOLVED
  Pair (3,5): center_dist=0.000 broad_radius=0.000 min_nn=0.834 hits=13/296 hit_ratio=0.061 avg_depth=0.413 pair_pen=26.834 [!!!] ACTIVE COLLISION UNRESOLVED
  Pair (3,6): center_dist=0.000 broad_radius=0.000 min_nn=0.356 hits=94/296 hit_ratio=0.320 avg_depth=0.296 pair_pen=99.757 [!!!] ACTIVE COLLISION UNRESOLVED
  Pair (3,7): center_dist=0.000 broad_radius=0.000 min_nn=0.746 hits=37/296 hit_ratio=0.171 avg_depth=0.337 pair_pen=65.331 [!!!] ACTIVE COLLISION UNRESOLVED
  Pair (3,8): center_dist=0.000 broad_radius=0.000 min_nn=1.041 hits=7/206 hit_ratio=0.034 avg_depth=0.210 pair_pen=7.232 [!!!] ACTIVE COLLISION UNRESOLVED
  Pair (3,9): center_dist=0.000 broad_radius=0.000 min_nn=0.443 hits=44/296 hit_ratio=0.333 avg_depth=0.315 pair_pen=92.559 [!!!] ACTIVE COLLISION UNRESOLVED
  Pair (3,10): center_dist=0.000 broad_radius=0.000 min_nn=0.413 hits=37/296 hit_ratio=0.292 avg_depth=0.227 pair_pen=56.408 [!!!] ACTIVE COLLISION UNRESOLVED
  Pair (4,5): center_dist=0.000 broad_radius=0.000 min_nn=0.702 hits=24/288 hit_ratio=0.099 avg_depth=0.369 pair_pen=45.656 [!!!] ACTIVE COLLISION UNRESOLVED
  Pair (4,6): center_dist=0.000 broad_radius=0.000 min_nn=0.441 hits=75/288 hit_ratio=0.262 avg_depth=0.313 pair_pen=91.856 [!!!] ACTIVE COLLISION UNRESOLVED
  Pair (4,7): center_dist=0.000 broad_radius=0.000 min_nn=0.162 hits=34/210 hit_ratio=0.162 avg_depth=0.258 pair_pen=45.682 [!!!] ACTIVE COLLISION UNRESOLVED
  Pair (4,8): center_dist=0.000 broad_radius=0.000 min_nn=0.371 hits=19/288 hit_ratio=0.092 avg_depth=0.303 pair_pen=31.268 [!!!] ACTIVE COLLISION UNRESOLVED
  Pair (4,9): center_dist=0.000 broad_radius=0.000 min_nn=0.490 hits=22/288 hit_ratio=0.175 avg_depth=0.281 pair_pen=42.919 [!!!] ACTIVE COLLISION UNRESOLVED
  Pair (4,10): center_dist=0.000 broad_radius=0.000 min_nn=0.865 hits=42/120 hit_ratio=0.350 avg_depth=0.316 pair_pen=94.423 [!!!] ACTIVE COLLISION UNRESOLVED
  Pair (5,6): center_dist=0.000 broad_radius=0.000 min_nn=1.106 hits=8/275 hit_ratio=0.029 avg_depth=0.208 pair_pen=7.603 [!!!] ACTIVE COLLISION UNRESOLVED
  Pair (5,7): center_dist=0.000 broad_radius=0.000 min_nn=3.528 hits=0/213 hit_ratio=0.000 avg_depth=0.000 pair_pen=0.000 [OK] NARROW-PHASE CLEAR
  Pair (5,8): center_dist=0.000 broad_radius=0.000 min_nn=2.491 hits=1/213 hit_ratio=0.005 avg_depth=0.004 pair_pen=0.471 [!!!] ACTIVE COLLISION UNRESOLVED
  Pair (5,9): center_dist=0.000 broad_radius=0.000 min_nn=4.781 hits=0/213 hit_ratio=0.000 avg_depth=0.000 pair_pen=0.000 [OK] NARROW-PHASE CLEAR
  Pair (5,10): center_dist=0.000 broad_radius=0.000 min_nn=1.477 hits=2/213 hit_ratio=0.017 avg_depth=0.268 pair_pen=2.059 [!!!] ACTIVE COLLISION UNRESOLVED
  Pair (6,7): center_dist=0.000 broad_radius=0.000 min_nn=0.453 hits=78/275 hit_ratio=0.357 avg_depth=0.278 pair_pen=95.140 [!!!] ACTIVE COLLISION UNRESOLVED
  Pair (6,8): center_dist=0.000 broad_radius=0.000 min_nn=0.867 hits=28/275 hit_ratio=0.131 avg_depth=0.281 pair_pen=41.830 [!!!] ACTIVE COLLISION UNRESOLVED
  Pair (6,9): center_dist=0.000 broad_radius=0.000 min_nn=0.574 hits=48/275 hit_ratio=0.333 avg_depth=0.321 pair_pen=97.116 [!!!] ACTIVE COLLISION UNRESOLVED
  Pair (6,10): center_dist=0.000 broad_radius=0.000 min_nn=0.531 hits=70/120 hit_ratio=0.583 avg_depth=0.324 pair_pen=154.234 [!!!] ACTIVE COLLISION UNRESOLVED
  Pair (7,8): center_dist=0.000 broad_radius=0.000 min_nn=0.746 hits=94/206 hit_ratio=0.456 avg_depth=0.290 pair_pen=120.452 [!!!] ACTIVE COLLISION UNRESOLVED
  Pair (7,9): center_dist=0.000 broad_radius=0.000 min_nn=0.498 hits=29/210 hit_ratio=0.214 avg_depth=0.324 pair_pen=63.466 [!!!] ACTIVE COLLISION UNRESOLVED
  Pair (7,10): center_dist=0.000 broad_radius=0.000 min_nn=0.745 hits=48/120 hit_ratio=0.400 avg_depth=0.284 pair_pen=94.586 [!!!] ACTIVE COLLISION UNRESOLVED
  Pair (8,9): center_dist=0.000 broad_radius=0.000 min_nn=0.782 hits=3/126 hit_ratio=0.024 avg_depth=0.440 pair_pen=4.341 [!!!] ACTIVE COLLISION UNRESOLVED
  Pair (8,10): center_dist=0.000 broad_radius=0.000 min_nn=0.717 hits=28/120 hit_ratio=0.233 avg_depth=0.244 pair_pen=48.687 [!!!] ACTIVE COLLISION UNRESOLVED
  Pair (9,10): center_dist=0.000 broad_radius=0.000 min_nn=0.612 hits=36/120 hit_ratio=0.300 avg_depth=0.291 pair_pen=74.454 [!!!] ACTIVE COLLISION UNRESOLVED


--- COLLISION CLOUD SUMMARY ---
  Params: voxel=5 edge_exclusion=2 epsilon=2.5 max_points=300
  Sherd 1: in=16002 out=9322 filtered=2063 candidate=23261 voxel=581 final=581 radius=86.469
  Sherd 2: in=10351 out=8187 filtered=1243 candidate=17295 voxel=446 final=446 radius=60.728
  Sherd 3: in=7968 out=3686 filtered=1173 candidate=10481 voxel=248 final=248 radius=47.340
  Sherd 4: in=6710 out=6149 filtered=1076 candidate=11783 voxel=300 final=300 radius=42.130
  Sherd 5: in=5529 out=6026 filtered=1207 candidate=10348 voxel=248 final=248 radius=63.411
  Sherd 6: in=4587 out=4839 filtered=1205 candidate=8221 voxel=195 final=195 radius=55.187
  Sherd 7: in=5265 out=5815 filtered=985 candidate=10095 voxel=238 final=238 radius=44.886
  Sherd 8: in=4346 out=4615 filtered=824 candidate=8137 voxel=211 final=211 radius=33.571
  Sherd 9: in=4020 out=4452 filtered=805 candidate=7667 voxel=194 final=194 radius=33.218
  Sherd 10: in=3036 out=2371 filtered=904 candidate=4503 voxel=136 final=136 radius=31.998
  Sherd 11: in=2175 out=2364 filtered=629 candidate=3910 voxel=110 final=110 radius=25.092
  Valid sherds=11 empty_clouds=0


--- GENERATION 0 BEST BREAKDOWN ---
  Total Fitness: -572701.23
  Inlier Reward: 1216.38
  Cycle Penalty: 10067.09
  Overlap Penalty: 1480.88
  Edge Residual Penalty: 561904.03
  Edge Rot Residual Penalty: 575.61
  Connectivity Reward: 110.00
  Component Penalty: 0.00
  Largest Component: 11
  Num Components: 1
  Active Pairs: 43
  OverlapDiag Sum (indexed): 1514.6631 (delta_vs_fitness=33.7804)
  OverlapDiag Pairs: total=55 same_comp=55 broad_reject=0 narrow_checked=55 active=34
  OverlapDiag Top Active Pairs:
    Pair (7,9) pen=128.9161 hits=67/136 hit_ratio=0.4926 avg_depth=0.3092 min_nn=0.3987
    Pair (1,3) pen=126.7457 hits=126/300 hit_ratio=0.4200 avg_depth=0.3055 min_nn=0.5387
    Pair (2,4) pen=118.8308 hits=82/248 hit_ratio=0.3306 avg_depth=0.3432 min_nn=0.5420
    Pair (1,6) pen=99.1363 hits=82/446 hit_ratio=0.3319 avg_depth=0.2951 min_nn=0.3908
    Pair (4,6) pen=90.7241 hits=65/248 hit_ratio=0.2621 avg_depth=0.3181 min_nn=0.3018

  --- ACTIVE GENE MAP ---
    Gene  0 (Pair  2- 1): choice=3 (inl=34)
    Gene  1 (Pair  3- 1): choice=9 (inl=77)
    Gene  2 (Pair  4- 1): choice=5 (inl=65)
    Gene  3 (Pair  5- 1): choice=4 (inl=76)
    Gene  4 (Pair  7- 1): choice=2 (inl=59)
    Gene  5 (Pair  8- 1): choice=3 (inl=40)
    Gene  6 (Pair  9- 1): choice=2 (inl=40)
    Gene  7 (Pair 10- 1): choice=2 (inl=44)
    Gene  9 (Pair  3- 2): choice=5 (inl=50)
    Gene 10 (Pair  4- 2): choice=1 (inl=26)
    Gene 11 (Pair  5- 2): choice=1 (inl=40)
    Gene 12 (Pair  7- 2): choice=1 (inl=34)
    Gene 13 (Pair  8- 2): choice=4 (inl=36)
    Gene 14 (Pair  9- 2): choice=3 (inl=34)
    Gene 15 (Pair 10- 2): choice=4 (inl=36)
    Gene 16 (Pair 11- 2): choice=3 (inl=20)
    Gene 17 (Pair  4- 3): choice=3 (inl=54)
    Gene 18 (Pair  5- 3): choice=3 (inl=40)
    Gene 19 (Pair  7- 3): choice=3 (inl=88)
    Gene 20 (Pair  8- 3): choice=9 (inl=44)
    Gene 21 (Pair  9- 3): choice=11 (inl=49)
    Gene 22 (Pair 10- 3): choice=6 (inl=10)
    Gene 23 (Pair 11- 3): choice=5 (inl=43)
    Gene 24 (Pair  5- 4): choice=1 (inl=62)
    Gene 25 (Pair  7- 4): choice=1 (inl=38)
    Gene 26 (Pair  8- 4): choice=1 (inl=42)
    Gene 28 (Pair 10- 4): choice=3 (inl=49)
    Gene 29 (Pair 11- 4): choice=1 (inl=16)
    Gene 30 (Pair  6- 5): choice=5 (inl=42)
    Gene 31 (Pair  7- 5): choice=3 (inl=51)
    Gene 32 (Pair  8- 5): choice=2 (inl=28)
    Gene 33 (Pair  9- 5): choice=1 (inl=36)
    Gene 34 (Pair 10- 5): choice=4 (inl=49)
    Gene 35 (Pair  9- 6): choice=2 (inl=8)
    Gene 36 (Pair  8- 7): choice=4 (inl=38)
    Gene 38 (Pair 10- 7): choice=1 (inl=49)
    Gene 39 (Pair 11- 7): choice=2 (inl=26)
    Gene 40 (Pair  9- 8): choice=11 (inl=48)
    Gene 41 (Pair 10- 8): choice=3 (inl=44)
    Gene 42 (Pair 11- 8): choice=4 (inl=36)
    Gene 43 (Pair 10- 9): choice=3 (inl=56)
    Gene 44 (Pair 11- 9): choice=1 (inl=0)
    Gene 45 (Pair 11-10): choice=2 (inl=48)

  --- SHARD 4 CANDIDATE ANALYSIS ---
    Pair (4-1): Selected=5 / 6 choices
      Choice 1: inliners=50
      Choice 2: inliners=57
      Choice 3: inliners=40
      Choice 4: inliners=53
      Choice 5: inliners=65 [SELECTED]
      Choice 6: inliners=53
    Pair (4-2): Selected=1 / 3 choices
      Choice 1: inliners=26 [SELECTED]
      Choice 2: inliners=22
      Choice 3: inliners=55
    Pair (4-3): Selected=3 / 4 choices
      Choice 1: inliners=50
      Choice 2: inliners=38
      Choice 3: inliners=54 [SELECTED]
      Choice 4: inliners=28
    Pair (5-4): Selected=1 / 2 choices
      Choice 1: inliners=62 [SELECTED]
      Choice 2: inliners=77
    Pair (7-4): Selected=1 / 1 choices
      Choice 1: inliners=38 [SELECTED]
    Pair (8-4): Selected=1 / 4 choices
      Choice 1: inliners=42 [SELECTED]
      Choice 2: inliners=10
      Choice 3: inliners=28
      Choice 4: inliners=36
    Pair (9-4): Selected=0 / 7 choices
      Choice 1: inliners=24
      Choice 2: inliners=20
      Choice 3: inliners=45
      Choice 4: inliners=26
      Choice 5: inliners=34
      Choice 6: inliners=0
      Choice 7: inliners=24
    Pair (10-4): Selected=3 / 3 choices
      Choice 1: inliners=0
      Choice 2: inliners=22
      Choice 3: inliners=49 [SELECTED]
    Pair (11-4): Selected=1 / 3 choices
      Choice 1: inliners=16 [SELECTED]
      Choice 2: inliners=28
      Choice 3: inliners=0


--- GENERATION 10 BEST BREAKDOWN ---
  Total Fitness: -183818.21
  Inlier Reward: 1257.32
  Cycle Penalty: 6508.97
  Overlap Penalty: 1787.65
  Edge Residual Penalty: 176335.89
  Edge Rot Residual Penalty: 553.02
  Connectivity Reward: 110.00
  Component Penalty: 0.00
  Largest Component: 11
  Num Components: 1
  Active Pairs: 42
  OverlapDiag Sum (indexed): 1828.6585 (delta_vs_fitness=41.0073)
  OverlapDiag Pairs: total=55 same_comp=55 broad_reject=0 narrow_checked=55 active=40
  OverlapDiag Top Active Pairs:
    Pair (0,5) pen=244.1584 hits=70/195 hit_ratio=0.3590 avg_depth=0.6089 min_nn=0.0971
    Pair (2,4) pen=118.8308 hits=82/248 hit_ratio=0.3306 avg_depth=0.3432 min_nn=0.5420
    Pair (1,3) pen=114.2120 hits=135/300 hit_ratio=0.4500 avg_depth=0.2698 min_nn=0.2009
    Pair (8,9) pen=110.7728 hits=51/136 hit_ratio=0.3750 avg_depth=0.3330 min_nn=0.4978
    Pair (4,7) pen=98.3131 hits=69/211 hit_ratio=0.3270 avg_depth=0.3038 min_nn=0.8004

  --- ACTIVE GENE MAP ---
    Gene  0 (Pair  2- 1): choice=4 (inl=44)
    Gene  1 (Pair  3- 1): choice=9 (inl=77)
    Gene  2 (Pair  4- 1): choice=5 (inl=65)
    Gene  3 (Pair  5- 1): choice=4 (inl=76)
    Gene  4 (Pair  7- 1): choice=2 (inl=59)
    Gene  5 (Pair  8- 1): choice=5 (inl=47)
    Gene  6 (Pair  9- 1): choice=8 (inl=34)
    Gene  7 (Pair 10- 1): choice=2 (inl=44)
    Gene  9 (Pair  3- 2): choice=5 (inl=50)
    Gene 10 (Pair  4- 2): choice=1 (inl=26)
    Gene 11 (Pair  5- 2): choice=1 (inl=40)
    Gene 12 (Pair  7- 2): choice=2 (inl=46)
    Gene 13 (Pair  8- 2): choice=4 (inl=36)
    Gene 14 (Pair  9- 2): choice=4 (inl=20)
    Gene 15 (Pair 10- 2): choice=3 (inl=36)
    Gene 16 (Pair 11- 2): choice=2 (inl=28)
    Gene 17 (Pair  4- 3): choice=2 (inl=38)
    Gene 18 (Pair  5- 3): choice=7 (inl=64)
    Gene 19 (Pair  7- 3): choice=1 (inl=58)
    Gene 20 (Pair  8- 3): choice=4 (inl=47)
    Gene 21 (Pair  9- 3): choice=12 (inl=28)
    Gene 23 (Pair 11- 3): choice=5 (inl=43)
    Gene 24 (Pair  5- 4): choice=2 (inl=77)
    Gene 26 (Pair  8- 4): choice=3 (inl=28)
    Gene 27 (Pair  9- 4): choice=1 (inl=24)
    Gene 28 (Pair 10- 4): choice=3 (inl=49)
    Gene 29 (Pair 11- 4): choice=2 (inl=28)
    Gene 30 (Pair  6- 5): choice=6 (inl=86)
    Gene 31 (Pair  7- 5): choice=3 (inl=51)
    Gene 32 (Pair  8- 5): choice=1 (inl=47)
    Gene 33 (Pair  9- 5): choice=1 (inl=36)
    Gene 34 (Pair 10- 5): choice=4 (inl=49)
    Gene 36 (Pair  8- 7): choice=1 (inl=26)
    Gene 37 (Pair  9- 7): choice=3 (inl=26)
    Gene 38 (Pair 10- 7): choice=1 (inl=49)
    Gene 39 (Pair 11- 7): choice=2 (inl=26)
    Gene 40 (Pair  9- 8): choice=11 (inl=48)
    Gene 41 (Pair 10- 8): choice=3 (inl=44)
    Gene 42 (Pair 11- 8): choice=5 (inl=6)
    Gene 43 (Pair 10- 9): choice=3 (inl=56)
    Gene 44 (Pair 11- 9): choice=2 (inl=34)
    Gene 45 (Pair 11-10): choice=2 (inl=48)

  --- SHARD 4 CANDIDATE ANALYSIS ---
    Pair (4-1): Selected=5 / 6 choices
      Choice 1: inliners=50
      Choice 2: inliners=57
      Choice 3: inliners=40
      Choice 4: inliners=53
      Choice 5: inliners=65 [SELECTED]
      Choice 6: inliners=53
    Pair (4-2): Selected=1 / 3 choices
      Choice 1: inliners=26 [SELECTED]
      Choice 2: inliners=22
      Choice 3: inliners=55
    Pair (4-3): Selected=2 / 4 choices
      Choice 1: inliners=50
      Choice 2: inliners=38 [SELECTED]
      Choice 3: inliners=54
      Choice 4: inliners=28
    Pair (5-4): Selected=2 / 2 choices
      Choice 1: inliners=62
      Choice 2: inliners=77 [SELECTED]
    Pair (7-4): Selected=0 / 1 choices
      Choice 1: inliners=38
    Pair (8-4): Selected=3 / 4 choices
      Choice 1: inliners=42
      Choice 2: inliners=10
      Choice 3: inliners=28 [SELECTED]
      Choice 4: inliners=36
    Pair (9-4): Selected=1 / 7 choices
      Choice 1: inliners=24 [SELECTED]
      Choice 2: inliners=20
      Choice 3: inliners=45
      Choice 4: inliners=26
      Choice 5: inliners=34
      Choice 6: inliners=0
      Choice 7: inliners=24
    Pair (10-4): Selected=3 / 3 choices
      Choice 1: inliners=0
      Choice 2: inliners=22
      Choice 3: inliners=49 [SELECTED]
    Pair (11-4): Selected=2 / 3 choices
      Choice 1: inliners=16
      Choice 2: inliners=28 [SELECTED]
      Choice 3: inliners=0


--- GENERATION 20 BEST BREAKDOWN ---
  Total Fitness: -155330.56
  Inlier Reward: 1119.30
  Cycle Penalty: 5148.13
  Overlap Penalty: 1426.61
  Edge Residual Penalty: 149532.61
  Edge Rot Residual Penalty: 452.51
  Connectivity Reward: 110.00
  Component Penalty: 0.00
  Largest Component: 11
  Num Components: 1
  Active Pairs: 38
  OverlapDiag Sum (indexed): 1490.5214 (delta_vs_fitness=63.9092)
  OverlapDiag Pairs: total=55 same_comp=55 broad_reject=0 narrow_checked=55 active=37
  OverlapDiag Top Active Pairs:
    Pair (0,5) pen=244.1584 hits=70/195 hit_ratio=0.3590 avg_depth=0.6089 min_nn=0.0971
    Pair (3,4) pen=146.0967 hits=99/300 hit_ratio=0.3831 avg_depth=0.3683 min_nn=0.2874
    Pair (2,4) pen=118.8308 hits=82/248 hit_ratio=0.3306 avg_depth=0.3432 min_nn=0.5420
    Pair (8,9) pen=110.7728 hits=51/136 hit_ratio=0.3750 avg_depth=0.3330 min_nn=0.4978
    Pair (2,7) pen=96.4057 hits=87/248 hit_ratio=0.4123 avg_depth=0.2571 min_nn=0.7902

  --- ACTIVE GENE MAP ---
    Gene  0 (Pair  2- 1): choice=2 (inl=67)
    Gene  1 (Pair  3- 1): choice=9 (inl=77)
    Gene  2 (Pair  4- 1): choice=6 (inl=53)
    Gene  3 (Pair  5- 1): choice=4 (inl=76)
    Gene  5 (Pair  8- 1): choice=7 (inl=36)
    Gene  6 (Pair  9- 1): choice=8 (inl=34)
    Gene  7 (Pair 10- 1): choice=2 (inl=44)
    Gene  9 (Pair  3- 2): choice=3 (inl=26)
    Gene 10 (Pair  4- 2): choice=1 (inl=26)
    Gene 11 (Pair  5- 2): choice=1 (inl=40)
    Gene 13 (Pair  8- 2): choice=4 (inl=36)
    Gene 14 (Pair  9- 2): choice=4 (inl=20)
    Gene 15 (Pair 10- 2): choice=2 (inl=28)
    Gene 17 (Pair  4- 3): choice=2 (inl=38)
    Gene 19 (Pair  7- 3): choice=1 (inl=58)
    Gene 20 (Pair  8- 3): choice=4 (inl=47)
    Gene 21 (Pair  9- 3): choice=12 (inl=28)
    Gene 23 (Pair 11- 3): choice=5 (inl=43)
    Gene 24 (Pair  5- 4): choice=2 (inl=77)
    Gene 26 (Pair  8- 4): choice=4 (inl=36)
    Gene 27 (Pair  9- 4): choice=2 (inl=20)
    Gene 28 (Pair 10- 4): choice=3 (inl=49)
    Gene 29 (Pair 11- 4): choice=2 (inl=28)
    Gene 30 (Pair  6- 5): choice=6 (inl=86)
    Gene 31 (Pair  7- 5): choice=3 (inl=51)
    Gene 32 (Pair  8- 5): choice=3 (inl=26)
    Gene 33 (Pair  9- 5): choice=3 (inl=60)
    Gene 34 (Pair 10- 5): choice=4 (inl=49)
    Gene 36 (Pair  8- 7): choice=1 (inl=26)
    Gene 37 (Pair  9- 7): choice=2 (inl=34)
    Gene 38 (Pair 10- 7): choice=1 (inl=49)
    Gene 39 (Pair 11- 7): choice=2 (inl=26)
    Gene 40 (Pair  9- 8): choice=11 (inl=48)
    Gene 41 (Pair 10- 8): choice=3 (inl=44)
    Gene 42 (Pair 11- 8): choice=5 (inl=6)
    Gene 43 (Pair 10- 9): choice=3 (inl=56)
    Gene 44 (Pair 11- 9): choice=2 (inl=34)
    Gene 45 (Pair 11-10): choice=2 (inl=48)

  --- SHARD 4 CANDIDATE ANALYSIS ---
    Pair (4-1): Selected=6 / 6 choices
      Choice 1: inliners=50
      Choice 2: inliners=57
      Choice 3: inliners=40
      Choice 4: inliners=53
      Choice 5: inliners=65
      Choice 6: inliners=53 [SELECTED]
    Pair (4-2): Selected=1 / 3 choices
      Choice 1: inliners=26 [SELECTED]
      Choice 2: inliners=22
      Choice 3: inliners=55
    Pair (4-3): Selected=2 / 4 choices
      Choice 1: inliners=50
      Choice 2: inliners=38 [SELECTED]
      Choice 3: inliners=54
      Choice 4: inliners=28
    Pair (5-4): Selected=2 / 2 choices
      Choice 1: inliners=62
      Choice 2: inliners=77 [SELECTED]
    Pair (7-4): Selected=0 / 1 choices
      Choice 1: inliners=38
    Pair (8-4): Selected=4 / 4 choices
      Choice 1: inliners=42
      Choice 2: inliners=10
      Choice 3: inliners=28
      Choice 4: inliners=36 [SELECTED]
    Pair (9-4): Selected=2 / 7 choices
      Choice 1: inliners=24
      Choice 2: inliners=20 [SELECTED]
      Choice 3: inliners=45
      Choice 4: inliners=26
      Choice 5: inliners=34
      Choice 6: inliners=0
      Choice 7: inliners=24
    Pair (10-4): Selected=3 / 3 choices
      Choice 1: inliners=0
      Choice 2: inliners=22
      Choice 3: inliners=49 [SELECTED]
    Pair (11-4): Selected=2 / 3 choices
      Choice 1: inliners=16
      Choice 2: inliners=28 [SELECTED]
      Choice 3: inliners=0


--- GENERATION 30 BEST BREAKDOWN ---
  Total Fitness: -150837.55
  Inlier Reward: 1112.28
  Cycle Penalty: 4896.57
  Overlap Penalty: 1301.29
  Edge Residual Penalty: 145411.49
  Edge Rot Residual Penalty: 450.46
  Connectivity Reward: 110.00
  Component Penalty: 0.00
  Largest Component: 11
  Num Components: 1
  Active Pairs: 37
  OverlapDiag Sum (indexed): 1349.6045 (delta_vs_fitness=48.3121)
  OverlapDiag Pairs: total=55 same_comp=55 broad_reject=0 narrow_checked=55 active=35
  OverlapDiag Top Active Pairs:
    Pair (0,5) pen=244.1584 hits=70/195 hit_ratio=0.3590 avg_depth=0.6089 min_nn=0.0971
    Pair (3,4) pen=146.0967 hits=99/300 hit_ratio=0.3831 avg_depth=0.3683 min_nn=0.2874
    Pair (2,4) pen=118.8308 hits=82/248 hit_ratio=0.3306 avg_depth=0.3432 min_nn=0.5420
    Pair (2,7) pen=96.4057 hits=87/248 hit_ratio=0.4123 avg_depth=0.2571 min_nn=0.7902
    Pair (5,10) pen=67.3158 hits=41/110 hit_ratio=0.3727 avg_depth=0.2263 min_nn=0.1739

  --- ACTIVE GENE MAP ---
    Gene  0 (Pair  2- 1): choice=2 (inl=67)
    Gene  1 (Pair  3- 1): choice=9 (inl=77)
    Gene  2 (Pair  4- 1): choice=6 (inl=53)
    Gene  3 (Pair  5- 1): choice=4 (inl=76)
    Gene  5 (Pair  8- 1): choice=7 (inl=36)
    Gene  6 (Pair  9- 1): choice=8 (inl=34)
    Gene  9 (Pair  3- 2): choice=3 (inl=26)
    Gene 10 (Pair  4- 2): choice=1 (inl=26)
    Gene 11 (Pair  5- 2): choice=1 (inl=40)
    Gene 13 (Pair  8- 2): choice=4 (inl=36)
    Gene 14 (Pair  9- 2): choice=7 (inl=38)
    Gene 15 (Pair 10- 2): choice=4 (inl=36)
    Gene 17 (Pair  4- 3): choice=2 (inl=38)
    Gene 19 (Pair  7- 3): choice=1 (inl=58)
    Gene 20 (Pair  8- 3): choice=4 (inl=47)
    Gene 21 (Pair  9- 3): choice=12 (inl=28)
    Gene 23 (Pair 11- 3): choice=5 (inl=43)
    Gene 24 (Pair  5- 4): choice=2 (inl=77)
    Gene 26 (Pair  8- 4): choice=4 (inl=36)
    Gene 27 (Pair  9- 4): choice=2 (inl=20)
    Gene 28 (Pair 10- 4): choice=3 (inl=49)
    Gene 29 (Pair 11- 4): choice=2 (inl=28)
    Gene 30 (Pair  6- 5): choice=6 (inl=86)
    Gene 31 (Pair  7- 5): choice=3 (inl=51)
    Gene 32 (Pair  8- 5): choice=3 (inl=26)
    Gene 33 (Pair  9- 5): choice=3 (inl=60)
    Gene 34 (Pair 10- 5): choice=4 (inl=49)
    Gene 36 (Pair  8- 7): choice=1 (inl=26)
    Gene 37 (Pair  9- 7): choice=2 (inl=34)
    Gene 38 (Pair 10- 7): choice=1 (inl=49)
    Gene 39 (Pair 11- 7): choice=2 (inl=26)
    Gene 40 (Pair  9- 8): choice=11 (inl=48)
    Gene 41 (Pair 10- 8): choice=3 (inl=44)
    Gene 42 (Pair 11- 8): choice=5 (inl=6)
    Gene 43 (Pair 10- 9): choice=3 (inl=56)
    Gene 44 (Pair 11- 9): choice=2 (inl=34)
    Gene 45 (Pair 11-10): choice=2 (inl=48)

  --- SHARD 4 CANDIDATE ANALYSIS ---
    Pair (4-1): Selected=6 / 6 choices
      Choice 1: inliners=50
      Choice 2: inliners=57
      Choice 3: inliners=40
      Choice 4: inliners=53
      Choice 5: inliners=65
      Choice 6: inliners=53 [SELECTED]
    Pair (4-2): Selected=1 / 3 choices
      Choice 1: inliners=26 [SELECTED]
      Choice 2: inliners=22
      Choice 3: inliners=55
    Pair (4-3): Selected=2 / 4 choices
      Choice 1: inliners=50
      Choice 2: inliners=38 [SELECTED]
      Choice 3: inliners=54
      Choice 4: inliners=28
    Pair (5-4): Selected=2 / 2 choices
      Choice 1: inliners=62
      Choice 2: inliners=77 [SELECTED]
    Pair (7-4): Selected=0 / 1 choices
      Choice 1: inliners=38
    Pair (8-4): Selected=4 / 4 choices
      Choice 1: inliners=42
      Choice 2: inliners=10
      Choice 3: inliners=28
      Choice 4: inliners=36 [SELECTED]
    Pair (9-4): Selected=2 / 7 choices
      Choice 1: inliners=24
      Choice 2: inliners=20 [SELECTED]
      Choice 3: inliners=45
      Choice 4: inliners=26
      Choice 5: inliners=34
      Choice 6: inliners=0
      Choice 7: inliners=24
    Pair (10-4): Selected=3 / 3 choices
      Choice 1: inliners=0
      Choice 2: inliners=22
      Choice 3: inliners=49 [SELECTED]
    Pair (11-4): Selected=2 / 3 choices
      Choice 1: inliners=16
      Choice 2: inliners=28 [SELECTED]
      Choice 3: inliners=0


--- GENERATION 40 BEST BREAKDOWN ---
  Total Fitness: -146148.05
  Inlier Reward: 1119.29
  Cycle Penalty: 4596.43
  Overlap Penalty: 1418.44
  Edge Residual Penalty: 140927.13
  Edge Rot Residual Penalty: 435.33
  Connectivity Reward: 110.00
  Component Penalty: 0.00
  Largest Component: 11
  Num Components: 1
  Active Pairs: 37
  OverlapDiag Sum (indexed): 1466.9966 (delta_vs_fitness=48.5564)
  OverlapDiag Pairs: total=55 same_comp=55 broad_reject=0 narrow_checked=55 active=39
  OverlapDiag Top Active Pairs:
    Pair (0,5) pen=244.1584 hits=70/195 hit_ratio=0.3590 avg_depth=0.6089 min_nn=0.0971
    Pair (3,4) pen=146.0967 hits=99/300 hit_ratio=0.3831 avg_depth=0.3683 min_nn=0.2874
    Pair (2,4) pen=118.8308 hits=82/248 hit_ratio=0.3306 avg_depth=0.3432 min_nn=0.5420
    Pair (8,9) pen=110.7728 hits=51/136 hit_ratio=0.3750 avg_depth=0.3330 min_nn=0.4978
    Pair (4,7) pen=98.3131 hits=69/211 hit_ratio=0.3270 avg_depth=0.3038 min_nn=0.8004

  --- ACTIVE GENE MAP ---
    Gene  0 (Pair  2- 1): choice=2 (inl=67)
    Gene  1 (Pair  3- 1): choice=9 (inl=77)
    Gene  2 (Pair  4- 1): choice=6 (inl=53)
    Gene  3 (Pair  5- 1): choice=4 (inl=76)
    Gene  5 (Pair  8- 1): choice=5 (inl=47)
    Gene  6 (Pair  9- 1): choice=8 (inl=34)
    Gene  7 (Pair 10- 1): choice=2 (inl=44)
    Gene  9 (Pair  3- 2): choice=3 (inl=26)
    Gene 10 (Pair  4- 2): choice=1 (inl=26)
    Gene 11 (Pair  5- 2): choice=1 (inl=40)
    Gene 13 (Pair  8- 2): choice=4 (inl=36)
    Gene 14 (Pair  9- 2): choice=7 (inl=38)
    Gene 15 (Pair 10- 2): choice=4 (inl=36)
    Gene 17 (Pair  4- 3): choice=2 (inl=38)
    Gene 19 (Pair  7- 3): choice=1 (inl=58)
    Gene 20 (Pair  8- 3): choice=4 (inl=47)
    Gene 21 (Pair  9- 3): choice=12 (inl=28)
    Gene 23 (Pair 11- 3): choice=5 (inl=43)
    Gene 24 (Pair  5- 4): choice=2 (inl=77)
    Gene 27 (Pair  9- 4): choice=2 (inl=20)
    Gene 28 (Pair 10- 4): choice=3 (inl=49)
    Gene 29 (Pair 11- 4): choice=2 (inl=28)
    Gene 30 (Pair  6- 5): choice=6 (inl=86)
    Gene 31 (Pair  7- 5): choice=3 (inl=51)
    Gene 32 (Pair  8- 5): choice=3 (inl=26)
    Gene 33 (Pair  9- 5): choice=3 (inl=60)
    Gene 34 (Pair 10- 5): choice=4 (inl=49)
    Gene 36 (Pair  8- 7): choice=1 (inl=26)
    Gene 37 (Pair  9- 7): choice=2 (inl=34)
    Gene 38 (Pair 10- 7): choice=1 (inl=49)
    Gene 39 (Pair 11- 7): choice=2 (inl=26)
    Gene 40 (Pair  9- 8): choice=11 (inl=48)
    Gene 41 (Pair 10- 8): choice=3 (inl=44)
    Gene 42 (Pair 11- 8): choice=5 (inl=6)
    Gene 43 (Pair 10- 9): choice=3 (inl=56)
    Gene 44 (Pair 11- 9): choice=2 (inl=34)
    Gene 45 (Pair 11-10): choice=2 (inl=48)

  --- SHARD 4 CANDIDATE ANALYSIS ---
    Pair (4-1): Selected=6 / 6 choices
      Choice 1: inliners=50
      Choice 2: inliners=57
      Choice 3: inliners=40
      Choice 4: inliners=53
      Choice 5: inliners=65
      Choice 6: inliners=53 [SELECTED]
    Pair (4-2): Selected=1 / 3 choices
      Choice 1: inliners=26 [SELECTED]
      Choice 2: inliners=22
      Choice 3: inliners=55
    Pair (4-3): Selected=2 / 4 choices
      Choice 1: inliners=50
      Choice 2: inliners=38 [SELECTED]
      Choice 3: inliners=54
      Choice 4: inliners=28
    Pair (5-4): Selected=2 / 2 choices
      Choice 1: inliners=62
      Choice 2: inliners=77 [SELECTED]
    Pair (7-4): Selected=0 / 1 choices
      Choice 1: inliners=38
    Pair (8-4): Selected=0 / 4 choices
      Choice 1: inliners=42
      Choice 2: inliners=10
      Choice 3: inliners=28
      Choice 4: inliners=36
    Pair (9-4): Selected=2 / 7 choices
      Choice 1: inliners=24
      Choice 2: inliners=20 [SELECTED]
      Choice 3: inliners=45
      Choice 4: inliners=26
      Choice 5: inliners=34
      Choice 6: inliners=0
      Choice 7: inliners=24
    Pair (10-4): Selected=3 / 3 choices
      Choice 1: inliners=0
      Choice 2: inliners=22
      Choice 3: inliners=49 [SELECTED]
    Pair (11-4): Selected=2 / 3 choices
      Choice 1: inliners=16
      Choice 2: inliners=28 [SELECTED]
      Choice 3: inliners=0


--- GENERATION 50 BEST BREAKDOWN ---
  Total Fitness: -137916.60
  Inlier Reward: 1090.99
  Cycle Penalty: 4882.52
  Overlap Penalty: 1516.04
  Edge Residual Penalty: 132272.10
  Edge Rot Residual Penalty: 446.94
  Connectivity Reward: 110.00
  Component Penalty: 0.00
  Largest Component: 11
  Num Components: 1
  Active Pairs: 37
  OverlapDiag Sum (indexed): 1568.6644 (delta_vs_fitness=52.6228)
  OverlapDiag Pairs: total=55 same_comp=55 broad_reject=0 narrow_checked=55 active=37
  OverlapDiag Top Active Pairs:
    Pair (0,5) pen=244.1584 hits=70/195 hit_ratio=0.3590 avg_depth=0.6089 min_nn=0.0971
    Pair (6,7) pen=166.5431 hits=127/211 hit_ratio=0.6019 avg_depth=0.3156 min_nn=0.4333
    Pair (3,4) pen=146.0967 hits=99/300 hit_ratio=0.3831 avg_depth=0.3683 min_nn=0.2874
    Pair (2,4) pen=118.8308 hits=82/248 hit_ratio=0.3306 avg_depth=0.3432 min_nn=0.5420
    Pair (3,7) pen=77.5345 hits=56/211 hit_ratio=0.2654 avg_depth=0.2860 min_nn=0.4437

  --- ACTIVE GENE MAP ---
    Gene  0 (Pair  2- 1): choice=2 (inl=67)
    Gene  1 (Pair  3- 1): choice=9 (inl=77)
    Gene  2 (Pair  4- 1): choice=6 (inl=53)
    Gene  3 (Pair  5- 1): choice=4 (inl=76)
    Gene  5 (Pair  8- 1): choice=6 (inl=44)
    Gene  6 (Pair  9- 1): choice=8 (inl=34)
    Gene  9 (Pair  3- 2): choice=3 (inl=26)
    Gene 10 (Pair  4- 2): choice=1 (inl=26)
    Gene 11 (Pair  5- 2): choice=1 (inl=40)
    Gene 13 (Pair  8- 2): choice=4 (inl=36)
    Gene 14 (Pair  9- 2): choice=7 (inl=38)
    Gene 15 (Pair 10- 2): choice=4 (inl=36)
    Gene 17 (Pair  4- 3): choice=2 (inl=38)
    Gene 19 (Pair  7- 3): choice=1 (inl=58)
    Gene 20 (Pair  8- 3): choice=4 (inl=47)
    Gene 21 (Pair  9- 3): choice=12 (inl=28)
    Gene 23 (Pair 11- 3): choice=5 (inl=43)
    Gene 24 (Pair  5- 4): choice=2 (inl=77)
    Gene 26 (Pair  8- 4): choice=4 (inl=36)
    Gene 27 (Pair  9- 4): choice=2 (inl=20)
    Gene 28 (Pair 10- 4): choice=3 (inl=49)
    Gene 29 (Pair 11- 4): choice=2 (inl=28)
    Gene 30 (Pair  6- 5): choice=6 (inl=86)
    Gene 31 (Pair  7- 5): choice=3 (inl=51)
    Gene 32 (Pair  8- 5): choice=3 (inl=26)
    Gene 33 (Pair  9- 5): choice=3 (inl=60)
    Gene 34 (Pair 10- 5): choice=4 (inl=49)
    Gene 36 (Pair  8- 7): choice=1 (inl=26)
    Gene 37 (Pair  9- 7): choice=2 (inl=34)
    Gene 38 (Pair 10- 7): choice=1 (inl=49)
    Gene 39 (Pair 11- 7): choice=2 (inl=26)
    Gene 40 (Pair  9- 8): choice=11 (inl=48)
    Gene 41 (Pair 10- 8): choice=2 (inl=6)
    Gene 42 (Pair 11- 8): choice=5 (inl=6)
    Gene 43 (Pair 10- 9): choice=3 (inl=56)
    Gene 44 (Pair 11- 9): choice=2 (inl=34)
    Gene 45 (Pair 11-10): choice=2 (inl=48)

  --- SHARD 4 CANDIDATE ANALYSIS ---
    Pair (4-1): Selected=6 / 6 choices
      Choice 1: inliners=50
      Choice 2: inliners=57
      Choice 3: inliners=40
      Choice 4: inliners=53
      Choice 5: inliners=65
      Choice 6: inliners=53 [SELECTED]
    Pair (4-2): Selected=1 / 3 choices
      Choice 1: inliners=26 [SELECTED]
      Choice 2: inliners=22
      Choice 3: inliners=55
    Pair (4-3): Selected=2 / 4 choices
      Choice 1: inliners=50
      Choice 2: inliners=38 [SELECTED]
      Choice 3: inliners=54
      Choice 4: inliners=28
    Pair (5-4): Selected=2 / 2 choices
      Choice 1: inliners=62
      Choice 2: inliners=77 [SELECTED]
    Pair (7-4): Selected=0 / 1 choices
      Choice 1: inliners=38
    Pair (8-4): Selected=4 / 4 choices
      Choice 1: inliners=42
      Choice 2: inliners=10
      Choice 3: inliners=28
      Choice 4: inliners=36 [SELECTED]
    Pair (9-4): Selected=2 / 7 choices
      Choice 1: inliners=24
      Choice 2: inliners=20 [SELECTED]
      Choice 3: inliners=45
      Choice 4: inliners=26
      Choice 5: inliners=34
      Choice 6: inliners=0
      Choice 7: inliners=24
    Pair (10-4): Selected=3 / 3 choices
      Choice 1: inliners=0
      Choice 2: inliners=22
      Choice 3: inliners=49 [SELECTED]
    Pair (11-4): Selected=2 / 3 choices
      Choice 1: inliners=16
      Choice 2: inliners=28 [SELECTED]
      Choice 3: inliners=0


--- COLLISION AUDIT [FINAL BEST] ---
  Fitness overlap penalty: 1516.0416
  Recomputed indexed overlap sum: 1568.6644 (delta=52.6228)
  Pair counts: total=55 same_comp=55 broad_reject=0 narrow_checked=55 active=37
  Pair (0,1): center_dist=0.000 broad_radius=0.000 min_nn=0.611 hits=6/446 hit_ratio=0.013 avg_depth=0.263 pair_pen=5.165 [!!!] ACTIVE COLLISION UNRESOLVED
  Pair (0,2): center_dist=0.000 broad_radius=0.000 min_nn=1.853 hits=3/581 hit_ratio=0.008 avg_depth=0.205 pair_pen=1.792 [!!!] ACTIVE COLLISION UNRESOLVED
  Pair (0,3): center_dist=0.000 broad_radius=0.000 min_nn=2.198 hits=1/581 hit_ratio=0.003 avg_depth=0.121 pair_pen=0.398 [!!!] ACTIVE COLLISION UNRESOLVED
  Pair (0,4): center_dist=0.000 broad_radius=0.000 min_nn=1.681 hits=4/581 hit_ratio=0.016 avg_depth=0.153 pair_pen=2.842 [!!!] ACTIVE COLLISION UNRESOLVED
  Pair (0,5): center_dist=0.000 broad_radius=0.000 min_nn=0.097 hits=70/195 hit_ratio=0.359 avg_depth=0.609 pair_pen=244.158 [!!!] ACTIVE COLLISION UNRESOLVED
  Pair (0,6): center_dist=0.000 broad_radius=0.000 min_nn=1.169 hits=2/581 hit_ratio=0.008 avg_depth=0.410 pair_pen=1.550 [!!!] ACTIVE COLLISION UNRESOLVED
  Pair (0,7): center_dist=0.000 broad_radius=0.000 min_nn=4.403 hits=0/581 hit_ratio=0.000 avg_depth=0.000 pair_pen=0.000 [OK] NARROW-PHASE CLEAR
  Pair (0,8): center_dist=0.000 broad_radius=0.000 min_nn=4.146 hits=0/581 hit_ratio=0.000 avg_depth=0.000 pair_pen=0.000 [OK] NARROW-PHASE CLEAR
  Pair (0,9): center_dist=0.000 broad_radius=0.000 min_nn=2.307 hits=4/136 hit_ratio=0.029 avg_depth=0.042 pair_pen=2.963 [!!!] ACTIVE COLLISION UNRESOLVED
  Pair (0,10): center_dist=0.000 broad_radius=0.000 min_nn=0.775 hits=32/110 hit_ratio=0.291 avg_depth=0.210 pair_pen=49.869 [!!!] ACTIVE COLLISION UNRESOLVED
  Pair (1,2): center_dist=0.000 broad_radius=0.000 min_nn=29.232 hits=0/446 hit_ratio=0.000 avg_depth=0.000 pair_pen=0.000 [OK] NARROW-PHASE CLEAR
  Pair (1,3): center_dist=0.000 broad_radius=0.000 min_nn=16.119 hits=0/446 hit_ratio=0.000 avg_depth=0.000 pair_pen=0.000 [OK] NARROW-PHASE CLEAR
  Pair (1,4): center_dist=0.000 broad_radius=0.000 min_nn=1.744 hits=2/446 hit_ratio=0.004 avg_depth=0.210 pair_pen=0.927 [!!!] ACTIVE COLLISION UNRESOLVED
  Pair (1,5): center_dist=0.000 broad_radius=0.000 min_nn=6.219 hits=0/446 hit_ratio=0.000 avg_depth=0.000 pair_pen=0.000 [OK] NARROW-PHASE CLEAR
  Pair (1,6): center_dist=0.000 broad_radius=0.000 min_nn=0.697 hits=6/446 hit_ratio=0.017 avg_depth=0.323 pair_pen=6.280 [!!!] ACTIVE COLLISION UNRESOLVED
  Pair (1,7): center_dist=0.000 broad_radius=0.000 min_nn=0.775 hits=10/446 hit_ratio=0.043 avg_depth=0.266 pair_pen=12.608 [!!!] ACTIVE COLLISION UNRESOLVED
  Pair (1,8): center_dist=0.000 broad_radius=0.000 min_nn=0.866 hits=13/194 hit_ratio=0.067 avg_depth=0.205 pair_pen=15.065 [!!!] ACTIVE COLLISION UNRESOLVED
  Pair (1,9): center_dist=0.000 broad_radius=0.000 min_nn=4.449 hits=0/446 hit_ratio=0.000 avg_depth=0.000 pair_pen=0.000 [OK] NARROW-PHASE CLEAR
  Pair (1,10): center_dist=0.000 broad_radius=0.000 min_nn=22.194 hits=0/446 hit_ratio=0.000 avg_depth=0.000 pair_pen=0.000 [OK] NARROW-PHASE CLEAR
  Pair (2,3): center_dist=0.000 broad_radius=0.000 min_nn=0.465 hits=32/300 hit_ratio=0.107 avg_depth=0.306 pair_pen=45.029 [!!!] ACTIVE COLLISION UNRESOLVED
  Pair (2,4): center_dist=0.000 broad_radius=0.000 min_nn=0.542 hits=82/248 hit_ratio=0.331 avg_depth=0.343 pair_pen=118.831 [!!!] ACTIVE COLLISION UNRESOLVED
  Pair (2,5): center_dist=0.000 broad_radius=0.000 min_nn=3.456 hits=0/248 hit_ratio=0.000 avg_depth=0.000 pair_pen=0.000 [OK] NARROW-PHASE CLEAR
  Pair (2,6): center_dist=0.000 broad_radius=0.000 min_nn=4.156 hits=0/248 hit_ratio=0.000 avg_depth=0.000 pair_pen=0.000 [OK] NARROW-PHASE CLEAR
  Pair (2,7): center_dist=0.000 broad_radius=0.000 min_nn=0.531 hits=6/211 hit_ratio=0.028 avg_depth=0.439 pair_pen=9.529 [!!!] ACTIVE COLLISION UNRESOLVED
  Pair (2,8): center_dist=0.000 broad_radius=0.000 min_nn=4.953 hits=0/248 hit_ratio=0.000 avg_depth=0.000 pair_pen=0.000 [OK] NARROW-PHASE CLEAR
  Pair (2,9): center_dist=0.000 broad_radius=0.000 min_nn=8.925 hits=0/248 hit_ratio=0.000 avg_depth=0.000 pair_pen=0.000 [OK] NARROW-PHASE CLEAR
  Pair (2,10): center_dist=0.000 broad_radius=0.000 min_nn=4.757 hits=0/248 hit_ratio=0.000 avg_depth=0.000 pair_pen=0.000 [OK] NARROW-PHASE CLEAR
  Pair (3,4): center_dist=0.000 broad_radius=0.000 min_nn=0.287 hits=99/300 hit_ratio=0.383 avg_depth=0.368 pair_pen=146.097 [!!!] ACTIVE COLLISION UNRESOLVED
  Pair (3,5): center_dist=0.000 broad_radius=0.000 min_nn=0.533 hits=13/195 hit_ratio=0.067 avg_depth=0.353 pair_pen=23.948 [!!!] ACTIVE COLLISION UNRESOLVED
  Pair (3,6): center_dist=0.000 broad_radius=0.000 min_nn=1.060 hits=31/300 hit_ratio=0.126 avg_depth=0.272 pair_pen=41.616 [!!!] ACTIVE COLLISION UNRESOLVED
  Pair (3,7): center_dist=0.000 broad_radius=0.000 min_nn=0.444 hits=56/211 hit_ratio=0.265 avg_depth=0.286 pair_pen=77.535 [!!!] ACTIVE COLLISION UNRESOLVED
  Pair (3,8): center_dist=0.000 broad_radius=0.000 min_nn=1.021 hits=16/300 hit_ratio=0.062 avg_depth=0.235 pair_pen=18.786 [!!!] ACTIVE COLLISION UNRESOLVED
  Pair (3,9): center_dist=0.000 broad_radius=0.000 min_nn=0.742 hits=14/300 hit_ratio=0.088 avg_depth=0.250 pair_pen=21.071 [!!!] ACTIVE COLLISION UNRESOLVED
  Pair (3,10): center_dist=0.000 broad_radius=0.000 min_nn=2.485 hits=1/300 hit_ratio=0.009 avg_depth=0.006 pair_pen=0.765 [!!!] ACTIVE COLLISION UNRESOLVED
  Pair (4,5): center_dist=0.000 broad_radius=0.000 min_nn=0.338 hits=23/195 hit_ratio=0.118 avg_depth=0.371 pair_pen=48.314 [!!!] ACTIVE COLLISION UNRESOLVED
  Pair (4,6): center_dist=0.000 broad_radius=0.000 min_nn=0.479 hits=16/248 hit_ratio=0.065 avg_depth=0.416 pair_pen=32.892 [!!!] ACTIVE COLLISION UNRESOLVED
  Pair (4,7): center_dist=0.000 broad_radius=0.000 min_nn=0.492 hits=23/248 hit_ratio=0.100 avg_depth=0.348 pair_pen=41.919 [!!!] ACTIVE COLLISION UNRESOLVED
  Pair (4,8): center_dist=0.000 broad_radius=0.000 min_nn=0.652 hits=27/248 hit_ratio=0.139 avg_depth=0.306 pair_pen=46.302 [!!!] ACTIVE COLLISION UNRESOLVED
  Pair (4,9): center_dist=0.000 broad_radius=0.000 min_nn=0.376 hits=14/248 hit_ratio=0.103 avg_depth=0.350 pair_pen=30.860 [!!!] ACTIVE COLLISION UNRESOLVED
  Pair (4,10): center_dist=0.000 broad_radius=0.000 min_nn=2.736 hits=0/248 hit_ratio=0.000 avg_depth=0.000 pair_pen=0.000 [OK] NARROW-PHASE CLEAR
  Pair (5,6): center_dist=0.000 broad_radius=0.000 min_nn=0.934 hits=2/195 hit_ratio=0.010 avg_depth=0.465 pair_pen=1.834 [!!!] ACTIVE COLLISION UNRESOLVED
  Pair (5,7): center_dist=0.000 broad_radius=0.000 min_nn=3.567 hits=0/195 hit_ratio=0.000 avg_depth=0.000 pair_pen=0.000 [OK] NARROW-PHASE CLEAR
  Pair (5,8): center_dist=0.000 broad_radius=0.000 min_nn=0.721 hits=5/194 hit_ratio=0.026 avg_depth=0.312 pair_pen=5.971 [!!!] ACTIVE COLLISION UNRESOLVED
  Pair (5,9): center_dist=0.000 broad_radius=0.000 min_nn=1.498 hits=13/195 hit_ratio=0.096 avg_depth=0.184 pair_pen=16.428 [!!!] ACTIVE COLLISION UNRESOLVED
  Pair (5,10): center_dist=0.000 broad_radius=0.000 min_nn=0.174 hits=41/110 hit_ratio=0.373 avg_depth=0.226 pair_pen=67.316 [!!!] ACTIVE COLLISION UNRESOLVED
  Pair (6,7): center_dist=0.000 broad_radius=0.000 min_nn=0.433 hits=127/211 hit_ratio=0.602 avg_depth=0.316 pair_pen=166.543 [!!!] ACTIVE COLLISION UNRESOLVED
  Pair (6,8): center_dist=0.000 broad_radius=0.000 min_nn=0.553 hits=40/238 hit_ratio=0.191 avg_depth=0.294 pair_pen=60.781 [!!!] ACTIVE COLLISION UNRESOLVED
  Pair (6,9): center_dist=0.000 broad_radius=0.000 min_nn=1.464 hits=24/136 hit_ratio=0.176 avg_depth=0.150 pair_pen=24.807 [!!!] ACTIVE COLLISION UNRESOLVED
  Pair (6,10): center_dist=0.000 broad_radius=0.000 min_nn=3.493 hits=0/238 hit_ratio=0.000 avg_depth=0.000 pair_pen=0.000 [OK] NARROW-PHASE CLEAR
  Pair (7,8): center_dist=0.000 broad_radius=0.000 min_nn=0.556 hits=41/194 hit_ratio=0.211 avg_depth=0.292 pair_pen=64.079 [!!!] ACTIVE COLLISION UNRESOLVED
  Pair (7,9): center_dist=0.000 broad_radius=0.000 min_nn=0.465 hits=36/136 hit_ratio=0.265 avg_depth=0.279 pair_pen=65.961 [!!!] ACTIVE COLLISION UNRESOLVED
  Pair (7,10): center_dist=0.000 broad_radius=0.000 min_nn=4.203 hits=0/211 hit_ratio=0.000 avg_depth=0.000 pair_pen=0.000 [OK] NARROW-PHASE CLEAR
  Pair (8,9): center_dist=0.000 broad_radius=0.000 min_nn=0.759 hits=29/194 hit_ratio=0.213 avg_depth=0.249 pair_pen=47.836 [!!!] ACTIVE COLLISION UNRESOLVED
  Pair (8,10): center_dist=0.000 broad_radius=0.000 min_nn=3.291 hits=0/194 hit_ratio=0.000 avg_depth=0.000 pair_pen=0.000 [OK] NARROW-PHASE CLEAR
  Pair (9,10): center_dist=0.000 broad_radius=0.000 min_nn=5.731 hits=0/136 hit_ratio=0.000 avg_depth=0.000 pair_pen=0.000 [OK] NARROW-PHASE CLEAR

