
--- COLLISION CLOUD SUMMARY ---
  Params: voxel=5 edge_exclusion=2 epsilon=2.5 max_points=300
  Sherd 1: in=7717 out=7977 filtered=1136 candidate=14558 voxel=389 final=389 radius=49.349
  Sherd 2: in=7044 out=8380 filtered=1069 candidate=14355 voxel=371 final=371 radius=47.736
  Sherd 3: in=2895 out=3446 filtered=694 candidate=5647 voxel=161 final=161 radius=28.197
  Sherd 4: in=1569 out=1995 filtered=520 candidate=3044 voxel=91 final=91 radius=22.965
  Sherd 5: in=1583 out=2194 filtered=462 candidate=3315 voxel=88 final=88 radius=21.008
  Sherd 6: in=1106 out=1571 filtered=423 candidate=2254 voxel=70 final=70 radius=20.043
  Valid sherds=6 empty_clouds=0


--- GENERATION 0 BEST BREAKDOWN ---
  Total Fitness: -723.55
  Inlier Reward: 293.89
  Cycle Penalty: 0.00
  Overlap Penalty: 179.32
  Edge Residual Penalty: 728.56
  Edge Rot Residual Penalty: 169.56
  Connectivity Reward: 60.00
  Component Penalty: 0.00
  Largest Component: 6
  Num Components: 1
  Active Pairs: 14
  OverlapDiag Sum (indexed): 187.9438 (delta_vs_fitness=8.6243)
  OverlapDiag Pairs: total=15 same_comp=15 broad_reject=0 narrow_checked=15 active=6
  OverlapDiag Top Active Pairs:
    Pair (1,2) pen=99.6784 hits=52/161 hit_ratio=0.3230 avg_depth=0.3277 min_nn=0.3991
    Pair (0,5) pen=30.9494 hits=12/389 hit_ratio=0.1714 avg_depth=0.2786 min_nn=1.2396
    Pair (3,4) pen=25.5582 hits=11/91 hit_ratio=0.1250 avg_depth=0.3000 min_nn=1.2163
    Pair (0,4) pen=23.1335 hits=7/88 hit_ratio=0.0795 avg_depth=0.5479 min_nn=0.5755
    Pair (0,2) pen=4.6493 hits=4/389 hit_ratio=0.0248 avg_depth=0.2981 min_nn=1.4195

  --- ACTIVE GENE MAP ---
    Gene  0 (Pair  2- 1): choice=1 (inl=32)
    Gene  1 (Pair  3- 1): choice=2 (inl=36)
    Gene  2 (Pair  4- 1): choice=1 (inl=22)
    Gene  3 (Pair  5- 1): choice=2 (inl=26)
    Gene  4 (Pair  6- 1): choice=1 (inl=33)
    Gene  5 (Pair  3- 2): choice=4 (inl=67)
    Gene  6 (Pair  4- 2): choice=1 (inl=10)
    Gene  7 (Pair  5- 2): choice=1 (inl=28)
    Gene  8 (Pair  6- 2): choice=1 (inl=26)
    Gene 10 (Pair  5- 3): choice=3 (inl=20)
    Gene 11 (Pair  6- 3): choice=2 (inl=22)
    Gene 12 (Pair  5- 4): choice=1 (inl=22)
    Gene 13 (Pair  6- 4): choice=1 (inl=22)
    Gene 14 (Pair  6- 5): choice=1 (inl=28)

  --- SHARD 4 CANDIDATE ANALYSIS ---
    Pair (4-1): Selected=1 / 1 choices
      Choice 1: inliners=22 [SELECTED]
    Pair (4-2): Selected=1 / 2 choices
      Choice 1: inliners=10 [SELECTED]
      Choice 2: inliners=24
    Pair (4-3): Selected=0 / 2 choices
      Choice 1: inliners=18
      Choice 2: inliners=26
    Pair (5-4): Selected=1 / 1 choices
      Choice 1: inliners=22 [SELECTED]
    Pair (6-4): Selected=1 / 1 choices
      Choice 1: inliners=22 [SELECTED]


--- GENERATION 10 BEST BREAKDOWN ---
  Total Fitness: -110.72
  Inlier Reward: 243.44
  Cycle Penalty: 0.00
  Overlap Penalty: 331.57
  Edge Residual Penalty: 15.63
  Edge Rot Residual Penalty: 66.96
  Connectivity Reward: 60.00
  Component Penalty: 0.00
  Largest Component: 6
  Num Components: 1
  Active Pairs: 10
  OverlapDiag Sum (indexed): 349.6753 (delta_vs_fitness=18.1017)
  OverlapDiag Pairs: total=15 same_comp=15 broad_reject=0 narrow_checked=15 active=7
  OverlapDiag Top Active Pairs:
    Pair (1,2) pen=246.1723 hits=137/371 hit_ratio=0.8447 avg_depth=0.3529 min_nn=0.3010
    Pair (1,5) pen=32.1530 hits=13/70 hit_ratio=0.1857 avg_depth=0.2607 min_nn=1.2441
    Pair (0,5) pen=30.9494 hits=12/389 hit_ratio=0.1714 avg_depth=0.2786 min_nn=1.2396
    Pair (1,4) pen=22.2990 hits=8/371 hit_ratio=0.0909 avg_depth=0.4198 min_nn=0.3128
    Pair (0,1) pen=9.4774 hits=8/371 hit_ratio=0.0216 avg_depth=0.3278 min_nn=1.0248

  --- ACTIVE GENE MAP ---
    Gene  0 (Pair  2- 1): choice=2 (inl=34)
    Gene  1 (Pair  3- 1): choice=2 (inl=36)
    Gene  2 (Pair  4- 1): choice=1 (inl=22)
    Gene  4 (Pair  6- 1): choice=1 (inl=33)
    Gene  5 (Pair  3- 2): choice=4 (inl=67)
    Gene  7 (Pair  5- 2): choice=1 (inl=28)
    Gene  8 (Pair  6- 2): choice=1 (inl=26)
    Gene 10 (Pair  5- 3): choice=1 (inl=26)
    Gene 11 (Pair  6- 3): choice=2 (inl=22)
    Gene 14 (Pair  6- 5): choice=1 (inl=28)

  --- SHARD 4 CANDIDATE ANALYSIS ---
    Pair (4-1): Selected=1 / 1 choices
      Choice 1: inliners=22 [SELECTED]
    Pair (4-2): Selected=0 / 2 choices
      Choice 1: inliners=10
      Choice 2: inliners=24
    Pair (4-3): Selected=0 / 2 choices
      Choice 1: inliners=18
      Choice 2: inliners=26
    Pair (5-4): Selected=0 / 1 choices
      Choice 1: inliners=22
    Pair (6-4): Selected=0 / 1 choices
      Choice 1: inliners=22


--- GENERATION 20 BEST BREAKDOWN ---
  Total Fitness: -100.71
  Inlier Reward: 221.91
  Cycle Penalty: 0.00
  Overlap Penalty: 331.57
  Edge Residual Penalty: 5.23
  Edge Rot Residual Penalty: 45.82
  Connectivity Reward: 60.00
  Component Penalty: 0.00
  Largest Component: 6
  Num Components: 1
  Active Pairs: 9
  OverlapDiag Sum (indexed): 349.6753 (delta_vs_fitness=18.1017)
  OverlapDiag Pairs: total=15 same_comp=15 broad_reject=0 narrow_checked=15 active=7
  OverlapDiag Top Active Pairs:
    Pair (1,2) pen=246.1723 hits=137/371 hit_ratio=0.8447 avg_depth=0.3529 min_nn=0.3010
    Pair (1,5) pen=32.1530 hits=13/70 hit_ratio=0.1857 avg_depth=0.2607 min_nn=1.2441
    Pair (0,5) pen=30.9494 hits=12/389 hit_ratio=0.1714 avg_depth=0.2786 min_nn=1.2396
    Pair (1,4) pen=22.2990 hits=8/371 hit_ratio=0.0909 avg_depth=0.4198 min_nn=0.3128
    Pair (0,1) pen=9.4774 hits=8/371 hit_ratio=0.0216 avg_depth=0.3278 min_nn=1.0248

  --- ACTIVE GENE MAP ---
    Gene  0 (Pair  2- 1): choice=2 (inl=34)
    Gene  1 (Pair  3- 1): choice=2 (inl=36)
    Gene  2 (Pair  4- 1): choice=1 (inl=22)
    Gene  4 (Pair  6- 1): choice=1 (inl=33)
    Gene  5 (Pair  3- 2): choice=4 (inl=67)
    Gene  7 (Pair  5- 2): choice=1 (inl=28)
    Gene  8 (Pair  6- 2): choice=1 (inl=26)
    Gene 10 (Pair  5- 3): choice=1 (inl=26)
    Gene 11 (Pair  6- 3): choice=2 (inl=22)

  --- SHARD 4 CANDIDATE ANALYSIS ---
    Pair (4-1): Selected=1 / 1 choices
      Choice 1: inliners=22 [SELECTED]
    Pair (4-2): Selected=0 / 2 choices
      Choice 1: inliners=10
      Choice 2: inliners=24
    Pair (4-3): Selected=0 / 2 choices
      Choice 1: inliners=18
      Choice 2: inliners=26
    Pair (5-4): Selected=0 / 1 choices
      Choice 1: inliners=22
    Pair (6-4): Selected=0 / 1 choices
      Choice 1: inliners=22


--- GENERATION 30 BEST BREAKDOWN ---
  Total Fitness: -100.71
  Inlier Reward: 221.91
  Cycle Penalty: 0.00
  Overlap Penalty: 331.57
  Edge Residual Penalty: 5.23
  Edge Rot Residual Penalty: 45.82
  Connectivity Reward: 60.00
  Component Penalty: 0.00
  Largest Component: 6
  Num Components: 1
  Active Pairs: 9
  OverlapDiag Sum (indexed): 349.6753 (delta_vs_fitness=18.1017)
  OverlapDiag Pairs: total=15 same_comp=15 broad_reject=0 narrow_checked=15 active=7
  OverlapDiag Top Active Pairs:
    Pair (1,2) pen=246.1723 hits=137/371 hit_ratio=0.8447 avg_depth=0.3529 min_nn=0.3010
    Pair (1,5) pen=32.1530 hits=13/70 hit_ratio=0.1857 avg_depth=0.2607 min_nn=1.2441
    Pair (0,5) pen=30.9494 hits=12/389 hit_ratio=0.1714 avg_depth=0.2786 min_nn=1.2396
    Pair (1,4) pen=22.2990 hits=8/371 hit_ratio=0.0909 avg_depth=0.4198 min_nn=0.3128
    Pair (0,1) pen=9.4774 hits=8/371 hit_ratio=0.0216 avg_depth=0.3278 min_nn=1.0248

  --- ACTIVE GENE MAP ---
    Gene  0 (Pair  2- 1): choice=2 (inl=34)
    Gene  1 (Pair  3- 1): choice=2 (inl=36)
    Gene  2 (Pair  4- 1): choice=1 (inl=22)
    Gene  4 (Pair  6- 1): choice=1 (inl=33)
    Gene  5 (Pair  3- 2): choice=4 (inl=67)
    Gene  7 (Pair  5- 2): choice=1 (inl=28)
    Gene  8 (Pair  6- 2): choice=1 (inl=26)
    Gene 10 (Pair  5- 3): choice=1 (inl=26)
    Gene 11 (Pair  6- 3): choice=2 (inl=22)

  --- SHARD 4 CANDIDATE ANALYSIS ---
    Pair (4-1): Selected=1 / 1 choices
      Choice 1: inliners=22 [SELECTED]
    Pair (4-2): Selected=0 / 2 choices
      Choice 1: inliners=10
      Choice 2: inliners=24
    Pair (4-3): Selected=0 / 2 choices
      Choice 1: inliners=18
      Choice 2: inliners=26
    Pair (5-4): Selected=0 / 1 choices
      Choice 1: inliners=22
    Pair (6-4): Selected=0 / 1 choices
      Choice 1: inliners=22


--- GENERATION 40 BEST BREAKDOWN ---
  Total Fitness: -92.60
  Inlier Reward: 201.89
  Cycle Penalty: 0.00
  Overlap Penalty: 331.57
  Edge Residual Penalty: 5.23
  Edge Rot Residual Penalty: 17.69
  Connectivity Reward: 60.00
  Component Penalty: 0.00
  Largest Component: 6
  Num Components: 1
  Active Pairs: 8
  OverlapDiag Sum (indexed): 349.6753 (delta_vs_fitness=18.1017)
  OverlapDiag Pairs: total=15 same_comp=15 broad_reject=0 narrow_checked=15 active=7
  OverlapDiag Top Active Pairs:
    Pair (1,2) pen=246.1723 hits=137/371 hit_ratio=0.8447 avg_depth=0.3529 min_nn=0.3010
    Pair (1,5) pen=32.1530 hits=13/70 hit_ratio=0.1857 avg_depth=0.2607 min_nn=1.2441
    Pair (0,5) pen=30.9494 hits=12/389 hit_ratio=0.1714 avg_depth=0.2786 min_nn=1.2396
    Pair (1,4) pen=22.2990 hits=8/371 hit_ratio=0.0909 avg_depth=0.4198 min_nn=0.3128
    Pair (0,1) pen=9.4774 hits=8/371 hit_ratio=0.0216 avg_depth=0.3278 min_nn=1.0248

  --- ACTIVE GENE MAP ---
    Gene  0 (Pair  2- 1): choice=2 (inl=34)
    Gene  1 (Pair  3- 1): choice=2 (inl=36)
    Gene  2 (Pair  4- 1): choice=1 (inl=22)
    Gene  4 (Pair  6- 1): choice=1 (inl=33)
    Gene  5 (Pair  3- 2): choice=4 (inl=67)
    Gene  7 (Pair  5- 2): choice=1 (inl=28)
    Gene  8 (Pair  6- 2): choice=1 (inl=26)
    Gene 11 (Pair  6- 3): choice=2 (inl=22)

  --- SHARD 4 CANDIDATE ANALYSIS ---
    Pair (4-1): Selected=1 / 1 choices
      Choice 1: inliners=22 [SELECTED]
    Pair (4-2): Selected=0 / 2 choices
      Choice 1: inliners=10
      Choice 2: inliners=24
    Pair (4-3): Selected=0 / 2 choices
      Choice 1: inliners=18
      Choice 2: inliners=26
    Pair (5-4): Selected=0 / 1 choices
      Choice 1: inliners=22
    Pair (6-4): Selected=0 / 1 choices
      Choice 1: inliners=22


--- GENERATION 50 BEST BREAKDOWN ---
  Total Fitness: 116.05
  Inlier Reward: 158.82
  Cycle Penalty: 0.00
  Overlap Penalty: 102.77
  Edge Residual Penalty: 0.00
  Edge Rot Residual Penalty: 0.00
  Connectivity Reward: 60.00
  Component Penalty: 0.00
  Largest Component: 6
  Num Components: 1
  Active Pairs: 6
  OverlapDiag Sum (indexed): 111.3977 (delta_vs_fitness=8.6243)
  OverlapDiag Pairs: total=15 same_comp=15 broad_reject=0 narrow_checked=15 active=6
  OverlapDiag Top Active Pairs:
    Pair (1,2) pen=31.9529 hits=15/161 hit_ratio=0.0932 avg_depth=0.3635 min_nn=0.4229
    Pair (0,5) pen=30.9494 hits=12/389 hit_ratio=0.1714 avg_depth=0.2786 min_nn=1.2396
    Pair (1,4) pen=22.2990 hits=8/371 hit_ratio=0.0909 avg_depth=0.4198 min_nn=0.3128
    Pair (3,4) pen=17.5722 hits=8/91 hit_ratio=0.0909 avg_depth=0.3119 min_nn=0.8039
    Pair (0,2) pen=4.6493 hits=4/389 hit_ratio=0.0248 avg_depth=0.2981 min_nn=1.4195

  --- ACTIVE GENE MAP ---
    Gene  1 (Pair  3- 1): choice=2 (inl=36)
    Gene  2 (Pair  4- 1): choice=1 (inl=22)
    Gene  4 (Pair  6- 1): choice=1 (inl=33)
    Gene  5 (Pair  3- 2): choice=4 (inl=67)
    Gene  7 (Pair  5- 2): choice=1 (inl=28)
    Gene 11 (Pair  6- 3): choice=2 (inl=22)

  --- SHARD 4 CANDIDATE ANALYSIS ---
    Pair (4-1): Selected=1 / 1 choices
      Choice 1: inliners=22 [SELECTED]
    Pair (4-2): Selected=0 / 2 choices
      Choice 1: inliners=10
      Choice 2: inliners=24
    Pair (4-3): Selected=0 / 2 choices
      Choice 1: inliners=18
      Choice 2: inliners=26
    Pair (5-4): Selected=0 / 1 choices
      Choice 1: inliners=22
    Pair (6-4): Selected=0 / 1 choices
      Choice 1: inliners=22


--- COLLISION AUDIT [FINAL BEST] ---
  Fitness overlap penalty: 102.7734
  Recomputed indexed overlap sum: 111.3977 (delta=8.6243)
  Pair counts: total=15 same_comp=15 broad_reject=0 narrow_checked=15 active=6
  Pair (0,1): center_dist=0.000 broad_radius=0.000 min_nn=3.194 hits=0/389 hit_ratio=0.000 avg_depth=0.000 pair_pen=0.000 [OK] NARROW-PHASE CLEAR
  Pair (0,2): center_dist=0.000 broad_radius=0.000 min_nn=1.419 hits=4/389 hit_ratio=0.025 avg_depth=0.298 pair_pen=4.649 [!!!] ACTIVE COLLISION UNRESOLVED
  Pair (0,3): center_dist=0.000 broad_radius=0.000 min_nn=2.142 hits=4/389 hit_ratio=0.044 avg_depth=0.057 pair_pen=3.975 [!!!] ACTIVE COLLISION UNRESOLVED
  Pair (0,4): center_dist=0.000 broad_radius=0.000 min_nn=6.089 hits=0/389 hit_ratio=0.000 avg_depth=0.000 pair_pen=0.000 [OK] NARROW-PHASE CLEAR
  Pair (0,5): center_dist=0.000 broad_radius=0.000 min_nn=1.240 hits=12/389 hit_ratio=0.171 avg_depth=0.279 pair_pen=30.949 [!!!] ACTIVE COLLISION UNRESOLVED
  Pair (1,2): center_dist=0.000 broad_radius=0.000 min_nn=0.423 hits=15/161 hit_ratio=0.093 avg_depth=0.364 pair_pen=31.953 [!!!] ACTIVE COLLISION UNRESOLVED
  Pair (1,3): center_dist=0.000 broad_radius=0.000 min_nn=27.199 hits=0/371 hit_ratio=0.000 avg_depth=0.000 pair_pen=0.000 [OK] NARROW-PHASE CLEAR
  Pair (1,4): center_dist=0.000 broad_radius=0.000 min_nn=0.313 hits=8/371 hit_ratio=0.091 avg_depth=0.420 pair_pen=22.299 [!!!] ACTIVE COLLISION UNRESOLVED
  Pair (1,5): center_dist=0.000 broad_radius=0.000 min_nn=35.146 hits=0/371 hit_ratio=0.000 avg_depth=0.000 pair_pen=0.000 [OK] NARROW-PHASE CLEAR
  Pair (2,3): center_dist=0.000 broad_radius=0.000 min_nn=42.027 hits=0/161 hit_ratio=0.000 avg_depth=0.000 pair_pen=0.000 [OK] NARROW-PHASE CLEAR
  Pair (2,4): center_dist=0.000 broad_radius=0.000 min_nn=43.899 hits=0/161 hit_ratio=0.000 avg_depth=0.000 pair_pen=0.000 [OK] NARROW-PHASE CLEAR
  Pair (2,5): center_dist=0.000 broad_radius=0.000 min_nn=4.487 hits=0/161 hit_ratio=0.000 avg_depth=0.000 pair_pen=0.000 [OK] NARROW-PHASE CLEAR
  Pair (3,4): center_dist=0.000 broad_radius=0.000 min_nn=0.804 hits=8/91 hit_ratio=0.091 avg_depth=0.312 pair_pen=17.572 [!!!] ACTIVE COLLISION UNRESOLVED
  Pair (3,5): center_dist=0.000 broad_radius=0.000 min_nn=60.155 hits=0/91 hit_ratio=0.000 avg_depth=0.000 pair_pen=0.000 [OK] NARROW-PHASE CLEAR
  Pair (4,5): center_dist=0.000 broad_radius=0.000 min_nn=78.982 hits=0/88 hit_ratio=0.000 avg_depth=0.000 pair_pen=0.000 [OK] NARROW-PHASE CLEAR


--- COLLISION CLOUD SUMMARY ---
  Params: voxel=5 edge_exclusion=2 epsilon=2.5 max_points=300
  Sherd 1: in=7717 out=7977 filtered=1136 candidate=14558 voxel=389 final=389 radius=49.349
  Sherd 2: in=7044 out=8380 filtered=1069 candidate=14355 voxel=357 final=357 radius=46.723
  Sherd 3: in=2895 out=3446 filtered=694 candidate=5647 voxel=170 final=170 radius=29.244
  Sherd 4: in=1569 out=1995 filtered=520 candidate=3044 voxel=91 final=91 radius=24.333
  Sherd 5: in=1583 out=2194 filtered=462 candidate=3315 voxel=95 final=95 radius=21.167
  Sherd 6: in=1106 out=1571 filtered=423 candidate=2254 voxel=72 final=72 radius=19.778
  Valid sherds=6 empty_clouds=0


--- GENERATION 0 BEST BREAKDOWN ---
  Total Fitness: -1528.37
  Inlier Reward: 285.61
  Cycle Penalty: 0.00
  Overlap Penalty: 332.06
  Edge Residual Penalty: 1367.34
  Edge Rot Residual Penalty: 174.57
  Connectivity Reward: 60.00
  Component Penalty: 0.00
  Largest Component: 6
  Num Components: 1
  Active Pairs: 14
  OverlapDiag Sum (indexed): 349.4398 (delta_vs_fitness=17.3751)
  OverlapDiag Pairs: total=15 same_comp=15 broad_reject=0 narrow_checked=15 active=8
  OverlapDiag Top Active Pairs:
    Pair (3,4) pen=184.7368 hits=54/95 hit_ratio=0.5714 avg_depth=0.3982 min_nn=0.2638
    Pair (1,2) pen=97.0601 hits=46/170 hit_ratio=0.2706 avg_depth=0.3605 min_nn=0.4062
    Pair (0,5) pen=32.7552 hits=12/389 hit_ratio=0.1389 avg_depth=0.3473 min_nn=0.4596
    Pair (0,4) pen=17.5127 hits=8/95 hit_ratio=0.0842 avg_depth=0.3304 min_nn=1.2092
    Pair (0,3) pen=7.9707 hits=4/389 hit_ratio=0.0440 avg_depth=0.4155 min_nn=0.9267

  --- ACTIVE GENE MAP ---
    Gene  0 (Pair  2- 1): choice=1 (inl=34)
    Gene  1 (Pair  3- 1): choice=2 (inl=34)
    Gene  2 (Pair  4- 1): choice=1 (inl=22)
    Gene  3 (Pair  5- 1): choice=1 (inl=24)
    Gene  4 (Pair  6- 1): choice=1 (inl=33)
    Gene  5 (Pair  3- 2): choice=4 (inl=67)
    Gene  7 (Pair  5- 2): choice=2 (inl=22)
    Gene  8 (Pair  6- 2): choice=2 (inl=26)
    Gene  9 (Pair  4- 3): choice=1 (inl=18)
    Gene 10 (Pair  5- 3): choice=1 (inl=26)
    Gene 11 (Pair  6- 3): choice=2 (inl=16)
    Gene 12 (Pair  5- 4): choice=1 (inl=22)
    Gene 13 (Pair  6- 4): choice=1 (inl=22)
    Gene 14 (Pair  6- 5): choice=1 (inl=28)

  --- SHARD 4 CANDIDATE ANALYSIS ---
    Pair (4-1): Selected=1 / 1 choices
      Choice 1: inliners=22 [SELECTED]
    Pair (4-2): Selected=0 / 2 choices
      Choice 1: inliners=24
      Choice 2: inliners=22
    Pair (4-3): Selected=1 / 2 choices
      Choice 1: inliners=18 [SELECTED]
      Choice 2: inliners=30
    Pair (5-4): Selected=1 / 1 choices
      Choice 1: inliners=22 [SELECTED]
    Pair (6-4): Selected=1 / 1 choices
      Choice 1: inliners=22 [SELECTED]


--- GENERATION 10 BEST BREAKDOWN ---
  Total Fitness: 87.21
  Inlier Reward: 101.53
  Cycle Penalty: 0.00
  Overlap Penalty: 64.32
  Edge Residual Penalty: 0.00
  Edge Rot Residual Penalty: 0.00
  Connectivity Reward: 50.00
  Component Penalty: 0.00
  Largest Component: 5
  Num Components: 2
  Active Pairs: 4
  OverlapDiag Sum (indexed): 74.9854 (delta_vs_fitness=10.6631)
  OverlapDiag Pairs: total=15 same_comp=10 broad_reject=0 narrow_checked=10 active=4
  OverlapDiag Top Active Pairs:
    Pair (1,5) pen=32.5380 hits=10/72 hit_ratio=0.1389 avg_depth=0.3931 min_nn=1.0249
    Pair (1,2) pen=18.1144 hits=10/170 hit_ratio=0.0588 avg_depth=0.3511 min_nn=0.7245
    Pair (2,3) pen=13.6699 hits=6/170 hit_ratio=0.0659 avg_depth=0.3882 min_nn=0.8507
    Pair (0,1) pen=10.6631 hits=8/357 hit_ratio=0.0224 avg_depth=0.3750 min_nn=1.0580

  --- ACTIVE GENE MAP ---
    Gene  0 (Pair  2- 1): choice=2 (inl=34)
    Gene  5 (Pair  3- 2): choice=1 (inl=47)
    Gene  8 (Pair  6- 2): choice=1 (inl=35)
    Gene  9 (Pair  4- 3): choice=2 (inl=30)

  --- SHARD 4 CANDIDATE ANALYSIS ---
    Pair (4-1): Selected=0 / 1 choices
      Choice 1: inliners=22
    Pair (4-2): Selected=0 / 2 choices
      Choice 1: inliners=24
      Choice 2: inliners=22
    Pair (4-3): Selected=2 / 2 choices
      Choice 1: inliners=18
      Choice 2: inliners=30 [SELECTED]
    Pair (5-4): Selected=0 / 1 choices
      Choice 1: inliners=22
    Pair (6-4): Selected=0 / 1 choices
      Choice 1: inliners=22


--- GENERATION 20 BEST BREAKDOWN ---
  Total Fitness: 115.65
  Inlier Reward: 137.34
  Cycle Penalty: 0.00
  Overlap Penalty: 55.03
  Edge Residual Penalty: 25.12
  Edge Rot Residual Penalty: 1.53
  Connectivity Reward: 60.00
  Component Penalty: 0.00
  Largest Component: 6
  Num Components: 1
  Active Pairs: 6
  OverlapDiag Sum (indexed): 65.6980 (delta_vs_fitness=10.6631)
  OverlapDiag Pairs: total=15 same_comp=15 broad_reject=0 narrow_checked=15 active=4
  OverlapDiag Top Active Pairs:
    Pair (1,5) pen=32.5380 hits=10/72 hit_ratio=0.1389 avg_depth=0.3931 min_nn=1.0249
    Pair (2,3) pen=13.6699 hits=6/170 hit_ratio=0.0659 avg_depth=0.3882 min_nn=0.8507
    Pair (0,1) pen=10.6631 hits=8/357 hit_ratio=0.0224 avg_depth=0.3750 min_nn=1.0580
    Pair (2,4) pen=8.8270 hits=5/95 hit_ratio=0.0526 avg_depth=0.3072 min_nn=0.8471

  --- ACTIVE GENE MAP ---
    Gene  0 (Pair  2- 1): choice=2 (inl=34)
    Gene  1 (Pair  3- 1): choice=1 (inl=24)
    Gene  5 (Pair  3- 2): choice=1 (inl=47)
    Gene  8 (Pair  6- 2): choice=1 (inl=35)
    Gene  9 (Pair  4- 3): choice=2 (inl=30)
    Gene 10 (Pair  5- 3): choice=1 (inl=26)

  --- SHARD 4 CANDIDATE ANALYSIS ---
    Pair (4-1): Selected=0 / 1 choices
      Choice 1: inliners=22
    Pair (4-2): Selected=0 / 2 choices
      Choice 1: inliners=24
      Choice 2: inliners=22
    Pair (4-3): Selected=2 / 2 choices
      Choice 1: inliners=18
      Choice 2: inliners=30 [SELECTED]
    Pair (5-4): Selected=0 / 1 choices
      Choice 1: inliners=22
    Pair (6-4): Selected=0 / 1 choices
      Choice 1: inliners=22


--- GENERATION 30 BEST BREAKDOWN ---
  Total Fitness: 115.65
  Inlier Reward: 137.34
  Cycle Penalty: 0.00
  Overlap Penalty: 55.03
  Edge Residual Penalty: 25.12
  Edge Rot Residual Penalty: 1.53
  Connectivity Reward: 60.00
  Component Penalty: 0.00
  Largest Component: 6
  Num Components: 1
  Active Pairs: 6
  OverlapDiag Sum (indexed): 65.6980 (delta_vs_fitness=10.6631)
  OverlapDiag Pairs: total=15 same_comp=15 broad_reject=0 narrow_checked=15 active=4
  OverlapDiag Top Active Pairs:
    Pair (1,5) pen=32.5380 hits=10/72 hit_ratio=0.1389 avg_depth=0.3931 min_nn=1.0249
    Pair (2,3) pen=13.6699 hits=6/170 hit_ratio=0.0659 avg_depth=0.3882 min_nn=0.8507
    Pair (0,1) pen=10.6631 hits=8/357 hit_ratio=0.0224 avg_depth=0.3750 min_nn=1.0580
    Pair (2,4) pen=8.8270 hits=5/95 hit_ratio=0.0526 avg_depth=0.3072 min_nn=0.8471

  --- ACTIVE GENE MAP ---
    Gene  0 (Pair  2- 1): choice=2 (inl=34)
    Gene  1 (Pair  3- 1): choice=1 (inl=24)
    Gene  5 (Pair  3- 2): choice=1 (inl=47)
    Gene  8 (Pair  6- 2): choice=1 (inl=35)
    Gene  9 (Pair  4- 3): choice=2 (inl=30)
    Gene 10 (Pair  5- 3): choice=1 (inl=26)

  --- SHARD 4 CANDIDATE ANALYSIS ---
    Pair (4-1): Selected=0 / 1 choices
      Choice 1: inliners=22
    Pair (4-2): Selected=0 / 2 choices
      Choice 1: inliners=24
      Choice 2: inliners=22
    Pair (4-3): Selected=2 / 2 choices
      Choice 1: inliners=18
      Choice 2: inliners=30 [SELECTED]
    Pair (5-4): Selected=0 / 1 choices
      Choice 1: inliners=22
    Pair (6-4): Selected=0 / 1 choices
      Choice 1: inliners=22


--- GENERATION 40 BEST BREAKDOWN ---
  Total Fitness: 115.65
  Inlier Reward: 137.34
  Cycle Penalty: 0.00
  Overlap Penalty: 55.03
  Edge Residual Penalty: 25.12
  Edge Rot Residual Penalty: 1.53
  Connectivity Reward: 60.00
  Component Penalty: 0.00
  Largest Component: 6
  Num Components: 1
  Active Pairs: 6
  OverlapDiag Sum (indexed): 65.6980 (delta_vs_fitness=10.6631)
  OverlapDiag Pairs: total=15 same_comp=15 broad_reject=0 narrow_checked=15 active=4
  OverlapDiag Top Active Pairs:
    Pair (1,5) pen=32.5380 hits=10/72 hit_ratio=0.1389 avg_depth=0.3931 min_nn=1.0249
    Pair (2,3) pen=13.6699 hits=6/170 hit_ratio=0.0659 avg_depth=0.3882 min_nn=0.8507
    Pair (0,1) pen=10.6631 hits=8/357 hit_ratio=0.0224 avg_depth=0.3750 min_nn=1.0580
    Pair (2,4) pen=8.8270 hits=5/95 hit_ratio=0.0526 avg_depth=0.3072 min_nn=0.8471

  --- ACTIVE GENE MAP ---
    Gene  0 (Pair  2- 1): choice=2 (inl=34)
    Gene  1 (Pair  3- 1): choice=1 (inl=24)
    Gene  5 (Pair  3- 2): choice=1 (inl=47)
    Gene  8 (Pair  6- 2): choice=1 (inl=35)
    Gene  9 (Pair  4- 3): choice=2 (inl=30)
    Gene 10 (Pair  5- 3): choice=1 (inl=26)

  --- SHARD 4 CANDIDATE ANALYSIS ---
    Pair (4-1): Selected=0 / 1 choices
      Choice 1: inliners=22
    Pair (4-2): Selected=0 / 2 choices
      Choice 1: inliners=24
      Choice 2: inliners=22
    Pair (4-3): Selected=2 / 2 choices
      Choice 1: inliners=18
      Choice 2: inliners=30 [SELECTED]
    Pair (5-4): Selected=0 / 1 choices
      Choice 1: inliners=22
    Pair (6-4): Selected=0 / 1 choices
      Choice 1: inliners=22


--- GENERATION 50 BEST BREAKDOWN ---
  Total Fitness: 115.65
  Inlier Reward: 137.34
  Cycle Penalty: 0.00
  Overlap Penalty: 55.03
  Edge Residual Penalty: 25.12
  Edge Rot Residual Penalty: 1.53
  Connectivity Reward: 60.00
  Component Penalty: 0.00
  Largest Component: 6
  Num Components: 1
  Active Pairs: 6
  OverlapDiag Sum (indexed): 65.6980 (delta_vs_fitness=10.6631)
  OverlapDiag Pairs: total=15 same_comp=15 broad_reject=0 narrow_checked=15 active=4
  OverlapDiag Top Active Pairs:
    Pair (1,5) pen=32.5380 hits=10/72 hit_ratio=0.1389 avg_depth=0.3931 min_nn=1.0249
    Pair (2,3) pen=13.6699 hits=6/170 hit_ratio=0.0659 avg_depth=0.3882 min_nn=0.8507
    Pair (0,1) pen=10.6631 hits=8/357 hit_ratio=0.0224 avg_depth=0.3750 min_nn=1.0580
    Pair (2,4) pen=8.8270 hits=5/95 hit_ratio=0.0526 avg_depth=0.3072 min_nn=0.8471

  --- ACTIVE GENE MAP ---
    Gene  0 (Pair  2- 1): choice=2 (inl=34)
    Gene  1 (Pair  3- 1): choice=1 (inl=24)
    Gene  5 (Pair  3- 2): choice=1 (inl=47)
    Gene  8 (Pair  6- 2): choice=1 (inl=35)
    Gene  9 (Pair  4- 3): choice=2 (inl=30)
    Gene 10 (Pair  5- 3): choice=1 (inl=26)

  --- SHARD 4 CANDIDATE ANALYSIS ---
    Pair (4-1): Selected=0 / 1 choices
      Choice 1: inliners=22
    Pair (4-2): Selected=0 / 2 choices
      Choice 1: inliners=24
      Choice 2: inliners=22
    Pair (4-3): Selected=2 / 2 choices
      Choice 1: inliners=18
      Choice 2: inliners=30 [SELECTED]
    Pair (5-4): Selected=0 / 1 choices
      Choice 1: inliners=22
    Pair (6-4): Selected=0 / 1 choices
      Choice 1: inliners=22


--- COLLISION AUDIT [FINAL BEST] ---
  Fitness overlap penalty: 55.0349
  Recomputed indexed overlap sum: 65.6980 (delta=10.6631)
  Pair counts: total=15 same_comp=15 broad_reject=0 narrow_checked=15 active=4
  Pair (0,1): center_dist=0.000 broad_radius=0.000 min_nn=1.058 hits=8/357 hit_ratio=0.022 avg_depth=0.375 pair_pen=10.663 [!!!] ACTIVE COLLISION UNRESOLVED
  Pair (0,2): center_dist=0.000 broad_radius=0.000 min_nn=3.285 hits=0/389 hit_ratio=0.000 avg_depth=0.000 pair_pen=0.000 [OK] NARROW-PHASE CLEAR
  Pair (0,3): center_dist=0.000 broad_radius=0.000 min_nn=34.739 hits=0/389 hit_ratio=0.000 avg_depth=0.000 pair_pen=0.000 [OK] NARROW-PHASE CLEAR
  Pair (0,4): center_dist=0.000 broad_radius=0.000 min_nn=9.783 hits=0/389 hit_ratio=0.000 avg_depth=0.000 pair_pen=0.000 [OK] NARROW-PHASE CLEAR
  Pair (0,5): center_dist=0.000 broad_radius=0.000 min_nn=22.073 hits=0/389 hit_ratio=0.000 avg_depth=0.000 pair_pen=0.000 [OK] NARROW-PHASE CLEAR
  Pair (1,2): center_dist=0.000 broad_radius=0.000 min_nn=13.050 hits=0/357 hit_ratio=0.000 avg_depth=0.000 pair_pen=0.000 [OK] NARROW-PHASE CLEAR
  Pair (1,3): center_dist=0.000 broad_radius=0.000 min_nn=27.785 hits=0/357 hit_ratio=0.000 avg_depth=0.000 pair_pen=0.000 [OK] NARROW-PHASE CLEAR
  Pair (1,4): center_dist=0.000 broad_radius=0.000 min_nn=44.601 hits=0/357 hit_ratio=0.000 avg_depth=0.000 pair_pen=0.000 [OK] NARROW-PHASE CLEAR
  Pair (1,5): center_dist=0.000 broad_radius=0.000 min_nn=1.025 hits=10/72 hit_ratio=0.139 avg_depth=0.393 pair_pen=32.538 [!!!] ACTIVE COLLISION UNRESOLVED
  Pair (2,3): center_dist=0.000 broad_radius=0.000 min_nn=0.851 hits=6/170 hit_ratio=0.066 avg_depth=0.388 pair_pen=13.670 [!!!] ACTIVE COLLISION UNRESOLVED
  Pair (2,4): center_dist=0.000 broad_radius=0.000 min_nn=0.847 hits=5/95 hit_ratio=0.053 avg_depth=0.307 pair_pen=8.827 [!!!] ACTIVE COLLISION UNRESOLVED
  Pair (2,5): center_dist=0.000 broad_radius=0.000 min_nn=59.608 hits=0/170 hit_ratio=0.000 avg_depth=0.000 pair_pen=0.000 [OK] NARROW-PHASE CLEAR
  Pair (3,4): center_dist=0.000 broad_radius=0.000 min_nn=4.176 hits=0/91 hit_ratio=0.000 avg_depth=0.000 pair_pen=0.000 [OK] NARROW-PHASE CLEAR
  Pair (3,5): center_dist=0.000 broad_radius=0.000 min_nn=79.862 hits=0/91 hit_ratio=0.000 avg_depth=0.000 pair_pen=0.000 [OK] NARROW-PHASE CLEAR
  Pair (4,5): center_dist=0.000 broad_radius=0.000 min_nn=89.145 hits=0/95 hit_ratio=0.000 avg_depth=0.000 pair_pen=0.000 [OK] NARROW-PHASE CLEAR

