[ICP MODE] compare (flags: --icp-mode=global|incremental|compare)
#################### Pottery Data load ####################
Attempting to read file: /Dataset/SfS_pp/Axes/Pot_A_Piece_01_Axis.xyz
File opened successfully
Successfully read 1 points
Attempting to read PCD file: /Dataset/SfS_pp/Breaklines/Pot_A_Piece_01_Breakline_0.pcd
File opened successfully
Found 5 segments, 208 total points
Processing 208 points
Found 208 unique points
Successfully processed PCD file
Attempting to read XYZ file: /Dataset/SfS_pp/Surfaces/Pot_A_Piece_01_Surface_0.xyz
Found 19463 total points, reading 19463 points
Successfully read 19463 points
Attempting to read XYZ file: /Dataset/SfS_pp/Surfaces/Pot_A_Piece_01_Surface_1.xyz
Found 17145 total points, reading 17145 points
Successfully read 17145 points
Attempting to read PCD file: /Dataset/SfS_pp/Surfaces/Pot_A_Piece_01_Surface_F.pcd
Attempting to read file: /Dataset/SfS_pp/Axes/Pot_A_Piece_02_Axis.xyz
File opened successfully
Successfully read 1 points
Attempting to read PCD file: /Dataset/SfS_pp/Breaklines/Pot_A_Piece_02_Breakline_0.pcd
File opened successfully
Found 3 segments, 169 total points
Processing 169 points
Found 169 unique points
Successfully processed PCD file
Attempting to read XYZ file: /Dataset/SfS_pp/Surfaces/Pot_A_Piece_02_Surface_0.xyz
Found 12178 total points, reading 12178 points
Successfully read 12178 points
Attempting to read XYZ file: /Dataset/SfS_pp/Surfaces/Pot_A_Piece_02_Surface_1.xyz
Found 13455 total points, reading 13455 points
Successfully read 13455 points
Attempting to read PCD file: /Dataset/SfS_pp/Surfaces/Pot_A_Piece_02_Surface_F.pcd
Attempting to read file: /Dataset/SfS_pp/Axes/Pot_A_Piece_03_Axis.xyz
File opened successfully
Successfully read 1 points
Attempting to read PCD file: /Dataset/SfS_pp/Breaklines/Pot_A_Piece_03_Breakline_0.pcd
File opened successfully
Found 4 segments, 156 total points
Processing 156 points
Found 156 unique points
Successfully processed PCD file
Attempting to read XYZ file: /Dataset/SfS_pp/Surfaces/Pot_A_Piece_03_Surface_0.xyz
Found 11577 total points, reading 11577 points
Successfully read 11577 points
Attempting to read XYZ file: /Dataset/SfS_pp/Surfaces/Pot_A_Piece_03_Surface_1.xyz
Found 12798 total points, reading 12798 points
Successfully read 12798 points
Attempting to read PCD file: /Dataset/SfS_pp/Surfaces/Pot_A_Piece_03_Surface_F.pcd
Attempting to read file: /Dataset/SfS_pp/Axes/Pot_A_Piece_04_Axis.xyz
File opened successfully
Successfully read 1 points
Attempting to read PCD file: /Dataset/SfS_pp/Breaklines/Pot_A_Piece_04_Breakline_0.pcd
File opened successfully
Found 4 segments, 151 total points
Processing 151 points
Found 151 unique points
Successfully processed PCD file
Attempting to read XYZ file: /Dataset/SfS_pp/Surfaces/Pot_A_Piece_04_Surface_0.xyz
Found 9399 total points, reading 9399 points
Successfully read 9399 points
Attempting to read XYZ file: /Dataset/SfS_pp/Surfaces/Pot_A_Piece_04_Surface_1.xyz
Found 10462 total points, reading 10462 points
Successfully read 10462 points
Attempting to read PCD file: /Dataset/SfS_pp/Surfaces/Pot_A_Piece_04_Surface_F.pcd
Attempting to read file: /Dataset/SfS_pp/Axes/Pot_A_Piece_05_Axis.xyz
File opened successfully
Successfully read 1 points
Attempting to read PCD file: /Dataset/SfS_pp/Breaklines/Pot_A_Piece_05_Breakline_0.pcd
File opened successfully
Found 4 segments, 147 total points
Processing 147 points
Found 147 unique points
Successfully processed PCD file
Attempting to read XYZ file: /Dataset/SfS_pp/Surfaces/Pot_A_Piece_05_Surface_0.xyz
Found 9309 total points, reading 9309 points
Successfully read 9309 points
Attempting to read XYZ file: /Dataset/SfS_pp/Surfaces/Pot_A_Piece_05_Surface_1.xyz
Found 9798 total points, reading 9798 points
Successfully read 9798 points
Attempting to read PCD file: /Dataset/SfS_pp/Surfaces/Pot_A_Piece_05_Surface_F.pcd
Attempting to read file: /Dataset/SfS_pp/Axes/Pot_A_Piece_06_Axis.xyz
File opened successfully
Successfully read 1 points
Attempting to read PCD file: /Dataset/SfS_pp/Breaklines/Pot_A_Piece_06_Breakline_0.pcd
File opened successfully
Found 2 segments, 150 total points
Processing 150 points
Found 150 unique points
Successfully processed PCD file
Attempting to read XYZ file: /Dataset/SfS_pp/Surfaces/Pot_A_Piece_06_Surface_0.xyz
Found 6574 total points, reading 6574 points
Successfully read 6574 points
Attempting to read XYZ file: /Dataset/SfS_pp/Surfaces/Pot_A_Piece_06_Surface_1.xyz
Found 7317 total points, reading 7317 points
Successfully read 7317 points
Attempting to read PCD file: /Dataset/SfS_pp/Surfaces/Pot_A_Piece_06_Surface_F.pcd
Attempting to read file: /Dataset/SfS_pp/Axes/Pot_A_Piece_07_Axis.xyz
File opened successfully
Successfully read 3 points
Attempting to read PCD file: /Dataset/SfS_pp/Breaklines/Pot_A_Piece_07_Breakline_0.pcd
File opened successfully
Found 3 segments, 65 total points
Processing 65 points
Found 65 unique points
Successfully processed PCD file
Attempting to read XYZ file: /Dataset/SfS_pp/Surfaces/Pot_A_Piece_07_Surface_0.xyz
Found 1745 total points, reading 1745 points
Successfully read 1745 points
Attempting to read XYZ file: /Dataset/SfS_pp/Surfaces/Pot_A_Piece_07_Surface_1.xyz
Found 1796 total points, reading 1796 points
Successfully read 1796 points
Attempting to read PCD file: /Dataset/SfS_pp/Surfaces/Pot_A_Piece_07_Surface_F.pcd
Attempting to read file: /Dataset/SfS_pp/Axes/Pot_A_Piece_08_Axis.xyz
File opened successfully
Successfully read 2 points
Attempting to read PCD file: /Dataset/SfS_pp/Breaklines/Pot_A_Piece_08_Breakline_0.pcd
File opened successfully
Found 3 segments, 60 total points
Processing 60 points
Found 60 unique points
Successfully processed PCD file
Attempting to read XYZ file: /Dataset/SfS_pp/Surfaces/Pot_A_Piece_08_Surface_0.xyz
Found 1576 total points, reading 1576 points
Successfully read 1576 points
Attempting to read XYZ file: /Dataset/SfS_pp/Surfaces/Pot_A_Piece_08_Surface_1.xyz
Found 1761 total points, reading 1761 points
Successfully read 1761 points
Attempting to read PCD file: /Dataset/SfS_pp/Surfaces/Pot_A_Piece_08_Surface_F.pcd
#################### Ground Truth data load ####################
0 1 1 1 1 1 1 0
1 0 0 1 1 0 0 1
1 0 0 0 1 1 0 0
1 1 0 0 0 1 1 1
1 1 1 0 0 0 0 0
1 0 1 1 0 0 1 0
1 0 0 1 0 1 0 0
0 1 0 1 0 0 0 0
#################### Save initial state ####################
#################### Change Axis symmetrix to z axis ####################
#################### Feature matching ####################
Total Number : 124
#################### Pairwise pruning ####################
Pruned match count: 70
#################### Genetic Algorithm search ####################
=== GA Iteration 1 / 1 ===
#################### GROUND TRUTH CANDIDATE AUDIT ####################
[GT AUDIT] Edge 1-2 (GT=1) Candidates: 3
  Choice 1: inliner= 78 score=0.268 density=61.504 [Wrapped] rad=2.7377 trans=40.1826
  Choice 2: inliner= 46 score=0.510 density=30.457 [Wrapped] rad=2.3048 trans=40.3215
  Choice 3: inliner= 70 score=0.483 density=47.190 [Wrapped] rad=1.0965 trans=39.7627
  -> Best Match for GT: Choice 3 (rad_err=1.0965)
[GT AUDIT] Edge 1-3 (GT=1) Candidates: 6
  Choice 1: inliner= 61 score=0.426 density=42.777 [Wrapped] rad=1.9927 trans=34.3959
  Choice 2: inliner= 46 score=0.803 density=25.508 [Wrapped] rad=2.7772 trans=33.5324
  Choice 3: inliner=100 score=0.344 density=74.410 [Wrapped] rad=3.0781 trans=33.6786
  Choice 4: inliner= 44 score=0.521 density=28.930 [Wrapped] rad=1.2772 trans=32.9385
  Choice 5: inliner= 50 score=0.515 density=32.992 [Wrapped] rad=0.5972 trans=33.2371
  Choice 6: inliner= 36 score=0.608 density=22.387 [Wrapped] rad=0.0620 trans=33.8302 [VALID GT MATCH]
  -> Best Match for GT: Choice 6 (rad_err=0.0620)
[GT AUDIT] Edge 1-4 (GT=1) Candidates: 7
  Choice 1: inliner= 87 score=0.374 density=63.307 [Wrapped] rad=2.8768 trans=34.4829
  Choice 2: inliner= 52 score=0.498 density=34.705 [Wrapped] rad=2.8761 trans=31.9271
  Choice 3: inliner= 24 score=0.413 density=16.987 [Wrapped] rad=1.2279 trans=67.0858
  Choice 4: inliner= 24 score=1.210 density=10.861 [Wrapped] rad=0.7689 trans=29.9804
  Choice 5: inliner= 65 score=0.481 density=43.883 [Wrapped] rad=0.5518 trans=31.5860
  Choice 6: inliner= 57 score=0.650 density=34.540 [Wrapped] rad=0.1355 trans=31.6098 [VALID GT MATCH]
  Choice 7: inliner= 30 score=0.521 density=19.719 [Wrapped] rad=0.6699 trans=32.3211
  -> Best Match for GT: Choice 6 (rad_err=0.1355)
[GT AUDIT] Edge 1-5 (GT=1) Candidates: 6
  Choice 1: inliner= 65 score=0.342 density=48.440 [Wrapped] rad=0.0948 trans=6.3972 [VALID GT MATCH]
  Choice 2: inliner= 34 score=0.641 density=20.714 [Wrapped] rad=0.6883 trans=1.9260
  Choice 3: inliner= 59 score=0.580 density=37.351 [Wrapped] rad=1.2211 trans=8.6289
  Choice 4: inliner= 32 score=0.755 density=18.236 [Wrapped] rad=2.8462 trans=8.0251
  Choice 5: inliner= 32 score=0.553 density=20.605 [Wrapped] rad=3.0334 trans=3.0397
  Choice 6: inliner= 36 score=0.604 density=22.445 [Wrapped] rad=2.1742 trans=13.2752
  -> Best Match for GT: Choice 1 (rad_err=0.0948)
[GT AUDIT] Edge 1-6 (GT=1) Candidates: 1
  Choice 1: inliner= 34 score=0.414 density=24.045 [Wrapped] rad=2.5977 trans=35.8661
  -> Best Match for GT: Choice 1 (rad_err=2.5977)
[GT AUDIT] Edge 1-7 (GT=1) Candidates: 5
  Choice 1: inliner= 28 score=0.582 density=17.703 [Wrapped] rad=2.2734 trans=120.0161
  Choice 2: inliner= 28 score=0.594 density=17.566 [Wrapped] rad=2.1696 trans=107.8243
  Choice 3: inliner= 56 score=0.290 density=43.421 [Wrapped] rad=2.0728 trans=105.5251
  Choice 4: inliner= 24 score=0.621 density=14.806 [Wrapped] rad=2.2268 trans=104.4575
  Choice 5: inliner= 34 score=0.376 density=24.712 [Wrapped] rad=2.3528 trans=103.6445
  -> Best Match for GT: Choice 3 (rad_err=2.0728)
[GT AUDIT] Edge 2-4 (GT=1) Candidates: 2
  Choice 1: inliner=  8 score=1.102 density=3.806 [Wrapped] rad=0.5360 trans=16.9002
  Choice 2: inliner= 18 score=0.522 density=11.828 [Wrapped] rad=2.4190 trans=7.7697
  -> Best Match for GT: Choice 1 (rad_err=0.5360)
[GT AUDIT] Edge 2-5 (GT=1) Candidates: 2
  Choice 1: inliner= 42 score=0.400 density=30.005 [Wrapped] rad=0.0479 trans=3.1318 [VALID GT MATCH]
  Choice 2: inliner= 38 score=0.299 density=29.256 [Wrapped] rad=2.3178 trans=12.2739
  -> Best Match for GT: Choice 1 (rad_err=0.0479)
[GT AUDIT] Edge 2-8 (GT=1) Candidates: 2
  Choice 1: inliner= 12 score=0.911 density=6.278 [Wrapped] rad=1.0112 trans=75.5576
  Choice 2: inliner= 34 score=0.272 density=26.722 [Wrapped] rad=2.5477 trans=70.0351
  -> Best Match for GT: Choice 1 (rad_err=1.0112)
[GT AUDIT] Edge 3-5 (GT=1) Candidates: 3
  Choice 1: inliner= 58 score=0.225 density=47.364 [Wrapped] rad=0.2140 trans=7.9950 [VALID GT MATCH]
  Choice 2: inliner= 52 score=0.447 density=35.940 [Wrapped] rad=0.1856 trans=12.2799 [VALID GT MATCH]
  Choice 3: inliner= 26 score=0.509 density=17.229 [Wrapped] rad=2.4796 trans=10.0883
  -> Best Match for GT: Choice 2 (rad_err=0.1856)
[GT AUDIT] Edge 3-6 (GT=1) Candidates: 1
  Choice 1: inliner= 22 score=0.673 density=13.150 [Wrapped] rad=0.6459 trans=5.0780
  -> Best Match for GT: Choice 1 (rad_err=0.6459)
[GT AUDIT] Edge 4-6 (GT=1) Candidates: 2
  Choice 1: inliner= 18 score=1.034 density=8.852 [Wrapped] rad=0.4328 trans=8.6296
  Choice 2: inliner= 28 score=0.471 density=19.032 [Wrapped] rad=2.7070 trans=9.2374
  -> Best Match for GT: Choice 1 (rad_err=0.4328)
[GT AUDIT] Edge 4-7 (GT=1) Candidates: 3
  Choice 1: inliner=  6 score=0.636 density=3.668 [Wrapped] rad=1.1219 trans=107.0722
  Choice 2: inliner= 30 score=0.343 density=22.344 [Wrapped] rad=1.9415 trans=100.4015
  Choice 3: inliner= 24 score=0.324 density=18.131 [Wrapped] rad=2.1278 trans=107.2245
  -> Best Match for GT: Choice 1 (rad_err=1.1219)
[GT AUDIT] Edge 4-8 (GT=1) Candidates: 3
  Choice 1: inliner= 30 score=0.461 density=20.531 [Wrapped] rad=0.0725 trans=34.8619 [VALID GT MATCH]
  Choice 2: inliner= 12 score=0.643 density=7.304 [Wrapped] rad=1.5240 trans=38.7635
  Choice 3: inliner= 32 score=0.340 density=23.873 [Wrapped] rad=1.1215 trans=37.9700
  -> Best Match for GT: Choice 1 (rad_err=0.0725)
[GT AUDIT] Edge 6-7 (GT=1) Candidates: 3
  Choice 1: inliner= 16 score=0.453 density=11.015 [Wrapped] rad=1.4529 trans=72.5507
  Choice 2: inliner= 49 score=0.330 density=36.853 [Wrapped] rad=1.3168 trans=38.1841
  Choice 3: inliner= 22 score=0.398 density=15.737 [Wrapped] rad=1.6299 trans=59.2112
  -> Best Match for GT: Choice 2 (rad_err=1.3168)
######################################################################
[GA] Generation 0 best fitness: -111533.3972
[GA] Generation 1 best fitness: -111533.3972
[GA] Generation 2 best fitness: -101224.4568
[GA] Generation 3 best fitness: -65630.0131
[GA] Generation 4 best fitness: -56012.1707
[GA] Generation 5 best fitness: -56012.1707
[GA] Generation 6 best fitness: -53076.5835
[GA] Generation 7 best fitness: -33717.1362
[GA] Generation 8 best fitness: -33717.1362
[GA] Generation 9 best fitness: -31355.3094
[GA] Generation 10 best fitness: -30354.8393
[GA] Generation 11 best fitness: -30354.8393
[GA] Generation 12 best fitness: -15778.4501
[GA] Generation 13 best fitness: -11562.0971
[GA] Generation 14 best fitness: -11562.0971
[GA] Generation 15 best fitness: -8265.6883
[GA] Generation 16 best fitness: -5359.8277
[GA] Generation 17 best fitness: -4688.7771
[GA] Generation 18 best fitness: -3354.4369
[GA] Generation 19 best fitness: -1470.2782
[GA] Generation 20 best fitness: -1470.2782
[GA] Generation 21 best fitness: -1470.2782
[GA] Generation 22 best fitness: -1233.1984
[GA] Generation 23 best fitness: -709.0887
[GA] Generation 24 best fitness: -709.0887
[GA] Generation 25 best fitness: -709.0887
[GA] Generation 26 best fitness: -709.0887
[GA] Generation 27 best fitness: -614.7305
[GA] Generation 28 best fitness: -517.7289
[GA] Generation 29 best fitness: -517.7289
[GA] Generation 30 best fitness: -517.7289
[GA] Generation 31 best fitness: -517.7289
[GA] Generation 32 best fitness: -517.7289
[GA] Generation 33 best fitness: -517.7289
[GA] Generation 34 best fitness: -517.7289
[GA] Generation 35 best fitness: -399.2883
[GA] Generation 36 best fitness: -399.2883
[GA] Generation 37 best fitness: -399.2883
[GA] Generation 38 best fitness: -67.0065
[GA] Generation 39 best fitness: -67.0065
[GA] Generation 40 best fitness: -67.0065
[GA] Generation 41 best fitness: -67.0065
[GA] Generation 42 best fitness: -67.0065
[GA] Generation 43 best fitness: -67.0065
[GA] Generation 44 best fitness: -67.0065
[GA] Generation 45 best fitness: -67.0065
[GA] Generation 46 best fitness: -67.0065
[GA] Generation 47 best fitness: -67.0065
[GA] Generation 48 best fitness: 34.6562
[GA] Generation 49 best fitness: 34.6562
[GA Iter 1] Best fitness: 34.6562 (improvement: 1000000034.6562)
GA converged after 1 iteration(s).
[CountResult DEBUG] Thresholds: rad=0.3500, trans=50.0000
[CountResult DEBUG] Edge 1-2 GT=1.0000 Pred=1.0000 rad_err=0.0312 trans_err=8.2082 => PASS
[CountResult DEBUG] Edge 1-3 GT=1.0000 Pred=1.0000 rad_err=0.0513 trans_err=16.7893 => PASS
[CountResult DEBUG] Edge 1-4 GT=1.0000 Pred=1.0000 rad_err=0.3698 trans_err=67.3070 => FAIL
[CountResult DEBUG] Edge 1-5 GT=1.0000 Pred=0.0000 rad_err=0.1439 trans_err=44.9999 => PASS
[CountResult DEBUG] Edge 1-6 GT=1.0000 Pred=1.0000 rad_err=0.1029 trans_err=26.6038 => PASS
[CountResult DEBUG] Edge 1-7 GT=1.0000 Pred=0.0000 rad_err=0.3701 trans_err=95.3645 => FAIL
[CountResult DEBUG] Edge 2-4 GT=1.0000 Pred=1.0000 rad_err=0.3777 trans_err=60.7558 => FAIL
[CountResult DEBUG] Edge 2-5 GT=1.0000 Pred=0.0000 rad_err=0.1729 trans_err=49.3204 => PASS
[CountResult DEBUG] Edge 2-8 GT=1.0000 Pred=0.0000 rad_err=0.3128 trans_err=51.2761 => FAIL
[CountResult DEBUG] Edge 3-5 GT=1.0000 Pred=1.0000 rad_err=0.1943 trans_err=31.8436 => PASS
[CountResult DEBUG] Edge 3-6 GT=1.0000 Pred=0.0000 rad_err=0.0954 trans_err=40.1256 => PASS
[CountResult DEBUG] Edge 4-6 GT=1.0000 Pred=0.0000 rad_err=0.2894 trans_err=31.6190 => PASS
[CountResult DEBUG] Edge 4-7 GT=1.0000 Pred=1.0000 rad_err=0.0919 trans_err=32.1382 => PASS
[CountResult DEBUG] Edge 4-8 GT=1.0000 Pred=1.0000 rad_err=0.0708 trans_err=10.8762 => PASS
[CountResult DEBUG] Edge 6-7 GT=1.0000 Pred=0.0000 rad_err=0.2827 trans_err=70.0779 => FAIL
[CountResult DEBUG] Sherd 1 gt_edges=6 matched_edges=4 => MATCHED
[CountResult DEBUG] Sherd 2 gt_edges=4 matched_edges=2 => MATCHED
[CountResult DEBUG] Sherd 3 gt_edges=3 matched_edges=3 => MATCHED
[CountResult DEBUG] Sherd 4 gt_edges=5 matched_edges=3 => MATCHED
[CountResult DEBUG] Sherd 5 gt_edges=3 matched_edges=3 => MATCHED
[CountResult DEBUG] Sherd 6 gt_edges=4 matched_edges=3 => MATCHED
[CountResult DEBUG] Sherd 7 gt_edges=3 matched_edges=1 => MATCHED
[CountResult DEBUG] Sherd 8 gt_edges=2 matched_edges=1 => MATCHED
Sherd accuracy : 8 / 8 (100.0000%)
Edge accuracy : 8 / 15 (53.3333%)
########## Pre-ICP GA Results ##########
Sherd Accuracy : 8 / 8
Edge Accuracy  : 8 / 15
########################################
#################### Post-GA Global ICP Refinement ####################
#################### Fine reconstruction is converge ####################
[CountResult DEBUG] Thresholds: rad=0.3500, trans=50.0000
[CountResult DEBUG] Edge 1-2 GT=1.0000 Pred=1.0000 rad_err=0.0420 trans_err=15.2564 => PASS
[CountResult DEBUG] Edge 1-3 GT=1.0000 Pred=1.0000 rad_err=0.0316 trans_err=9.0242 => PASS
[CountResult DEBUG] Edge 1-4 GT=1.0000 Pred=1.0000 rad_err=0.0270 trans_err=10.3195 => PASS
[CountResult DEBUG] Edge 1-5 GT=1.0000 Pred=1.0000 rad_err=0.0578 trans_err=14.7603 => PASS
[CountResult DEBUG] Edge 1-6 GT=1.0000 Pred=1.0000 rad_err=0.0034 trans_err=3.7782 => PASS
[CountResult DEBUG] Edge 1-7 GT=1.0000 Pred=1.0000 rad_err=0.0209 trans_err=5.2415 => PASS
[CountResult DEBUG] Edge 2-4 GT=1.0000 Pred=1.0000 rad_err=0.0319 trans_err=10.2430 => PASS
[CountResult DEBUG] Edge 2-5 GT=1.0000 Pred=1.0000 rad_err=0.0783 trans_err=13.0801 => PASS
[CountResult DEBUG] Edge 2-8 GT=1.0000 Pred=1.0000 rad_err=0.0755 trans_err=8.8613 => PASS
[CountResult DEBUG] Edge 3-5 GT=1.0000 Pred=1.0000 rad_err=0.0270 trans_err=4.8940 => PASS
[CountResult DEBUG] Edge 3-6 GT=1.0000 Pred=1.0000 rad_err=0.0319 trans_err=8.4212 => PASS
[CountResult DEBUG] Edge 4-6 GT=1.0000 Pred=1.0000 rad_err=0.0242 trans_err=6.3329 => PASS
[CountResult DEBUG] Edge 4-7 GT=1.0000 Pred=1.0000 rad_err=0.0397 trans_err=11.7871 => PASS
[CountResult DEBUG] Edge 4-8 GT=1.0000 Pred=1.0000 rad_err=0.0675 trans_err=17.8088 => PASS
[CountResult DEBUG] Edge 6-7 GT=1.0000 Pred=1.0000 rad_err=0.0220 trans_err=8.7749 => PASS
[CountResult DEBUG] Sherd 1 gt_edges=6 matched_edges=6 => MATCHED
[CountResult DEBUG] Sherd 2 gt_edges=4 matched_edges=4 => MATCHED
[CountResult DEBUG] Sherd 3 gt_edges=3 matched_edges=3 => MATCHED
[CountResult DEBUG] Sherd 4 gt_edges=5 matched_edges=5 => MATCHED
[CountResult DEBUG] Sherd 5 gt_edges=3 matched_edges=3 => MATCHED
[CountResult DEBUG] Sherd 6 gt_edges=4 matched_edges=4 => MATCHED
[CountResult DEBUG] Sherd 7 gt_edges=3 matched_edges=3 => MATCHED
[CountResult DEBUG] Sherd 8 gt_edges=2 matched_edges=2 => MATCHED
Sherd accuracy : 8 / 8 (100.0000%)
Edge accuracy : 15 / 15 (100.0000%)
########## Post-ICP Global Results ##########
Sherd Accuracy : 8 / 8
Edge Accuracy  : 15 / 15
########################################
#################### Post-GA Incremental ICP Refinement ####################
[CountResult DEBUG] Thresholds: rad=0.3500, trans=50.0000
[CountResult DEBUG] Edge 1-2 GT=1.0000 Pred=1.0000 rad_err=0.0219 trans_err=7.0312 => PASS
[CountResult DEBUG] Edge 1-3 GT=1.0000 Pred=1.0000 rad_err=1.0859 trans_err=124.1666 => FAIL
[CountResult DEBUG] Edge 1-4 GT=1.0000 Pred=1.0000 rad_err=2.6310 trans_err=296.2904 => FAIL
[CountResult DEBUG] Edge 1-5 GT=1.0000 Pred=0.0000 rad_err=0.0703 trans_err=12.5033 => PASS
[CountResult DEBUG] Edge 1-6 GT=1.0000 Pred=1.0000 rad_err=0.2597 trans_err=46.4342 => PASS
[CountResult DEBUG] Edge 1-7 GT=1.0000 Pred=0.0000 rad_err=0.2017 trans_err=36.6040 => PASS
[CountResult DEBUG] Edge 2-4 GT=1.0000 Pred=1.0000 rad_err=2.6298 trans_err=274.3002 => FAIL
[CountResult DEBUG] Edge 2-5 GT=1.0000 Pred=0.0000 rad_err=0.0597 trans_err=10.0998 => PASS
[CountResult DEBUG] Edge 2-8 GT=1.0000 Pred=0.0000 rad_err=2.2444 trans_err=268.1094 => FAIL
[CountResult DEBUG] Edge 3-5 GT=1.0000 Pred=1.0000 rad_err=1.1408 trans_err=386.3026 => FAIL
[CountResult DEBUG] Edge 3-6 GT=1.0000 Pred=0.0000 rad_err=0.8301 trans_err=291.9431 => FAIL
[CountResult DEBUG] Edge 4-6 GT=1.0000 Pred=0.0000 rad_err=2.8893 trans_err=291.0520 => FAIL
[CountResult DEBUG] Edge 4-7 GT=1.0000 Pred=1.0000 rad_err=2.8171 trans_err=284.8401 => FAIL
[CountResult DEBUG] Edge 4-8 GT=1.0000 Pred=1.0000 rad_err=1.4105 trans_err=210.9393 => FAIL
[CountResult DEBUG] Edge 6-7 GT=1.0000 Pred=0.0000 rad_err=0.0953 trans_err=12.3882 => PASS
[CountResult DEBUG] Sherd 1 gt_edges=6 matched_edges=4 => MATCHED
[CountResult DEBUG] Sherd 2 gt_edges=4 matched_edges=2 => MATCHED
[CountResult DEBUG] Sherd 3 gt_edges=3 matched_edges=0 => MISSED
[CountResult DEBUG] Sherd 4 gt_edges=5 matched_edges=0 => MISSED
[CountResult DEBUG] Sherd 5 gt_edges=3 matched_edges=2 => MATCHED
[CountResult DEBUG] Sherd 6 gt_edges=4 matched_edges=2 => MATCHED
[CountResult DEBUG] Sherd 7 gt_edges=3 matched_edges=2 => MATCHED
[CountResult DEBUG] Sherd 8 gt_edges=2 matched_edges=0 => MISSED
Sherd accuracy : 5 / 8 (62.5000%)
Edge accuracy : 5 / 15 (33.3333%)
########## Post-ICP Incremental Results ##########
Sherd Accuracy : 5 / 8
Edge Accuracy  : 5 / 15
########################################
########## Final Refined Results ##########
Selected Stage      : Post-ICP Global (selected in compare)
Final Sherd Accuracy : 8 / 8
Final Edge Accuracy  : 15 / 15
Total Runtime        : 344447.1680 sec
###########################################
Showing Refined assembly. Press 'G' to toggle Ground Truth comparison! Press 'Q' to quit.
[0;mScreenshot (screenshot-1777437004.png) and camera information (screenshot-1777437004.cam) successfully captured.
[0;mScreenshot (screenshot-1777437010.png) and camera information (screenshot-1777437010.cam) successfully captured.
