
--- COLLISION CLOUD SUMMARY ---
  Params: voxel=5 edge_exclusion=2 epsilon=2.5 max_points=300
  Sherd 1: in=19463 out=17145 filtered=1717 candidate=34891 voxel=885 final=885 radius=70.944
  Sherd 2: in=12178 out=13455 filtered=1288 candidate=24345 voxel=559 final=559 radius=62.580
  Sherd 3: in=11577 out=12798 filtered=1397 candidate=22978 voxel=498 final=498 radius=53.271
  Sherd 4: in=9399 out=10462 filtered=1246 candidate=18615 voxel=410 final=410 radius=53.112
  Sherd 5: in=9309 out=9798 filtered=1420 candidate=17687 voxel=432 final=432 radius=56.575
  Sherd 6: in=6574 out=7317 filtered=1285 candidate=12606 voxel=320 final=320 radius=63.231
  Sherd 7: in=1745 out=1796 filtered=610 candidate=2931 voxel=85 final=85 radius=24.700
  Sherd 8: in=1576 out=1761 filtered=561 candidate=2776 voxel=78 final=78 radius=21.125
  Valid sherds=8 empty_clouds=0


--- GENERATION 0 BEST BREAKDOWN ---
  Total Fitness: 734.39
  Inlier Reward: 734.39
  Cycle Penalty: 0.00
  Overlap Penalty: 0.00
  Edge Residual Penalty: 0.00
  Edge Rot Residual Penalty: 0.00
  Connectivity Reward: 0.00
  Component Penalty: 0.00
  Largest Component: 8
  Num Components: 1
  Active Pairs: 26
  OverlapDiag Sum (indexed): 408.4637 (delta_vs_fitness=408.4637)
  OverlapDiag Pairs: total=28 same_comp=28 broad_reject=0 narrow_checked=28 active=13
  OverlapDiag Top Active Pairs:
    Pair (1,6) pen=107.1464 hits=33/85 hit_ratio=0.3882 avg_depth=0.3556 min_nn=0.1736
    Pair (3,4) pen=104.4541 hits=217/432 hit_ratio=0.5023 avg_depth=0.2304 min_nn=0.5320
    Pair (2,3) pen=31.8640 hits=20/498 hit_ratio=0.0463 avg_depth=0.3749 min_nn=0.2187
    Pair (1,3) pen=31.0031 hits=35/410 hit_ratio=0.0854 avg_depth=0.2239 min_nn=0.5347
    Pair (0,6) pen=25.7047 hits=8/85 hit_ratio=0.0941 avg_depth=0.4823 min_nn=0.6716

  --- ACTIVE GENE MAP ---
    Gene  0 (Pair  2- 1): choice=1 (inl=78)
    Gene  1 (Pair  3- 1): choice=3 (inl=100)
    Gene  2 (Pair  4- 1): choice=1 (inl=87)
    Gene  3 (Pair  5- 1): choice=1 (inl=65)
    Gene  4 (Pair  6- 1): choice=1 (inl=34)
    Gene  5 (Pair  7- 1): choice=5 (inl=34)
    Gene  6 (Pair  3- 2): choice=1 (inl=42)
    Gene  7 (Pair  4- 2): choice=1 (inl=8)
    Gene  8 (Pair  5- 2): choice=1 (inl=42)
    Gene  9 (Pair  6- 2): choice=1 (inl=18)
    Gene 10 (Pair  7- 2): choice=2 (inl=26)
    Gene 11 (Pair  8- 2): choice=2 (inl=34)
    Gene 12 (Pair  4- 3): choice=1 (inl=32)
    Gene 13 (Pair  5- 3): choice=1 (inl=58)
    Gene 14 (Pair  6- 3): choice=1 (inl=22)
    Gene 15 (Pair  7- 3): choice=1 (inl=20)
    Gene 16 (Pair  8- 3): choice=1 (inl=34)
    Gene 17 (Pair  5- 4): choice=2 (inl=46)
    Gene 18 (Pair  6- 4): choice=2 (inl=28)
    Gene 19 (Pair  7- 4): choice=2 (inl=30)
    Gene 20 (Pair  8- 4): choice=2 (inl=12)
    Gene 21 (Pair  6- 5): choice=2 (inl=46)
    Gene 22 (Pair  7- 5): choice=1 (inl=36)
    Gene 23 (Pair  8- 5): choice=1 (inl=32)
    Gene 24 (Pair  7- 6): choice=2 (inl=49)
    Gene 25 (Pair  8- 7): choice=1 (inl=18)

  --- SHARD 4 CANDIDATE ANALYSIS ---
    Pair (4-1): Selected=1 / 7 choices
      Choice 1: inliners=87 [SELECTED]
      Choice 2: inliners=52
      Choice 3: inliners=24
      Choice 4: inliners=24
      Choice 5: inliners=65
      Choice 6: inliners=57
      Choice 7: inliners=30
    Pair (4-2): Selected=1 / 2 choices
      Choice 1: inliners=8 [SELECTED]
      Choice 2: inliners=18
    Pair (4-3): Selected=1 / 2 choices
      Choice 1: inliners=32 [SELECTED]
      Choice 2: inliners=0
    Pair (5-4): Selected=2 / 3 choices
      Choice 1: inliners=20
      Choice 2: inliners=46 [SELECTED]
      Choice 3: inliners=18
    Pair (6-4): Selected=2 / 2 choices
      Choice 1: inliners=18
      Choice 2: inliners=28 [SELECTED]
    Pair (7-4): Selected=2 / 3 choices
      Choice 1: inliners=6
      Choice 2: inliners=30 [SELECTED]
      Choice 3: inliners=24
    Pair (8-4): Selected=2 / 3 choices
      Choice 1: inliners=30
      Choice 2: inliners=12 [SELECTED]
      Choice 3: inliners=32


--- GENERATION 10 BEST BREAKDOWN ---
  Total Fitness: 777.69
  Inlier Reward: 777.69
  Cycle Penalty: 0.00
  Overlap Penalty: 0.00
  Edge Residual Penalty: 0.00
  Edge Rot Residual Penalty: 0.00
  Connectivity Reward: 0.00
  Component Penalty: 0.00
  Largest Component: 8
  Num Components: 1
  Active Pairs: 26
  OverlapDiag Sum (indexed): 307.7193 (delta_vs_fitness=307.7193)
  OverlapDiag Pairs: total=28 same_comp=28 broad_reject=0 narrow_checked=28 active=12
  OverlapDiag Top Active Pairs:
    Pair (3,4) pen=104.4541 hits=217/432 hit_ratio=0.5023 avg_depth=0.2304 min_nn=0.5320
    Pair (0,6) pen=32.1067 hits=12/85 hit_ratio=0.1412 avg_depth=0.3359 min_nn=0.9568
    Pair (2,3) pen=31.8640 hits=20/498 hit_ratio=0.0463 avg_depth=0.3749 min_nn=0.2187
    Pair (1,3) pen=31.0031 hits=35/410 hit_ratio=0.0854 avg_depth=0.2239 min_nn=0.5347
    Pair (0,2) pen=25.2388 hits=24/885 hit_ratio=0.0482 avg_depth=0.2607 min_nn=0.9367

  --- ACTIVE GENE MAP ---
    Gene  0 (Pair  2- 1): choice=1 (inl=78)
    Gene  1 (Pair  3- 1): choice=3 (inl=100)
    Gene  2 (Pair  4- 1): choice=1 (inl=87)
    Gene  3 (Pair  5- 1): choice=1 (inl=65)
    Gene  4 (Pair  6- 1): choice=1 (inl=34)
    Gene  5 (Pair  7- 1): choice=3 (inl=56)
    Gene  6 (Pair  3- 2): choice=1 (inl=42)
    Gene  7 (Pair  4- 2): choice=2 (inl=18)
    Gene  8 (Pair  5- 2): choice=1 (inl=42)
    Gene  9 (Pair  6- 2): choice=1 (inl=18)
    Gene 10 (Pair  7- 2): choice=2 (inl=26)
    Gene 11 (Pair  8- 2): choice=2 (inl=34)
    Gene 12 (Pair  4- 3): choice=1 (inl=32)
    Gene 13 (Pair  5- 3): choice=1 (inl=58)
    Gene 14 (Pair  6- 3): choice=1 (inl=22)
    Gene 15 (Pair  7- 3): choice=1 (inl=20)
    Gene 16 (Pair  8- 3): choice=1 (inl=34)
    Gene 17 (Pair  5- 4): choice=2 (inl=46)
    Gene 18 (Pair  6- 4): choice=2 (inl=28)
    Gene 19 (Pair  7- 4): choice=2 (inl=30)
    Gene 20 (Pair  8- 4): choice=3 (inl=32)
    Gene 21 (Pair  6- 5): choice=2 (inl=46)
    Gene 22 (Pair  7- 5): choice=1 (inl=36)
    Gene 23 (Pair  8- 5): choice=1 (inl=32)
    Gene 24 (Pair  7- 6): choice=2 (inl=49)
    Gene 25 (Pair  8- 7): choice=1 (inl=18)

  --- SHARD 4 CANDIDATE ANALYSIS ---
    Pair (4-1): Selected=1 / 7 choices
      Choice 1: inliners=87 [SELECTED]
      Choice 2: inliners=52
      Choice 3: inliners=24
      Choice 4: inliners=24
      Choice 5: inliners=65
      Choice 6: inliners=57
      Choice 7: inliners=30
    Pair (4-2): Selected=2 / 2 choices
      Choice 1: inliners=8
      Choice 2: inliners=18 [SELECTED]
    Pair (4-3): Selected=1 / 2 choices
      Choice 1: inliners=32 [SELECTED]
      Choice 2: inliners=0
    Pair (5-4): Selected=2 / 3 choices
      Choice 1: inliners=20
      Choice 2: inliners=46 [SELECTED]
      Choice 3: inliners=18
    Pair (6-4): Selected=2 / 2 choices
      Choice 1: inliners=18
      Choice 2: inliners=28 [SELECTED]
    Pair (7-4): Selected=2 / 3 choices
      Choice 1: inliners=6
      Choice 2: inliners=30 [SELECTED]
      Choice 3: inliners=24
    Pair (8-4): Selected=3 / 3 choices
      Choice 1: inliners=30
      Choice 2: inliners=12
      Choice 3: inliners=32 [SELECTED]


--- GENERATION 20 BEST BREAKDOWN ---
  Total Fitness: 777.69
  Inlier Reward: 777.69
  Cycle Penalty: 0.00
  Overlap Penalty: 0.00
  Edge Residual Penalty: 0.00
  Edge Rot Residual Penalty: 0.00
  Connectivity Reward: 0.00
  Component Penalty: 0.00
  Largest Component: 8
  Num Components: 1
  Active Pairs: 26
  OverlapDiag Sum (indexed): 307.7193 (delta_vs_fitness=307.7193)
  OverlapDiag Pairs: total=28 same_comp=28 broad_reject=0 narrow_checked=28 active=12
  OverlapDiag Top Active Pairs:
    Pair (3,4) pen=104.4541 hits=217/432 hit_ratio=0.5023 avg_depth=0.2304 min_nn=0.5320
    Pair (0,6) pen=32.1067 hits=12/85 hit_ratio=0.1412 avg_depth=0.3359 min_nn=0.9568
    Pair (2,3) pen=31.8640 hits=20/498 hit_ratio=0.0463 avg_depth=0.3749 min_nn=0.2187
    Pair (1,3) pen=31.0031 hits=35/410 hit_ratio=0.0854 avg_depth=0.2239 min_nn=0.5347
    Pair (0,2) pen=25.2388 hits=24/885 hit_ratio=0.0482 avg_depth=0.2607 min_nn=0.9367

  --- ACTIVE GENE MAP ---
    Gene  0 (Pair  2- 1): choice=1 (inl=78)
    Gene  1 (Pair  3- 1): choice=3 (inl=100)
    Gene  2 (Pair  4- 1): choice=1 (inl=87)
    Gene  3 (Pair  5- 1): choice=1 (inl=65)
    Gene  4 (Pair  6- 1): choice=1 (inl=34)
    Gene  5 (Pair  7- 1): choice=3 (inl=56)
    Gene  6 (Pair  3- 2): choice=1 (inl=42)
    Gene  7 (Pair  4- 2): choice=2 (inl=18)
    Gene  8 (Pair  5- 2): choice=1 (inl=42)
    Gene  9 (Pair  6- 2): choice=1 (inl=18)
    Gene 10 (Pair  7- 2): choice=2 (inl=26)
    Gene 11 (Pair  8- 2): choice=2 (inl=34)
    Gene 12 (Pair  4- 3): choice=1 (inl=32)
    Gene 13 (Pair  5- 3): choice=1 (inl=58)
    Gene 14 (Pair  6- 3): choice=1 (inl=22)
    Gene 15 (Pair  7- 3): choice=1 (inl=20)
    Gene 16 (Pair  8- 3): choice=1 (inl=34)
    Gene 17 (Pair  5- 4): choice=2 (inl=46)
    Gene 18 (Pair  6- 4): choice=2 (inl=28)
    Gene 19 (Pair  7- 4): choice=2 (inl=30)
    Gene 20 (Pair  8- 4): choice=3 (inl=32)
    Gene 21 (Pair  6- 5): choice=2 (inl=46)
    Gene 22 (Pair  7- 5): choice=1 (inl=36)
    Gene 23 (Pair  8- 5): choice=1 (inl=32)
    Gene 24 (Pair  7- 6): choice=2 (inl=49)
    Gene 25 (Pair  8- 7): choice=1 (inl=18)

  --- SHARD 4 CANDIDATE ANALYSIS ---
    Pair (4-1): Selected=1 / 7 choices
      Choice 1: inliners=87 [SELECTED]
      Choice 2: inliners=52
      Choice 3: inliners=24
      Choice 4: inliners=24
      Choice 5: inliners=65
      Choice 6: inliners=57
      Choice 7: inliners=30
    Pair (4-2): Selected=2 / 2 choices
      Choice 1: inliners=8
      Choice 2: inliners=18 [SELECTED]
    Pair (4-3): Selected=1 / 2 choices
      Choice 1: inliners=32 [SELECTED]
      Choice 2: inliners=0
    Pair (5-4): Selected=2 / 3 choices
      Choice 1: inliners=20
      Choice 2: inliners=46 [SELECTED]
      Choice 3: inliners=18
    Pair (6-4): Selected=2 / 2 choices
      Choice 1: inliners=18
      Choice 2: inliners=28 [SELECTED]
    Pair (7-4): Selected=2 / 3 choices
      Choice 1: inliners=6
      Choice 2: inliners=30 [SELECTED]
      Choice 3: inliners=24
    Pair (8-4): Selected=3 / 3 choices
      Choice 1: inliners=30
      Choice 2: inliners=12
      Choice 3: inliners=32 [SELECTED]


--- GENERATION 30 BEST BREAKDOWN ---
  Total Fitness: 777.69
  Inlier Reward: 777.69
  Cycle Penalty: 0.00
  Overlap Penalty: 0.00
  Edge Residual Penalty: 0.00
  Edge Rot Residual Penalty: 0.00
  Connectivity Reward: 0.00
  Component Penalty: 0.00
  Largest Component: 8
  Num Components: 1
  Active Pairs: 26
  OverlapDiag Sum (indexed): 307.7193 (delta_vs_fitness=307.7193)
  OverlapDiag Pairs: total=28 same_comp=28 broad_reject=0 narrow_checked=28 active=12
  OverlapDiag Top Active Pairs:
    Pair (3,4) pen=104.4541 hits=217/432 hit_ratio=0.5023 avg_depth=0.2304 min_nn=0.5320
    Pair (0,6) pen=32.1067 hits=12/85 hit_ratio=0.1412 avg_depth=0.3359 min_nn=0.9568
    Pair (2,3) pen=31.8640 hits=20/498 hit_ratio=0.0463 avg_depth=0.3749 min_nn=0.2187
    Pair (1,3) pen=31.0031 hits=35/410 hit_ratio=0.0854 avg_depth=0.2239 min_nn=0.5347
    Pair (0,2) pen=25.2388 hits=24/885 hit_ratio=0.0482 avg_depth=0.2607 min_nn=0.9367

  --- ACTIVE GENE MAP ---
    Gene  0 (Pair  2- 1): choice=1 (inl=78)
    Gene  1 (Pair  3- 1): choice=3 (inl=100)
    Gene  2 (Pair  4- 1): choice=1 (inl=87)
    Gene  3 (Pair  5- 1): choice=1 (inl=65)
    Gene  4 (Pair  6- 1): choice=1 (inl=34)
    Gene  5 (Pair  7- 1): choice=3 (inl=56)
    Gene  6 (Pair  3- 2): choice=1 (inl=42)
    Gene  7 (Pair  4- 2): choice=2 (inl=18)
    Gene  8 (Pair  5- 2): choice=1 (inl=42)
    Gene  9 (Pair  6- 2): choice=1 (inl=18)
    Gene 10 (Pair  7- 2): choice=2 (inl=26)
    Gene 11 (Pair  8- 2): choice=2 (inl=34)
    Gene 12 (Pair  4- 3): choice=1 (inl=32)
    Gene 13 (Pair  5- 3): choice=1 (inl=58)
    Gene 14 (Pair  6- 3): choice=1 (inl=22)
    Gene 15 (Pair  7- 3): choice=1 (inl=20)
    Gene 16 (Pair  8- 3): choice=1 (inl=34)
    Gene 17 (Pair  5- 4): choice=2 (inl=46)
    Gene 18 (Pair  6- 4): choice=2 (inl=28)
    Gene 19 (Pair  7- 4): choice=2 (inl=30)
    Gene 20 (Pair  8- 4): choice=3 (inl=32)
    Gene 21 (Pair  6- 5): choice=2 (inl=46)
    Gene 22 (Pair  7- 5): choice=1 (inl=36)
    Gene 23 (Pair  8- 5): choice=1 (inl=32)
    Gene 24 (Pair  7- 6): choice=2 (inl=49)
    Gene 25 (Pair  8- 7): choice=1 (inl=18)

  --- SHARD 4 CANDIDATE ANALYSIS ---
    Pair (4-1): Selected=1 / 7 choices
      Choice 1: inliners=87 [SELECTED]
      Choice 2: inliners=52
      Choice 3: inliners=24
      Choice 4: inliners=24
      Choice 5: inliners=65
      Choice 6: inliners=57
      Choice 7: inliners=30
    Pair (4-2): Selected=2 / 2 choices
      Choice 1: inliners=8
      Choice 2: inliners=18 [SELECTED]
    Pair (4-3): Selected=1 / 2 choices
      Choice 1: inliners=32 [SELECTED]
      Choice 2: inliners=0
    Pair (5-4): Selected=2 / 3 choices
      Choice 1: inliners=20
      Choice 2: inliners=46 [SELECTED]
      Choice 3: inliners=18
    Pair (6-4): Selected=2 / 2 choices
      Choice 1: inliners=18
      Choice 2: inliners=28 [SELECTED]
    Pair (7-4): Selected=2 / 3 choices
      Choice 1: inliners=6
      Choice 2: inliners=30 [SELECTED]
      Choice 3: inliners=24
    Pair (8-4): Selected=3 / 3 choices
      Choice 1: inliners=30
      Choice 2: inliners=12
      Choice 3: inliners=32 [SELECTED]


--- GENERATION 40 BEST BREAKDOWN ---
  Total Fitness: 777.69
  Inlier Reward: 777.69
  Cycle Penalty: 0.00
  Overlap Penalty: 0.00
  Edge Residual Penalty: 0.00
  Edge Rot Residual Penalty: 0.00
  Connectivity Reward: 0.00
  Component Penalty: 0.00
  Largest Component: 8
  Num Components: 1
  Active Pairs: 26
  OverlapDiag Sum (indexed): 307.7193 (delta_vs_fitness=307.7193)
  OverlapDiag Pairs: total=28 same_comp=28 broad_reject=0 narrow_checked=28 active=12
  OverlapDiag Top Active Pairs:
    Pair (3,4) pen=104.4541 hits=217/432 hit_ratio=0.5023 avg_depth=0.2304 min_nn=0.5320
    Pair (0,6) pen=32.1067 hits=12/85 hit_ratio=0.1412 avg_depth=0.3359 min_nn=0.9568
    Pair (2,3) pen=31.8640 hits=20/498 hit_ratio=0.0463 avg_depth=0.3749 min_nn=0.2187
    Pair (1,3) pen=31.0031 hits=35/410 hit_ratio=0.0854 avg_depth=0.2239 min_nn=0.5347
    Pair (0,2) pen=25.2388 hits=24/885 hit_ratio=0.0482 avg_depth=0.2607 min_nn=0.9367

  --- ACTIVE GENE MAP ---
    Gene  0 (Pair  2- 1): choice=1 (inl=78)
    Gene  1 (Pair  3- 1): choice=3 (inl=100)
    Gene  2 (Pair  4- 1): choice=1 (inl=87)
    Gene  3 (Pair  5- 1): choice=1 (inl=65)
    Gene  4 (Pair  6- 1): choice=1 (inl=34)
    Gene  5 (Pair  7- 1): choice=3 (inl=56)
    Gene  6 (Pair  3- 2): choice=1 (inl=42)
    Gene  7 (Pair  4- 2): choice=2 (inl=18)
    Gene  8 (Pair  5- 2): choice=1 (inl=42)
    Gene  9 (Pair  6- 2): choice=1 (inl=18)
    Gene 10 (Pair  7- 2): choice=2 (inl=26)
    Gene 11 (Pair  8- 2): choice=2 (inl=34)
    Gene 12 (Pair  4- 3): choice=1 (inl=32)
    Gene 13 (Pair  5- 3): choice=1 (inl=58)
    Gene 14 (Pair  6- 3): choice=1 (inl=22)
    Gene 15 (Pair  7- 3): choice=1 (inl=20)
    Gene 16 (Pair  8- 3): choice=1 (inl=34)
    Gene 17 (Pair  5- 4): choice=2 (inl=46)
    Gene 18 (Pair  6- 4): choice=2 (inl=28)
    Gene 19 (Pair  7- 4): choice=2 (inl=30)
    Gene 20 (Pair  8- 4): choice=3 (inl=32)
    Gene 21 (Pair  6- 5): choice=2 (inl=46)
    Gene 22 (Pair  7- 5): choice=1 (inl=36)
    Gene 23 (Pair  8- 5): choice=1 (inl=32)
    Gene 24 (Pair  7- 6): choice=2 (inl=49)
    Gene 25 (Pair  8- 7): choice=1 (inl=18)

  --- SHARD 4 CANDIDATE ANALYSIS ---
    Pair (4-1): Selected=1 / 7 choices
      Choice 1: inliners=87 [SELECTED]
      Choice 2: inliners=52
      Choice 3: inliners=24
      Choice 4: inliners=24
      Choice 5: inliners=65
      Choice 6: inliners=57
      Choice 7: inliners=30
    Pair (4-2): Selected=2 / 2 choices
      Choice 1: inliners=8
      Choice 2: inliners=18 [SELECTED]
    Pair (4-3): Selected=1 / 2 choices
      Choice 1: inliners=32 [SELECTED]
      Choice 2: inliners=0
    Pair (5-4): Selected=2 / 3 choices
      Choice 1: inliners=20
      Choice 2: inliners=46 [SELECTED]
      Choice 3: inliners=18
    Pair (6-4): Selected=2 / 2 choices
      Choice 1: inliners=18
      Choice 2: inliners=28 [SELECTED]
    Pair (7-4): Selected=2 / 3 choices
      Choice 1: inliners=6
      Choice 2: inliners=30 [SELECTED]
      Choice 3: inliners=24
    Pair (8-4): Selected=3 / 3 choices
      Choice 1: inliners=30
      Choice 2: inliners=12
      Choice 3: inliners=32 [SELECTED]


--- GENERATION 50 BEST BREAKDOWN ---
  Total Fitness: 777.69
  Inlier Reward: 777.69
  Cycle Penalty: 0.00
  Overlap Penalty: 0.00
  Edge Residual Penalty: 0.00
  Edge Rot Residual Penalty: 0.00
  Connectivity Reward: 0.00
  Component Penalty: 0.00
  Largest Component: 8
  Num Components: 1
  Active Pairs: 26
  OverlapDiag Sum (indexed): 307.7193 (delta_vs_fitness=307.7193)
  OverlapDiag Pairs: total=28 same_comp=28 broad_reject=0 narrow_checked=28 active=12
  OverlapDiag Top Active Pairs:
    Pair (3,4) pen=104.4541 hits=217/432 hit_ratio=0.5023 avg_depth=0.2304 min_nn=0.5320
    Pair (0,6) pen=32.1067 hits=12/85 hit_ratio=0.1412 avg_depth=0.3359 min_nn=0.9568
    Pair (2,3) pen=31.8640 hits=20/498 hit_ratio=0.0463 avg_depth=0.3749 min_nn=0.2187
    Pair (1,3) pen=31.0031 hits=35/410 hit_ratio=0.0854 avg_depth=0.2239 min_nn=0.5347
    Pair (0,2) pen=25.2388 hits=24/885 hit_ratio=0.0482 avg_depth=0.2607 min_nn=0.9367

  --- ACTIVE GENE MAP ---
    Gene  0 (Pair  2- 1): choice=1 (inl=78)
    Gene  1 (Pair  3- 1): choice=3 (inl=100)
    Gene  2 (Pair  4- 1): choice=1 (inl=87)
    Gene  3 (Pair  5- 1): choice=1 (inl=65)
    Gene  4 (Pair  6- 1): choice=1 (inl=34)
    Gene  5 (Pair  7- 1): choice=3 (inl=56)
    Gene  6 (Pair  3- 2): choice=1 (inl=42)
    Gene  7 (Pair  4- 2): choice=2 (inl=18)
    Gene  8 (Pair  5- 2): choice=1 (inl=42)
    Gene  9 (Pair  6- 2): choice=1 (inl=18)
    Gene 10 (Pair  7- 2): choice=2 (inl=26)
    Gene 11 (Pair  8- 2): choice=2 (inl=34)
    Gene 12 (Pair  4- 3): choice=1 (inl=32)
    Gene 13 (Pair  5- 3): choice=1 (inl=58)
    Gene 14 (Pair  6- 3): choice=1 (inl=22)
    Gene 15 (Pair  7- 3): choice=1 (inl=20)
    Gene 16 (Pair  8- 3): choice=1 (inl=34)
    Gene 17 (Pair  5- 4): choice=2 (inl=46)
    Gene 18 (Pair  6- 4): choice=2 (inl=28)
    Gene 19 (Pair  7- 4): choice=2 (inl=30)
    Gene 20 (Pair  8- 4): choice=3 (inl=32)
    Gene 21 (Pair  6- 5): choice=2 (inl=46)
    Gene 22 (Pair  7- 5): choice=1 (inl=36)
    Gene 23 (Pair  8- 5): choice=1 (inl=32)
    Gene 24 (Pair  7- 6): choice=2 (inl=49)
    Gene 25 (Pair  8- 7): choice=1 (inl=18)

  --- SHARD 4 CANDIDATE ANALYSIS ---
    Pair (4-1): Selected=1 / 7 choices
      Choice 1: inliners=87 [SELECTED]
      Choice 2: inliners=52
      Choice 3: inliners=24
      Choice 4: inliners=24
      Choice 5: inliners=65
      Choice 6: inliners=57
      Choice 7: inliners=30
    Pair (4-2): Selected=2 / 2 choices
      Choice 1: inliners=8
      Choice 2: inliners=18 [SELECTED]
    Pair (4-3): Selected=1 / 2 choices
      Choice 1: inliners=32 [SELECTED]
      Choice 2: inliners=0
    Pair (5-4): Selected=2 / 3 choices
      Choice 1: inliners=20
      Choice 2: inliners=46 [SELECTED]
      Choice 3: inliners=18
    Pair (6-4): Selected=2 / 2 choices
      Choice 1: inliners=18
      Choice 2: inliners=28 [SELECTED]
    Pair (7-4): Selected=2 / 3 choices
      Choice 1: inliners=6
      Choice 2: inliners=30 [SELECTED]
      Choice 3: inliners=24
    Pair (8-4): Selected=3 / 3 choices
      Choice 1: inliners=30
      Choice 2: inliners=12
      Choice 3: inliners=32 [SELECTED]


--- COLLISION AUDIT [FINAL BEST] ---
  Fitness overlap penalty: 0.0000
  Recomputed indexed overlap sum: 307.7193 (delta=307.7193)
  Pair counts: total=28 same_comp=28 broad_reject=0 narrow_checked=28 active=12
  Pair (0,1): center_dist=0.000 broad_radius=0.000 min_nn=0.914 hits=10/885 hit_ratio=0.011 avg_depth=0.304 pair_pen=10.083 [!!!] ACTIVE COLLISION UNRESOLVED
  Pair (0,2): center_dist=0.000 broad_radius=0.000 min_nn=0.937 hits=24/885 hit_ratio=0.048 avg_depth=0.261 pair_pen=25.239 [!!!] ACTIVE COLLISION UNRESOLVED
  Pair (0,3): center_dist=0.000 broad_radius=0.000 min_nn=0.878 hits=11/885 hit_ratio=0.027 avg_depth=0.288 pair_pen=12.645 [!!!] ACTIVE COLLISION UNRESOLVED
  Pair (0,4): center_dist=0.000 broad_radius=0.000 min_nn=0.437 hits=10/885 hit_ratio=0.023 avg_depth=0.378 pair_pen=13.919 [!!!] ACTIVE COLLISION UNRESOLVED
  Pair (0,5): center_dist=0.000 broad_radius=0.000 min_nn=1.459 hits=7/320 hit_ratio=0.022 avg_depth=0.211 pair_pen=6.152 [!!!] ACTIVE COLLISION UNRESOLVED
  Pair (0,6): center_dist=0.000 broad_radius=0.000 min_nn=0.957 hits=12/85 hit_ratio=0.141 avg_depth=0.336 pair_pen=32.107 [!!!] ACTIVE COLLISION UNRESOLVED
  Pair (0,7): center_dist=0.000 broad_radius=0.000 min_nn=27.134 hits=0/885 hit_ratio=0.000 avg_depth=0.000 pair_pen=0.000 [OK] NARROW-PHASE CLEAR
  Pair (1,2): center_dist=0.000 broad_radius=0.000 min_nn=62.156 hits=0/559 hit_ratio=0.000 avg_depth=0.000 pair_pen=0.000 [OK] NARROW-PHASE CLEAR
  Pair (1,3): center_dist=0.000 broad_radius=0.000 min_nn=0.535 hits=35/410 hit_ratio=0.085 avg_depth=0.224 pair_pen=31.003 [!!!] ACTIVE COLLISION UNRESOLVED
  Pair (1,4): center_dist=0.000 broad_radius=0.000 min_nn=7.959 hits=0/559 hit_ratio=0.000 avg_depth=0.000 pair_pen=0.000 [OK] NARROW-PHASE CLEAR
  Pair (1,5): center_dist=0.000 broad_radius=0.000 min_nn=95.347 hits=0/559 hit_ratio=0.000 avg_depth=0.000 pair_pen=0.000 [OK] NARROW-PHASE CLEAR
  Pair (1,6): center_dist=0.000 broad_radius=0.000 min_nn=65.711 hits=0/559 hit_ratio=0.000 avg_depth=0.000 pair_pen=0.000 [OK] NARROW-PHASE CLEAR
  Pair (1,7): center_dist=0.000 broad_radius=0.000 min_nn=0.988 hits=6/78 hit_ratio=0.077 avg_depth=0.242 pair_pen=11.090 [!!!] ACTIVE COLLISION UNRESOLVED
  Pair (2,3): center_dist=0.000 broad_radius=0.000 min_nn=0.219 hits=20/498 hit_ratio=0.046 avg_depth=0.375 pair_pen=31.864 [!!!] ACTIVE COLLISION UNRESOLVED
  Pair (2,4): center_dist=0.000 broad_radius=0.000 min_nn=0.873 hits=23/432 hit_ratio=0.053 avg_depth=0.260 pair_pen=25.109 [!!!] ACTIVE COLLISION UNRESOLVED
  Pair (2,5): center_dist=0.000 broad_radius=0.000 min_nn=1.289 hits=5/320 hit_ratio=0.016 avg_depth=0.224 pair_pen=4.055 [!!!] ACTIVE COLLISION UNRESOLVED
  Pair (2,6): center_dist=0.000 broad_radius=0.000 min_nn=37.940 hits=0/498 hit_ratio=0.000 avg_depth=0.000 pair_pen=0.000 [OK] NARROW-PHASE CLEAR
  Pair (2,7): center_dist=0.000 broad_radius=0.000 min_nn=128.700 hits=0/498 hit_ratio=0.000 avg_depth=0.000 pair_pen=0.000 [OK] NARROW-PHASE CLEAR
  Pair (3,4): center_dist=0.000 broad_radius=0.000 min_nn=0.532 hits=217/432 hit_ratio=0.502 avg_depth=0.230 pair_pen=104.454 [!!!] ACTIVE COLLISION UNRESOLVED
  Pair (3,5): center_dist=0.000 broad_radius=0.000 min_nn=76.145 hits=0/410 hit_ratio=0.000 avg_depth=0.000 pair_pen=0.000 [OK] NARROW-PHASE CLEAR
  Pair (3,6): center_dist=0.000 broad_radius=0.000 min_nn=85.217 hits=0/410 hit_ratio=0.000 avg_depth=0.000 pair_pen=0.000 [OK] NARROW-PHASE CLEAR
  Pair (3,7): center_dist=0.000 broad_radius=0.000 min_nn=94.096 hits=0/410 hit_ratio=0.000 avg_depth=0.000 pair_pen=0.000 [OK] NARROW-PHASE CLEAR
  Pair (4,5): center_dist=0.000 broad_radius=0.000 min_nn=87.783 hits=0/432 hit_ratio=0.000 avg_depth=0.000 pair_pen=0.000 [OK] NARROW-PHASE CLEAR
  Pair (4,6): center_dist=0.000 broad_radius=0.000 min_nn=94.905 hits=0/432 hit_ratio=0.000 avg_depth=0.000 pair_pen=0.000 [OK] NARROW-PHASE CLEAR
  Pair (4,7): center_dist=0.000 broad_radius=0.000 min_nn=99.552 hits=0/432 hit_ratio=0.000 avg_depth=0.000 pair_pen=0.000 [OK] NARROW-PHASE CLEAR
  Pair (5,6): center_dist=0.000 broad_radius=0.000 min_nn=4.278 hits=0/320 hit_ratio=0.000 avg_depth=0.000 pair_pen=0.000 [OK] NARROW-PHASE CLEAR
  Pair (5,7): center_dist=0.000 broad_radius=0.000 min_nn=90.235 hits=0/320 hit_ratio=0.000 avg_depth=0.000 pair_pen=0.000 [OK] NARROW-PHASE CLEAR
  Pair (6,7): center_dist=0.000 broad_radius=0.000 min_nn=70.922 hits=0/85 hit_ratio=0.000 avg_depth=0.000 pair_pen=0.000 [OK] NARROW-PHASE CLEAR

