[ICP MODE] compare (flags: --icp-mode=global|incremental|compare)
#################### Pottery Data load ####################
Attempting to read file: /Dataset/SfS_pp/Axes/Pot_J_Piece_01_Axis.xyz
File opened successfully
Successfully read 3 points
Attempting to read PCD file: /Dataset/SfS_pp/Breaklines/Pot_J_Piece_01_Breakline_0.pcd
File opened successfully
Found 3 segments, 176 total points
Processing 176 points
Found 176 unique points
Successfully processed PCD file
Attempting to read XYZ file: /Dataset/SfS_pp/Surfaces/Pot_J_Piece_01_Surface_0.xyz
Found 13409 total points, reading 13409 points
Successfully read 13409 points
Attempting to read XYZ file: /Dataset/SfS_pp/Surfaces/Pot_J_Piece_01_Surface_1.xyz
Found 13814 total points, reading 13814 points
Successfully read 13814 points
Attempting to read PCD file: /Dataset/SfS_pp/Surfaces/Pot_J_Piece_01_Surface_F.pcd
Attempting to read file: /Dataset/SfS_pp/Axes/Pot_J_Piece_02_Axis.xyz
File opened successfully
Successfully read 1 points
Attempting to read PCD file: /Dataset/SfS_pp/Breaklines/Pot_J_Piece_02_Breakline_0.pcd
File opened successfully
Found 5 segments, 147 total points
Processing 147 points
Found 147 unique points
Successfully processed PCD file
Attempting to read XYZ file: /Dataset/SfS_pp/Surfaces/Pot_J_Piece_02_Surface_0.xyz
Found 11532 total points, reading 11532 points
Successfully read 11532 points
Attempting to read XYZ file: /Dataset/SfS_pp/Surfaces/Pot_J_Piece_02_Surface_1.xyz
Found 12829 total points, reading 12829 points
Successfully read 12829 points
Attempting to read PCD file: /Dataset/SfS_pp/Surfaces/Pot_J_Piece_02_Surface_F.pcd
Attempting to read file: /Dataset/SfS_pp/Axes/Pot_J_Piece_03_Axis.xyz
File opened successfully
Successfully read 1 points
Attempting to read PCD file: /Dataset/SfS_pp/Breaklines/Pot_J_Piece_03_Breakline_0.pcd
File opened successfully
Found 4 segments, 189 total points
Processing 189 points
Found 189 unique points
Successfully processed PCD file
Attempting to read XYZ file: /Dataset/SfS_pp/Surfaces/Pot_J_Piece_03_Surface_0.xyz
Found 13330 total points, reading 13330 points
Successfully read 13330 points
Attempting to read XYZ file: /Dataset/SfS_pp/Surfaces/Pot_J_Piece_03_Surface_1.xyz
Found 8455 total points, reading 8455 points
Successfully read 8455 points
Attempting to read PCD file: /Dataset/SfS_pp/Surfaces/Pot_J_Piece_03_Surface_F.pcd
Attempting to read file: /Dataset/SfS_pp/Axes/Pot_J_Piece_04_Axis.xyz
File opened successfully
Successfully read 1 points
Attempting to read PCD file: /Dataset/SfS_pp/Breaklines/Pot_J_Piece_04_Breakline_0.pcd
File opened successfully
Found 6 segments, 186 total points
Processing 186 points
Found 186 unique points
Successfully processed PCD file
Attempting to read XYZ file: /Dataset/SfS_pp/Surfaces/Pot_J_Piece_04_Surface_0.xyz
Found 10795 total points, reading 10795 points
Successfully read 10795 points
Attempting to read XYZ file: /Dataset/SfS_pp/Surfaces/Pot_J_Piece_04_Surface_1.xyz
Found 12759 total points, reading 12759 points
Successfully read 12759 points
Attempting to read PCD file: /Dataset/SfS_pp/Surfaces/Pot_J_Piece_04_Surface_F.pcd
Attempting to read file: /Dataset/SfS_pp/Axes/Pot_J_Piece_05_Axis.xyz
File opened successfully
Successfully read 1 points
Attempting to read PCD file: /Dataset/SfS_pp/Breaklines/Pot_J_Piece_05_Breakline_0.pcd
File opened successfully
Found 5 segments, 147 total points
Processing 147 points
Found 147 unique points
Successfully processed PCD file
Attempting to read XYZ file: /Dataset/SfS_pp/Surfaces/Pot_J_Piece_05_Surface_0.xyz
Found 11742 total points, reading 11742 points
Successfully read 11742 points
Attempting to read XYZ file: /Dataset/SfS_pp/Surfaces/Pot_J_Piece_05_Surface_1.xyz
Found 14248 total points, reading 14248 points
Successfully read 14248 points
Attempting to read PCD file: /Dataset/SfS_pp/Surfaces/Pot_J_Piece_05_Surface_F.pcd
Attempting to read file: /Dataset/SfS_pp/Axes/Pot_J_Piece_06_Axis.xyz
File opened successfully
Successfully read 2 points
Attempting to read PCD file: /Dataset/SfS_pp/Breaklines/Pot_J_Piece_06_Breakline_0.pcd
File opened successfully
Found 4 segments, 133 total points
Processing 133 points
Found 133 unique points
Successfully processed PCD file
Attempting to read XYZ file: /Dataset/SfS_pp/Surfaces/Pot_J_Piece_06_Surface_0.xyz
Found 9494 total points, reading 9494 points
Successfully read 9494 points
Attempting to read XYZ file: /Dataset/SfS_pp/Surfaces/Pot_J_Piece_06_Surface_1.xyz
Found 11674 total points, reading 11674 points
Successfully read 11674 points
Attempting to read PCD file: /Dataset/SfS_pp/Surfaces/Pot_J_Piece_06_Surface_F.pcd
Attempting to read file: /Dataset/SfS_pp/Axes/Pot_J_Piece_07_Axis.xyz
File opened successfully
Successfully read 1 points
Attempting to read PCD file: /Dataset/SfS_pp/Breaklines/Pot_J_Piece_07_Breakline_0.pcd
File opened successfully
Found 5 segments, 114 total points
Processing 114 points
Found 114 unique points
Successfully processed PCD file
Attempting to read XYZ file: /Dataset/SfS_pp/Surfaces/Pot_J_Piece_07_Surface_0.xyz
Found 5522 total points, reading 5522 points
Successfully read 5522 points
Attempting to read XYZ file: /Dataset/SfS_pp/Surfaces/Pot_J_Piece_07_Surface_1.xyz
Found 6987 total points, reading 6987 points
Successfully read 6987 points
Attempting to read PCD file: /Dataset/SfS_pp/Surfaces/Pot_J_Piece_07_Surface_F.pcd
Attempting to read file: /Dataset/SfS_pp/Axes/Pot_J_Piece_08_Axis.xyz
File opened successfully
Successfully read 3 points
Attempting to read PCD file: /Dataset/SfS_pp/Breaklines/Pot_J_Piece_08_Breakline_0.pcd
File opened successfully
Found 3 segments, 71 total points
Processing 71 points
Found 71 unique points
Successfully processed PCD file
Attempting to read XYZ file: /Dataset/SfS_pp/Surfaces/Pot_J_Piece_08_Surface_0.xyz
Found 1939 total points, reading 1939 points
Successfully read 1939 points
Attempting to read XYZ file: /Dataset/SfS_pp/Surfaces/Pot_J_Piece_08_Surface_1.xyz
Found 1293 total points, reading 1293 points
Successfully read 1293 points
Attempting to read PCD file: /Dataset/SfS_pp/Surfaces/Pot_J_Piece_08_Surface_F.pcd
Attempting to read file: /Dataset/SfS_pp/Axes/Pot_J_Piece_09_Axis.xyz
File opened successfully
Successfully read 1 points
Attempting to read file: /Dataset/SfS_pp/Axes/Pot_J_Piece_10_Axis.xyz
File opened successfully
Successfully read 1 points
Attempting to read PCD file: /Dataset/SfS_pp/Breaklines/Pot_J_Piece_10_Breakline_0.pcd
File opened successfully
Found 3 segments, 72 total points
Processing 72 points
Found 72 unique points
Successfully processed PCD file
Attempting to read XYZ file: /Dataset/SfS_pp/Surfaces/Pot_J_Piece_10_Surface_0.xyz
Found 1732 total points, reading 1732 points
Successfully read 1732 points
Attempting to read XYZ file: /Dataset/SfS_pp/Surfaces/Pot_J_Piece_10_Surface_1.xyz
Found 1754 total points, reading 1754 points
Successfully read 1754 points
Attempting to read PCD file: /Dataset/SfS_pp/Surfaces/Pot_J_Piece_10_Surface_F.pcd
Attempting to read file: /Dataset/SfS_pp/Axes/Pot_J_Piece_11_Axis.xyz
File opened successfully
Successfully read 3 points
Attempting to read PCD file: /Dataset/SfS_pp/Breaklines/Pot_J_Piece_11_Breakline_0.pcd
File opened successfully
Found 3 segments, 53 total points
Processing 53 points
Found 53 unique points
Successfully processed PCD file
Attempting to read XYZ file: /Dataset/SfS_pp/Surfaces/Pot_J_Piece_11_Surface_0.xyz
Found 1204 total points, reading 1204 points
Successfully read 1204 points
Attempting to read XYZ file: /Dataset/SfS_pp/Surfaces/Pot_J_Piece_11_Surface_1.xyz
Found 1458 total points, reading 1458 points
Successfully read 1458 points
Attempting to read PCD file: /Dataset/SfS_pp/Surfaces/Pot_J_Piece_11_Surface_F.pcd
Attempting to read file: /Dataset/SfS_pp/Axes/Pot_J_Piece_12_Axis.xyz
File opened successfully
Successfully read 1 points
Attempting to read PCD file: /Dataset/SfS_pp/Breaklines/Pot_J_Piece_12_Breakline_0.pcd
File opened successfully
Found 3 segments, 56 total points
Processing 56 points
Found 56 unique points
Successfully processed PCD file
Attempting to read XYZ file: /Dataset/SfS_pp/Surfaces/Pot_J_Piece_12_Surface_0.xyz
Found 1197 total points, reading 1197 points
Successfully read 1197 points
Attempting to read XYZ file: /Dataset/SfS_pp/Surfaces/Pot_J_Piece_12_Surface_1.xyz
Found 1348 total points, reading 1348 points
Successfully read 1348 points
Attempting to read PCD file: /Dataset/SfS_pp/Surfaces/Pot_J_Piece_12_Surface_F.pcd
Attempting to read file: 
Attempting to read file: 
Attempting to read file: 
Attempting to read file: 
Attempting to read file: 
Attempting to read file: 
Attempting to read file: 
#################### Ground Truth data load ####################
0 0 1 1 1 1 1 0 0 0 0 0 0 0 0 0 0 0 0
0 0 0 1 1 1 0 1 0 1 0 0 0 0 0 0 0 0 0
1 0 0 0 0 1 1 0 0 0 0 0 0 0 0 0 0 0 0
1 1 0 0 1 1 0 0 0 1 0 0 0 0 0 0 0 0 0
1 1 0 1 0 0 1 0 0 1 0 1 0 0 0 0 0 0 0
1 1 1 1 0 0 0 0 0 0 1 0 0 0 0 0 0 0 0
1 0 1 0 1 0 0 0 0 0 0 0 0 0 0 0 0 0 0
0 1 0 0 0 0 0 0 0 0 1 1 0 0 0 0 0 0 0
0 0 0 0 0 0 0 0 0 0 0 0 0 0 0 0 0 0 0
0 1 0 1 1 0 0 0 0 0 0 0 0 0 0 0 0 0 0
0 0 0 0 0 1 0 1 0 0 0 0 0 0 0 0 0 0 0
0 0 0 0 1 0 0 1 0 0 0 0 0 0 0 0 0 0 0
0 0 0 0 0 0 0 0 0 0 0 0 0 0 0 0 0 0 0
0 0 0 0 0 0 0 0 0 0 0 0 0 0 0 0 0 0 0
0 0 0 0 0 0 0 0 0 0 0 0 0 0 0 0 0 0 0
0 0 0 0 0 0 0 0 0 0 0 0 0 0 0 0 0 0 0
0 0 0 0 0 0 0 0 0 0 0 0 0 0 0 0 0 0 0
0 0 0 0 0 0 0 0 0 0 0 0 0 0 0 0 0 0 0
0 0 0 0 0 0 0 0 0 0 0 0 0 0 0 0 0 0 0
#################### Save initial state ####################
#################### Change Axis symmetrix to z axis ####################
#################### Feature matching ####################
Total Number : 731
#################### Pairwise pruning ####################
Pruned match count: 202
#################### Genetic Algorithm search ####################
=== GA Iteration 1 / 2 ===
#################### GROUND TRUTH CANDIDATE AUDIT ####################
[GT AUDIT] Edge 1-3 (GT=1) Candidates: 10
  Choice 1: inliner= 44 score=0.549 density=28.407 [Wrapped] rad=2.7780 trans=82.7263
  Choice 2: inliner= 87 score=0.436 density=60.605 [Wrapped] rad=2.6919 trans=65.9160
  Choice 3: inliner= 38 score=0.687 density=22.523 [Wrapped] rad=2.7801 trans=66.2141
  Choice 4: inliner= 30 score=0.519 density=19.749 [Wrapped] rad=2.2867 trans=68.8371
  Choice 5: inliner= 26 score=0.584 density=16.410 [Wrapped] rad=2.0261 trans=72.8541
  Choice 6: inliner= 26 score=1.989 density=8.697 [Wrapped] rad=3.0651 trans=88.6526
  Choice 7: inliner= 32 score=0.624 density=19.699 [Wrapped] rad=2.1661 trans=88.3535
  Choice 8: inliner=129 score=0.299 density=99.314 [Wrapped] rad=2.7620 trans=72.8795
  Choice 9: inliner= 38 score=0.812 density=20.976 [Wrapped] rad=1.0632 trans=90.0168
  Choice 10: inliner= 44 score=0.771 density=24.849 [Wrapped] rad=0.9114 trans=90.4232
  -> Best Match for GT: Choice 10 (rad_err=0.9114)
[GT AUDIT] Edge 1-4 (GT=1) Candidates: 11
  Choice 1: inliner= 56 score=0.758 density=31.862 [Wrapped] rad=2.6832 trans=67.8411
  Choice 2: inliner= 36 score=0.580 density=22.783 [Wrapped] rad=1.4042 trans=37.2916
  Choice 3: inliner= 48 score=0.707 density=28.114 [Wrapped] rad=2.8167 trans=68.6009
  Choice 4: inliner= 32 score=0.467 density=21.811 [Wrapped] rad=1.2076 trans=31.6711
  Choice 5: inliner= 34 score=0.569 density=21.667 [Wrapped] rad=2.4648 trans=49.5399
  Choice 6: inliner= 54 score=0.455 density=37.113 [Wrapped] rad=3.0354 trans=76.5195
  Choice 7: inliner= 26 score=0.655 density=15.707 [Wrapped] rad=2.9963 trans=61.3848
  Choice 8: inliner= 78 score=0.459 density=53.449 [Wrapped] rad=2.5872 trans=64.4713
  Choice 9: inliner= 44 score=0.518 density=28.994 [Wrapped] rad=1.2201 trans=39.2580
  Choice 10: inliner= 22 score=1.375 density=9.262 [Wrapped] rad=3.0900 trans=65.0097
  Choice 11: inliner= 94 score=0.492 density=63.011 [Wrapped] rad=3.0361 trans=65.6448
  -> Best Match for GT: Choice 4 (rad_err=1.2076)
[GT AUDIT] Edge 1-5 (GT=1) Candidates: 14
  Choice 1: inliner= 36 score=0.577 density=22.825 [Wrapped] rad=1.6822 trans=6.5734
  Choice 2: inliner=  8 score=0.860 density=4.302 [Wrapped] rad=1.4984 trans=60.6730
  Choice 3: inliner= 30 score=0.503 density=19.955 [Wrapped] rad=1.6363 trans=63.5671
  Choice 4: inliner= 36 score=0.471 density=24.468 [Wrapped] rad=2.6747 trans=8.1671
  Choice 5: inliner= 36 score=0.464 density=24.584 [Wrapped] rad=2.4900 trans=76.2526
  Choice 6: inliner= 32 score=0.559 density=20.522 [Wrapped] rad=2.7224 trans=71.7090
  Choice 7: inliner= 30 score=1.009 density=14.936 [Wrapped] rad=2.8227 trans=9.1900
  Choice 8: inliner=  0 score=11.000 density=0.000 [Wrapped] rad=2.8823 trans=53.2238
  Choice 9: inliner= 57 score=0.520 density=37.495 [Wrapped] rad=2.8907 trans=6.1539
  Choice 10: inliner= 10 score=0.894 density=5.280 [Wrapped] rad=2.3121 trans=56.8423
  Choice 11: inliner= 24 score=0.550 density=15.479 [Wrapped] rad=2.9656 trans=44.4195
  Choice 12: inliner= 16 score=0.820 density=8.793 [Wrapped] rad=2.7523 trans=59.3568
  Choice 13: inliner= 52 score=0.399 density=37.158 [Wrapped] rad=2.6200 trans=57.8463
  Choice 14: inliner= 40 score=0.449 density=27.604 [Wrapped] rad=2.7625 trans=75.9570
  -> Best Match for GT: Choice 2 (rad_err=1.4984)
[GT AUDIT] Edge 1-6 (GT=1) Candidates: 21
  Choice 1: inliner= 50 score=0.429 density=34.996 [Wrapped] rad=2.4116 trans=30.8227
  Choice 2: inliner=  0 score=11.000 density=0.000 [Wrapped] rad=1.8847 trans=69.7434
  Choice 3: inliner= 16 score=0.448 density=11.046 [Wrapped] rad=2.8717 trans=39.6308
  Choice 4: inliner= 34 score=0.481 density=22.959 [Wrapped] rad=2.9387 trans=32.1804
  Choice 5: inliner= 20 score=0.888 density=10.595 [Wrapped] rad=0.7195 trans=75.4306
  Choice 6: inliner= 30 score=0.348 density=22.251 [Wrapped] rad=3.1217 trans=82.4809
  Choice 7: inliner= 22 score=0.751 density=12.565 [Wrapped] rad=0.3764 trans=91.9948
  Choice 8: inliner=  0 score=11.000 density=0.000 [Wrapped] rad=1.7930 trans=71.6206
  Choice 9: inliner= 30 score=0.473 density=20.361 [Wrapped] rad=2.3121 trans=30.6600
  Choice 10: inliner=  0 score=11.000 density=0.000 [Wrapped] rad=1.7259 trans=69.7016
  Choice 11: inliner= 30 score=0.746 density=17.182 [Wrapped] rad=2.0276 trans=34.4661
  Choice 12: inliner= 36 score=0.446 density=24.892 [Wrapped] rad=1.9346 trans=28.8682
  Choice 13: inliner= 20 score=0.552 density=12.885 [Wrapped] rad=1.3692 trans=101.9225
  Choice 14: inliner= 16 score=0.844 density=8.675 [Wrapped] rad=2.5478 trans=28.3429
  Choice 15: inliner= 32 score=0.518 density=21.085 [Wrapped] rad=2.5446 trans=26.6583
  Choice 16: inliner= 57 score=0.416 density=40.261 [Wrapped] rad=2.8682 trans=22.0704
  Choice 17: inliner= 22 score=0.569 density=14.022 [Wrapped] rad=2.9972 trans=98.6711
  Choice 18: inliner= 30 score=0.716 density=17.482 [Wrapped] rad=2.4991 trans=83.4427
  Choice 19: inliner= 18 score=0.533 density=11.743 [Wrapped] rad=0.7496 trans=82.0870
  Choice 20: inliner= 22 score=0.448 density=15.192 [Wrapped] rad=2.6876 trans=71.2517
  Choice 21: inliner= 46 score=0.556 density=29.557 [Wrapped] rad=2.3006 trans=78.2767
  -> Best Match for GT: Choice 7 (rad_err=0.3764)
[GT AUDIT] Edge 1-7 (GT=1) Candidates: 9
  Choice 1: inliner= 49 score=0.595 density=30.712 [Wrapped] rad=2.1024 trans=53.6476
  Choice 2: inliner= 38 score=0.397 density=27.195 [Wrapped] rad=2.8537 trans=58.8035
  Choice 3: inliner= 32 score=0.586 density=20.179 [Wrapped] rad=1.9651 trans=52.6660
  Choice 4: inliner= 49 score=0.541 density=31.795 [Wrapped] rad=1.7395 trans=50.3936
  Choice 5: inliner= 57 score=0.392 density=40.939 [Wrapped] rad=3.0890 trans=53.5661
  Choice 6: inliner= 38 score=0.557 density=24.402 [Wrapped] rad=3.0909 trans=53.7149
  Choice 7: inliner= 18 score=0.274 density=14.128 [Wrapped] rad=0.8259 trans=35.5525
  Choice 8: inliner= 34 score=0.630 density=20.862 [Wrapped] rad=1.9810 trans=42.5499
  Choice 9: inliner= 28 score=0.453 density=19.277 [Wrapped] rad=2.2421 trans=38.4434
  -> Best Match for GT: Choice 7 (rad_err=0.8259)
[GT AUDIT] Edge 2-4 (GT=1) Candidates: 3
  Choice 1: inliner= 36 score=0.595 density=22.567 [Wrapped] rad=3.1034 trans=70.9922
  Choice 2: inliner= 24 score=0.540 density=15.581 [Wrapped] rad=1.9084 trans=26.3701
  Choice 3: inliner= 64 score=0.171 density=54.640 [Wrapped] rad=2.4966 trans=23.5832
  -> Best Match for GT: Choice 2 (rad_err=1.9084)
[GT AUDIT] Edge 2-5 (GT=1) Candidates: 1
  Choice 1: inliner= 24 score=0.517 density=15.825 [Wrapped] rad=2.9511 trans=16.5035
  -> Best Match for GT: Choice 1 (rad_err=2.9511)
[GT AUDIT] Edge 2-6 (GT=1) Candidates: 4
  Choice 1: inliner= 58 score=0.466 density=39.566 [Wrapped] rad=2.7921 trans=48.2839
  Choice 2: inliner= 50 score=0.478 density=33.831 [Wrapped] rad=2.9709 trans=49.5408
  Choice 3: inliner= 36 score=0.587 density=22.686 [Wrapped] rad=2.9509 trans=51.1265
  Choice 4: inliner= 62 score=0.348 density=46.009 [Wrapped] rad=0.1962 trans=25.5129 [VALID GT MATCH]
  -> Best Match for GT: Choice 4 (rad_err=0.1962)
[GT AUDIT] Edge 2-8 (GT=1) Candidates: 2
  Choice 1: inliner= 32 score=0.469 density=21.789 [Wrapped] rad=2.2841 trans=98.1120
  Choice 2: inliner=  4 score=11.000 density=0.333 [Wrapped] rad=1.6040 trans=89.6768
  -> Best Match for GT: Choice 2 (rad_err=1.6040)
[GT AUDIT] Edge 2-10 (GT=1) Candidates: 1
  Choice 1: inliner= 22 score=0.306 density=16.847 [Wrapped] rad=0.7585 trans=15.7271
  -> Best Match for GT: Choice 1 (rad_err=0.7585)
[GT AUDIT] Edge 3-6 (GT=1) Candidates: 8
  Choice 1: inliner= 30 score=0.508 density=19.888 [Wrapped] rad=2.9450 trans=67.2643
  Choice 2: inliner= 59 score=0.474 density=40.029 [Wrapped] rad=2.7770 trans=60.7925
  Choice 3: inliner= 24 score=0.405 density=17.081 [Wrapped] rad=2.1745 trans=18.5801
  Choice 4: inliner= 22 score=0.442 density=15.259 [Wrapped] rad=2.2724 trans=64.9057
  Choice 5: inliner= 38 score=0.587 density=23.950 [Wrapped] rad=2.9585 trans=57.3282
  Choice 6: inliner= 22 score=0.464 density=15.028 [Wrapped] rad=2.0133 trans=10.2672
  Choice 7: inliner= 16 score=0.730 density=9.247 [Wrapped] rad=2.6453 trans=54.3770
  Choice 8: inliner=  8 score=0.991 density=4.019 [Wrapped] rad=2.4669 trans=60.4849
  -> Best Match for GT: Choice 6 (rad_err=2.0133)
[GT AUDIT] Edge 3-7 (GT=1) Candidates: 4
  Choice 1: inliner=  4 score=11.000 density=0.333 [Wrapped] rad=2.3073 trans=11.9711
  Choice 2: inliner= 30 score=0.519 density=19.746 [Wrapped] rad=2.3854 trans=13.9498
  Choice 3: inliner= 42 score=0.567 density=26.809 [Wrapped] rad=0.1656 trans=7.7446 [VALID GT MATCH]
  Choice 4: inliner= 24 score=0.668 density=14.388 [Wrapped] rad=0.2556 trans=7.0666 [VALID GT MATCH]
  -> Best Match for GT: Choice 3 (rad_err=0.1656)
[GT AUDIT] Edge 4-5 (GT=1) Candidates: 6
  Choice 1: inliner= 32 score=0.328 density=24.093 [Wrapped] rad=2.7148 trans=11.3943
  Choice 2: inliner= 20 score=0.806 density=11.075 [Wrapped] rad=1.3570 trans=76.0905
  Choice 3: inliner= 18 score=0.698 density=10.600 [Wrapped] rad=1.9694 trans=62.5106
  Choice 4: inliner= 32 score=1.100 density=15.237 [Wrapped] rad=2.1998 trans=64.6887
  Choice 5: inliner= 40 score=0.436 density=27.859 [Wrapped] rad=2.4413 trans=18.1446
  Choice 6: inliner= 40 score=0.596 density=25.067 [Wrapped] rad=2.8764 trans=11.8640
  -> Best Match for GT: Choice 2 (rad_err=1.3570)
[GT AUDIT] Edge 4-6 (GT=1) Candidates: 8
  Choice 1: inliner= 36 score=0.500 density=24.000 [Wrapped] rad=2.6090 trans=10.3565
  Choice 2: inliner= 48 score=0.542 density=31.130 [Wrapped] rad=1.6947 trans=18.9583
  Choice 3: inliner= 34 score=0.579 density=21.534 [Wrapped] rad=2.3110 trans=62.1892
  Choice 4: inliner= 53 score=0.581 density=33.522 [Wrapped] rad=2.2654 trans=69.3130
  Choice 5: inliner= 68 score=0.445 density=47.060 [Wrapped] rad=2.2261 trans=69.2587
  Choice 6: inliner= 53 score=0.416 density=37.438 [Wrapped] rad=1.6430 trans=12.4513
  Choice 7: inliner= 30 score=0.606 density=18.680 [Wrapped] rad=0.7204 trans=24.3835
  Choice 8: inliner= 20 score=0.321 density=15.140 [Wrapped] rad=1.1929 trans=13.4658
  -> Best Match for GT: Choice 7 (rad_err=0.7204)
[GT AUDIT] Edge 4-10 (GT=1) Candidates: 1
  Choice 1: inliner= 22 score=0.293 density=17.009 [Wrapped] rad=1.6988 trans=9.1004
  -> Best Match for GT: Choice 1 (rad_err=1.6988)
[GT AUDIT] Edge 5-7 (GT=1) Candidates: 3
  Choice 1: inliner= 49 score=0.545 density=31.724 [Wrapped] rad=3.0034 trans=17.6670
  Choice 2: inliner= 93 score=0.306 density=71.198 [Wrapped] rad=0.7872 trans=6.6281
  Choice 3: inliner= 34 score=0.769 density=19.220 [Wrapped] rad=0.5355 trans=7.8686
  -> Best Match for GT: Choice 3 (rad_err=0.5355)
[GT AUDIT] Edge 5-10 (GT=1) Candidates: 2
  Choice 1: inliner= 51 score=0.481 density=34.428 [Wrapped] rad=0.3050 trans=20.6638 [VALID GT MATCH]
  Choice 2: inliner= 36 score=0.461 density=24.633 [Wrapped] rad=3.0280 trans=15.5528
  -> Best Match for GT: Choice 1 (rad_err=0.3050)
[GT AUDIT] Edge 5-12 (GT=1) Candidates: 2
  Choice 1: inliner= 30 score=0.588 density=18.890 [Wrapped] rad=3.0449 trans=37.7554
  Choice 2: inliner= 24 score=0.575 density=15.235 [Wrapped] rad=1.6498 trans=38.4247
  -> Best Match for GT: Choice 2 (rad_err=1.6498)
[GT AUDIT] Edge 6-11 (GT=1) Candidates: 4
  Choice 1: inliner= 32 score=0.474 density=21.715 [Wrapped] rad=1.7698 trans=63.3833
  Choice 2: inliner= 37 score=0.401 density=26.405 [Wrapped] rad=2.9453 trans=69.0980
  Choice 3: inliner= 28 score=0.519 density=18.431 [Wrapped] rad=2.5191 trans=74.2000
  Choice 4: inliner= 32 score=0.434 density=22.312 [Wrapped] rad=2.5177 trans=69.8630
  -> Best Match for GT: Choice 1 (rad_err=1.7698)
[GT AUDIT] Edge 8-11 (GT=1) Candidates: 3
  Choice 1: inliner= 16 score=0.360 density=11.764 [Wrapped] rad=2.3269 trans=36.7196
  Choice 2: inliner=  0 score=11.000 density=0.000 [Wrapped] rad=2.3170 trans=26.2507
  Choice 3: inliner= 30 score=0.392 density=21.553 [Wrapped] rad=1.7413 trans=32.0615
  -> Best Match for GT: Choice 3 (rad_err=1.7413)
[GT AUDIT] Edge 8-12 (GT=1) Candidates: 4
  Choice 1: inliner= 37 score=0.367 density=27.073 [Wrapped] rad=0.9970 trans=25.4979
  Choice 2: inliner= 26 score=0.293 density=20.102 [Wrapped] rad=0.9449 trans=33.8546
  Choice 3: inliner= 35 score=0.508 density=23.206 [Wrapped] rad=2.4895 trans=15.6736
  Choice 4: inliner= 30 score=0.394 density=21.519 [Wrapped] rad=0.4844 trans=47.4679
  -> Best Match for GT: Choice 4 (rad_err=0.4844)
######################################################################
[GA] Generation 0 best fitness: -150232.2565
[GA] Generation 1 best fitness: -141865.9418
[GA] Generation 2 best fitness: -131439.0891
[GA] Generation 3 best fitness: -122346.0229
[GA] Generation 4 best fitness: -119283.6241
[GA] Generation 5 best fitness: -116127.0818
[GA] Generation 6 best fitness: -103626.4834
[GA] Generation 7 best fitness: -97194.3007
[GA] Generation 8 best fitness: -89441.5796
[GA] Generation 9 best fitness: -85370.1131
[GA] Generation 10 best fitness: -85370.1131
[GA] Generation 11 best fitness: -71756.6343
[GA] Generation 12 best fitness: -71756.6343
[GA] Generation 13 best fitness: -71756.6343
[GA] Generation 14 best fitness: -63314.8348
[GA] Generation 15 best fitness: -63314.8348
[GA] Generation 16 best fitness: -59201.6493
[GA] Generation 17 best fitness: -55932.3993
[GA] Generation 18 best fitness: -52504.5207
[GA] Generation 19 best fitness: -50742.9949
[GA] Generation 20 best fitness: -45561.4932
[GA] Generation 21 best fitness: -45561.4932
[GA] Generation 22 best fitness: -44927.0479
[GA] Generation 23 best fitness: -44490.4772
[GA] Generation 24 best fitness: -44490.4772
[GA] Generation 25 best fitness: -44490.4772
[GA] Generation 26 best fitness: -43931.5229
[GA] Generation 27 best fitness: -42030.0448
[GA] Generation 28 best fitness: -40589.8176
[GA] Generation 29 best fitness: -40589.8176
[GA] Generation 30 best fitness: -40589.8176
[GA] Generation 31 best fitness: -40207.3491
[GA] Generation 32 best fitness: -38769.3905
[GA] Generation 33 best fitness: -38769.3905
[GA] Generation 34 best fitness: -38769.3905
[GA] Generation 35 best fitness: -38769.3905
[GA] Generation 36 best fitness: -38769.3905
[GA] Generation 37 best fitness: -38769.3905
[GA] Generation 38 best fitness: -38769.3905
[GA] Generation 39 best fitness: -38769.3905
[GA] Generation 40 best fitness: -33329.2068
[GA] Generation 41 best fitness: -33329.2068
[GA] Generation 42 best fitness: -33329.2068
[GA] Generation 43 best fitness: -32753.9016
[GA] Generation 44 best fitness: -31525.1395
[GA] Generation 45 best fitness: -29898.0774
[GA] Generation 46 best fitness: -25486.5797
[GA] Generation 47 best fitness: -25486.5797
[GA] Generation 48 best fitness: -25486.5797
[GA] Generation 49 best fitness: -25486.5797
[GA Iter 1] Best fitness: -25486.5797 (improvement: 999974513.4203)
[GA Iter 1] Recomputing matches on assembled positions...
[GA Iter 1] New match count: 731
[GA Iter 1] Pruned match count: 201
=== GA Iteration 2 / 2 ===
#################### GROUND TRUTH CANDIDATE AUDIT ####################
[GT AUDIT] Edge 1-3 (GT=1) Candidates: 10
  Choice 1: inliner= 50 score=0.466 density=34.095 [Wrapped] rad=1.6770 trans=37.9130
  Choice 2: inliner= 87 score=0.437 density=60.561 [Wrapped] rad=2.9566 trans=33.8194
  Choice 3: inliner= 46 score=0.642 density=28.022 [Wrapped] rad=3.1218 trans=39.1686
  Choice 4: inliner= 32 score=0.496 density=21.384 [Wrapped] rad=2.9333 trans=66.3041
  Choice 5: inliner= 42 score=0.752 density=23.974 [Wrapped] rad=2.2942 trans=48.3506
  Choice 6: inliner= 28 score=0.554 density=18.015 [Wrapped] rad=3.0144 trans=69.3343
  Choice 7: inliner= 26 score=2.023 density=8.601 [Wrapped] rad=2.7291 trans=22.3714
  Choice 8: inliner= 40 score=0.678 density=23.839 [Wrapped] rad=1.8614 trans=40.9727
  Choice 9: inliner=129 score=0.299 density=99.329 [Wrapped] rad=2.4952 trans=22.5865
  Choice 10: inliner= 36 score=0.809 density=19.900 [Wrapped] rad=2.1554 trans=51.8001
  -> Best Match for GT: Choice 1 (rad_err=1.6770)
[GT AUDIT] Edge 1-4 (GT=1) Candidates: 10
  Choice 1: inliner= 56 score=0.757 density=31.864 [Wrapped] rad=2.6478 trans=52.2240
  Choice 2: inliner= 48 score=0.535 density=31.267 [Wrapped] rad=2.0403 trans=55.5455
  Choice 3: inliner= 52 score=0.713 density=30.349 [Wrapped] rad=2.5720 trans=51.1367
  Choice 4: inliner= 34 score=0.471 density=23.113 [Wrapped] rad=2.0293 trans=56.4878
  Choice 5: inliner= 38 score=0.556 density=24.419 [Wrapped] rad=2.5644 trans=62.4294
  Choice 6: inliner= 56 score=0.429 density=39.192 [Wrapped] rad=1.5151 trans=57.7896
  Choice 7: inliner= 78 score=0.451 density=53.774 [Wrapped] rad=2.7807 trans=52.2941
  Choice 8: inliner= 38 score=0.528 density=24.863 [Wrapped] rad=2.3503 trans=63.2797
  Choice 9: inliner= 26 score=1.483 density=10.471 [Wrapped] rad=2.9340 trans=47.2149
  Choice 10: inliner= 84 score=0.519 density=55.313 [Wrapped] rad=1.6397 trans=46.8520
  -> Best Match for GT: Choice 6 (rad_err=1.5151)
[GT AUDIT] Edge 1-5 (GT=1) Candidates: 14
  Choice 1: inliner= 34 score=0.639 density=20.742 [Wrapped] rad=2.5964 trans=34.7212
  Choice 2: inliner=  8 score=0.952 density=4.099 [Wrapped] rad=2.0329 trans=29.1582
  Choice 3: inliner= 24 score=0.518 density=15.815 [Wrapped] rad=1.6005 trans=37.4007
  Choice 4: inliner= 40 score=0.425 density=28.074 [Wrapped] rad=2.2541 trans=40.3690
  Choice 5: inliner= 34 score=0.482 density=22.947 [Wrapped] rad=1.7094 trans=39.7633
  Choice 6: inliner= 38 score=0.580 density=24.055 [Wrapped] rad=2.2993 trans=38.7621
  Choice 7: inliner= 32 score=0.695 density=18.874 [Wrapped] rad=1.3936 trans=39.4722
  Choice 8: inliner= 46 score=0.565 density=29.384 [Wrapped] rad=1.5121 trans=36.4747
  Choice 9: inliner= 48 score=0.494 density=32.139 [Wrapped] rad=2.8657 trans=35.2652
  Choice 10: inliner= 24 score=0.551 density=15.479 [Wrapped] rad=2.8462 trans=34.1986
  Choice 11: inliner= 16 score=0.746 density=9.166 [Wrapped] rad=1.2725 trans=41.1229
  Choice 12: inliner= 52 score=0.403 density=37.051 [Wrapped] rad=2.0607 trans=34.2556
  Choice 13: inliner= 40 score=0.450 density=27.595 [Wrapped] rad=1.0642 trans=50.4588
  Choice 14: inliner= 16 score=0.439 density=11.117 [Wrapped] rad=2.5604 trans=34.7397
  -> Best Match for GT: Choice 13 (rad_err=1.0642)
[GT AUDIT] Edge 1-6 (GT=1) Candidates: 20
  Choice 1: inliner= 50 score=0.431 density=34.952 [Wrapped] rad=1.1747 trans=45.0042
  Choice 2: inliner= 26 score=0.550 density=16.775 [Wrapped] rad=1.2858 trans=42.4323
  Choice 3: inliner= 28 score=0.488 density=18.815 [Wrapped] rad=2.4452 trans=39.3680
  Choice 4: inliner= 28 score=0.546 density=18.110 [Wrapped] rad=2.5179 trans=38.1128
  Choice 5: inliner= 22 score=0.450 density=15.168 [Wrapped] rad=2.0819 trans=43.2214
  Choice 6: inliner= 40 score=0.665 density=24.022 [Wrapped] rad=3.0971 trans=44.8358
  Choice 7: inliner= 20 score=0.891 density=10.574 [Wrapped] rad=2.6704 trans=51.8403
  Choice 8: inliner= 12 score=0.772 density=6.773 [Wrapped] rad=1.9880 trans=29.7339
  Choice 9: inliner= 30 score=0.348 density=22.260 [Wrapped] rad=1.4536 trans=52.9239
  Choice 10: inliner= 22 score=0.751 density=12.567 [Wrapped] rad=2.9207 trans=53.4740
  Choice 11: inliner=  0 score=11.000 density=0.000 [Wrapped] rad=3.1028 trans=40.1809
  Choice 12: inliner= 34 score=0.902 density=17.877 [Wrapped] rad=2.9014 trans=44.8940
  Choice 13: inliner= 30 score=0.923 density=15.598 [Wrapped] rad=1.7026 trans=36.1342
  Choice 14: inliner= 36 score=0.448 density=24.869 [Wrapped] rad=2.2760 trans=46.6430
  Choice 15: inliner= 20 score=0.543 density=12.963 [Wrapped] rad=1.9910 trans=47.1988
  Choice 16: inliner= 16 score=0.909 density=8.381 [Wrapped] rad=2.8263 trans=40.1936
  Choice 17: inliner= 34 score=0.501 density=22.647 [Wrapped] rad=3.0481 trans=44.9697
  Choice 18: inliner= 57 score=0.414 density=40.303 [Wrapped] rad=2.5765 trans=44.7621
  Choice 19: inliner= 22 score=0.448 density=15.191 [Wrapped] rad=1.9209 trans=34.2839
  Choice 20: inliner= 50 score=0.576 density=31.731 [Wrapped] rad=3.1087 trans=44.8696
  -> Best Match for GT: Choice 1 (rad_err=1.1747)
[GT AUDIT] Edge 1-7 (GT=1) Candidates: 9
  Choice 1: inliner= 42 score=0.522 density=27.596 [Wrapped] rad=1.5364 trans=34.8833
  Choice 2: inliner= 38 score=0.398 density=27.191 [Wrapped] rad=2.3256 trans=39.6339
  Choice 3: inliner= 32 score=0.586 density=20.177 [Wrapped] rad=2.9828 trans=35.7639
  Choice 4: inliner= 49 score=0.541 density=31.794 [Wrapped] rad=2.7227 trans=33.7922
  Choice 5: inliner= 62 score=0.422 density=43.611 [Wrapped] rad=3.0858 trans=53.2925
  Choice 6: inliner= 42 score=0.517 density=27.683 [Wrapped] rad=3.0870 trans=53.0067
  Choice 7: inliner= 18 score=0.274 density=14.128 [Wrapped] rad=0.4184 trans=28.6597
  Choice 8: inliner= 34 score=0.630 density=20.862 [Wrapped] rad=2.8229 trans=48.7727
  Choice 9: inliner= 28 score=0.453 density=19.274 [Wrapped] rad=2.9643 trans=26.0858
  -> Best Match for GT: Choice 7 (rad_err=0.4184)
[GT AUDIT] Edge 2-4 (GT=1) Candidates: 3
  Choice 1: inliner= 38 score=0.652 density=23.007 [Wrapped] rad=3.0625 trans=69.8875
  Choice 2: inliner= 26 score=0.522 density=17.081 [Wrapped] rad=2.0791 trans=74.5459
  Choice 3: inliner= 64 score=0.169 density=54.728 [Wrapped] rad=3.0515 trans=72.0014
  -> Best Match for GT: Choice 2 (rad_err=2.0791)
[GT AUDIT] Edge 2-5 (GT=1) Candidates: 1
  Choice 1: inliner= 24 score=0.478 density=16.238 [Wrapped] rad=1.9028 trans=28.8965
  -> Best Match for GT: Choice 1 (rad_err=1.9028)
[GT AUDIT] Edge 2-6 (GT=1) Candidates: 3
  Choice 1: inliner= 58 score=0.466 density=39.566 [Wrapped] rad=2.6249 trans=66.4663
  Choice 2: inliner= 50 score=0.478 density=33.830 [Wrapped] rad=2.2890 trans=70.5301
  Choice 3: inliner= 36 score=0.587 density=22.687 [Wrapped] rad=2.5040 trans=70.0512
  -> Best Match for GT: Choice 2 (rad_err=2.2890)
[GT AUDIT] Edge 2-8 (GT=1) Candidates: 3
  Choice 1: inliner= 18 score=0.576 density=11.422 [Wrapped] rad=2.9459 trans=81.0511
  Choice 2: inliner= 32 score=0.435 density=22.306 [Wrapped] rad=2.6329 trans=84.3331
  Choice 3: inliner=  4 score=11.000 density=0.333 [Wrapped] rad=1.2131 trans=69.0055
  -> Best Match for GT: Choice 3 (rad_err=1.2131)
[GT AUDIT] Edge 2-10 (GT=1) Candidates: 1
  Choice 1: inliner= 22 score=0.308 density=16.815 [Wrapped] rad=2.3948 trans=86.7181
  -> Best Match for GT: Choice 1 (rad_err=2.3948)
[GT AUDIT] Edge 3-6 (GT=1) Candidates: 7
  Choice 1: inliner= 28 score=0.506 density=18.592 [Wrapped] rad=2.8790 trans=42.8474
  Choice 2: inliner= 59 score=0.469 density=40.173 [Wrapped] rad=2.8947 trans=46.7986
  Choice 3: inliner= 24 score=0.416 density=16.946 [Wrapped] rad=3.0838 trans=121.8850
  Choice 4: inliner= 10 score=0.661 density=6.021 [Wrapped] rad=2.4417 trans=47.0260
  Choice 5: inliner= 34 score=0.410 density=24.112 [Wrapped] rad=2.1219 trans=42.3143
  Choice 6: inliner= 40 score=0.618 density=24.717 [Wrapped] rad=3.0617 trans=54.1555
  Choice 7: inliner= 22 score=0.469 density=14.975 [Wrapped] rad=2.9062 trans=118.9449
  -> Best Match for GT: Choice 5 (rad_err=2.1219)
[GT AUDIT] Edge 3-7 (GT=1) Candidates: 5
  Choice 1: inliner=  2 score=11.000 density=0.167 [Wrapped] rad=3.0673 trans=21.4155
  Choice 2: inliner= 12 score=0.521 density=7.887 [Wrapped] rad=2.8214 trans=27.9826
  Choice 3: inliner= 49 score=0.534 density=31.934 [Wrapped] rad=2.4510 trans=31.7375
  Choice 4: inliner= 24 score=0.651 density=14.533 [Wrapped] rad=2.7984 trans=23.3640
  Choice 5: inliner= 61 score=0.417 density=43.039 [Wrapped] rad=2.6147 trans=27.2077
  -> Best Match for GT: Choice 3 (rad_err=2.4510)
[GT AUDIT] Edge 4-5 (GT=1) Candidates: 7
  Choice 1: inliner= 34 score=0.326 density=25.632 [Wrapped] rad=2.6592 trans=34.3064
  Choice 2: inliner= 22 score=0.777 density=12.379 [Wrapped] rad=1.9672 trans=35.6113
  Choice 3: inliner= 12 score=1.132 density=5.629 [Wrapped] rad=2.4311 trans=36.1602
  Choice 4: inliner= 18 score=0.698 density=10.602 [Wrapped] rad=1.8025 trans=46.8628
  Choice 5: inliner= 32 score=1.202 density=14.532 [Wrapped] rad=1.8293 trans=42.8076
  Choice 6: inliner= 40 score=0.445 density=27.674 [Wrapped] rad=1.7610 trans=35.8903
  Choice 7: inliner= 40 score=0.592 density=25.124 [Wrapped] rad=1.3364 trans=39.6752
  -> Best Match for GT: Choice 7 (rad_err=1.3364)
[GT AUDIT] Edge 4-6 (GT=1) Candidates: 8
  Choice 1: inliner= 20 score=0.571 density=12.734 [Wrapped] rad=1.7880 trans=38.4012
  Choice 2: inliner= 46 score=0.525 density=30.172 [Wrapped] rad=1.3324 trans=49.0314
  Choice 3: inliner= 38 score=0.557 density=24.403 [Wrapped] rad=3.0660 trans=37.7052
  Choice 4: inliner= 22 score=0.688 density=13.034 [Wrapped] rad=3.1208 trans=26.0225
  Choice 5: inliner= 68 score=0.445 density=47.059 [Wrapped] rad=2.5545 trans=43.1927
  Choice 6: inliner= 53 score=0.452 density=36.490 [Wrapped] rad=1.5377 trans=48.2509
  Choice 7: inliner= 30 score=0.499 density=20.015 [Wrapped] rad=2.6983 trans=37.8063
  Choice 8: inliner= 20 score=0.566 density=12.769 [Wrapped] rad=2.9333 trans=43.4203
  -> Best Match for GT: Choice 2 (rad_err=1.3324)
[GT AUDIT] Edge 4-10 (GT=1) Candidates: 1
  Choice 1: inliner= 22 score=0.296 density=16.979 [Wrapped] rad=2.7019 trans=72.6924
  -> Best Match for GT: Choice 1 (rad_err=2.7019)
[GT AUDIT] Edge 5-7 (GT=1) Candidates: 3
  Choice 1: inliner= 44 score=0.550 density=28.385 [Wrapped] rad=1.0145 trans=61.2800
  Choice 2: inliner= 49 score=0.518 density=32.271 [Wrapped] rad=2.7733 trans=9.5017
  Choice 3: inliner= 32 score=0.787 density=17.907 [Wrapped] rad=3.1054 trans=20.2904
  -> Best Match for GT: Choice 1 (rad_err=1.0145)
[GT AUDIT] Edge 5-10 (GT=1) Candidates: 2
  Choice 1: inliner= 49 score=0.438 density=34.077 [Wrapped] rad=2.9853 trans=45.9797
  Choice 2: inliner= 36 score=0.462 density=24.628 [Wrapped] rad=2.4806 trans=112.6576
  -> Best Match for GT: Choice 2 (rad_err=2.4806)
[GT AUDIT] Edge 5-12 (GT=1) Candidates: 2
  Choice 1: inliner= 22 score=0.756 density=12.527 [Wrapped] rad=2.8337 trans=61.1247
  Choice 2: inliner= 22 score=0.438 density=15.298 [Wrapped] rad=1.8045 trans=13.4422
  -> Best Match for GT: Choice 2 (rad_err=1.8045)
[GT AUDIT] Edge 6-11 (GT=1) Candidates: 3
  Choice 1: inliner= 32 score=0.448 density=22.095 [Wrapped] rad=1.7479 trans=52.5743
  Choice 2: inliner= 28 score=0.367 density=20.480 [Wrapped] rad=2.5482 trans=81.4347
  Choice 3: inliner= 28 score=0.454 density=19.262 [Wrapped] rad=2.0945 trans=47.8396
  -> Best Match for GT: Choice 1 (rad_err=1.7479)
[GT AUDIT] Edge 8-11 (GT=1) Candidates: 2
  Choice 1: inliner= 16 score=0.360 density=11.768 [Wrapped] rad=2.1354 trans=43.8967
  Choice 2: inliner=  0 score=11.000 density=0.000 [Wrapped] rad=2.0351 trans=82.8845
  -> Best Match for GT: Choice 2 (rad_err=2.0351)
[GT AUDIT] Edge 8-12 (GT=1) Candidates: 3
  Choice 1: inliner= 26 score=0.273 density=20.430 [Wrapped] rad=2.5278 trans=47.8755
  Choice 2: inliner= 32 score=0.509 density=21.202 [Wrapped] rad=2.8790 trans=70.7746
  Choice 3: inliner= 30 score=0.400 density=21.435 [Wrapped] rad=2.2339 trans=42.4135
  -> Best Match for GT: Choice 3 (rad_err=2.2339)
######################################################################
[GA] Generation 0 best fitness: -193636.1557
[GA] Generation 1 best fitness: -187108.8988
[GA] Generation 2 best fitness: -165713.0303
[GA] Generation 3 best fitness: -165713.0303
[GA] Generation 4 best fitness: -152440.0644
[GA] Generation 5 best fitness: -148091.3263
[GA] Generation 6 best fitness: -144718.1254
[GA] Generation 7 best fitness: -144718.1254
[GA] Generation 8 best fitness: -128847.5095
[GA] Generation 9 best fitness: -124838.5145
[GA] Generation 10 best fitness: -123844.8758
[GA] Generation 11 best fitness: -114982.3824
[GA] Generation 12 best fitness: -106733.5247
[GA] Generation 13 best fitness: -106733.5247
[GA] Generation 14 best fitness: -97455.9199
[GA] Generation 15 best fitness: -97455.9199
[GA] Generation 16 best fitness: -97455.9199
[GA] Generation 17 best fitness: -97455.9199
[GA] Generation 18 best fitness: -97455.9199
[GA] Generation 19 best fitness: -97455.9199
[GA] Generation 20 best fitness: -97455.9199
[GA] Generation 21 best fitness: -97455.9199
[GA] Generation 22 best fitness: -97455.9199
[GA] Generation 23 best fitness: -95324.2321
[GA] Generation 24 best fitness: -95324.2321
[GA] Generation 25 best fitness: -95324.2321
[GA] Generation 26 best fitness: -95324.2321
[GA] Generation 27 best fitness: -95324.2321
[GA] Generation 28 best fitness: -95324.2321
[GA] Generation 29 best fitness: -95324.2321
[GA] Generation 30 best fitness: -95324.2321
[GA] Generation 31 best fitness: -88917.5360
[GA] Generation 32 best fitness: -88917.5360
[GA] Generation 33 best fitness: -88917.5360
[GA] Generation 34 best fitness: -86704.1492
[GA] Generation 35 best fitness: -86704.1492
[GA] Generation 36 best fitness: -86704.1492
[GA] Generation 37 best fitness: -86704.1492
[GA] Generation 38 best fitness: -86043.3105
[GA] Generation 39 best fitness: -86043.3105
[GA] Generation 40 best fitness: -86043.3105
[GA] Generation 41 best fitness: -86043.3105
[GA] Generation 42 best fitness: -83145.2146
[GA] Generation 43 best fitness: -83145.2146
[GA] Generation 44 best fitness: -83145.2146
[GA] Generation 45 best fitness: -83145.2146
[GA] Generation 46 best fitness: -83145.2146
[GA] Generation 47 best fitness: -83145.2146
[GA] Generation 48 best fitness: -83145.2146
[GA] Generation 49 best fitness: -83145.2146
[GA Iter 2] Best fitness: -83145.2146 (improvement: -57658.6348)
[GA Iter 2] Did not improve. Patience: 1 / 5
GA converged after 2 iteration(s).
[CountResult DEBUG] Thresholds: rad=0.3500, trans=50.0000
[CountResult DEBUG] Edge 1-3 GT=1.0000 Pred=1.0000 rad_err=2.6508 trans_err=699.5294 => FAIL
[CountResult DEBUG] Edge 1-4 GT=1.0000 Pred=1.0000 rad_err=0.1097 trans_err=34.7967 => PASS
[CountResult DEBUG] Edge 1-5 GT=1.0000 Pred=1.0000 rad_err=2.5566 trans_err=656.1978 => FAIL
[CountResult DEBUG] Edge 1-6 GT=1.0000 Pred=1.0000 rad_err=2.5529 trans_err=917.9873 => FAIL
[CountResult DEBUG] Edge 1-7 GT=1.0000 Pred=1.0000 rad_err=2.5297 trans_err=624.6894 => FAIL
[CountResult DEBUG] Edge 2-4 GT=1.0000 Pred=0.0000 rad_err=2.7132 trans_err=908.2935 => FAIL
[CountResult DEBUG] Edge 2-5 GT=1.0000 Pred=1.0000 rad_err=2.7430 trans_err=728.6741 => FAIL
[CountResult DEBUG] Edge 2-6 GT=1.0000 Pred=1.0000 rad_err=0.1355 trans_err=47.9870 => PASS
[CountResult DEBUG] Edge 2-8 GT=1.0000 Pred=0.0000 rad_err=2.6871 trans_err=625.9518 => FAIL
[CountResult DEBUG] Edge 2-10 GT=1.0000 Pred=1.0000 rad_err=2.6858 trans_err=734.0282 => FAIL
[CountResult DEBUG] Edge 3-6 GT=1.0000 Pred=1.0000 rad_err=2.4332 trans_err=703.2610 => FAIL
[CountResult DEBUG] Edge 3-7 GT=1.0000 Pred=1.0000 rad_err=1.1199 trans_err=365.6219 => FAIL
[CountResult DEBUG] Edge 4-5 GT=1.0000 Pred=1.0000 rad_err=2.4473 trans_err=918.4984 => FAIL
[CountResult DEBUG] Edge 4-6 GT=1.0000 Pred=0.0000 rad_err=2.5867 trans_err=790.9227 => FAIL
[CountResult DEBUG] Edge 4-10 GT=1.0000 Pred=0.0000 rad_err=2.3966 trans_err=918.7435 => FAIL
[CountResult DEBUG] Edge 5-7 GT=1.0000 Pred=1.0000 rad_err=0.0921 trans_err=40.6430 => PASS
[CountResult DEBUG] Edge 5-10 GT=1.0000 Pred=1.0000 rad_err=0.0962 trans_err=41.8162 => PASS
[CountResult DEBUG] Edge 5-12 GT=1.0000 Pred=1.0000 rad_err=2.1600 trans_err=731.2812 => FAIL
[CountResult DEBUG] Edge 6-11 GT=1.0000 Pred=1.0000 rad_err=1.2279 trans_err=488.3353 => FAIL
[CountResult DEBUG] Edge 8-11 GT=1.0000 Pred=0.0000 rad_err=1.4649 trans_err=549.9517 => FAIL
[CountResult DEBUG] Edge 8-12 GT=1.0000 Pred=0.0000 rad_err=1.6591 trans_err=486.9028 => FAIL
[CountResult DEBUG] Sherd 1 gt_edges=5 matched_edges=1 => MATCHED
[CountResult DEBUG] Sherd 2 gt_edges=5 matched_edges=1 => MATCHED
[CountResult DEBUG] Sherd 3 gt_edges=3 matched_edges=0 => MISSED
[CountResult DEBUG] Sherd 4 gt_edges=5 matched_edges=1 => MATCHED
[CountResult DEBUG] Sherd 5 gt_edges=6 matched_edges=2 => MATCHED
[CountResult DEBUG] Sherd 6 gt_edges=5 matched_edges=1 => MATCHED
[CountResult DEBUG] Sherd 7 gt_edges=3 matched_edges=1 => MATCHED
[CountResult DEBUG] Sherd 8 gt_edges=3 matched_edges=0 => MISSED
[CountResult DEBUG] Sherd 9 gt_edges=0 matched_edges=0 => MISSED
[CountResult DEBUG] Sherd 10 gt_edges=3 matched_edges=1 => MATCHED
[CountResult DEBUG] Sherd 11 gt_edges=2 matched_edges=0 => MISSED
[CountResult DEBUG] Sherd 12 gt_edges=2 matched_edges=0 => MISSED
[CountResult DEBUG] Sherd 13 gt_edges=0 matched_edges=0 => MISSED
[CountResult DEBUG] Sherd 14 gt_edges=0 matched_edges=0 => MISSED
[CountResult DEBUG] Sherd 15 gt_edges=0 matched_edges=0 => MISSED
[CountResult DEBUG] Sherd 16 gt_edges=0 matched_edges=0 => MISSED
[CountResult DEBUG] Sherd 17 gt_edges=0 matched_edges=0 => MISSED
[CountResult DEBUG] Sherd 18 gt_edges=0 matched_edges=0 => MISSED
[CountResult DEBUG] Sherd 19 gt_edges=0 matched_edges=0 => MISSED
Sherd accuracy : 7 / 11 (63.6364%)
Edge accuracy : 3 / 21 (14.2857%)
########## Pre-ICP GA Results ##########
Sherd Accuracy : 7 / 11
Edge Accuracy  : 3 / 21
########################################
#################### Post-GA Global ICP Refinement ####################
#################### Fine reconstruction is converge ####################
[CountResult DEBUG] Thresholds: rad=0.3500, trans=50.0000
[CountResult DEBUG] Edge 1-3 GT=1.0000 Pred=0.0000 rad_err=3.1043 trans_err=508.7442 => FAIL
[CountResult DEBUG] Edge 1-4 GT=1.0000 Pred=1.0000 rad_err=0.0805 trans_err=24.7857 => PASS
[CountResult DEBUG] Edge 1-5 GT=1.0000 Pred=1.0000 rad_err=2.3476 trans_err=624.5953 => FAIL
[CountResult DEBUG] Edge 1-6 GT=1.0000 Pred=1.0000 rad_err=2.7043 trans_err=893.4800 => FAIL
[CountResult DEBUG] Edge 1-7 GT=1.0000 Pred=1.0000 rad_err=2.2896 trans_err=605.8215 => FAIL
[CountResult DEBUG] Edge 2-4 GT=1.0000 Pred=1.0000 rad_err=2.5320 trans_err=908.0053 => FAIL
[CountResult DEBUG] Edge 2-5 GT=1.0000 Pred=1.0000 rad_err=2.7047 trans_err=782.6822 => FAIL
[CountResult DEBUG] Edge 2-6 GT=1.0000 Pred=1.0000 rad_err=0.1860 trans_err=82.6478 => FAIL
[CountResult DEBUG] Edge 2-8 GT=1.0000 Pred=1.0000 rad_err=0.6116 trans_err=286.4769 => FAIL
[CountResult DEBUG] Edge 2-10 GT=1.0000 Pred=0.0000 rad_err=2.7786 trans_err=740.6721 => FAIL
[CountResult DEBUG] Edge 3-6 GT=1.0000 Pred=0.0000 rad_err=2.0828 trans_err=511.5720 => FAIL
[CountResult DEBUG] Edge 3-7 GT=1.0000 Pred=0.0000 rad_err=2.3956 trans_err=674.3426 => FAIL
[CountResult DEBUG] Edge 4-5 GT=1.0000 Pred=1.0000 rad_err=2.3564 trans_err=891.5711 => FAIL
[CountResult DEBUG] Edge 4-6 GT=1.0000 Pred=1.0000 rad_err=2.6688 trans_err=853.8219 => FAIL
[CountResult DEBUG] Edge 4-10 GT=1.0000 Pred=1.0000 rad_err=2.1228 trans_err=824.2123 => FAIL
[CountResult DEBUG] Edge 5-7 GT=1.0000 Pred=1.0000 rad_err=0.0797 trans_err=28.8919 => PASS
[CountResult DEBUG] Edge 5-10 GT=1.0000 Pred=1.0000 rad_err=0.2764 trans_err=91.3026 => FAIL
[CountResult DEBUG] Edge 5-12 GT=1.0000 Pred=1.0000 rad_err=2.0286 trans_err=675.1944 => FAIL
[CountResult DEBUG] Edge 6-11 GT=1.0000 Pred=1.0000 rad_err=1.2783 trans_err=522.4862 => FAIL
[CountResult DEBUG] Edge 8-11 GT=1.0000 Pred=1.0000 rad_err=1.0382 trans_err=456.7850 => FAIL
[CountResult DEBUG] Edge 8-12 GT=1.0000 Pred=0.0000 rad_err=2.2376 trans_err=464.4319 => FAIL
[CountResult DEBUG] Sherd 1 gt_edges=5 matched_edges=1 => MATCHED
[CountResult DEBUG] Sherd 2 gt_edges=5 matched_edges=0 => MISSED
[CountResult DEBUG] Sherd 3 gt_edges=3 matched_edges=0 => MISSED
[CountResult DEBUG] Sherd 4 gt_edges=5 matched_edges=1 => MATCHED
[CountResult DEBUG] Sherd 5 gt_edges=6 matched_edges=1 => MATCHED
[CountResult DEBUG] Sherd 6 gt_edges=5 matched_edges=0 => MISSED
[CountResult DEBUG] Sherd 7 gt_edges=3 matched_edges=1 => MATCHED
[CountResult DEBUG] Sherd 8 gt_edges=3 matched_edges=0 => MISSED
[CountResult DEBUG] Sherd 9 gt_edges=0 matched_edges=0 => MISSED
[CountResult DEBUG] Sherd 10 gt_edges=3 matched_edges=0 => MISSED
[CountResult DEBUG] Sherd 11 gt_edges=2 matched_edges=0 => MISSED
[CountResult DEBUG] Sherd 12 gt_edges=2 matched_edges=0 => MISSED
[CountResult DEBUG] Sherd 13 gt_edges=0 matched_edges=0 => MISSED
[CountResult DEBUG] Sherd 14 gt_edges=0 matched_edges=0 => MISSED
[CountResult DEBUG] Sherd 15 gt_edges=0 matched_edges=0 => MISSED
[CountResult DEBUG] Sherd 16 gt_edges=0 matched_edges=0 => MISSED
[CountResult DEBUG] Sherd 17 gt_edges=0 matched_edges=0 => MISSED
[CountResult DEBUG] Sherd 18 gt_edges=0 matched_edges=0 => MISSED
[CountResult DEBUG] Sherd 19 gt_edges=0 matched_edges=0 => MISSED
Sherd accuracy : 4 / 11 (36.3636%)
Edge accuracy : 2 / 21 (9.5238%)
########## Post-ICP Global Results ##########
Sherd Accuracy : 4 / 11
Edge Accuracy  : 2 / 21
########################################
#################### Post-GA Incremental ICP Refinement ####################
[CountResult DEBUG] Thresholds: rad=0.3500, trans=50.0000
[CountResult DEBUG] Edge 1-3 GT=1.0000 Pred=1.0000 rad_err=3.0826 trans_err=599.4820 => FAIL
[CountResult DEBUG] Edge 1-4 GT=1.0000 Pred=1.0000 rad_err=0.0902 trans_err=33.2821 => PASS
[CountResult DEBUG] Edge 1-5 GT=1.0000 Pred=1.0000 rad_err=1.0338 trans_err=410.4000 => FAIL
[CountResult DEBUG] Edge 1-6 GT=1.0000 Pred=1.0000 rad_err=2.0027 trans_err=745.9962 => FAIL
[CountResult DEBUG] Edge 1-7 GT=1.0000 Pred=1.0000 rad_err=1.5261 trans_err=596.3210 => FAIL
[CountResult DEBUG] Edge 2-4 GT=1.0000 Pred=0.0000 rad_err=2.9132 trans_err=953.5779 => FAIL
[CountResult DEBUG] Edge 2-5 GT=1.0000 Pred=1.0000 rad_err=2.5507 trans_err=956.0752 => FAIL
[CountResult DEBUG] Edge 2-6 GT=1.0000 Pred=1.0000 rad_err=2.9186 trans_err=594.6031 => FAIL
[CountResult DEBUG] Edge 2-8 GT=1.0000 Pred=0.0000 rad_err=1.5979 trans_err=654.6237 => FAIL
[CountResult DEBUG] Edge 2-10 GT=1.0000 Pred=1.0000 rad_err=3.0080 trans_err=923.2445 => FAIL
[CountResult DEBUG] Edge 3-6 GT=1.0000 Pred=1.0000 rad_err=2.8045 trans_err=572.1091 => FAIL
[CountResult DEBUG] Edge 3-7 GT=1.0000 Pred=1.0000 rad_err=3.1145 trans_err=831.5549 => FAIL
[CountResult DEBUG] Edge 4-5 GT=1.0000 Pred=1.0000 rad_err=1.0511 trans_err=185.6373 => FAIL
[CountResult DEBUG] Edge 4-6 GT=1.0000 Pred=0.0000 rad_err=2.0167 trans_err=828.3076 => FAIL
[CountResult DEBUG] Edge 4-10 GT=1.0000 Pred=0.0000 rad_err=1.3814 trans_err=498.4824 => FAIL
[CountResult DEBUG] Edge 5-7 GT=1.0000 Pred=1.0000 rad_err=2.0670 trans_err=653.8394 => FAIL
[CountResult DEBUG] Edge 5-10 GT=1.0000 Pred=1.0000 rad_err=0.9351 trans_err=231.6756 => FAIL
[CountResult DEBUG] Edge 5-12 GT=1.0000 Pred=1.0000 rad_err=2.7223 trans_err=313.2339 => FAIL
[CountResult DEBUG] Edge 6-11 GT=1.0000 Pred=1.0000 rad_err=1.8721 trans_err=494.0856 => FAIL
[CountResult DEBUG] Edge 8-11 GT=1.0000 Pred=0.0000 rad_err=2.3578 trans_err=676.6786 => FAIL
[CountResult DEBUG] Edge 8-12 GT=1.0000 Pred=0.0000 rad_err=1.8673 trans_err=517.7644 => FAIL
[CountResult DEBUG] Sherd 1 gt_edges=5 matched_edges=1 => MATCHED
[CountResult DEBUG] Sherd 2 gt_edges=5 matched_edges=0 => MISSED
[CountResult DEBUG] Sherd 3 gt_edges=3 matched_edges=0 => MISSED
[CountResult DEBUG] Sherd 4 gt_edges=5 matched_edges=1 => MATCHED
[CountResult DEBUG] Sherd 5 gt_edges=6 matched_edges=0 => MISSED
[CountResult DEBUG] Sherd 6 gt_edges=5 matched_edges=0 => MISSED
[CountResult DEBUG] Sherd 7 gt_edges=3 matched_edges=0 => MISSED
[CountResult DEBUG] Sherd 8 gt_edges=3 matched_edges=0 => MISSED
[CountResult DEBUG] Sherd 9 gt_edges=0 matched_edges=0 => MISSED
[CountResult DEBUG] Sherd 10 gt_edges=3 matched_edges=0 => MISSED
[CountResult DEBUG] Sherd 11 gt_edges=2 matched_edges=0 => MISSED
[CountResult DEBUG] Sherd 12 gt_edges=2 matched_edges=0 => MISSED
[CountResult DEBUG] Sherd 13 gt_edges=0 matched_edges=0 => MISSED
[CountResult DEBUG] Sherd 14 gt_edges=0 matched_edges=0 => MISSED
[CountResult DEBUG] Sherd 15 gt_edges=0 matched_edges=0 => MISSED
[CountResult DEBUG] Sherd 16 gt_edges=0 matched_edges=0 => MISSED
[CountResult DEBUG] Sherd 17 gt_edges=0 matched_edges=0 => MISSED
[CountResult DEBUG] Sherd 18 gt_edges=0 matched_edges=0 => MISSED
[CountResult DEBUG] Sherd 19 gt_edges=0 matched_edges=0 => MISSED
Sherd accuracy : 2 / 11 (18.1818%)
Edge accuracy : 1 / 21 (4.7619%)
########## Post-ICP Incremental Results ##########
Sherd Accuracy : 2 / 11
Edge Accuracy  : 1 / 21
########################################
########## Final Refined Results ##########
Selected Stage      : Pre-ICP GA (selected in compare)
Final Sherd Accuracy : 7 / 11
Final Edge Accuracy  : 3 / 21
Total Runtime        : 3068079.0630 sec
###########################################
Showing Refined assembly. Press 'G' to toggle Ground Truth comparison! Press 'Q' to quit.
