
--- COLLISION CLOUD SUMMARY ---
  Params: voxel=5 edge_exclusion=2 epsilon=2.5 max_points=300
  Sherd 1: in=19463 out=17145 filtered=1717 candidate=34891 voxel=885 final=885 radius=70.944
  Sherd 2: in=12178 out=13455 filtered=1288 candidate=24345 voxel=559 final=559 radius=62.580
  Sherd 3: in=11577 out=12798 filtered=1397 candidate=22978 voxel=498 final=498 radius=53.271
  Sherd 4: in=9399 out=10462 filtered=1246 candidate=18615 voxel=410 final=410 radius=53.112
  Sherd 5: in=9309 out=9798 filtered=1420 candidate=17687 voxel=432 final=432 radius=56.575
  Sherd 6: in=6574 out=7317 filtered=1285 candidate=12606 voxel=320 final=320 radius=63.231
  Sherd 7: in=1745 out=1796 filtered=610 candidate=2931 voxel=85 final=85 radius=24.700
  Sherd 8: in=1576 out=1761 filtered=561 candidate=2776 voxel=78 final=78 radius=21.125
  Valid sherds=8 empty_clouds=0


--- GENERATION 0 BEST BREAKDOWN ---
  Total Fitness: -111315.95
  Inlier Reward: 574.43
  Cycle Penalty: 924.04
  Overlap Penalty: 0.00
  Edge Residual Penalty: 110794.01
  Edge Rot Residual Penalty: 252.34
  Connectivity Reward: 80.00
  Component Penalty: 0.00
  Largest Component: 8
  Num Components: 1
  Active Pairs: 23
  OverlapDiag Sum (indexed): 298.1220 (delta_vs_fitness=298.1220)
  OverlapDiag Pairs: total=28 same_comp=28 broad_reject=0 narrow_checked=28 active=13
  OverlapDiag Top Active Pairs:
    Pair (1,6) pen=107.1464 hits=33/85 hit_ratio=0.3882 avg_depth=0.3556 min_nn=0.1736
    Pair (3,5) pen=60.9353 hits=67/320 hit_ratio=0.2094 avg_depth=0.2482 min_nn=0.6625
    Pair (0,6) pen=25.7047 hits=8/85 hit_ratio=0.0941 avg_depth=0.4823 min_nn=0.6716
    Pair (0,2) pen=20.3017 hits=15/498 hit_ratio=0.0301 avg_depth=0.3398 min_nn=0.6060
    Pair (4,5) pen=19.2378 hits=16/432 hit_ratio=0.0406 avg_depth=0.2795 min_nn=0.5611

  --- ACTIVE GENE MAP ---
    Gene  0 (Pair  2- 1): choice=1 (inl=78)
    Gene  1 (Pair  3- 1): choice=1 (inl=61)
    Gene  2 (Pair  4- 1): choice=6 (inl=57)
    Gene  3 (Pair  5- 1): choice=3 (inl=59)
    Gene  4 (Pair  6- 1): choice=1 (inl=34)
    Gene  5 (Pair  7- 1): choice=5 (inl=34)
    Gene  6 (Pair  3- 2): choice=1 (inl=42)
    Gene  7 (Pair  4- 2): choice=2 (inl=18)
    Gene  8 (Pair  5- 2): choice=1 (inl=42)
    Gene  9 (Pair  6- 2): choice=1 (inl=18)
    Gene 10 (Pair  7- 2): choice=2 (inl=26)
    Gene 11 (Pair  8- 2): choice=2 (inl=34)
    Gene 12 (Pair  4- 3): choice=2 (inl=0)
    Gene 13 (Pair  5- 3): choice=1 (inl=58)
    Gene 14 (Pair  6- 3): choice=1 (inl=22)
    Gene 15 (Pair  7- 3): choice=1 (inl=20)
    Gene 16 (Pair  8- 3): choice=1 (inl=34)
    Gene 18 (Pair  6- 4): choice=2 (inl=28)
    Gene 20 (Pair  8- 4): choice=1 (inl=30)
    Gene 21 (Pair  6- 5): choice=2 (inl=46)
    Gene 22 (Pair  7- 5): choice=1 (inl=36)
    Gene 23 (Pair  8- 5): choice=2 (inl=30)
    Gene 25 (Pair  8- 7): choice=1 (inl=18)

  --- SHARD 4 CANDIDATE ANALYSIS ---
    Pair (4-1): Selected=6 / 7 choices
      Choice 1: inliners=87
      Choice 2: inliners=52
      Choice 3: inliners=24
      Choice 4: inliners=24
      Choice 5: inliners=65
      Choice 6: inliners=57 [SELECTED]
      Choice 7: inliners=30
    Pair (4-2): Selected=2 / 2 choices
      Choice 1: inliners=8
      Choice 2: inliners=18 [SELECTED]
    Pair (4-3): Selected=2 / 2 choices
      Choice 1: inliners=32
      Choice 2: inliners=0 [SELECTED]
    Pair (5-4): Selected=0 / 3 choices
      Choice 1: inliners=20
      Choice 2: inliners=46
      Choice 3: inliners=18
    Pair (6-4): Selected=2 / 2 choices
      Choice 1: inliners=18
      Choice 2: inliners=28 [SELECTED]
    Pair (7-4): Selected=0 / 3 choices
      Choice 1: inliners=6
      Choice 2: inliners=30
      Choice 3: inliners=24
    Pair (8-4): Selected=1 / 3 choices
      Choice 1: inliners=30 [SELECTED]
      Choice 2: inliners=12
      Choice 3: inliners=32


--- GENERATION 10 BEST BREAKDOWN ---
  Total Fitness: -15603.60
  Inlier Reward: 488.88
  Cycle Penalty: 72.55
  Overlap Penalty: 0.00
  Edge Residual Penalty: 15884.01
  Edge Rot Residual Penalty: 215.92
  Connectivity Reward: 80.00
  Component Penalty: 0.00
  Largest Component: 8
  Num Components: 1
  Active Pairs: 19
  OverlapDiag Sum (indexed): 527.9781 (delta_vs_fitness=527.9781)
  OverlapDiag Pairs: total=28 same_comp=28 broad_reject=0 narrow_checked=28 active=12
  OverlapDiag Top Active Pairs:
    Pair (3,6) pen=223.6780 hits=67/85 hit_ratio=0.7882 avg_depth=0.3687 min_nn=0.2063
    Pair (3,5) pen=119.5324 hits=146/320 hit_ratio=0.4562 avg_depth=0.2761 min_nn=0.2357
    Pair (1,5) pen=32.2434 hits=17/320 hit_ratio=0.0531 avg_depth=0.4146 min_nn=0.9698
    Pair (0,6) pen=32.1067 hits=12/85 hit_ratio=0.1412 avg_depth=0.3359 min_nn=0.9568
    Pair (1,2) pen=28.2402 hits=31/498 hit_ratio=0.0622 avg_depth=0.2362 min_nn=0.7847

  --- ACTIVE GENE MAP ---
    Gene  0 (Pair  2- 1): choice=3 (inl=70)
    Gene  1 (Pair  3- 1): choice=1 (inl=61)
    Gene  2 (Pair  4- 1): choice=5 (inl=65)
    Gene  3 (Pair  5- 1): choice=6 (inl=36)
    Gene  4 (Pair  6- 1): choice=1 (inl=34)
    Gene  5 (Pair  7- 1): choice=3 (inl=56)
    Gene  6 (Pair  3- 2): choice=1 (inl=42)
    Gene  7 (Pair  4- 2): choice=2 (inl=18)
    Gene  8 (Pair  5- 2): choice=1 (inl=42)
    Gene 10 (Pair  7- 2): choice=2 (inl=26)
    Gene 11 (Pair  8- 2): choice=2 (inl=34)
    Gene 12 (Pair  4- 3): choice=2 (inl=0)
    Gene 13 (Pair  5- 3): choice=3 (inl=26)
    Gene 14 (Pair  6- 3): choice=1 (inl=22)
    Gene 16 (Pair  8- 3): choice=1 (inl=34)
    Gene 18 (Pair  6- 4): choice=2 (inl=28)
    Gene 19 (Pair  7- 4): choice=2 (inl=30)
    Gene 20 (Pair  8- 4): choice=1 (inl=30)
    Gene 21 (Pair  6- 5): choice=2 (inl=46)

  --- SHARD 4 CANDIDATE ANALYSIS ---
    Pair (4-1): Selected=5 / 7 choices
      Choice 1: inliners=87
      Choice 2: inliners=52
      Choice 3: inliners=24
      Choice 4: inliners=24
      Choice 5: inliners=65 [SELECTED]
      Choice 6: inliners=57
      Choice 7: inliners=30
    Pair (4-2): Selected=2 / 2 choices
      Choice 1: inliners=8
      Choice 2: inliners=18 [SELECTED]
    Pair (4-3): Selected=2 / 2 choices
      Choice 1: inliners=32
      Choice 2: inliners=0 [SELECTED]
    Pair (5-4): Selected=0 / 3 choices
      Choice 1: inliners=20
      Choice 2: inliners=46
      Choice 3: inliners=18
    Pair (6-4): Selected=2 / 2 choices
      Choice 1: inliners=18
      Choice 2: inliners=28 [SELECTED]
    Pair (7-4): Selected=2 / 3 choices
      Choice 1: inliners=6
      Choice 2: inliners=30 [SELECTED]
      Choice 3: inliners=24
    Pair (8-4): Selected=1 / 3 choices
      Choice 1: inliners=30 [SELECTED]
      Choice 2: inliners=12
      Choice 3: inliners=32


--- GENERATION 20 BEST BREAKDOWN ---
  Total Fitness: -2622.02
  Inlier Reward: 457.29
  Cycle Penalty: 0.00
  Overlap Penalty: 0.00
  Edge Residual Penalty: 2947.56
  Edge Rot Residual Penalty: 211.75
  Connectivity Reward: 80.00
  Component Penalty: 0.00
  Largest Component: 8
  Num Components: 1
  Active Pairs: 17
  OverlapDiag Sum (indexed): 439.9906 (delta_vs_fitness=439.9906)
  OverlapDiag Pairs: total=28 same_comp=28 broad_reject=0 narrow_checked=28 active=11
  OverlapDiag Top Active Pairs:
    Pair (2,6) pen=180.7447 hits=64/85 hit_ratio=0.7529 avg_depth=0.3202 min_nn=0.5205
    Pair (3,4) pen=73.9711 hits=76/432 hit_ratio=0.1805 avg_depth=0.3011 min_nn=0.8145
    Pair (2,5) pen=56.9648 hits=63/498 hit_ratio=0.1875 avg_depth=0.2477 min_nn=0.4940
    Pair (0,6) pen=32.1067 hits=12/85 hit_ratio=0.1412 avg_depth=0.3359 min_nn=0.9568
    Pair (2,7) pen=21.2439 hits=7/78 hit_ratio=0.0897 avg_depth=0.4526 min_nn=0.5687

  --- ACTIVE GENE MAP ---
    Gene  0 (Pair  2- 1): choice=1 (inl=78)
    Gene  1 (Pair  3- 1): choice=4 (inl=44)
    Gene  2 (Pair  4- 1): choice=2 (inl=52)
    Gene  3 (Pair  5- 1): choice=3 (inl=59)
    Gene  4 (Pair  6- 1): choice=1 (inl=34)
    Gene  5 (Pair  7- 1): choice=3 (inl=56)
    Gene  6 (Pair  3- 2): choice=1 (inl=42)
    Gene  7 (Pair  4- 2): choice=2 (inl=18)
    Gene  8 (Pair  5- 2): choice=1 (inl=42)
    Gene  9 (Pair  6- 2): choice=1 (inl=18)
    Gene 10 (Pair  7- 2): choice=2 (inl=26)
    Gene 13 (Pair  5- 3): choice=2 (inl=52)
    Gene 14 (Pair  6- 3): choice=1 (inl=22)
    Gene 16 (Pair  8- 3): choice=2 (inl=24)
    Gene 18 (Pair  6- 4): choice=2 (inl=28)
    Gene 19 (Pair  7- 4): choice=2 (inl=30)
    Gene 20 (Pair  8- 4): choice=1 (inl=30)

  --- SHARD 4 CANDIDATE ANALYSIS ---
    Pair (4-1): Selected=2 / 7 choices
      Choice 1: inliners=87
      Choice 2: inliners=52 [SELECTED]
      Choice 3: inliners=24
      Choice 4: inliners=24
      Choice 5: inliners=65
      Choice 6: inliners=57
      Choice 7: inliners=30
    Pair (4-2): Selected=2 / 2 choices
      Choice 1: inliners=8
      Choice 2: inliners=18 [SELECTED]
    Pair (4-3): Selected=0 / 2 choices
      Choice 1: inliners=32
      Choice 2: inliners=0
    Pair (5-4): Selected=0 / 3 choices
      Choice 1: inliners=20
      Choice 2: inliners=46
      Choice 3: inliners=18
    Pair (6-4): Selected=2 / 2 choices
      Choice 1: inliners=18
      Choice 2: inliners=28 [SELECTED]
    Pair (7-4): Selected=2 / 3 choices
      Choice 1: inliners=6
      Choice 2: inliners=30 [SELECTED]
      Choice 3: inliners=24
    Pair (8-4): Selected=1 / 3 choices
      Choice 1: inliners=30 [SELECTED]
      Choice 2: inliners=12
      Choice 3: inliners=32


--- GENERATION 30 BEST BREAKDOWN ---
  Total Fitness: 44.18
  Inlier Reward: 238.32
  Cycle Penalty: 0.00
  Overlap Penalty: 0.00
  Edge Residual Penalty: 209.05
  Edge Rot Residual Penalty: 65.09
  Connectivity Reward: 80.00
  Component Penalty: 0.00
  Largest Component: 8
  Num Components: 1
  Active Pairs: 9
  OverlapDiag Sum (indexed): 962.9676 (delta_vs_fitness=962.9676)
  OverlapDiag Pairs: total=28 same_comp=28 broad_reject=0 narrow_checked=28 active=16
  OverlapDiag Top Active Pairs:
    Pair (2,4) pen=241.9249 hits=358/498 hit_ratio=0.8148 avg_depth=0.3382 min_nn=0.0558
    Pair (2,7) pen=146.1955 hits=53/78 hit_ratio=0.6795 avg_depth=0.2943 min_nn=0.2462
    Pair (2,3) pen=132.6066 hits=186/498 hit_ratio=0.4415 avg_depth=0.2993 min_nn=0.2368
    Pair (3,4) pen=107.5844 hits=170/432 hit_ratio=0.3951 avg_depth=0.2686 min_nn=0.4604
    Pair (4,7) pen=106.9263 hits=51/78 hit_ratio=0.6538 avg_depth=0.2312 min_nn=0.6775

  --- ACTIVE GENE MAP ---
    Gene  1 (Pair  3- 1): choice=4 (inl=44)
    Gene  2 (Pair  4- 1): choice=5 (inl=65)
    Gene  6 (Pair  3- 2): choice=1 (inl=42)
    Gene  7 (Pair  4- 2): choice=2 (inl=18)
    Gene  8 (Pair  5- 2): choice=1 (inl=42)
    Gene 10 (Pair  7- 2): choice=2 (inl=26)
    Gene 11 (Pair  8- 2): choice=2 (inl=34)
    Gene 20 (Pair  8- 4): choice=1 (inl=30)
    Gene 21 (Pair  6- 5): choice=1 (inl=42)

  --- SHARD 4 CANDIDATE ANALYSIS ---
    Pair (4-1): Selected=5 / 7 choices
      Choice 1: inliners=87
      Choice 2: inliners=52
      Choice 3: inliners=24
      Choice 4: inliners=24
      Choice 5: inliners=65 [SELECTED]
      Choice 6: inliners=57
      Choice 7: inliners=30
    Pair (4-2): Selected=2 / 2 choices
      Choice 1: inliners=8
      Choice 2: inliners=18 [SELECTED]
    Pair (4-3): Selected=0 / 2 choices
      Choice 1: inliners=32
      Choice 2: inliners=0
    Pair (5-4): Selected=0 / 3 choices
      Choice 1: inliners=20
      Choice 2: inliners=46
      Choice 3: inliners=18
    Pair (6-4): Selected=0 / 2 choices
      Choice 1: inliners=18
      Choice 2: inliners=28
    Pair (7-4): Selected=0 / 3 choices
      Choice 1: inliners=6
      Choice 2: inliners=30
      Choice 3: inliners=24
    Pair (8-4): Selected=1 / 3 choices
      Choice 1: inliners=30 [SELECTED]
      Choice 2: inliners=12
      Choice 3: inliners=32


--- GENERATION 40 BEST BREAKDOWN ---
  Total Fitness: 270.21
  Inlier Reward: 194.44
  Cycle Penalty: 0.00
  Overlap Penalty: 0.00
  Edge Residual Penalty: 4.23
  Edge Rot Residual Penalty: 0.00
  Connectivity Reward: 80.00
  Component Penalty: 0.00
  Largest Component: 8
  Num Components: 1
  Active Pairs: 8
  OverlapDiag Sum (indexed): 503.6113 (delta_vs_fitness=503.6113)
  OverlapDiag Pairs: total=28 same_comp=28 broad_reject=0 narrow_checked=28 active=14
  OverlapDiag Top Active Pairs:
    Pair (2,4) pen=241.9249 hits=358/498 hit_ratio=0.8148 avg_depth=0.3382 min_nn=0.0558
    Pair (3,6) pen=79.5140 hits=37/85 hit_ratio=0.4353 avg_depth=0.2453 min_nn=0.7958
    Pair (0,1) pen=52.5277 hits=54/885 hit_ratio=0.0912 avg_depth=0.3013 min_nn=0.6307
    Pair (3,7) pen=30.9891 hits=9/78 hit_ratio=0.1154 avg_depth=0.4634 min_nn=0.0816
    Pair (0,2) pen=17.0058 hits=13/498 hit_ratio=0.0261 avg_depth=0.3370 min_nn=0.8819

  --- ACTIVE GENE MAP ---
    Gene  1 (Pair  3- 1): choice=4 (inl=44)
    Gene  6 (Pair  3- 2): choice=1 (inl=42)
    Gene  7 (Pair  4- 2): choice=2 (inl=18)
    Gene  8 (Pair  5- 2): choice=1 (inl=42)
    Gene 10 (Pair  7- 2): choice=2 (inl=26)
    Gene 11 (Pair  8- 2): choice=2 (inl=34)
    Gene 20 (Pair  8- 4): choice=1 (inl=30)
    Gene 21 (Pair  6- 5): choice=1 (inl=42)

  --- SHARD 4 CANDIDATE ANALYSIS ---
    Pair (4-1): Selected=0 / 7 choices
      Choice 1: inliners=87
      Choice 2: inliners=52
      Choice 3: inliners=24
      Choice 4: inliners=24
      Choice 5: inliners=65
      Choice 6: inliners=57
      Choice 7: inliners=30
    Pair (4-2): Selected=2 / 2 choices
      Choice 1: inliners=8
      Choice 2: inliners=18 [SELECTED]
    Pair (4-3): Selected=0 / 2 choices
      Choice 1: inliners=32
      Choice 2: inliners=0
    Pair (5-4): Selected=0 / 3 choices
      Choice 1: inliners=20
      Choice 2: inliners=46
      Choice 3: inliners=18
    Pair (6-4): Selected=0 / 2 choices
      Choice 1: inliners=18
      Choice 2: inliners=28
    Pair (7-4): Selected=0 / 3 choices
      Choice 1: inliners=6
      Choice 2: inliners=30
      Choice 3: inliners=24
    Pair (8-4): Selected=1 / 3 choices
      Choice 1: inliners=30 [SELECTED]
      Choice 2: inliners=12
      Choice 3: inliners=32


--- GENERATION 50 BEST BREAKDOWN ---
  Total Fitness: 302.78
  Inlier Reward: 227.01
  Cycle Penalty: 0.00
  Overlap Penalty: 0.00
  Edge Residual Penalty: 4.23
  Edge Rot Residual Penalty: 0.00
  Connectivity Reward: 80.00
  Component Penalty: 0.00
  Largest Component: 8
  Num Components: 1
  Active Pairs: 8
  OverlapDiag Sum (indexed): 525.4754 (delta_vs_fitness=525.4754)
  OverlapDiag Pairs: total=28 same_comp=28 broad_reject=0 narrow_checked=28 active=14
  OverlapDiag Top Active Pairs:
    Pair (2,4) pen=241.9249 hits=358/498 hit_ratio=0.8148 avg_depth=0.3382 min_nn=0.0558
    Pair (3,6) pen=79.5140 hits=37/85 hit_ratio=0.4353 avg_depth=0.2453 min_nn=0.7958
    Pair (0,2) pen=47.9758 hits=43/498 hit_ratio=0.0863 avg_depth=0.3056 min_nn=0.7278
    Pair (0,4) pen=45.1955 hits=37/432 hit_ratio=0.0856 avg_depth=0.3087 min_nn=0.4181
    Pair (3,7) pen=30.9891 hits=9/78 hit_ratio=0.1154 avg_depth=0.4634 min_nn=0.0816

  --- ACTIVE GENE MAP ---
    Gene  0 (Pair  2- 1): choice=1 (inl=78)
    Gene  6 (Pair  3- 2): choice=1 (inl=42)
    Gene  7 (Pair  4- 2): choice=2 (inl=18)
    Gene  8 (Pair  5- 2): choice=1 (inl=42)
    Gene 10 (Pair  7- 2): choice=2 (inl=26)
    Gene 11 (Pair  8- 2): choice=2 (inl=34)
    Gene 20 (Pair  8- 4): choice=1 (inl=30)
    Gene 21 (Pair  6- 5): choice=1 (inl=42)

  --- SHARD 4 CANDIDATE ANALYSIS ---
    Pair (4-1): Selected=0 / 7 choices
      Choice 1: inliners=87
      Choice 2: inliners=52
      Choice 3: inliners=24
      Choice 4: inliners=24
      Choice 5: inliners=65
      Choice 6: inliners=57
      Choice 7: inliners=30
    Pair (4-2): Selected=2 / 2 choices
      Choice 1: inliners=8
      Choice 2: inliners=18 [SELECTED]
    Pair (4-3): Selected=0 / 2 choices
      Choice 1: inliners=32
      Choice 2: inliners=0
    Pair (5-4): Selected=0 / 3 choices
      Choice 1: inliners=20
      Choice 2: inliners=46
      Choice 3: inliners=18
    Pair (6-4): Selected=0 / 2 choices
      Choice 1: inliners=18
      Choice 2: inliners=28
    Pair (7-4): Selected=0 / 3 choices
      Choice 1: inliners=6
      Choice 2: inliners=30
      Choice 3: inliners=24
    Pair (8-4): Selected=1 / 3 choices
      Choice 1: inliners=30 [SELECTED]
      Choice 2: inliners=12
      Choice 3: inliners=32


--- COLLISION AUDIT [FINAL BEST] ---
  Fitness overlap penalty: 0.0000
  Recomputed indexed overlap sum: 525.4754 (delta=525.4754)
  Pair counts: total=28 same_comp=28 broad_reject=0 narrow_checked=28 active=14
  Pair (0,1): center_dist=0.000 broad_radius=0.000 min_nn=0.914 hits=10/885 hit_ratio=0.011 avg_depth=0.304 pair_pen=10.083 [!!!] ACTIVE COLLISION UNRESOLVED
  Pair (0,2): center_dist=0.000 broad_radius=0.000 min_nn=0.728 hits=43/498 hit_ratio=0.086 avg_depth=0.306 pair_pen=47.976 [!!!] ACTIVE COLLISION UNRESOLVED
  Pair (0,3): center_dist=0.000 broad_radius=0.000 min_nn=6.778 hits=0/885 hit_ratio=0.000 avg_depth=0.000 pair_pen=0.000 [OK] NARROW-PHASE CLEAR
  Pair (0,4): center_dist=0.000 broad_radius=0.000 min_nn=0.418 hits=37/432 hit_ratio=0.086 avg_depth=0.309 pair_pen=45.196 [!!!] ACTIVE COLLISION UNRESOLVED
  Pair (0,5): center_dist=0.000 broad_radius=0.000 min_nn=42.953 hits=0/885 hit_ratio=0.000 avg_depth=0.000 pair_pen=0.000 [OK] NARROW-PHASE CLEAR
  Pair (0,6): center_dist=0.000 broad_radius=0.000 min_nn=3.035 hits=0/885 hit_ratio=0.000 avg_depth=0.000 pair_pen=0.000 [OK] NARROW-PHASE CLEAR
  Pair (0,7): center_dist=0.000 broad_radius=0.000 min_nn=27.134 hits=0/885 hit_ratio=0.000 avg_depth=0.000 pair_pen=0.000 [OK] NARROW-PHASE CLEAR
  Pair (1,2): center_dist=0.000 broad_radius=0.000 min_nn=0.885 hits=9/498 hit_ratio=0.018 avg_depth=0.376 pair_pen=11.578 [!!!] ACTIVE COLLISION UNRESOLVED
  Pair (1,3): center_dist=0.000 broad_radius=0.000 min_nn=1.053 hits=6/559 hit_ratio=0.011 avg_depth=0.299 pair_pen=5.296 [!!!] ACTIVE COLLISION UNRESOLVED
  Pair (1,4): center_dist=0.000 broad_radius=0.000 min_nn=1.018 hits=4/432 hit_ratio=0.009 avg_depth=0.298 pair_pen=3.064 [!!!] ACTIVE COLLISION UNRESOLVED
  Pair (1,5): center_dist=0.000 broad_radius=0.000 min_nn=3.272 hits=0/559 hit_ratio=0.000 avg_depth=0.000 pair_pen=0.000 [OK] NARROW-PHASE CLEAR
  Pair (1,6): center_dist=0.000 broad_radius=0.000 min_nn=1.037 hits=8/85 hit_ratio=0.094 avg_depth=0.214 pair_pen=13.829 [!!!] ACTIVE COLLISION UNRESOLVED
  Pair (1,7): center_dist=0.000 broad_radius=0.000 min_nn=0.988 hits=6/78 hit_ratio=0.077 avg_depth=0.242 pair_pen=11.090 [!!!] ACTIVE COLLISION UNRESOLVED
  Pair (2,3): center_dist=0.000 broad_radius=0.000 min_nn=68.954 hits=0/498 hit_ratio=0.000 avg_depth=0.000 pair_pen=0.000 [OK] NARROW-PHASE CLEAR
  Pair (2,4): center_dist=0.000 broad_radius=0.000 min_nn=0.056 hits=358/498 hit_ratio=0.815 avg_depth=0.338 pair_pen=241.925 [!!!] ACTIVE COLLISION UNRESOLVED
  Pair (2,5): center_dist=0.000 broad_radius=0.000 min_nn=0.626 hits=9/498 hit_ratio=0.028 avg_depth=0.453 pair_pen=15.347 [!!!] ACTIVE COLLISION UNRESOLVED
  Pair (2,6): center_dist=0.000 broad_radius=0.000 min_nn=63.291 hits=0/498 hit_ratio=0.000 avg_depth=0.000 pair_pen=0.000 [OK] NARROW-PHASE CLEAR
  Pair (2,7): center_dist=0.000 broad_radius=0.000 min_nn=87.452 hits=0/498 hit_ratio=0.000 avg_depth=0.000 pair_pen=0.000 [OK] NARROW-PHASE CLEAR
  Pair (3,4): center_dist=0.000 broad_radius=0.000 min_nn=73.699 hits=0/410 hit_ratio=0.000 avg_depth=0.000 pair_pen=0.000 [OK] NARROW-PHASE CLEAR
  Pair (3,5): center_dist=0.000 broad_radius=0.000 min_nn=107.833 hits=0/410 hit_ratio=0.000 avg_depth=0.000 pair_pen=0.000 [OK] NARROW-PHASE CLEAR
  Pair (3,6): center_dist=0.000 broad_radius=0.000 min_nn=0.796 hits=37/85 hit_ratio=0.435 avg_depth=0.245 pair_pen=79.514 [!!!] ACTIVE COLLISION UNRESOLVED
  Pair (3,7): center_dist=0.000 broad_radius=0.000 min_nn=0.082 hits=9/78 hit_ratio=0.115 avg_depth=0.463 pair_pen=30.989 [!!!] ACTIVE COLLISION UNRESOLVED
  Pair (4,5): center_dist=0.000 broad_radius=0.000 min_nn=0.600 hits=7/320 hit_ratio=0.022 avg_depth=0.329 pair_pen=8.242 [!!!] ACTIVE COLLISION UNRESOLVED
  Pair (4,6): center_dist=0.000 broad_radius=0.000 min_nn=68.097 hits=0/432 hit_ratio=0.000 avg_depth=0.000 pair_pen=0.000 [OK] NARROW-PHASE CLEAR
  Pair (4,7): center_dist=0.000 broad_radius=0.000 min_nn=91.016 hits=0/432 hit_ratio=0.000 avg_depth=0.000 pair_pen=0.000 [OK] NARROW-PHASE CLEAR
  Pair (5,6): center_dist=0.000 broad_radius=0.000 min_nn=103.047 hits=0/320 hit_ratio=0.000 avg_depth=0.000 pair_pen=0.000 [OK] NARROW-PHASE CLEAR
  Pair (5,7): center_dist=0.000 broad_radius=0.000 min_nn=106.199 hits=0/320 hit_ratio=0.000 avg_depth=0.000 pair_pen=0.000 [OK] NARROW-PHASE CLEAR
  Pair (6,7): center_dist=0.000 broad_radius=0.000 min_nn=0.480 hits=1/85 hit_ratio=0.013 avg_depth=0.433 pair_pen=1.348 [!!!] ACTIVE COLLISION UNRESOLVED

