
--- COLLISION CLOUD SUMMARY ---
  Params: voxel=5 edge_exclusion=2 epsilon=2.5 max_points=300
  Sherd 1: in=13409 out=13814 filtered=1533 candidate=25690 voxel=739 final=739 radius=64.066
  Sherd 2: in=11532 out=12829 filtered=1287 candidate=23074 voxel=610 final=610 radius=49.226
  Sherd 3: in=13330 out=8455 filtered=1645 candidate=20140 voxel=499 final=499 radius=66.953
  Sherd 4: in=10795 out=12759 filtered=1635 candidate=21919 voxel=600 final=600 radius=66.347
  Sherd 5: in=11742 out=14248 filtered=1292 candidate=24698 voxel=597 final=597 radius=49.730
  Sherd 6: in=9494 out=11674 filtered=1162 candidate=20006 voxel=495 final=495 radius=48.464
  Sherd 7: in=5522 out=6987 filtered=988 candidate=11521 voxel=311 final=311 radius=42.403
  Sherd 8: in=1939 out=1293 filtered=567 candidate=2665 voxel=86 final=86 radius=30.432
  Sherd 10: in=1732 out=1754 filtered=635 candidate=2851 voxel=98 final=98 radius=28.625
  Sherd 11: in=1204 out=1458 filtered=466 candidate=2196 voxel=80 final=80 radius=21.278
  Sherd 12: in=1197 out=1348 filtered=448 candidate=2097 voxel=76 final=76 radius=19.668
  Valid sherds=11 empty_clouds=0


--- GENERATION 0 BEST BREAKDOWN ---
  Total Fitness: -316475.67
  Inlier Reward: 973.68
  Cycle Penalty: 5538.36
  Overlap Penalty: 1207.01
  Edge Residual Penalty: 310176.64
  Edge Rot Residual Penalty: 637.33
  Connectivity Reward: 110.00
  Component Penalty: 0.00
  Largest Component: 11
  Num Components: 1
  Active Pairs: 46
  OverlapDiag Sum (indexed): 1243.6480 (delta_vs_fitness=36.6356)
  OverlapDiag Pairs: total=55 same_comp=55 broad_reject=0 narrow_checked=55 active=25
  OverlapDiag Top Active Pairs:
    Pair (3,9) pen=195.5307 hits=64/98 hit_ratio=0.6531 avg_depth=0.3734 min_nn=0.4894
    Pair (9,11) pen=129.5173 hits=40/76 hit_ratio=0.5263 avg_depth=0.3303 min_nn=0.8839
    Pair (2,4) pen=107.2119 hits=168/597 hit_ratio=0.3287 avg_depth=0.2909 min_nn=0.5093
    Pair (3,6) pen=96.7639 hits=111/311 hit_ratio=0.3569 avg_depth=0.2687 min_nn=0.1913
    Pair (2,5) pen=96.6477 hits=116/499 hit_ratio=0.2325 avg_depth=0.3193 min_nn=0.6202

  --- ACTIVE GENE MAP ---
    Gene  0 (Pair  2- 1): choice=2 (inl=20)
    Gene  1 (Pair  3- 1): choice=8 (inl=129)
    Gene  2 (Pair  4- 1): choice=5 (inl=34)
    Gene  3 (Pair  5- 1): choice=3 (inl=30)
    Gene  4 (Pair  6- 1): choice=9 (inl=30)
    Gene  5 (Pair  7- 1): choice=4 (inl=49)
    Gene  7 (Pair 10- 1): choice=2 (inl=43)
    Gene  8 (Pair 11- 1): choice=3 (inl=32)
    Gene  9 (Pair 12- 1): choice=1 (inl=30)
    Gene 10 (Pair  3- 2): choice=3 (inl=22)
    Gene 11 (Pair  4- 2): choice=2 (inl=24)
    Gene 12 (Pair  5- 2): choice=1 (inl=24)
    Gene 13 (Pair  6- 2): choice=2 (inl=50)
    Gene 14 (Pair  7- 2): choice=2 (inl=26)
    Gene 15 (Pair  8- 2): choice=1 (inl=32)
    Gene 16 (Pair 10- 2): choice=1 (inl=22)
    Gene 17 (Pair 11- 2): choice=1 (inl=26)
    Gene 18 (Pair 12- 2): choice=1 (inl=30)
    Gene 19 (Pair  4- 3): choice=1 (inl=26)
    Gene 20 (Pair  5- 3): choice=2 (inl=8)
    Gene 21 (Pair  6- 3): choice=5 (inl=38)
    Gene 22 (Pair  7- 3): choice=4 (inl=24)
    Gene 24 (Pair 10- 3): choice=1 (inl=14)
    Gene 25 (Pair 11- 3): choice=1 (inl=32)
    Gene 27 (Pair  5- 4): choice=5 (inl=40)
    Gene 28 (Pair  6- 4): choice=4 (inl=53)
    Gene 29 (Pair  7- 4): choice=3 (inl=28)
    Gene 30 (Pair  8- 4): choice=3 (inl=12)
    Gene 31 (Pair 10- 4): choice=1 (inl=22)
    Gene 32 (Pair 11- 4): choice=2 (inl=30)
    Gene 33 (Pair 12- 4): choice=2 (inl=20)
    Gene 34 (Pair  6- 5): choice=2 (inl=24)
    Gene 35 (Pair  7- 5): choice=3 (inl=34)
    Gene 36 (Pair  8- 5): choice=2 (inl=28)
    Gene 37 (Pair 10- 5): choice=2 (inl=36)
    Gene 38 (Pair 11- 5): choice=3 (inl=28)
    Gene 39 (Pair 12- 5): choice=1 (inl=30)
    Gene 41 (Pair  8- 6): choice=3 (inl=32)
    Gene 42 (Pair 10- 6): choice=1 (inl=39)
    Gene 43 (Pair 11- 6): choice=1 (inl=32)
    Gene 44 (Pair  8- 7): choice=1 (inl=24)
    Gene 45 (Pair 10- 7): choice=1 (inl=50)
    Gene 46 (Pair 11- 7): choice=3 (inl=20)
    Gene 47 (Pair 10- 8): choice=1 (inl=20)
    Gene 48 (Pair 11- 8): choice=1 (inl=16)
    Gene 51 (Pair 12-11): choice=1 (inl=24)

  --- SHARD 4 CANDIDATE ANALYSIS ---
    Pair (4-1): Selected=5 / 11 choices
      Choice 1: inliners=56
      Choice 2: inliners=36
      Choice 3: inliners=48
      Choice 4: inliners=32
      Choice 5: inliners=34 [SELECTED]
      Choice 6: inliners=54
      Choice 7: inliners=26
      Choice 8: inliners=78
      Choice 9: inliners=44
      Choice 10: inliners=22
      Choice 11: inliners=94
    Pair (4-2): Selected=2 / 3 choices
      Choice 1: inliners=36
      Choice 2: inliners=24 [SELECTED]
      Choice 3: inliners=64
    Pair (4-3): Selected=1 / 1 choices
      Choice 1: inliners=26 [SELECTED]
    Pair (5-4): Selected=5 / 6 choices
      Choice 1: inliners=32
      Choice 2: inliners=20
      Choice 3: inliners=18
      Choice 4: inliners=32
      Choice 5: inliners=40 [SELECTED]
      Choice 6: inliners=40
    Pair (6-4): Selected=4 / 8 choices
      Choice 1: inliners=36
      Choice 2: inliners=48
      Choice 3: inliners=34
      Choice 4: inliners=53 [SELECTED]
      Choice 5: inliners=68
      Choice 6: inliners=53
      Choice 7: inliners=30
      Choice 8: inliners=20
    Pair (7-4): Selected=3 / 3 choices
      Choice 1: inliners=16
      Choice 2: inliners=32
      Choice 3: inliners=28 [SELECTED]
    Pair (8-4): Selected=3 / 5 choices
      Choice 1: inliners=26
      Choice 2: inliners=8
      Choice 3: inliners=12 [SELECTED]
      Choice 4: inliners=12
      Choice 5: inliners=18
    Pair (10-4): Selected=1 / 1 choices
      Choice 1: inliners=22 [SELECTED]
    Pair (11-4): Selected=2 / 2 choices
      Choice 1: inliners=18
      Choice 2: inliners=30 [SELECTED]
    Pair (12-4): Selected=2 / 2 choices
      Choice 1: inliners=18
      Choice 2: inliners=20 [SELECTED]


--- GENERATION 10 BEST BREAKDOWN ---
  Total Fitness: -176527.40
  Inlier Reward: 919.49
  Cycle Penalty: 2897.65
  Overlap Penalty: 696.80
  Edge Residual Penalty: 173476.02
  Edge Rot Residual Penalty: 486.42
  Connectivity Reward: 110.00
  Component Penalty: 0.00
  Largest Component: 11
  Num Components: 1
  Active Pairs: 37
  OverlapDiag Sum (indexed): 800.5425 (delta_vs_fitness=103.7451)
  OverlapDiag Pairs: total=55 same_comp=55 broad_reject=0 narrow_checked=55 active=21
  OverlapDiag Top Active Pairs:
    Pair (3,10) pen=135.0318 hits=42/600 hit_ratio=0.5000 avg_depth=0.3496 min_nn=0.5229
    Pair (3,7) pen=100.2442 hits=37/86 hit_ratio=0.4302 avg_depth=0.3048 min_nn=0.6097
    Pair (1,9) pen=99.0645 hits=44/98 hit_ratio=0.4490 avg_depth=0.2820 min_nn=0.8347
    Pair (3,5) pen=83.5340 hits=142/600 hit_ratio=0.2707 avg_depth=0.2617 min_nn=0.4330
    Pair (5,9) pen=74.6666 hits=31/98 hit_ratio=0.3163 avg_depth=0.2960 min_nn=0.2727

  --- ACTIVE GENE MAP ---
    Gene  1 (Pair  3- 1): choice=9 (inl=38)
    Gene  2 (Pair  4- 1): choice=2 (inl=36)
    Gene  3 (Pair  5- 1): choice=5 (inl=36)
    Gene  4 (Pair  6- 1): choice=9 (inl=30)
    Gene  5 (Pair  7- 1): choice=4 (inl=49)
    Gene  6 (Pair  8- 1): choice=4 (inl=41)
    Gene  8 (Pair 11- 1): choice=1 (inl=28)
    Gene 10 (Pair  3- 2): choice=1 (inl=22)
    Gene 11 (Pair  4- 2): choice=3 (inl=64)
    Gene 12 (Pair  5- 2): choice=1 (inl=24)
    Gene 13 (Pair  6- 2): choice=4 (inl=62)
    Gene 14 (Pair  7- 2): choice=3 (inl=20)
    Gene 15 (Pair  8- 2): choice=2 (inl=4)
    Gene 16 (Pair 10- 2): choice=1 (inl=22)
    Gene 17 (Pair 11- 2): choice=1 (inl=26)
    Gene 20 (Pair  5- 3): choice=3 (inl=52)
    Gene 21 (Pair  6- 3): choice=5 (inl=38)
    Gene 22 (Pair  7- 3): choice=3 (inl=42)
    Gene 25 (Pair 11- 3): choice=1 (inl=32)
    Gene 27 (Pair  5- 4): choice=6 (inl=40)
    Gene 29 (Pair  7- 4): choice=3 (inl=28)
    Gene 30 (Pair  8- 4): choice=1 (inl=26)
    Gene 31 (Pair 10- 4): choice=1 (inl=22)
    Gene 32 (Pair 11- 4): choice=2 (inl=30)
    Gene 34 (Pair  6- 5): choice=3 (inl=42)
    Gene 35 (Pair  7- 5): choice=2 (inl=93)
    Gene 36 (Pair  8- 5): choice=2 (inl=28)
    Gene 37 (Pair 10- 5): choice=1 (inl=51)
    Gene 38 (Pair 11- 5): choice=4 (inl=32)
    Gene 39 (Pair 12- 5): choice=2 (inl=24)
    Gene 41 (Pair  8- 6): choice=3 (inl=32)
    Gene 42 (Pair 10- 6): choice=1 (inl=39)
    Gene 43 (Pair 11- 6): choice=4 (inl=32)
    Gene 44 (Pair  8- 7): choice=1 (inl=24)
    Gene 45 (Pair 10- 7): choice=1 (inl=50)
    Gene 46 (Pair 11- 7): choice=1 (inl=30)
    Gene 50 (Pair 11-10): choice=1 (inl=28)

  --- SHARD 4 CANDIDATE ANALYSIS ---
    Pair (4-1): Selected=2 / 11 choices
      Choice 1: inliners=56
      Choice 2: inliners=36 [SELECTED]
      Choice 3: inliners=48
      Choice 4: inliners=32
      Choice 5: inliners=34
      Choice 6: inliners=54
      Choice 7: inliners=26
      Choice 8: inliners=78
      Choice 9: inliners=44
      Choice 10: inliners=22
      Choice 11: inliners=94
    Pair (4-2): Selected=3 / 3 choices
      Choice 1: inliners=36
      Choice 2: inliners=24
      Choice 3: inliners=64 [SELECTED]
    Pair (4-3): Selected=0 / 1 choices
      Choice 1: inliners=26
    Pair (5-4): Selected=6 / 6 choices
      Choice 1: inliners=32
      Choice 2: inliners=20
      Choice 3: inliners=18
      Choice 4: inliners=32
      Choice 5: inliners=40
      Choice 6: inliners=40 [SELECTED]
    Pair (6-4): Selected=0 / 8 choices
      Choice 1: inliners=36
      Choice 2: inliners=48
      Choice 3: inliners=34
      Choice 4: inliners=53
      Choice 5: inliners=68
      Choice 6: inliners=53
      Choice 7: inliners=30
      Choice 8: inliners=20
    Pair (7-4): Selected=3 / 3 choices
      Choice 1: inliners=16
      Choice 2: inliners=32
      Choice 3: inliners=28 [SELECTED]
    Pair (8-4): Selected=1 / 5 choices
      Choice 1: inliners=26 [SELECTED]
      Choice 2: inliners=8
      Choice 3: inliners=12
      Choice 4: inliners=12
      Choice 5: inliners=18
    Pair (10-4): Selected=1 / 1 choices
      Choice 1: inliners=22 [SELECTED]
    Pair (11-4): Selected=2 / 2 choices
      Choice 1: inliners=18
      Choice 2: inliners=30 [SELECTED]
    Pair (12-4): Selected=0 / 2 choices
      Choice 1: inliners=18
      Choice 2: inliners=20


--- GENERATION 20 BEST BREAKDOWN ---
  Total Fitness: -125465.04
  Inlier Reward: 890.88
  Cycle Penalty: 1353.37
  Overlap Penalty: 763.52
  Edge Residual Penalty: 123908.10
  Edge Rot Residual Penalty: 440.94
  Connectivity Reward: 110.00
  Component Penalty: 0.00
  Largest Component: 11
  Num Components: 1
  Active Pairs: 34
  OverlapDiag Sum (indexed): 828.5516 (delta_vs_fitness=65.0354)
  OverlapDiag Pairs: total=55 same_comp=55 broad_reject=0 narrow_checked=55 active=20
  OverlapDiag Top Active Pairs:
    Pair (3,6) pen=130.7881 hits=166/311 hit_ratio=0.5338 avg_depth=0.2715 min_nn=0.2938
    Pair (0,11) pen=99.8309 hits=38/76 hit_ratio=0.5000 avg_depth=0.2742 min_nn=0.6695
    Pair (4,5) pen=82.7648 hits=107/597 hit_ratio=0.2162 avg_depth=0.2924 min_nn=0.3036
    Pair (5,7) pen=67.3356 hits=28/495 hit_ratio=0.3140 avg_depth=0.2791 min_nn=0.4983
    Pair (2,10) pen=66.8805 hits=24/499 hit_ratio=0.2875 avg_depth=0.3098 min_nn=0.9239

  --- ACTIVE GENE MAP ---
    Gene  1 (Pair  3- 1): choice=1 (inl=44)
    Gene  2 (Pair  4- 1): choice=11 (inl=94)
    Gene  3 (Pair  5- 1): choice=1 (inl=36)
    Gene  4 (Pair  6- 1): choice=9 (inl=30)
    Gene  5 (Pair  7- 1): choice=4 (inl=49)
    Gene  6 (Pair  8- 1): choice=4 (inl=41)
    Gene  8 (Pair 11- 1): choice=1 (inl=28)
    Gene 10 (Pair  3- 2): choice=1 (inl=22)
    Gene 11 (Pair  4- 2): choice=3 (inl=64)
    Gene 12 (Pair  5- 2): choice=1 (inl=24)
    Gene 13 (Pair  6- 2): choice=4 (inl=62)
    Gene 14 (Pair  7- 2): choice=2 (inl=26)
    Gene 15 (Pair  8- 2): choice=1 (inl=32)
    Gene 16 (Pair 10- 2): choice=1 (inl=22)
    Gene 17 (Pair 11- 2): choice=1 (inl=26)
    Gene 21 (Pair  6- 3): choice=5 (inl=38)
    Gene 22 (Pair  7- 3): choice=3 (inl=42)
    Gene 27 (Pair  5- 4): choice=6 (inl=40)
    Gene 29 (Pair  7- 4): choice=2 (inl=32)
    Gene 30 (Pair  8- 4): choice=4 (inl=12)
    Gene 31 (Pair 10- 4): choice=1 (inl=22)
    Gene 34 (Pair  6- 5): choice=3 (inl=42)
    Gene 35 (Pair  7- 5): choice=2 (inl=93)
    Gene 36 (Pair  8- 5): choice=2 (inl=28)
    Gene 37 (Pair 10- 5): choice=2 (inl=36)
    Gene 38 (Pair 11- 5): choice=4 (inl=32)
    Gene 39 (Pair 12- 5): choice=2 (inl=24)
    Gene 41 (Pair  8- 6): choice=3 (inl=32)
    Gene 42 (Pair 10- 6): choice=1 (inl=39)
    Gene 43 (Pair 11- 6): choice=4 (inl=32)
    Gene 44 (Pair  8- 7): choice=1 (inl=24)
    Gene 45 (Pair 10- 7): choice=1 (inl=50)
    Gene 46 (Pair 11- 7): choice=1 (inl=30)
    Gene 50 (Pair 11-10): choice=1 (inl=28)

  --- SHARD 4 CANDIDATE ANALYSIS ---
    Pair (4-1): Selected=11 / 11 choices
      Choice 1: inliners=56
      Choice 2: inliners=36
      Choice 3: inliners=48
      Choice 4: inliners=32
      Choice 5: inliners=34
      Choice 6: inliners=54
      Choice 7: inliners=26
      Choice 8: inliners=78
      Choice 9: inliners=44
      Choice 10: inliners=22
      Choice 11: inliners=94 [SELECTED]
    Pair (4-2): Selected=3 / 3 choices
      Choice 1: inliners=36
      Choice 2: inliners=24
      Choice 3: inliners=64 [SELECTED]
    Pair (4-3): Selected=0 / 1 choices
      Choice 1: inliners=26
    Pair (5-4): Selected=6 / 6 choices
      Choice 1: inliners=32
      Choice 2: inliners=20
      Choice 3: inliners=18
      Choice 4: inliners=32
      Choice 5: inliners=40
      Choice 6: inliners=40 [SELECTED]
    Pair (6-4): Selected=0 / 8 choices
      Choice 1: inliners=36
      Choice 2: inliners=48
      Choice 3: inliners=34
      Choice 4: inliners=53
      Choice 5: inliners=68
      Choice 6: inliners=53
      Choice 7: inliners=30
      Choice 8: inliners=20
    Pair (7-4): Selected=2 / 3 choices
      Choice 1: inliners=16
      Choice 2: inliners=32 [SELECTED]
      Choice 3: inliners=28
    Pair (8-4): Selected=4 / 5 choices
      Choice 1: inliners=26
      Choice 2: inliners=8
      Choice 3: inliners=12
      Choice 4: inliners=12 [SELECTED]
      Choice 5: inliners=18
    Pair (10-4): Selected=1 / 1 choices
      Choice 1: inliners=22 [SELECTED]
    Pair (11-4): Selected=0 / 2 choices
      Choice 1: inliners=18
      Choice 2: inliners=30
    Pair (12-4): Selected=0 / 2 choices
      Choice 1: inliners=18
      Choice 2: inliners=20


--- GENERATION 30 BEST BREAKDOWN ---
  Total Fitness: -115324.89
  Inlier Reward: 831.08
  Cycle Penalty: 1126.62
  Overlap Penalty: 880.00
  Edge Residual Penalty: 113818.72
  Edge Rot Residual Penalty: 440.63
  Connectivity Reward: 110.00
  Component Penalty: 0.00
  Largest Component: 11
  Num Components: 1
  Active Pairs: 33
  OverlapDiag Sum (indexed): 942.6460 (delta_vs_fitness=62.6460)
  OverlapDiag Pairs: total=55 same_comp=55 broad_reject=0 narrow_checked=55 active=22
  OverlapDiag Top Active Pairs:
    Pair (0,11) pen=149.4401 hits=46/76 hit_ratio=0.6053 avg_depth=0.3317 min_nn=0.2074
    Pair (4,6) pen=147.1463 hits=151/311 hit_ratio=0.4855 avg_depth=0.3153 min_nn=0.2174
    Pair (3,6) pen=130.7881 hits=166/311 hit_ratio=0.5338 avg_depth=0.2715 min_nn=0.2938
    Pair (3,4) pen=104.6860 hits=169/600 hit_ratio=0.2817 avg_depth=0.3038 min_nn=0.3937
    Pair (2,10) pen=66.8805 hits=24/499 hit_ratio=0.2875 avg_depth=0.3098 min_nn=0.9239

  --- ACTIVE GENE MAP ---
    Gene  1 (Pair  3- 1): choice=1 (inl=44)
    Gene  2 (Pair  4- 1): choice=11 (inl=94)
    Gene  3 (Pair  5- 1): choice=7 (inl=30)
    Gene  4 (Pair  6- 1): choice=9 (inl=30)
    Gene  5 (Pair  7- 1): choice=4 (inl=49)
    Gene  8 (Pair 11- 1): choice=1 (inl=28)
    Gene 10 (Pair  3- 2): choice=1 (inl=22)
    Gene 11 (Pair  4- 2): choice=3 (inl=64)
    Gene 12 (Pair  5- 2): choice=1 (inl=24)
    Gene 13 (Pair  6- 2): choice=4 (inl=62)
    Gene 14 (Pair  7- 2): choice=3 (inl=20)
    Gene 15 (Pair  8- 2): choice=2 (inl=4)
    Gene 16 (Pair 10- 2): choice=1 (inl=22)
    Gene 17 (Pair 11- 2): choice=1 (inl=26)
    Gene 21 (Pair  6- 3): choice=5 (inl=38)
    Gene 22 (Pair  7- 3): choice=3 (inl=42)
    Gene 27 (Pair  5- 4): choice=6 (inl=40)
    Gene 29 (Pair  7- 4): choice=2 (inl=32)
    Gene 30 (Pair  8- 4): choice=4 (inl=12)
    Gene 31 (Pair 10- 4): choice=1 (inl=22)
    Gene 34 (Pair  6- 5): choice=3 (inl=42)
    Gene 35 (Pair  7- 5): choice=2 (inl=93)
    Gene 36 (Pair  8- 5): choice=2 (inl=28)
    Gene 37 (Pair 10- 5): choice=2 (inl=36)
    Gene 38 (Pair 11- 5): choice=4 (inl=32)
    Gene 39 (Pair 12- 5): choice=2 (inl=24)
    Gene 41 (Pair  8- 6): choice=3 (inl=32)
    Gene 42 (Pair 10- 6): choice=1 (inl=39)
    Gene 43 (Pair 11- 6): choice=4 (inl=32)
    Gene 44 (Pair  8- 7): choice=1 (inl=24)
    Gene 45 (Pair 10- 7): choice=1 (inl=50)
    Gene 46 (Pair 11- 7): choice=1 (inl=30)
    Gene 50 (Pair 11-10): choice=1 (inl=28)

  --- SHARD 4 CANDIDATE ANALYSIS ---
    Pair (4-1): Selected=11 / 11 choices
      Choice 1: inliners=56
      Choice 2: inliners=36
      Choice 3: inliners=48
      Choice 4: inliners=32
      Choice 5: inliners=34
      Choice 6: inliners=54
      Choice 7: inliners=26
      Choice 8: inliners=78
      Choice 9: inliners=44
      Choice 10: inliners=22
      Choice 11: inliners=94 [SELECTED]
    Pair (4-2): Selected=3 / 3 choices
      Choice 1: inliners=36
      Choice 2: inliners=24
      Choice 3: inliners=64 [SELECTED]
    Pair (4-3): Selected=0 / 1 choices
      Choice 1: inliners=26
    Pair (5-4): Selected=6 / 6 choices
      Choice 1: inliners=32
      Choice 2: inliners=20
      Choice 3: inliners=18
      Choice 4: inliners=32
      Choice 5: inliners=40
      Choice 6: inliners=40 [SELECTED]
    Pair (6-4): Selected=0 / 8 choices
      Choice 1: inliners=36
      Choice 2: inliners=48
      Choice 3: inliners=34
      Choice 4: inliners=53
      Choice 5: inliners=68
      Choice 6: inliners=53
      Choice 7: inliners=30
      Choice 8: inliners=20
    Pair (7-4): Selected=2 / 3 choices
      Choice 1: inliners=16
      Choice 2: inliners=32 [SELECTED]
      Choice 3: inliners=28
    Pair (8-4): Selected=4 / 5 choices
      Choice 1: inliners=26
      Choice 2: inliners=8
      Choice 3: inliners=12
      Choice 4: inliners=12 [SELECTED]
      Choice 5: inliners=18
    Pair (10-4): Selected=1 / 1 choices
      Choice 1: inliners=22 [SELECTED]
    Pair (11-4): Selected=0 / 2 choices
      Choice 1: inliners=18
      Choice 2: inliners=30
    Pair (12-4): Selected=0 / 2 choices
      Choice 1: inliners=18
      Choice 2: inliners=20


--- GENERATION 40 BEST BREAKDOWN ---
  Total Fitness: -113802.87
  Inlier Reward: 806.81
  Cycle Penalty: 979.37
  Overlap Penalty: 880.00
  Edge Residual Penalty: 112434.88
  Edge Rot Residual Penalty: 425.43
  Connectivity Reward: 110.00
  Component Penalty: 0.00
  Largest Component: 11
  Num Components: 1
  Active Pairs: 32
  OverlapDiag Sum (indexed): 942.6460 (delta_vs_fitness=62.6460)
  OverlapDiag Pairs: total=55 same_comp=55 broad_reject=0 narrow_checked=55 active=22
  OverlapDiag Top Active Pairs:
    Pair (0,11) pen=149.4401 hits=46/76 hit_ratio=0.6053 avg_depth=0.3317 min_nn=0.2074
    Pair (4,6) pen=147.1463 hits=151/311 hit_ratio=0.4855 avg_depth=0.3153 min_nn=0.2174
    Pair (3,6) pen=130.7881 hits=166/311 hit_ratio=0.5338 avg_depth=0.2715 min_nn=0.2938
    Pair (3,4) pen=104.6860 hits=169/600 hit_ratio=0.2817 avg_depth=0.3038 min_nn=0.3937
    Pair (2,10) pen=66.8805 hits=24/499 hit_ratio=0.2875 avg_depth=0.3098 min_nn=0.9239

  --- ACTIVE GENE MAP ---
    Gene  1 (Pair  3- 1): choice=1 (inl=44)
    Gene  2 (Pair  4- 1): choice=11 (inl=94)
    Gene  3 (Pair  5- 1): choice=7 (inl=30)
    Gene  4 (Pair  6- 1): choice=9 (inl=30)
    Gene  5 (Pair  7- 1): choice=4 (inl=49)
    Gene  8 (Pair 11- 1): choice=1 (inl=28)
    Gene 10 (Pair  3- 2): choice=1 (inl=22)
    Gene 11 (Pair  4- 2): choice=3 (inl=64)
    Gene 12 (Pair  5- 2): choice=1 (inl=24)
    Gene 13 (Pair  6- 2): choice=4 (inl=62)
    Gene 14 (Pair  7- 2): choice=3 (inl=20)
    Gene 15 (Pair  8- 2): choice=2 (inl=4)
    Gene 16 (Pair 10- 2): choice=1 (inl=22)
    Gene 17 (Pair 11- 2): choice=1 (inl=26)
    Gene 21 (Pair  6- 3): choice=5 (inl=38)
    Gene 22 (Pair  7- 3): choice=3 (inl=42)
    Gene 27 (Pair  5- 4): choice=6 (inl=40)
    Gene 29 (Pair  7- 4): choice=2 (inl=32)
    Gene 30 (Pair  8- 4): choice=4 (inl=12)
    Gene 31 (Pair 10- 4): choice=1 (inl=22)
    Gene 34 (Pair  6- 5): choice=3 (inl=42)
    Gene 35 (Pair  7- 5): choice=2 (inl=93)
    Gene 36 (Pair  8- 5): choice=2 (inl=28)
    Gene 37 (Pair 10- 5): choice=2 (inl=36)
    Gene 38 (Pair 11- 5): choice=4 (inl=32)
    Gene 39 (Pair 12- 5): choice=2 (inl=24)
    Gene 41 (Pair  8- 6): choice=3 (inl=32)
    Gene 42 (Pair 10- 6): choice=1 (inl=39)
    Gene 43 (Pair 11- 6): choice=3 (inl=28)
    Gene 44 (Pair  8- 7): choice=1 (inl=24)
    Gene 45 (Pair 10- 7): choice=1 (inl=50)
    Gene 50 (Pair 11-10): choice=1 (inl=28)

  --- SHARD 4 CANDIDATE ANALYSIS ---
    Pair (4-1): Selected=11 / 11 choices
      Choice 1: inliners=56
      Choice 2: inliners=36
      Choice 3: inliners=48
      Choice 4: inliners=32
      Choice 5: inliners=34
      Choice 6: inliners=54
      Choice 7: inliners=26
      Choice 8: inliners=78
      Choice 9: inliners=44
      Choice 10: inliners=22
      Choice 11: inliners=94 [SELECTED]
    Pair (4-2): Selected=3 / 3 choices
      Choice 1: inliners=36
      Choice 2: inliners=24
      Choice 3: inliners=64 [SELECTED]
    Pair (4-3): Selected=0 / 1 choices
      Choice 1: inliners=26
    Pair (5-4): Selected=6 / 6 choices
      Choice 1: inliners=32
      Choice 2: inliners=20
      Choice 3: inliners=18
      Choice 4: inliners=32
      Choice 5: inliners=40
      Choice 6: inliners=40 [SELECTED]
    Pair (6-4): Selected=0 / 8 choices
      Choice 1: inliners=36
      Choice 2: inliners=48
      Choice 3: inliners=34
      Choice 4: inliners=53
      Choice 5: inliners=68
      Choice 6: inliners=53
      Choice 7: inliners=30
      Choice 8: inliners=20
    Pair (7-4): Selected=2 / 3 choices
      Choice 1: inliners=16
      Choice 2: inliners=32 [SELECTED]
      Choice 3: inliners=28
    Pair (8-4): Selected=4 / 5 choices
      Choice 1: inliners=26
      Choice 2: inliners=8
      Choice 3: inliners=12
      Choice 4: inliners=12 [SELECTED]
      Choice 5: inliners=18
    Pair (10-4): Selected=1 / 1 choices
      Choice 1: inliners=22 [SELECTED]
    Pair (11-4): Selected=0 / 2 choices
      Choice 1: inliners=18
      Choice 2: inliners=30
    Pair (12-4): Selected=0 / 2 choices
      Choice 1: inliners=18
      Choice 2: inliners=20


--- GENERATION 50 BEST BREAKDOWN ---
  Total Fitness: -113603.96
  Inlier Reward: 782.18
  Cycle Penalty: 979.37
  Overlap Penalty: 880.00
  Edge Residual Penalty: 112227.22
  Edge Rot Residual Penalty: 409.55
  Connectivity Reward: 110.00
  Component Penalty: 0.00
  Largest Component: 11
  Num Components: 1
  Active Pairs: 31
  OverlapDiag Sum (indexed): 942.6460 (delta_vs_fitness=62.6460)
  OverlapDiag Pairs: total=55 same_comp=55 broad_reject=0 narrow_checked=55 active=22
  OverlapDiag Top Active Pairs:
    Pair (0,11) pen=149.4401 hits=46/76 hit_ratio=0.6053 avg_depth=0.3317 min_nn=0.2074
    Pair (4,6) pen=147.1463 hits=151/311 hit_ratio=0.4855 avg_depth=0.3153 min_nn=0.2174
    Pair (3,6) pen=130.7881 hits=166/311 hit_ratio=0.5338 avg_depth=0.2715 min_nn=0.2938
    Pair (3,4) pen=104.6860 hits=169/600 hit_ratio=0.2817 avg_depth=0.3038 min_nn=0.3937
    Pair (2,10) pen=66.8805 hits=24/499 hit_ratio=0.2875 avg_depth=0.3098 min_nn=0.9239

  --- ACTIVE GENE MAP ---
    Gene  1 (Pair  3- 1): choice=1 (inl=44)
    Gene  2 (Pair  4- 1): choice=11 (inl=94)
    Gene  3 (Pair  5- 1): choice=7 (inl=30)
    Gene  4 (Pair  6- 1): choice=9 (inl=30)
    Gene  5 (Pair  7- 1): choice=4 (inl=49)
    Gene  8 (Pair 11- 1): choice=1 (inl=28)
    Gene 10 (Pair  3- 2): choice=1 (inl=22)
    Gene 11 (Pair  4- 2): choice=3 (inl=64)
    Gene 12 (Pair  5- 2): choice=1 (inl=24)
    Gene 13 (Pair  6- 2): choice=4 (inl=62)
    Gene 14 (Pair  7- 2): choice=3 (inl=20)
    Gene 15 (Pair  8- 2): choice=2 (inl=4)
    Gene 16 (Pair 10- 2): choice=1 (inl=22)
    Gene 17 (Pair 11- 2): choice=1 (inl=26)
    Gene 21 (Pair  6- 3): choice=5 (inl=38)
    Gene 22 (Pair  7- 3): choice=3 (inl=42)
    Gene 27 (Pair  5- 4): choice=6 (inl=40)
    Gene 29 (Pair  7- 4): choice=2 (inl=32)
    Gene 30 (Pair  8- 4): choice=4 (inl=12)
    Gene 31 (Pair 10- 4): choice=1 (inl=22)
    Gene 34 (Pair  6- 5): choice=3 (inl=42)
    Gene 35 (Pair  7- 5): choice=2 (inl=93)
    Gene 36 (Pair  8- 5): choice=2 (inl=28)
    Gene 38 (Pair 11- 5): choice=4 (inl=32)
    Gene 39 (Pair 12- 5): choice=2 (inl=24)
    Gene 41 (Pair  8- 6): choice=3 (inl=32)
    Gene 42 (Pair 10- 6): choice=1 (inl=39)
    Gene 43 (Pair 11- 6): choice=3 (inl=28)
    Gene 44 (Pair  8- 7): choice=1 (inl=24)
    Gene 45 (Pair 10- 7): choice=1 (inl=50)
    Gene 50 (Pair 11-10): choice=1 (inl=28)

  --- SHARD 4 CANDIDATE ANALYSIS ---
    Pair (4-1): Selected=11 / 11 choices
      Choice 1: inliners=56
      Choice 2: inliners=36
      Choice 3: inliners=48
      Choice 4: inliners=32
      Choice 5: inliners=34
      Choice 6: inliners=54
      Choice 7: inliners=26
      Choice 8: inliners=78
      Choice 9: inliners=44
      Choice 10: inliners=22
      Choice 11: inliners=94 [SELECTED]
    Pair (4-2): Selected=3 / 3 choices
      Choice 1: inliners=36
      Choice 2: inliners=24
      Choice 3: inliners=64 [SELECTED]
    Pair (4-3): Selected=0 / 1 choices
      Choice 1: inliners=26
    Pair (5-4): Selected=6 / 6 choices
      Choice 1: inliners=32
      Choice 2: inliners=20
      Choice 3: inliners=18
      Choice 4: inliners=32
      Choice 5: inliners=40
      Choice 6: inliners=40 [SELECTED]
    Pair (6-4): Selected=0 / 8 choices
      Choice 1: inliners=36
      Choice 2: inliners=48
      Choice 3: inliners=34
      Choice 4: inliners=53
      Choice 5: inliners=68
      Choice 6: inliners=53
      Choice 7: inliners=30
      Choice 8: inliners=20
    Pair (7-4): Selected=2 / 3 choices
      Choice 1: inliners=16
      Choice 2: inliners=32 [SELECTED]
      Choice 3: inliners=28
    Pair (8-4): Selected=4 / 5 choices
      Choice 1: inliners=26
      Choice 2: inliners=8
      Choice 3: inliners=12
      Choice 4: inliners=12 [SELECTED]
      Choice 5: inliners=18
    Pair (10-4): Selected=1 / 1 choices
      Choice 1: inliners=22 [SELECTED]
    Pair (11-4): Selected=0 / 2 choices
      Choice 1: inliners=18
      Choice 2: inliners=30
    Pair (12-4): Selected=0 / 2 choices
      Choice 1: inliners=18
      Choice 2: inliners=20


--- COLLISION AUDIT [FINAL BEST] ---
  Fitness overlap penalty: 880.0000
  Recomputed indexed overlap sum: 942.6460 (delta=62.6460)
  Pair counts: total=55 same_comp=55 broad_reject=0 narrow_checked=55 active=22
  Pair (0,1): center_dist=0.000 broad_radius=0.000 min_nn=1.286 hits=6/739 hit_ratio=0.010 avg_depth=0.250 pair_pen=4.653 [!!!] ACTIVE COLLISION UNRESOLVED
  Pair (0,2): center_dist=0.000 broad_radius=0.000 min_nn=3.496 hits=0/739 hit_ratio=0.000 avg_depth=0.000 pair_pen=0.000 [OK] NARROW-PHASE CLEAR
  Pair (0,3): center_dist=0.000 broad_radius=0.000 min_nn=0.835 hits=21/600 hit_ratio=0.035 avg_depth=0.251 pair_pen=20.647 [!!!] ACTIVE COLLISION UNRESOLVED
  Pair (0,4): center_dist=0.000 broad_radius=0.000 min_nn=0.514 hits=7/597 hit_ratio=0.012 avg_depth=0.405 pair_pen=8.186 [!!!] ACTIVE COLLISION UNRESOLVED
  Pair (0,5): center_dist=0.000 broad_radius=0.000 min_nn=0.631 hits=10/739 hit_ratio=0.020 avg_depth=0.347 pair_pen=12.509 [!!!] ACTIVE COLLISION UNRESOLVED
  Pair (0,6): center_dist=0.000 broad_radius=0.000 min_nn=0.383 hits=16/311 hit_ratio=0.051 avg_depth=0.382 pair_pen=27.915 [!!!] ACTIVE COLLISION UNRESOLVED
  Pair (0,7): center_dist=0.000 broad_radius=0.000 min_nn=29.764 hits=0/739 hit_ratio=0.000 avg_depth=0.000 pair_pen=0.000 [OK] NARROW-PHASE CLEAR
  Pair (0,9): center_dist=0.000 broad_radius=0.000 min_nn=60.213 hits=0/739 hit_ratio=0.000 avg_depth=0.000 pair_pen=0.000 [OK] NARROW-PHASE CLEAR
  Pair (0,10): center_dist=0.000 broad_radius=0.000 min_nn=1.619 hits=8/739 hit_ratio=0.087 avg_depth=0.236 pair_pen=14.092 [!!!] ACTIVE COLLISION UNRESOLVED
  Pair (0,11): center_dist=0.000 broad_radius=0.000 min_nn=0.207 hits=46/76 hit_ratio=0.605 avg_depth=0.332 pair_pen=149.440 [!!!] ACTIVE COLLISION UNRESOLVED
  Pair (1,2): center_dist=0.000 broad_radius=0.000 min_nn=2.583 hits=0/610 hit_ratio=0.000 avg_depth=0.000 pair_pen=0.000 [OK] NARROW-PHASE CLEAR
  Pair (1,3): center_dist=0.000 broad_radius=0.000 min_nn=0.619 hits=82/610 hit_ratio=0.135 avg_depth=0.247 pair_pen=53.093 [!!!] ACTIVE COLLISION UNRESOLVED
  Pair (1,4): center_dist=0.000 broad_radius=0.000 min_nn=0.641 hits=65/610 hit_ratio=0.107 avg_depth=0.271 pair_pen=51.755 [!!!] ACTIVE COLLISION UNRESOLVED
  Pair (1,5): center_dist=0.000 broad_radius=0.000 min_nn=25.746 hits=0/610 hit_ratio=0.000 avg_depth=0.000 pair_pen=0.000 [OK] NARROW-PHASE CLEAR
  Pair (1,6): center_dist=0.000 broad_radius=0.000 min_nn=0.657 hits=57/311 hit_ratio=0.183 avg_depth=0.280 pair_pen=63.459 [!!!] ACTIVE COLLISION UNRESOLVED
  Pair (1,7): center_dist=0.000 broad_radius=0.000 min_nn=22.337 hits=0/610 hit_ratio=0.000 avg_depth=0.000 pair_pen=0.000 [OK] NARROW-PHASE CLEAR
  Pair (1,9): center_dist=0.000 broad_radius=0.000 min_nn=1.316 hits=1/610 hit_ratio=0.010 avg_depth=0.473 pair_pen=1.136 [!!!] ACTIVE COLLISION UNRESOLVED
  Pair (1,10): center_dist=0.000 broad_radius=0.000 min_nn=13.629 hits=0/610 hit_ratio=0.000 avg_depth=0.000 pair_pen=0.000 [OK] NARROW-PHASE CLEAR
  Pair (1,11): center_dist=0.000 broad_radius=0.000 min_nn=12.912 hits=0/610 hit_ratio=0.000 avg_depth=0.000 pair_pen=0.000 [OK] NARROW-PHASE CLEAR
  Pair (2,3): center_dist=0.000 broad_radius=0.000 min_nn=18.936 hits=0/499 hit_ratio=0.000 avg_depth=0.000 pair_pen=0.000 [OK] NARROW-PHASE CLEAR
  Pair (2,4): center_dist=0.000 broad_radius=0.000 min_nn=20.568 hits=0/499 hit_ratio=0.000 avg_depth=0.000 pair_pen=0.000 [OK] NARROW-PHASE CLEAR
  Pair (2,5): center_dist=0.000 broad_radius=0.000 min_nn=0.427 hits=62/499 hit_ratio=0.124 avg_depth=0.280 pair_pen=55.758 [!!!] ACTIVE COLLISION UNRESOLVED
  Pair (2,6): center_dist=0.000 broad_radius=0.000 min_nn=23.794 hits=0/499 hit_ratio=0.000 avg_depth=0.000 pair_pen=0.000 [OK] NARROW-PHASE CLEAR
  Pair (2,7): center_dist=0.000 broad_radius=0.000 min_nn=69.567 hits=0/499 hit_ratio=0.000 avg_depth=0.000 pair_pen=0.000 [OK] NARROW-PHASE CLEAR
  Pair (2,9): center_dist=0.000 broad_radius=0.000 min_nn=70.799 hits=0/499 hit_ratio=0.000 avg_depth=0.000 pair_pen=0.000 [OK] NARROW-PHASE CLEAR
  Pair (2,10): center_dist=0.000 broad_radius=0.000 min_nn=0.924 hits=24/499 hit_ratio=0.287 avg_depth=0.310 pair_pen=66.880 [!!!] ACTIVE COLLISION UNRESOLVED
  Pair (2,11): center_dist=0.000 broad_radius=0.000 min_nn=32.185 hits=0/499 hit_ratio=0.000 avg_depth=0.000 pair_pen=0.000 [OK] NARROW-PHASE CLEAR
  Pair (3,4): center_dist=0.000 broad_radius=0.000 min_nn=0.394 hits=169/600 hit_ratio=0.282 avg_depth=0.304 pair_pen=104.686 [!!!] ACTIVE COLLISION UNRESOLVED
  Pair (3,5): center_dist=0.000 broad_radius=0.000 min_nn=41.839 hits=0/600 hit_ratio=0.000 avg_depth=0.000 pair_pen=0.000 [OK] NARROW-PHASE CLEAR
  Pair (3,6): center_dist=0.000 broad_radius=0.000 min_nn=0.294 hits=166/311 hit_ratio=0.534 avg_depth=0.271 pair_pen=130.788 [!!!] ACTIVE COLLISION UNRESOLVED
  Pair (3,7): center_dist=0.000 broad_radius=0.000 min_nn=1.155 hits=2/600 hit_ratio=0.023 avg_depth=0.316 pair_pen=2.780 [!!!] ACTIVE COLLISION UNRESOLVED
  Pair (3,9): center_dist=0.000 broad_radius=0.000 min_nn=0.217 hits=4/600 hit_ratio=0.031 avg_depth=0.456 pair_pen=6.718 [!!!] ACTIVE COLLISION UNRESOLVED
  Pair (3,10): center_dist=0.000 broad_radius=0.000 min_nn=41.320 hits=0/600 hit_ratio=0.000 avg_depth=0.000 pair_pen=0.000 [OK] NARROW-PHASE CLEAR
  Pair (3,11): center_dist=0.000 broad_radius=0.000 min_nn=3.549 hits=0/600 hit_ratio=0.000 avg_depth=0.000 pair_pen=0.000 [OK] NARROW-PHASE CLEAR
  Pair (4,5): center_dist=0.000 broad_radius=0.000 min_nn=57.586 hits=0/597 hit_ratio=0.000 avg_depth=0.000 pair_pen=0.000 [OK] NARROW-PHASE CLEAR
  Pair (4,6): center_dist=0.000 broad_radius=0.000 min_nn=0.217 hits=151/311 hit_ratio=0.486 avg_depth=0.315 pair_pen=147.146 [!!!] ACTIVE COLLISION UNRESOLVED
  Pair (4,7): center_dist=0.000 broad_radius=0.000 min_nn=1.839 hits=2/86 hit_ratio=0.023 avg_depth=0.264 pair_pen=2.627 [!!!] ACTIVE COLLISION UNRESOLVED
  Pair (4,9): center_dist=0.000 broad_radius=0.000 min_nn=5.536 hits=0/597 hit_ratio=0.000 avg_depth=0.000 pair_pen=0.000 [OK] NARROW-PHASE CLEAR
  Pair (4,10): center_dist=0.000 broad_radius=0.000 min_nn=38.757 hits=0/597 hit_ratio=0.000 avg_depth=0.000 pair_pen=0.000 [OK] NARROW-PHASE CLEAR
  Pair (4,11): center_dist=0.000 broad_radius=0.000 min_nn=2.451 hits=2/597 hit_ratio=0.026 avg_depth=0.013 pair_pen=2.111 [!!!] ACTIVE COLLISION UNRESOLVED
  Pair (5,6): center_dist=0.000 broad_radius=0.000 min_nn=70.833 hits=0/495 hit_ratio=0.000 avg_depth=0.000 pair_pen=0.000 [OK] NARROW-PHASE CLEAR
  Pair (5,7): center_dist=0.000 broad_radius=0.000 min_nn=69.910 hits=0/495 hit_ratio=0.000 avg_depth=0.000 pair_pen=0.000 [OK] NARROW-PHASE CLEAR
  Pair (5,9): center_dist=0.000 broad_radius=0.000 min_nn=90.731 hits=0/495 hit_ratio=0.000 avg_depth=0.000 pair_pen=0.000 [OK] NARROW-PHASE CLEAR
  Pair (5,10): center_dist=0.000 broad_radius=0.000 min_nn=2.911 hits=0/495 hit_ratio=0.000 avg_depth=0.000 pair_pen=0.000 [OK] NARROW-PHASE CLEAR
  Pair (5,11): center_dist=0.000 broad_radius=0.000 min_nn=55.908 hits=0/495 hit_ratio=0.000 avg_depth=0.000 pair_pen=0.000 [OK] NARROW-PHASE CLEAR
  Pair (6,7): center_dist=0.000 broad_radius=0.000 min_nn=2.222 hits=2/311 hit_ratio=0.012 avg_depth=0.076 pair_pen=1.280 [!!!] ACTIVE COLLISION UNRESOLVED
  Pair (6,9): center_dist=0.000 broad_radius=0.000 min_nn=27.630 hits=0/311 hit_ratio=0.000 avg_depth=0.000 pair_pen=0.000 [OK] NARROW-PHASE CLEAR
  Pair (6,10): center_dist=0.000 broad_radius=0.000 min_nn=46.265 hits=0/311 hit_ratio=0.000 avg_depth=0.000 pair_pen=0.000 [OK] NARROW-PHASE CLEAR
  Pair (6,11): center_dist=0.000 broad_radius=0.000 min_nn=0.930 hits=7/311 hit_ratio=0.079 avg_depth=0.321 pair_pen=14.987 [!!!] ACTIVE COLLISION UNRESOLVED
  Pair (7,9): center_dist=0.000 broad_radius=0.000 min_nn=5.754 hits=0/86 hit_ratio=0.000 avg_depth=0.000 pair_pen=0.000 [OK] NARROW-PHASE CLEAR
  Pair (7,10): center_dist=0.000 broad_radius=0.000 min_nn=88.184 hits=0/86 hit_ratio=0.000 avg_depth=0.000 pair_pen=0.000 [OK] NARROW-PHASE CLEAR
  Pair (7,11): center_dist=0.000 broad_radius=0.000 min_nn=34.563 hits=0/86 hit_ratio=0.000 avg_depth=0.000 pair_pen=0.000 [OK] NARROW-PHASE CLEAR
  Pair (9,10): center_dist=0.000 broad_radius=0.000 min_nn=85.080 hits=0/98 hit_ratio=0.000 avg_depth=0.000 pair_pen=0.000 [OK] NARROW-PHASE CLEAR
  Pair (9,11): center_dist=0.000 broad_radius=0.000 min_nn=61.712 hits=0/98 hit_ratio=0.000 avg_depth=0.000 pair_pen=0.000 [OK] NARROW-PHASE CLEAR
  Pair (10,11): center_dist=0.000 broad_radius=0.000 min_nn=51.392 hits=0/80 hit_ratio=0.000 avg_depth=0.000 pair_pen=0.000 [OK] NARROW-PHASE CLEAR

