[ICP MODE] compare (flags: --icp-mode=global|incremental|compare)
#################### Pottery Data load ####################
Attempting to read file: /Dataset/SfS_pp/Axes/Pot_J_Piece_01_Axis.xyz
File opened successfully
Successfully read 3 points
Attempting to read PCD file: /Dataset/SfS_pp/Breaklines/Pot_J_Piece_01_Breakline_0.pcd
File opened successfully
Found 3 segments, 176 total points
Processing 176 points
Found 176 unique points
Successfully processed PCD file
Attempting to read XYZ file: /Dataset/SfS_pp/Surfaces/Pot_J_Piece_01_Surface_0.xyz
Found 13409 total points, reading 13409 points
Successfully read 13409 points
Attempting to read XYZ file: /Dataset/SfS_pp/Surfaces/Pot_J_Piece_01_Surface_1.xyz
Found 13814 total points, reading 13814 points
Successfully read 13814 points
Attempting to read PCD file: /Dataset/SfS_pp/Surfaces/Pot_J_Piece_01_Surface_F.pcd
Attempting to read file: /Dataset/SfS_pp/Axes/Pot_J_Piece_02_Axis.xyz
File opened successfully
Successfully read 1 points
Attempting to read PCD file: /Dataset/SfS_pp/Breaklines/Pot_J_Piece_02_Breakline_0.pcd
File opened successfully
Found 5 segments, 147 total points
Processing 147 points
Found 147 unique points
Successfully processed PCD file
Attempting to read XYZ file: /Dataset/SfS_pp/Surfaces/Pot_J_Piece_02_Surface_0.xyz
Found 11532 total points, reading 11532 points
Successfully read 11532 points
Attempting to read XYZ file: /Dataset/SfS_pp/Surfaces/Pot_J_Piece_02_Surface_1.xyz
Found 12829 total points, reading 12829 points
Successfully read 12829 points
Attempting to read PCD file: /Dataset/SfS_pp/Surfaces/Pot_J_Piece_02_Surface_F.pcd
Attempting to read file: /Dataset/SfS_pp/Axes/Pot_J_Piece_03_Axis.xyz
File opened successfully
Successfully read 1 points
Attempting to read PCD file: /Dataset/SfS_pp/Breaklines/Pot_J_Piece_03_Breakline_0.pcd
File opened successfully
Found 4 segments, 189 total points
Processing 189 points
Found 189 unique points
Successfully processed PCD file
Attempting to read XYZ file: /Dataset/SfS_pp/Surfaces/Pot_J_Piece_03_Surface_0.xyz
Found 13330 total points, reading 13330 points
Successfully read 13330 points
Attempting to read XYZ file: /Dataset/SfS_pp/Surfaces/Pot_J_Piece_03_Surface_1.xyz
Found 8455 total points, reading 8455 points
Successfully read 8455 points
Attempting to read PCD file: /Dataset/SfS_pp/Surfaces/Pot_J_Piece_03_Surface_F.pcd
Attempting to read file: /Dataset/SfS_pp/Axes/Pot_J_Piece_04_Axis.xyz
File opened successfully
Successfully read 1 points
Attempting to read PCD file: /Dataset/SfS_pp/Breaklines/Pot_J_Piece_04_Breakline_0.pcd
File opened successfully
Found 6 segments, 186 total points
Processing 186 points
Found 186 unique points
Successfully processed PCD file
Attempting to read XYZ file: /Dataset/SfS_pp/Surfaces/Pot_J_Piece_04_Surface_0.xyz
Found 10795 total points, reading 10795 points
Successfully read 10795 points
Attempting to read XYZ file: /Dataset/SfS_pp/Surfaces/Pot_J_Piece_04_Surface_1.xyz
Found 12759 total points, reading 12759 points
Successfully read 12759 points
Attempting to read PCD file: /Dataset/SfS_pp/Surfaces/Pot_J_Piece_04_Surface_F.pcd
Attempting to read file: /Dataset/SfS_pp/Axes/Pot_J_Piece_05_Axis.xyz
File opened successfully
Successfully read 1 points
Attempting to read PCD file: /Dataset/SfS_pp/Breaklines/Pot_J_Piece_05_Breakline_0.pcd
File opened successfully
Found 5 segments, 147 total points
Processing 147 points
Found 147 unique points
Successfully processed PCD file
Attempting to read XYZ file: /Dataset/SfS_pp/Surfaces/Pot_J_Piece_05_Surface_0.xyz
Found 11742 total points, reading 11742 points
Successfully read 11742 points
Attempting to read XYZ file: /Dataset/SfS_pp/Surfaces/Pot_J_Piece_05_Surface_1.xyz
Found 14248 total points, reading 14248 points
Successfully read 14248 points
Attempting to read PCD file: /Dataset/SfS_pp/Surfaces/Pot_J_Piece_05_Surface_F.pcd
Attempting to read file: /Dataset/SfS_pp/Axes/Pot_J_Piece_06_Axis.xyz
File opened successfully
Successfully read 2 points
Attempting to read PCD file: /Dataset/SfS_pp/Breaklines/Pot_J_Piece_06_Breakline_0.pcd
File opened successfully
Found 4 segments, 133 total points
Processing 133 points
Found 133 unique points
Successfully processed PCD file
Attempting to read XYZ file: /Dataset/SfS_pp/Surfaces/Pot_J_Piece_06_Surface_0.xyz
Found 9494 total points, reading 9494 points
Successfully read 9494 points
Attempting to read XYZ file: /Dataset/SfS_pp/Surfaces/Pot_J_Piece_06_Surface_1.xyz
Found 11674 total points, reading 11674 points
Successfully read 11674 points
Attempting to read PCD file: /Dataset/SfS_pp/Surfaces/Pot_J_Piece_06_Surface_F.pcd
Attempting to read file: /Dataset/SfS_pp/Axes/Pot_J_Piece_07_Axis.xyz
File opened successfully
Successfully read 1 points
Attempting to read PCD file: /Dataset/SfS_pp/Breaklines/Pot_J_Piece_07_Breakline_0.pcd
File opened successfully
Found 5 segments, 114 total points
Processing 114 points
Found 114 unique points
Successfully processed PCD file
Attempting to read XYZ file: /Dataset/SfS_pp/Surfaces/Pot_J_Piece_07_Surface_0.xyz
Found 5522 total points, reading 5522 points
Successfully read 5522 points
Attempting to read XYZ file: /Dataset/SfS_pp/Surfaces/Pot_J_Piece_07_Surface_1.xyz
Found 6987 total points, reading 6987 points
Successfully read 6987 points
Attempting to read PCD file: /Dataset/SfS_pp/Surfaces/Pot_J_Piece_07_Surface_F.pcd
Attempting to read file: /Dataset/SfS_pp/Axes/Pot_J_Piece_08_Axis.xyz
File opened successfully
Successfully read 3 points
Attempting to read PCD file: /Dataset/SfS_pp/Breaklines/Pot_J_Piece_08_Breakline_0.pcd
File opened successfully
Found 3 segments, 71 total points
Processing 71 points
Found 71 unique points
Successfully processed PCD file
Attempting to read XYZ file: /Dataset/SfS_pp/Surfaces/Pot_J_Piece_08_Surface_0.xyz
Found 1939 total points, reading 1939 points
Successfully read 1939 points
Attempting to read XYZ file: /Dataset/SfS_pp/Surfaces/Pot_J_Piece_08_Surface_1.xyz
Found 1293 total points, reading 1293 points
Successfully read 1293 points
Attempting to read PCD file: /Dataset/SfS_pp/Surfaces/Pot_J_Piece_08_Surface_F.pcd
Attempting to read file: /Dataset/SfS_pp/Axes/Pot_J_Piece_09_Axis.xyz
File opened successfully
Successfully read 1 points
Attempting to read file: /Dataset/SfS_pp/Axes/Pot_J_Piece_10_Axis.xyz
File opened successfully
Successfully read 1 points
Attempting to read PCD file: /Dataset/SfS_pp/Breaklines/Pot_J_Piece_10_Breakline_0.pcd
File opened successfully
Found 3 segments, 72 total points
Processing 72 points
Found 72 unique points
Successfully processed PCD file
Attempting to read XYZ file: /Dataset/SfS_pp/Surfaces/Pot_J_Piece_10_Surface_0.xyz
Found 1732 total points, reading 1732 points
Successfully read 1732 points
Attempting to read XYZ file: /Dataset/SfS_pp/Surfaces/Pot_J_Piece_10_Surface_1.xyz
Found 1754 total points, reading 1754 points
Successfully read 1754 points
Attempting to read PCD file: /Dataset/SfS_pp/Surfaces/Pot_J_Piece_10_Surface_F.pcd
Attempting to read file: /Dataset/SfS_pp/Axes/Pot_J_Piece_11_Axis.xyz
File opened successfully
Successfully read 3 points
Attempting to read PCD file: /Dataset/SfS_pp/Breaklines/Pot_J_Piece_11_Breakline_0.pcd
File opened successfully
Found 3 segments, 53 total points
Processing 53 points
Found 53 unique points
Successfully processed PCD file
Attempting to read XYZ file: /Dataset/SfS_pp/Surfaces/Pot_J_Piece_11_Surface_0.xyz
Found 1204 total points, reading 1204 points
Successfully read 1204 points
Attempting to read XYZ file: /Dataset/SfS_pp/Surfaces/Pot_J_Piece_11_Surface_1.xyz
Found 1458 total points, reading 1458 points
Successfully read 1458 points
Attempting to read PCD file: /Dataset/SfS_pp/Surfaces/Pot_J_Piece_11_Surface_F.pcd
Attempting to read file: /Dataset/SfS_pp/Axes/Pot_J_Piece_12_Axis.xyz
File opened successfully
Successfully read 1 points
Attempting to read PCD file: /Dataset/SfS_pp/Breaklines/Pot_J_Piece_12_Breakline_0.pcd
File opened successfully
Found 3 segments, 56 total points
Processing 56 points
Found 56 unique points
Successfully processed PCD file
Attempting to read XYZ file: /Dataset/SfS_pp/Surfaces/Pot_J_Piece_12_Surface_0.xyz
Found 1197 total points, reading 1197 points
Successfully read 1197 points
Attempting to read XYZ file: /Dataset/SfS_pp/Surfaces/Pot_J_Piece_12_Surface_1.xyz
Found 1348 total points, reading 1348 points
Successfully read 1348 points
Attempting to read PCD file: /Dataset/SfS_pp/Surfaces/Pot_J_Piece_12_Surface_F.pcd
Attempting to read file: 
Attempting to read file: 
Attempting to read file: 
Attempting to read file: 
Attempting to read file: 
Attempting to read file: 
Attempting to read file: 
#################### Ground Truth data load ####################
0 0 1 1 1 1 1 0 0 0 0 0 0 0 0 0 0 0 0
0 0 0 1 1 1 0 1 0 1 0 0 0 0 0 0 0 0 0
1 0 0 0 0 1 1 0 0 0 0 0 0 0 0 0 0 0 0
1 1 0 0 1 1 0 0 0 1 0 0 0 0 0 0 0 0 0
1 1 0 1 0 0 1 0 0 1 0 1 0 0 0 0 0 0 0
1 1 1 1 0 0 0 0 0 0 1 0 0 0 0 0 0 0 0
1 0 1 0 1 0 0 0 0 0 0 0 0 0 0 0 0 0 0
0 1 0 0 0 0 0 0 0 0 1 1 0 0 0 0 0 0 0
0 0 0 0 0 0 0 0 0 0 0 0 0 0 0 0 0 0 0
0 1 0 1 1 0 0 0 0 0 0 0 0 0 0 0 0 0 0
0 0 0 0 0 1 0 1 0 0 0 0 0 0 0 0 0 0 0
0 0 0 0 1 0 0 1 0 0 0 0 0 0 0 0 0 0 0
0 0 0 0 0 0 0 0 0 0 0 0 0 0 0 0 0 0 0
0 0 0 0 0 0 0 0 0 0 0 0 0 0 0 0 0 0 0
0 0 0 0 0 0 0 0 0 0 0 0 0 0 0 0 0 0 0
0 0 0 0 0 0 0 0 0 0 0 0 0 0 0 0 0 0 0
0 0 0 0 0 0 0 0 0 0 0 0 0 0 0 0 0 0 0
0 0 0 0 0 0 0 0 0 0 0 0 0 0 0 0 0 0 0
0 0 0 0 0 0 0 0 0 0 0 0 0 0 0 0 0 0 0
#################### Save initial state ####################
#################### Change Axis symmetrix to z axis ####################
#################### Feature matching ####################
Total Number : 731
#################### Pairwise pruning ####################
Pruned match count: 202
#################### Genetic Algorithm search ####################
=== GA Iteration 1 / 1 ===
#################### GROUND TRUTH CANDIDATE AUDIT ####################
[GT AUDIT] Edge 1-3 (GT=1) Candidates: 10
  Choice 1: inliner= 44 score=0.549 density=28.407 [Wrapped] rad=2.7780 trans=82.7263
  Choice 2: inliner= 87 score=0.436 density=60.605 [Wrapped] rad=2.6919 trans=65.9160
  Choice 3: inliner= 38 score=0.687 density=22.523 [Wrapped] rad=2.7801 trans=66.2141
  Choice 4: inliner= 30 score=0.519 density=19.749 [Wrapped] rad=2.2867 trans=68.8371
  Choice 5: inliner= 26 score=0.584 density=16.410 [Wrapped] rad=2.0261 trans=72.8541
  Choice 6: inliner= 26 score=1.989 density=8.697 [Wrapped] rad=3.0651 trans=88.6526
  Choice 7: inliner= 32 score=0.624 density=19.699 [Wrapped] rad=2.1661 trans=88.3535
  Choice 8: inliner=129 score=0.299 density=99.314 [Wrapped] rad=2.7620 trans=72.8795
  Choice 9: inliner= 38 score=0.812 density=20.976 [Wrapped] rad=1.0632 trans=90.0168
  Choice 10: inliner= 44 score=0.771 density=24.849 [Wrapped] rad=0.9114 trans=90.4232
  -> Best Match for GT: Choice 10 (rad_err=0.9114)
[GT AUDIT] Edge 1-4 (GT=1) Candidates: 11
  Choice 1: inliner= 56 score=0.758 density=31.862 [Wrapped] rad=2.6832 trans=67.8411
  Choice 2: inliner= 36 score=0.580 density=22.783 [Wrapped] rad=1.4042 trans=37.2916
  Choice 3: inliner= 48 score=0.707 density=28.114 [Wrapped] rad=2.8167 trans=68.6009
  Choice 4: inliner= 32 score=0.467 density=21.811 [Wrapped] rad=1.2076 trans=31.6711
  Choice 5: inliner= 34 score=0.569 density=21.667 [Wrapped] rad=2.4648 trans=49.5399
  Choice 6: inliner= 54 score=0.455 density=37.113 [Wrapped] rad=3.0354 trans=76.5195
  Choice 7: inliner= 26 score=0.655 density=15.707 [Wrapped] rad=2.9963 trans=61.3848
  Choice 8: inliner= 78 score=0.459 density=53.449 [Wrapped] rad=2.5872 trans=64.4713
  Choice 9: inliner= 44 score=0.518 density=28.994 [Wrapped] rad=1.2201 trans=39.2580
  Choice 10: inliner= 22 score=1.375 density=9.262 [Wrapped] rad=3.0900 trans=65.0097
  Choice 11: inliner= 94 score=0.492 density=63.011 [Wrapped] rad=3.0361 trans=65.6448
  -> Best Match for GT: Choice 4 (rad_err=1.2076)
[GT AUDIT] Edge 1-5 (GT=1) Candidates: 14
  Choice 1: inliner= 36 score=0.577 density=22.825 [Wrapped] rad=1.6822 trans=6.5734
  Choice 2: inliner=  8 score=0.860 density=4.302 [Wrapped] rad=1.4984 trans=60.6730
  Choice 3: inliner= 30 score=0.503 density=19.955 [Wrapped] rad=1.6363 trans=63.5671
  Choice 4: inliner= 36 score=0.471 density=24.468 [Wrapped] rad=2.6747 trans=8.1671
  Choice 5: inliner= 36 score=0.464 density=24.584 [Wrapped] rad=2.4900 trans=76.2526
  Choice 6: inliner= 32 score=0.559 density=20.522 [Wrapped] rad=2.7224 trans=71.7090
  Choice 7: inliner= 30 score=1.009 density=14.936 [Wrapped] rad=2.8227 trans=9.1900
  Choice 8: inliner=  0 score=11.000 density=0.000 [Wrapped] rad=2.8823 trans=53.2238
  Choice 9: inliner= 57 score=0.520 density=37.495 [Wrapped] rad=2.8907 trans=6.1539
  Choice 10: inliner= 10 score=0.894 density=5.280 [Wrapped] rad=2.3121 trans=56.8423
  Choice 11: inliner= 24 score=0.550 density=15.479 [Wrapped] rad=2.9656 trans=44.4195
  Choice 12: inliner= 16 score=0.820 density=8.793 [Wrapped] rad=2.7523 trans=59.3568
  Choice 13: inliner= 52 score=0.399 density=37.158 [Wrapped] rad=2.6200 trans=57.8463
  Choice 14: inliner= 40 score=0.449 density=27.604 [Wrapped] rad=2.7625 trans=75.9570
  -> Best Match for GT: Choice 2 (rad_err=1.4984)
[GT AUDIT] Edge 1-6 (GT=1) Candidates: 21
  Choice 1: inliner= 50 score=0.429 density=34.996 [Wrapped] rad=2.4116 trans=30.8227
  Choice 2: inliner=  0 score=11.000 density=0.000 [Wrapped] rad=1.8847 trans=69.7434
  Choice 3: inliner= 16 score=0.448 density=11.046 [Wrapped] rad=2.8717 trans=39.6308
  Choice 4: inliner= 34 score=0.481 density=22.959 [Wrapped] rad=2.9387 trans=32.1804
  Choice 5: inliner= 20 score=0.888 density=10.595 [Wrapped] rad=0.7195 trans=75.4306
  Choice 6: inliner= 30 score=0.348 density=22.251 [Wrapped] rad=3.1217 trans=82.4809
  Choice 7: inliner= 22 score=0.751 density=12.565 [Wrapped] rad=0.3764 trans=91.9948
  Choice 8: inliner=  0 score=11.000 density=0.000 [Wrapped] rad=1.7930 trans=71.6206
  Choice 9: inliner= 30 score=0.473 density=20.361 [Wrapped] rad=2.3121 trans=30.6600
  Choice 10: inliner=  0 score=11.000 density=0.000 [Wrapped] rad=1.7259 trans=69.7016
  Choice 11: inliner= 30 score=0.746 density=17.182 [Wrapped] rad=2.0276 trans=34.4661
  Choice 12: inliner= 36 score=0.446 density=24.892 [Wrapped] rad=1.9346 trans=28.8682
  Choice 13: inliner= 20 score=0.552 density=12.885 [Wrapped] rad=1.3692 trans=101.9225
  Choice 14: inliner= 16 score=0.844 density=8.675 [Wrapped] rad=2.5478 trans=28.3429
  Choice 15: inliner= 32 score=0.518 density=21.085 [Wrapped] rad=2.5446 trans=26.6583
  Choice 16: inliner= 57 score=0.416 density=40.261 [Wrapped] rad=2.8682 trans=22.0704
  Choice 17: inliner= 22 score=0.569 density=14.022 [Wrapped] rad=2.9972 trans=98.6711
  Choice 18: inliner= 30 score=0.716 density=17.482 [Wrapped] rad=2.4991 trans=83.4427
  Choice 19: inliner= 18 score=0.533 density=11.743 [Wrapped] rad=0.7496 trans=82.0870
  Choice 20: inliner= 22 score=0.448 density=15.192 [Wrapped] rad=2.6876 trans=71.2517
  Choice 21: inliner= 46 score=0.556 density=29.557 [Wrapped] rad=2.3006 trans=78.2767
  -> Best Match for GT: Choice 7 (rad_err=0.3764)
[GT AUDIT] Edge 1-7 (GT=1) Candidates: 9
  Choice 1: inliner= 49 score=0.595 density=30.712 [Wrapped] rad=2.1024 trans=53.6476
  Choice 2: inliner= 38 score=0.397 density=27.195 [Wrapped] rad=2.8537 trans=58.8035
  Choice 3: inliner= 32 score=0.586 density=20.179 [Wrapped] rad=1.9651 trans=52.6660
  Choice 4: inliner= 49 score=0.541 density=31.795 [Wrapped] rad=1.7395 trans=50.3936
  Choice 5: inliner= 57 score=0.392 density=40.939 [Wrapped] rad=3.0890 trans=53.5661
  Choice 6: inliner= 38 score=0.557 density=24.402 [Wrapped] rad=3.0909 trans=53.7149
  Choice 7: inliner= 18 score=0.274 density=14.128 [Wrapped] rad=0.8259 trans=35.5525
  Choice 8: inliner= 34 score=0.630 density=20.862 [Wrapped] rad=1.9810 trans=42.5499
  Choice 9: inliner= 28 score=0.453 density=19.277 [Wrapped] rad=2.2421 trans=38.4434
  -> Best Match for GT: Choice 7 (rad_err=0.8259)
[GT AUDIT] Edge 2-4 (GT=1) Candidates: 3
  Choice 1: inliner= 36 score=0.595 density=22.567 [Wrapped] rad=3.1034 trans=70.9922
  Choice 2: inliner= 24 score=0.540 density=15.581 [Wrapped] rad=1.9084 trans=26.3701
  Choice 3: inliner= 64 score=0.171 density=54.640 [Wrapped] rad=2.4966 trans=23.5832
  -> Best Match for GT: Choice 2 (rad_err=1.9084)
[GT AUDIT] Edge 2-5 (GT=1) Candidates: 1
  Choice 1: inliner= 24 score=0.517 density=15.825 [Wrapped] rad=2.9511 trans=16.5035
  -> Best Match for GT: Choice 1 (rad_err=2.9511)
[GT AUDIT] Edge 2-6 (GT=1) Candidates: 4
  Choice 1: inliner= 58 score=0.466 density=39.566 [Wrapped] rad=2.7921 trans=48.2839
  Choice 2: inliner= 50 score=0.478 density=33.831 [Wrapped] rad=2.9709 trans=49.5408
  Choice 3: inliner= 36 score=0.587 density=22.686 [Wrapped] rad=2.9509 trans=51.1265
  Choice 4: inliner= 62 score=0.348 density=46.009 [Wrapped] rad=0.1962 trans=25.5129 [VALID GT MATCH]
  -> Best Match for GT: Choice 4 (rad_err=0.1962)
[GT AUDIT] Edge 2-8 (GT=1) Candidates: 2
  Choice 1: inliner= 32 score=0.469 density=21.789 [Wrapped] rad=2.2841 trans=98.1120
  Choice 2: inliner=  4 score=11.000 density=0.333 [Wrapped] rad=1.6040 trans=89.6768
  -> Best Match for GT: Choice 2 (rad_err=1.6040)
[GT AUDIT] Edge 2-10 (GT=1) Candidates: 1
  Choice 1: inliner= 22 score=0.306 density=16.847 [Wrapped] rad=0.7585 trans=15.7271
  -> Best Match for GT: Choice 1 (rad_err=0.7585)
[GT AUDIT] Edge 3-6 (GT=1) Candidates: 8
  Choice 1: inliner= 30 score=0.508 density=19.888 [Wrapped] rad=2.9450 trans=67.2643
  Choice 2: inliner= 59 score=0.474 density=40.029 [Wrapped] rad=2.7770 trans=60.7925
  Choice 3: inliner= 24 score=0.405 density=17.081 [Wrapped] rad=2.1745 trans=18.5801
  Choice 4: inliner= 22 score=0.442 density=15.259 [Wrapped] rad=2.2724 trans=64.9057
  Choice 5: inliner= 38 score=0.587 density=23.950 [Wrapped] rad=2.9585 trans=57.3282
  Choice 6: inliner= 22 score=0.464 density=15.028 [Wrapped] rad=2.0133 trans=10.2672
  Choice 7: inliner= 16 score=0.730 density=9.247 [Wrapped] rad=2.6453 trans=54.3770
  Choice 8: inliner=  8 score=0.991 density=4.019 [Wrapped] rad=2.4669 trans=60.4849
  -> Best Match for GT: Choice 6 (rad_err=2.0133)
[GT AUDIT] Edge 3-7 (GT=1) Candidates: 4
  Choice 1: inliner=  4 score=11.000 density=0.333 [Wrapped] rad=2.3073 trans=11.9711
  Choice 2: inliner= 30 score=0.519 density=19.746 [Wrapped] rad=2.3854 trans=13.9498
  Choice 3: inliner= 42 score=0.567 density=26.809 [Wrapped] rad=0.1656 trans=7.7446 [VALID GT MATCH]
  Choice 4: inliner= 24 score=0.668 density=14.388 [Wrapped] rad=0.2556 trans=7.0666 [VALID GT MATCH]
  -> Best Match for GT: Choice 3 (rad_err=0.1656)
[GT AUDIT] Edge 4-5 (GT=1) Candidates: 6
  Choice 1: inliner= 32 score=0.328 density=24.093 [Wrapped] rad=2.7148 trans=11.3943
  Choice 2: inliner= 20 score=0.806 density=11.075 [Wrapped] rad=1.3570 trans=76.0905
  Choice 3: inliner= 18 score=0.698 density=10.600 [Wrapped] rad=1.9694 trans=62.5106
  Choice 4: inliner= 32 score=1.100 density=15.237 [Wrapped] rad=2.1998 trans=64.6887
  Choice 5: inliner= 40 score=0.436 density=27.859 [Wrapped] rad=2.4413 trans=18.1446
  Choice 6: inliner= 40 score=0.596 density=25.067 [Wrapped] rad=2.8764 trans=11.8640
  -> Best Match for GT: Choice 2 (rad_err=1.3570)
[GT AUDIT] Edge 4-6 (GT=1) Candidates: 8
  Choice 1: inliner= 36 score=0.500 density=24.000 [Wrapped] rad=2.6090 trans=10.3565
  Choice 2: inliner= 48 score=0.542 density=31.130 [Wrapped] rad=1.6947 trans=18.9583
  Choice 3: inliner= 34 score=0.579 density=21.534 [Wrapped] rad=2.3110 trans=62.1892
  Choice 4: inliner= 53 score=0.581 density=33.522 [Wrapped] rad=2.2654 trans=69.3130
  Choice 5: inliner= 68 score=0.445 density=47.060 [Wrapped] rad=2.2261 trans=69.2587
  Choice 6: inliner= 53 score=0.416 density=37.438 [Wrapped] rad=1.6430 trans=12.4513
  Choice 7: inliner= 30 score=0.606 density=18.680 [Wrapped] rad=0.7204 trans=24.3835
  Choice 8: inliner= 20 score=0.321 density=15.140 [Wrapped] rad=1.1929 trans=13.4658
  -> Best Match for GT: Choice 7 (rad_err=0.7204)
[GT AUDIT] Edge 4-10 (GT=1) Candidates: 1
  Choice 1: inliner= 22 score=0.293 density=17.009 [Wrapped] rad=1.6988 trans=9.1004
  -> Best Match for GT: Choice 1 (rad_err=1.6988)
[GT AUDIT] Edge 5-7 (GT=1) Candidates: 3
  Choice 1: inliner= 49 score=0.545 density=31.724 [Wrapped] rad=3.0034 trans=17.6670
  Choice 2: inliner= 93 score=0.306 density=71.198 [Wrapped] rad=0.7872 trans=6.6281
  Choice 3: inliner= 34 score=0.769 density=19.220 [Wrapped] rad=0.5355 trans=7.8686
  -> Best Match for GT: Choice 3 (rad_err=0.5355)
[GT AUDIT] Edge 5-10 (GT=1) Candidates: 2
  Choice 1: inliner= 51 score=0.481 density=34.428 [Wrapped] rad=0.3050 trans=20.6638 [VALID GT MATCH]
  Choice 2: inliner= 36 score=0.461 density=24.633 [Wrapped] rad=3.0280 trans=15.5528
  -> Best Match for GT: Choice 1 (rad_err=0.3050)
[GT AUDIT] Edge 5-12 (GT=1) Candidates: 2
  Choice 1: inliner= 30 score=0.588 density=18.890 [Wrapped] rad=3.0449 trans=37.7554
  Choice 2: inliner= 24 score=0.575 density=15.235 [Wrapped] rad=1.6498 trans=38.4247
  -> Best Match for GT: Choice 2 (rad_err=1.6498)
[GT AUDIT] Edge 6-11 (GT=1) Candidates: 4
  Choice 1: inliner= 32 score=0.474 density=21.715 [Wrapped] rad=1.7698 trans=63.3833
  Choice 2: inliner= 37 score=0.401 density=26.405 [Wrapped] rad=2.9453 trans=69.0980
  Choice 3: inliner= 28 score=0.519 density=18.431 [Wrapped] rad=2.5191 trans=74.2000
  Choice 4: inliner= 32 score=0.434 density=22.312 [Wrapped] rad=2.5177 trans=69.8630
  -> Best Match for GT: Choice 1 (rad_err=1.7698)
[GT AUDIT] Edge 8-11 (GT=1) Candidates: 3
  Choice 1: inliner= 16 score=0.360 density=11.764 [Wrapped] rad=2.3269 trans=36.7196
  Choice 2: inliner=  0 score=11.000 density=0.000 [Wrapped] rad=2.3170 trans=26.2507
  Choice 3: inliner= 30 score=0.392 density=21.553 [Wrapped] rad=1.7413 trans=32.0615
  -> Best Match for GT: Choice 3 (rad_err=1.7413)
[GT AUDIT] Edge 8-12 (GT=1) Candidates: 4
  Choice 1: inliner= 37 score=0.367 density=27.073 [Wrapped] rad=0.9970 trans=25.4979
  Choice 2: inliner= 26 score=0.293 density=20.102 [Wrapped] rad=0.9449 trans=33.8546
  Choice 3: inliner= 35 score=0.508 density=23.206 [Wrapped] rad=2.4895 trans=15.6736
  Choice 4: inliner= 30 score=0.394 density=21.519 [Wrapped] rad=0.4844 trans=47.4679
  -> Best Match for GT: Choice 4 (rad_err=0.4844)
######################################################################
[GA] === Seed 1 / 1 (seed=42) ===
[GA] Generation 0 best fitness: -347136.7020
[GA] Generation 1 best fitness: -316475.6655
[GA] Generation 2 best fitness: -311537.0546
[GA] Generation 3 best fitness: -302943.0474
[GA] Generation 4 best fitness: -251356.2724
[GA] Generation 5 best fitness: -251356.2724
[GA] Generation 6 best fitness: -226282.5969
[GA] Generation 7 best fitness: -206671.6365
[GA] Generation 8 best fitness: -206671.6365
[GA] Generation 9 best fitness: -206671.6365
[GA] Generation 10 best fitness: -195109.4246
[GA] Generation 11 best fitness: -176527.4009
[GA] Generation 12 best fitness: -176527.4009
[GA] Generation 13 best fitness: -147304.4122
[GA] Generation 14 best fitness: -147304.4122
[GA] Generation 15 best fitness: -147304.4122
[GA] Generation 16 best fitness: -147304.4122
[GA] Generation 17 best fitness: -147304.4122
[GA] Generation 18 best fitness: -141061.4899
[GA] Generation 19 best fitness: -141061.4899
[GA] Generation 20 best fitness: -140418.5735
[GA] Generation 21 best fitness: -125465.0431
[GA] Generation 22 best fitness: -116886.2858
[GA] Generation 23 best fitness: -116886.2858
[GA] Generation 24 best fitness: -116886.2858
[GA] Generation 25 best fitness: -116886.2858
[GA] Generation 26 best fitness: -115324.8897
[GA] Generation 27 best fitness: -115324.8897
[GA] Generation 28 best fitness: -115324.8897
[GA] Generation 29 best fitness: -115324.8897
[GA] Generation 30 best fitness: -115324.8897
[GA] Generation 31 best fitness: -115324.8897
[GA] Generation 32 best fitness: -115324.8897
[GA] Generation 33 best fitness: -115324.8897
[GA] Generation 34 best fitness: -115324.8897
[GA] Generation 35 best fitness: -115324.8897
[GA] Generation 36 best fitness: -115324.8897
[GA] Generation 37 best fitness: -115324.8897
[GA] Generation 38 best fitness: -114943.1540
[GA] Generation 39 best fitness: -114943.1540
[GA] Generation 40 best fitness: -113802.8747
[GA] Generation 41 best fitness: -113802.8747
[GA] Generation 42 best fitness: -113802.8747
[GA] Generation 43 best fitness: -113802.8747
[GA] Generation 44 best fitness: -113802.8747
[GA] Generation 45 best fitness: -113603.9624
[GA] Generation 46 best fitness: -113603.9624
[GA] Generation 47 best fitness: -113603.9624
[GA] Generation 48 best fitness: -113603.9624
[GA] Generation 49 best fitness: -113603.9624
[GA] Seed 1 final best fitness: -113603.9624
[GA] Best seed: 1 / 1 (fitness=-113603.9624)
[GA Iter 1] Best fitness: -113603.9624 (improvement: 999886396.0376)
GA converged after 1 iteration(s).
[CountResult DEBUG] Thresholds: rad=0.3500, trans=50.0000
[CountResult DEBUG] Edge 1-3 GT=1.0000 Pred=1.0000 rad_err=2.2486 trans_err=775.9879 => FAIL
[CountResult DEBUG] Edge 1-4 GT=1.0000 Pred=1.0000 rad_err=0.1097 trans_err=34.7967 => PASS
[CountResult DEBUG] Edge 1-5 GT=1.0000 Pred=1.0000 rad_err=2.6343 trans_err=415.3864 => FAIL
[CountResult DEBUG] Edge 1-6 GT=1.0000 Pred=1.0000 rad_err=0.1172 trans_err=56.3147 => FAIL
[CountResult DEBUG] Edge 1-7 GT=1.0000 Pred=1.0000 rad_err=2.6130 trans_err=374.8648 => FAIL
[CountResult DEBUG] Edge 2-4 GT=1.0000 Pred=1.0000 rad_err=0.1085 trans_err=26.8187 => PASS
[CountResult DEBUG] Edge 2-5 GT=1.0000 Pred=1.0000 rad_err=2.5326 trans_err=937.0173 => FAIL
[CountResult DEBUG] Edge 2-6 GT=1.0000 Pred=1.0000 rad_err=0.1355 trans_err=47.9870 => PASS
[CountResult DEBUG] Edge 2-8 GT=1.0000 Pred=1.0000 rad_err=1.3295 trans_err=521.5002 => FAIL
[CountResult DEBUG] Edge 2-10 GT=1.0000 Pred=1.0000 rad_err=2.0515 trans_err=651.9732 => FAIL
[CountResult DEBUG] Edge 3-6 GT=1.0000 Pred=1.0000 rad_err=2.1368 trans_err=542.8560 => FAIL
[CountResult DEBUG] Edge 3-7 GT=1.0000 Pred=1.0000 rad_err=1.6207 trans_err=560.5138 => FAIL
[CountResult DEBUG] Edge 4-5 GT=1.0000 Pred=1.0000 rad_err=2.5284 trans_err=850.9221 => FAIL
[CountResult DEBUG] Edge 4-6 GT=1.0000 Pred=0.0000 rad_err=0.0515 trans_err=9.1850 => PASS
[CountResult DEBUG] Edge 4-10 GT=1.0000 Pred=1.0000 rad_err=2.1573 trans_err=833.3862 => FAIL
[CountResult DEBUG] Edge 5-7 GT=1.0000 Pred=1.0000 rad_err=0.0921 trans_err=40.6430 => PASS
[CountResult DEBUG] Edge 5-10 GT=1.0000 Pred=0.0000 rad_err=3.1318 trans_err=771.9488 => FAIL
[CountResult DEBUG] Edge 5-12 GT=1.0000 Pred=1.0000 rad_err=1.4039 trans_err=555.7880 => FAIL
[CountResult DEBUG] Edge 6-11 GT=1.0000 Pred=1.0000 rad_err=2.3886 trans_err=719.9757 => FAIL
[CountResult DEBUG] Edge 8-11 GT=1.0000 Pred=0.0000 rad_err=1.5551 trans_err=623.1496 => FAIL
[CountResult DEBUG] Edge 8-12 GT=1.0000 Pred=0.0000 rad_err=2.8283 trans_err=849.4862 => FAIL
[CountResult DEBUG] Sherd 1 gt_edges=5 matched_edges=2 => MATCHED
[CountResult DEBUG] Sherd 2 gt_edges=5 matched_edges=2 => MATCHED
[CountResult DEBUG] Sherd 3 gt_edges=3 matched_edges=0 => MISSED
[CountResult DEBUG] Sherd 4 gt_edges=5 matched_edges=3 => MATCHED
[CountResult DEBUG] Sherd 5 gt_edges=6 matched_edges=1 => MATCHED
[CountResult DEBUG] Sherd 6 gt_edges=5 matched_edges=3 => MATCHED
[CountResult DEBUG] Sherd 7 gt_edges=3 matched_edges=1 => MATCHED
[CountResult DEBUG] Sherd 8 gt_edges=3 matched_edges=0 => MISSED
[CountResult DEBUG] Sherd 9 gt_edges=0 matched_edges=0 => MISSED
[CountResult DEBUG] Sherd 10 gt_edges=3 matched_edges=0 => MISSED
[CountResult DEBUG] Sherd 11 gt_edges=2 matched_edges=0 => MISSED
[CountResult DEBUG] Sherd 12 gt_edges=2 matched_edges=0 => MISSED
[CountResult DEBUG] Sherd 13 gt_edges=0 matched_edges=0 => MISSED
[CountResult DEBUG] Sherd 14 gt_edges=0 matched_edges=0 => MISSED
[CountResult DEBUG] Sherd 15 gt_edges=0 matched_edges=0 => MISSED
[CountResult DEBUG] Sherd 16 gt_edges=0 matched_edges=0 => MISSED
[CountResult DEBUG] Sherd 17 gt_edges=0 matched_edges=0 => MISSED
[CountResult DEBUG] Sherd 18 gt_edges=0 matched_edges=0 => MISSED
[CountResult DEBUG] Sherd 19 gt_edges=0 matched_edges=0 => MISSED
Sherd accuracy : 6 / 11 (54.5455%)
Edge accuracy : 4 / 21 (21.4286%)
########## Pre-ICP GA Results ##########
Sherd Accuracy : 6 / 11
Edge Accuracy  : 4 / 21
########################################
#################### Post-GA Global ICP Refinement ####################
#################### Fine reconstruction is converge ####################
[CountResult DEBUG] Thresholds: rad=0.3500, trans=50.0000
[CountResult DEBUG] Edge 1-3 GT=1.0000 Pred=1.0000 rad_err=3.1303 trans_err=946.2712 => FAIL
[CountResult DEBUG] Edge 1-4 GT=1.0000 Pred=1.0000 rad_err=0.0792 trans_err=34.2232 => PASS
[CountResult DEBUG] Edge 1-5 GT=1.0000 Pred=0.0000 rad_err=2.5980 trans_err=227.4845 => FAIL
[CountResult DEBUG] Edge 1-6 GT=1.0000 Pred=1.0000 rad_err=0.1019 trans_err=46.7326 => PASS
[CountResult DEBUG] Edge 1-7 GT=1.0000 Pred=1.0000 rad_err=2.5510 trans_err=209.1566 => FAIL
[CountResult DEBUG] Edge 2-4 GT=1.0000 Pred=1.0000 rad_err=0.2636 trans_err=92.9978 => FAIL
[CountResult DEBUG] Edge 2-5 GT=1.0000 Pred=1.0000 rad_err=2.5460 trans_err=950.1540 => FAIL
[CountResult DEBUG] Edge 2-6 GT=1.0000 Pred=1.0000 rad_err=0.1188 trans_err=53.0963 => FAIL
[CountResult DEBUG] Edge 2-8 GT=1.0000 Pred=0.0000 rad_err=2.1049 trans_err=287.1732 => FAIL
[CountResult DEBUG] Edge 2-10 GT=1.0000 Pred=0.0000 rad_err=2.1713 trans_err=710.5591 => FAIL
[CountResult DEBUG] Edge 3-6 GT=1.0000 Pred=0.0000 rad_err=3.0552 trans_err=454.3078 => FAIL
[CountResult DEBUG] Edge 3-7 GT=1.0000 Pred=1.0000 rad_err=3.0455 trans_err=613.2644 => FAIL
[CountResult DEBUG] Edge 4-5 GT=1.0000 Pred=1.0000 rad_err=2.5813 trans_err=819.5959 => FAIL
[CountResult DEBUG] Edge 4-6 GT=1.0000 Pred=1.0000 rad_err=0.1732 trans_err=72.1577 => FAIL
[CountResult DEBUG] Edge 4-10 GT=1.0000 Pred=1.0000 rad_err=2.1451 trans_err=830.9863 => FAIL
[CountResult DEBUG] Edge 5-7 GT=1.0000 Pred=1.0000 rad_err=0.0693 trans_err=19.0440 => PASS
[CountResult DEBUG] Edge 5-10 GT=1.0000 Pred=1.0000 rad_err=2.8888 trans_err=829.0121 => FAIL
[CountResult DEBUG] Edge 5-12 GT=1.0000 Pred=1.0000 rad_err=1.2361 trans_err=508.7769 => FAIL
[CountResult DEBUG] Edge 6-11 GT=1.0000 Pred=0.0000 rad_err=2.6492 trans_err=844.0083 => FAIL
[CountResult DEBUG] Edge 8-11 GT=1.0000 Pred=0.0000 rad_err=3.0758 trans_err=892.3173 => FAIL
[CountResult DEBUG] Edge 8-12 GT=1.0000 Pred=0.0000 rad_err=1.2259 trans_err=497.6922 => FAIL
[CountResult DEBUG] Sherd 1 gt_edges=5 matched_edges=2 => MATCHED
[CountResult DEBUG] Sherd 2 gt_edges=5 matched_edges=1 => MATCHED
[CountResult DEBUG] Sherd 3 gt_edges=3 matched_edges=0 => MISSED
[CountResult DEBUG] Sherd 4 gt_edges=5 matched_edges=2 => MATCHED
[CountResult DEBUG] Sherd 5 gt_edges=6 matched_edges=1 => MATCHED
[CountResult DEBUG] Sherd 6 gt_edges=5 matched_edges=3 => MATCHED
[CountResult DEBUG] Sherd 7 gt_edges=3 matched_edges=1 => MATCHED
[CountResult DEBUG] Sherd 8 gt_edges=3 matched_edges=0 => MISSED
[CountResult DEBUG] Sherd 9 gt_edges=0 matched_edges=0 => MISSED
[CountResult DEBUG] Sherd 10 gt_edges=3 matched_edges=0 => MISSED
[CountResult DEBUG] Sherd 11 gt_edges=2 matched_edges=0 => MISSED
[CountResult DEBUG] Sherd 12 gt_edges=2 matched_edges=0 => MISSED
[CountResult DEBUG] Sherd 13 gt_edges=0 matched_edges=0 => MISSED
[CountResult DEBUG] Sherd 14 gt_edges=0 matched_edges=0 => MISSED
[CountResult DEBUG] Sherd 15 gt_edges=0 matched_edges=0 => MISSED
[CountResult DEBUG] Sherd 16 gt_edges=0 matched_edges=0 => MISSED
[CountResult DEBUG] Sherd 17 gt_edges=0 matched_edges=0 => MISSED
[CountResult DEBUG] Sherd 18 gt_edges=0 matched_edges=0 => MISSED
[CountResult DEBUG] Sherd 19 gt_edges=0 matched_edges=0 => MISSED
Sherd accuracy : 6 / 11 (54.5455%)
Edge accuracy : 4 / 21 (19.0476%)
########## Post-ICP Global Results ##########
Sherd Accuracy : 6 / 11
Edge Accuracy  : 4 / 21
########################################
#################### Post-GA Incremental ICP Refinement ####################
[CountResult DEBUG] Thresholds: rad=0.3500, trans=50.0000
[CountResult DEBUG] Edge 1-3 GT=1.0000 Pred=1.0000 rad_err=3.0826 trans_err=599.4820 => FAIL
[CountResult DEBUG] Edge 1-4 GT=1.0000 Pred=1.0000 rad_err=0.0902 trans_err=33.2821 => PASS
[CountResult DEBUG] Edge 1-5 GT=1.0000 Pred=1.0000 rad_err=1.0338 trans_err=410.4000 => FAIL
[CountResult DEBUG] Edge 1-6 GT=1.0000 Pred=1.0000 rad_err=2.0027 trans_err=745.9962 => FAIL
[CountResult DEBUG] Edge 1-7 GT=1.0000 Pred=1.0000 rad_err=1.5261 trans_err=596.3210 => FAIL
[CountResult DEBUG] Edge 2-4 GT=1.0000 Pred=1.0000 rad_err=2.9132 trans_err=953.5779 => FAIL
[CountResult DEBUG] Edge 2-5 GT=1.0000 Pred=1.0000 rad_err=2.5507 trans_err=956.0752 => FAIL
[CountResult DEBUG] Edge 2-6 GT=1.0000 Pred=1.0000 rad_err=2.9186 trans_err=594.6031 => FAIL
[CountResult DEBUG] Edge 2-8 GT=1.0000 Pred=1.0000 rad_err=1.5979 trans_err=654.6237 => FAIL
[CountResult DEBUG] Edge 2-10 GT=1.0000 Pred=1.0000 rad_err=3.0080 trans_err=923.2445 => FAIL
[CountResult DEBUG] Edge 3-6 GT=1.0000 Pred=1.0000 rad_err=2.8045 trans_err=572.1091 => FAIL
[CountResult DEBUG] Edge 3-7 GT=1.0000 Pred=1.0000 rad_err=3.1145 trans_err=831.5549 => FAIL
[CountResult DEBUG] Edge 4-5 GT=1.0000 Pred=1.0000 rad_err=1.0511 trans_err=185.6373 => FAIL
[CountResult DEBUG] Edge 4-6 GT=1.0000 Pred=0.0000 rad_err=2.0167 trans_err=828.3076 => FAIL
[CountResult DEBUG] Edge 4-10 GT=1.0000 Pred=1.0000 rad_err=1.3814 trans_err=498.4824 => FAIL
[CountResult DEBUG] Edge 5-7 GT=1.0000 Pred=1.0000 rad_err=2.0670 trans_err=653.8394 => FAIL
[CountResult DEBUG] Edge 5-10 GT=1.0000 Pred=0.0000 rad_err=0.9351 trans_err=231.6756 => FAIL
[CountResult DEBUG] Edge 5-12 GT=1.0000 Pred=1.0000 rad_err=2.7223 trans_err=313.2339 => FAIL
[CountResult DEBUG] Edge 6-11 GT=1.0000 Pred=1.0000 rad_err=1.8612 trans_err=422.2757 => FAIL
[CountResult DEBUG] Edge 8-11 GT=1.0000 Pred=0.0000 rad_err=2.5084 trans_err=665.7108 => FAIL
[CountResult DEBUG] Edge 8-12 GT=1.0000 Pred=0.0000 rad_err=1.8673 trans_err=517.7644 => FAIL
[CountResult DEBUG] Sherd 1 gt_edges=5 matched_edges=1 => MATCHED
[CountResult DEBUG] Sherd 2 gt_edges=5 matched_edges=0 => MISSED
[CountResult DEBUG] Sherd 3 gt_edges=3 matched_edges=0 => MISSED
[CountResult DEBUG] Sherd 4 gt_edges=5 matched_edges=1 => MATCHED
[CountResult DEBUG] Sherd 5 gt_edges=6 matched_edges=0 => MISSED
[CountResult DEBUG] Sherd 6 gt_edges=5 matched_edges=0 => MISSED
[CountResult DEBUG] Sherd 7 gt_edges=3 matched_edges=0 => MISSED
[CountResult DEBUG] Sherd 8 gt_edges=3 matched_edges=0 => MISSED
[CountResult DEBUG] Sherd 9 gt_edges=0 matched_edges=0 => MISSED
[CountResult DEBUG] Sherd 10 gt_edges=3 matched_edges=0 => MISSED
[CountResult DEBUG] Sherd 11 gt_edges=2 matched_edges=0 => MISSED
[CountResult DEBUG] Sherd 12 gt_edges=2 matched_edges=0 => MISSED
[CountResult DEBUG] Sherd 13 gt_edges=0 matched_edges=0 => MISSED
[CountResult DEBUG] Sherd 14 gt_edges=0 matched_edges=0 => MISSED
[CountResult DEBUG] Sherd 15 gt_edges=0 matched_edges=0 => MISSED
[CountResult DEBUG] Sherd 16 gt_edges=0 matched_edges=0 => MISSED
[CountResult DEBUG] Sherd 17 gt_edges=0 matched_edges=0 => MISSED
[CountResult DEBUG] Sherd 18 gt_edges=0 matched_edges=0 => MISSED
[CountResult DEBUG] Sherd 19 gt_edges=0 matched_edges=0 => MISSED
Sherd accuracy : 2 / 11 (18.1818%)
Edge accuracy : 1 / 21 (4.7619%)
########## Post-ICP Incremental Results ##########
Sherd Accuracy : 2 / 11
Edge Accuracy  : 1 / 21
########################################
########## Final Refined Results ##########
Selected Stage      : Pre-ICP GA (selected in compare)
Final Sherd Accuracy : 6 / 11
Final Edge Accuracy  : 4 / 21
Total Runtime        : 263.2162 sec
GA Runtime           : 258.8954 sec
###########################################
Showing Refined assembly. Press 'G' to toggle Ground Truth comparison! Press 'Q' to quit.
[0;mScreenshot (screenshot-1777644067.png) and camera information (screenshot-1777644067.cam) successfully captured.
[0;mScreenshot (screenshot-1777644086.png) and camera information (screenshot-1777644086.cam) successfully captured.
