
--- COLLISION CLOUD SUMMARY ---
  Params: voxel=5 edge_exclusion=2 epsilon=2.5 max_points=300
  Sherd 1: in=6117 out=6334 filtered=1260 candidate=11191 voxel=280 final=280 radius=41.441
  Sherd 2: in=5623 out=6093 filtered=1279 candidate=10437 voxel=226 final=226 radius=33.902
  Sherd 3: in=3672 out=4151 filtered=881 candidate=6942 voxel=178 final=178 radius=34.469
  Sherd 4: in=3601 out=4150 filtered=951 candidate=6800 voxel=170 final=170 radius=33.981
  Sherd 5: in=3939 out=4090 filtered=1077 candidate=6952 voxel=158 final=158 radius=28.804
  Sherd 6: in=3093 out=3266 filtered=913 candidate=5446 voxel=138 final=138 radius=28.538
  Sherd 7: in=1629 out=1390 filtered=501 candidate=2518 voxel=91 final=91 radius=23.354
  Valid sherds=7 empty_clouds=0


--- GENERATION 0 BEST BREAKDOWN ---
  Total Fitness: -56.49
  Inlier Reward: 366.27
  Cycle Penalty: 0.00
  Overlap Penalty: 308.03
  Edge Residual Penalty: 0.00
  Edge Rot Residual Penalty: 184.73
  Connectivity Reward: 70.00
  Component Penalty: 0.00
  Largest Component: 7
  Num Components: 1
  Active Pairs: 17
  OverlapDiag Sum (indexed): 332.8859 (delta_vs_fitness=24.8542)
  OverlapDiag Pairs: total=21 same_comp=21 broad_reject=0 narrow_checked=21 active=8
  OverlapDiag Top Active Pairs:
    Pair (0,4) pen=152.2134 hits=107/280 hit_ratio=0.6392 avg_depth=0.2883 min_nn=0.3653
    Pair (3,6) pen=53.3968 hits=30/91 hit_ratio=0.3297 avg_depth=0.2118 min_nn=0.8525
    Pair (1,6) pen=44.2391 hits=15/91 hit_ratio=0.1648 avg_depth=0.3687 min_nn=0.7829
    Pair (0,3) pen=24.7118 hits=13/280 hit_ratio=0.0647 avg_depth=0.3699 min_nn=0.1600
    Pair (2,5) pen=16.9756 hits=8/178 hit_ratio=0.0580 avg_depth=0.4131 min_nn=0.6939

  --- ACTIVE GENE MAP ---
    Gene  1 (Pair  3- 1): choice=2 (inl=71)
    Gene  2 (Pair  4- 1): choice=1 (inl=49)
    Gene  5 (Pair  7- 1): choice=1 (inl=20)
    Gene  6 (Pair  4- 2): choice=2 (inl=36)
    Gene  7 (Pair  5- 2): choice=1 (inl=60)
    Gene  8 (Pair  6- 2): choice=2 (inl=30)
    Gene  9 (Pair  7- 2): choice=1 (inl=22)
    Gene 10 (Pair  4- 3): choice=1 (inl=30)
    Gene 11 (Pair  5- 3): choice=1 (inl=12)
    Gene 12 (Pair  6- 3): choice=2 (inl=34)
    Gene 13 (Pair  7- 3): choice=1 (inl=20)
    Gene 14 (Pair  5- 4): choice=1 (inl=32)
    Gene 15 (Pair  6- 4): choice=1 (inl=28)
    Gene 16 (Pair  7- 4): choice=1 (inl=20)
    Gene 17 (Pair  6- 5): choice=1 (inl=20)
    Gene 18 (Pair  7- 5): choice=2 (inl=28)
    Gene 19 (Pair  7- 6): choice=1 (inl=24)

  --- SHARD 4 CANDIDATE ANALYSIS ---
    Pair (4-1): Selected=1 / 1 choices
      Choice 1: inliners=49 [SELECTED]
    Pair (4-2): Selected=2 / 2 choices
      Choice 1: inliners=50
      Choice 2: inliners=36 [SELECTED]
    Pair (4-3): Selected=1 / 1 choices
      Choice 1: inliners=30 [SELECTED]
    Pair (5-4): Selected=1 / 1 choices
      Choice 1: inliners=32 [SELECTED]
    Pair (6-4): Selected=1 / 2 choices
      Choice 1: inliners=28 [SELECTED]
      Choice 2: inliners=34
    Pair (7-4): Selected=1 / 1 choices
      Choice 1: inliners=20 [SELECTED]


--- GENERATION 10 BEST BREAKDOWN ---
  Total Fitness: 85.58
  Inlier Reward: 324.35
  Cycle Penalty: 0.00
  Overlap Penalty: 185.00
  Edge Residual Penalty: 0.00
  Edge Rot Residual Penalty: 123.78
  Connectivity Reward: 70.00
  Component Penalty: 0.00
  Largest Component: 7
  Num Components: 1
  Active Pairs: 14
  OverlapDiag Sum (indexed): 201.7304 (delta_vs_fitness=16.7348)
  OverlapDiag Pairs: total=21 same_comp=21 broad_reject=0 narrow_checked=21 active=6
  OverlapDiag Top Active Pairs:
    Pair (0,5) pen=123.8066 hits=70/138 hit_ratio=0.5072 avg_depth=0.2920 min_nn=0.6868
    Pair (0,3) pen=24.7118 hits=13/280 hit_ratio=0.0647 avg_depth=0.3699 min_nn=0.1600
    Pair (1,6) pen=19.9821 hits=10/226 hit_ratio=0.1099 avg_depth=0.2622 min_nn=0.8774
    Pair (0,2) pen=16.4951 hits=12/178 hit_ratio=0.0674 avg_depth=0.2454 min_nn=1.2216
    Pair (1,3) pen=8.9713 hits=7/226 hit_ratio=0.0412 avg_depth=0.2582 min_nn=1.0755

  --- ACTIVE GENE MAP ---
    Gene  1 (Pair  3- 1): choice=2 (inl=71)
    Gene  2 (Pair  4- 1): choice=1 (inl=49)
    Gene  6 (Pair  4- 2): choice=2 (inl=36)
    Gene  7 (Pair  5- 2): choice=1 (inl=60)
    Gene  8 (Pair  6- 2): choice=2 (inl=30)
    Gene 10 (Pair  4- 3): choice=1 (inl=30)
    Gene 11 (Pair  5- 3): choice=2 (inl=38)
    Gene 12 (Pair  6- 3): choice=1 (inl=26)
    Gene 13 (Pair  7- 3): choice=2 (inl=0)
    Gene 14 (Pair  5- 4): choice=1 (inl=32)
    Gene 15 (Pair  6- 4): choice=2 (inl=34)
    Gene 16 (Pair  7- 4): choice=1 (inl=20)
    Gene 17 (Pair  6- 5): choice=1 (inl=20)
    Gene 18 (Pair  7- 5): choice=2 (inl=28)

  --- SHARD 4 CANDIDATE ANALYSIS ---
    Pair (4-1): Selected=1 / 1 choices
      Choice 1: inliners=49 [SELECTED]
    Pair (4-2): Selected=2 / 2 choices
      Choice 1: inliners=50
      Choice 2: inliners=36 [SELECTED]
    Pair (4-3): Selected=1 / 1 choices
      Choice 1: inliners=30 [SELECTED]
    Pair (5-4): Selected=1 / 1 choices
      Choice 1: inliners=32 [SELECTED]
    Pair (6-4): Selected=2 / 2 choices
      Choice 1: inliners=28
      Choice 2: inliners=34 [SELECTED]
    Pair (7-4): Selected=1 / 1 choices
      Choice 1: inliners=20 [SELECTED]


--- GENERATION 20 BEST BREAKDOWN ---
  Total Fitness: 87.71
  Inlier Reward: 340.58
  Cycle Penalty: 0.00
  Overlap Penalty: 185.00
  Edge Residual Penalty: 0.00
  Edge Rot Residual Penalty: 137.88
  Connectivity Reward: 70.00
  Component Penalty: 0.00
  Largest Component: 7
  Num Components: 1
  Active Pairs: 15
  OverlapDiag Sum (indexed): 201.7304 (delta_vs_fitness=16.7348)
  OverlapDiag Pairs: total=21 same_comp=21 broad_reject=0 narrow_checked=21 active=6
  OverlapDiag Top Active Pairs:
    Pair (0,5) pen=123.8066 hits=70/138 hit_ratio=0.5072 avg_depth=0.2920 min_nn=0.6868
    Pair (0,3) pen=24.7118 hits=13/280 hit_ratio=0.0647 avg_depth=0.3699 min_nn=0.1600
    Pair (1,6) pen=19.9821 hits=10/226 hit_ratio=0.1099 avg_depth=0.2622 min_nn=0.8774
    Pair (0,2) pen=16.4951 hits=12/178 hit_ratio=0.0674 avg_depth=0.2454 min_nn=1.2216
    Pair (1,3) pen=8.9713 hits=7/226 hit_ratio=0.0412 avg_depth=0.2582 min_nn=1.0755

  --- ACTIVE GENE MAP ---
    Gene  1 (Pair  3- 1): choice=2 (inl=71)
    Gene  2 (Pair  4- 1): choice=1 (inl=49)
    Gene  6 (Pair  4- 2): choice=2 (inl=36)
    Gene  7 (Pair  5- 2): choice=1 (inl=60)
    Gene  8 (Pair  6- 2): choice=2 (inl=30)
    Gene 10 (Pair  4- 3): choice=1 (inl=30)
    Gene 11 (Pair  5- 3): choice=2 (inl=38)
    Gene 12 (Pair  6- 3): choice=1 (inl=26)
    Gene 13 (Pair  7- 3): choice=2 (inl=0)
    Gene 14 (Pair  5- 4): choice=1 (inl=32)
    Gene 15 (Pair  6- 4): choice=2 (inl=34)
    Gene 16 (Pair  7- 4): choice=1 (inl=20)
    Gene 17 (Pair  6- 5): choice=1 (inl=20)
    Gene 18 (Pair  7- 5): choice=2 (inl=28)
    Gene 19 (Pair  7- 6): choice=1 (inl=24)

  --- SHARD 4 CANDIDATE ANALYSIS ---
    Pair (4-1): Selected=1 / 1 choices
      Choice 1: inliners=49 [SELECTED]
    Pair (4-2): Selected=2 / 2 choices
      Choice 1: inliners=50
      Choice 2: inliners=36 [SELECTED]
    Pair (4-3): Selected=1 / 1 choices
      Choice 1: inliners=30 [SELECTED]
    Pair (5-4): Selected=1 / 1 choices
      Choice 1: inliners=32 [SELECTED]
    Pair (6-4): Selected=2 / 2 choices
      Choice 1: inliners=28
      Choice 2: inliners=34 [SELECTED]
    Pair (7-4): Selected=1 / 1 choices
      Choice 1: inliners=20 [SELECTED]


--- GENERATION 30 BEST BREAKDOWN ---
  Total Fitness: 87.71
  Inlier Reward: 340.58
  Cycle Penalty: 0.00
  Overlap Penalty: 185.00
  Edge Residual Penalty: 0.00
  Edge Rot Residual Penalty: 137.88
  Connectivity Reward: 70.00
  Component Penalty: 0.00
  Largest Component: 7
  Num Components: 1
  Active Pairs: 15
  OverlapDiag Sum (indexed): 201.7304 (delta_vs_fitness=16.7348)
  OverlapDiag Pairs: total=21 same_comp=21 broad_reject=0 narrow_checked=21 active=6
  OverlapDiag Top Active Pairs:
    Pair (0,5) pen=123.8066 hits=70/138 hit_ratio=0.5072 avg_depth=0.2920 min_nn=0.6868
    Pair (0,3) pen=24.7118 hits=13/280 hit_ratio=0.0647 avg_depth=0.3699 min_nn=0.1600
    Pair (1,6) pen=19.9821 hits=10/226 hit_ratio=0.1099 avg_depth=0.2622 min_nn=0.8774
    Pair (0,2) pen=16.4951 hits=12/178 hit_ratio=0.0674 avg_depth=0.2454 min_nn=1.2216
    Pair (1,3) pen=8.9713 hits=7/226 hit_ratio=0.0412 avg_depth=0.2582 min_nn=1.0755

  --- ACTIVE GENE MAP ---
    Gene  1 (Pair  3- 1): choice=2 (inl=71)
    Gene  2 (Pair  4- 1): choice=1 (inl=49)
    Gene  6 (Pair  4- 2): choice=2 (inl=36)
    Gene  7 (Pair  5- 2): choice=1 (inl=60)
    Gene  8 (Pair  6- 2): choice=2 (inl=30)
    Gene 10 (Pair  4- 3): choice=1 (inl=30)
    Gene 11 (Pair  5- 3): choice=2 (inl=38)
    Gene 12 (Pair  6- 3): choice=1 (inl=26)
    Gene 13 (Pair  7- 3): choice=2 (inl=0)
    Gene 14 (Pair  5- 4): choice=1 (inl=32)
    Gene 15 (Pair  6- 4): choice=2 (inl=34)
    Gene 16 (Pair  7- 4): choice=1 (inl=20)
    Gene 17 (Pair  6- 5): choice=1 (inl=20)
    Gene 18 (Pair  7- 5): choice=2 (inl=28)
    Gene 19 (Pair  7- 6): choice=1 (inl=24)

  --- SHARD 4 CANDIDATE ANALYSIS ---
    Pair (4-1): Selected=1 / 1 choices
      Choice 1: inliners=49 [SELECTED]
    Pair (4-2): Selected=2 / 2 choices
      Choice 1: inliners=50
      Choice 2: inliners=36 [SELECTED]
    Pair (4-3): Selected=1 / 1 choices
      Choice 1: inliners=30 [SELECTED]
    Pair (5-4): Selected=1 / 1 choices
      Choice 1: inliners=32 [SELECTED]
    Pair (6-4): Selected=2 / 2 choices
      Choice 1: inliners=28
      Choice 2: inliners=34 [SELECTED]
    Pair (7-4): Selected=1 / 1 choices
      Choice 1: inliners=20 [SELECTED]


--- GENERATION 40 BEST BREAKDOWN ---
  Total Fitness: 87.71
  Inlier Reward: 340.58
  Cycle Penalty: 0.00
  Overlap Penalty: 185.00
  Edge Residual Penalty: 0.00
  Edge Rot Residual Penalty: 137.88
  Connectivity Reward: 70.00
  Component Penalty: 0.00
  Largest Component: 7
  Num Components: 1
  Active Pairs: 15
  OverlapDiag Sum (indexed): 201.7304 (delta_vs_fitness=16.7348)
  OverlapDiag Pairs: total=21 same_comp=21 broad_reject=0 narrow_checked=21 active=6
  OverlapDiag Top Active Pairs:
    Pair (0,5) pen=123.8066 hits=70/138 hit_ratio=0.5072 avg_depth=0.2920 min_nn=0.6868
    Pair (0,3) pen=24.7118 hits=13/280 hit_ratio=0.0647 avg_depth=0.3699 min_nn=0.1600
    Pair (1,6) pen=19.9821 hits=10/226 hit_ratio=0.1099 avg_depth=0.2622 min_nn=0.8774
    Pair (0,2) pen=16.4951 hits=12/178 hit_ratio=0.0674 avg_depth=0.2454 min_nn=1.2216
    Pair (1,3) pen=8.9713 hits=7/226 hit_ratio=0.0412 avg_depth=0.2582 min_nn=1.0755

  --- ACTIVE GENE MAP ---
    Gene  1 (Pair  3- 1): choice=2 (inl=71)
    Gene  2 (Pair  4- 1): choice=1 (inl=49)
    Gene  6 (Pair  4- 2): choice=2 (inl=36)
    Gene  7 (Pair  5- 2): choice=1 (inl=60)
    Gene  8 (Pair  6- 2): choice=2 (inl=30)
    Gene 10 (Pair  4- 3): choice=1 (inl=30)
    Gene 11 (Pair  5- 3): choice=2 (inl=38)
    Gene 12 (Pair  6- 3): choice=1 (inl=26)
    Gene 13 (Pair  7- 3): choice=2 (inl=0)
    Gene 14 (Pair  5- 4): choice=1 (inl=32)
    Gene 15 (Pair  6- 4): choice=2 (inl=34)
    Gene 16 (Pair  7- 4): choice=1 (inl=20)
    Gene 17 (Pair  6- 5): choice=1 (inl=20)
    Gene 18 (Pair  7- 5): choice=2 (inl=28)
    Gene 19 (Pair  7- 6): choice=1 (inl=24)

  --- SHARD 4 CANDIDATE ANALYSIS ---
    Pair (4-1): Selected=1 / 1 choices
      Choice 1: inliners=49 [SELECTED]
    Pair (4-2): Selected=2 / 2 choices
      Choice 1: inliners=50
      Choice 2: inliners=36 [SELECTED]
    Pair (4-3): Selected=1 / 1 choices
      Choice 1: inliners=30 [SELECTED]
    Pair (5-4): Selected=1 / 1 choices
      Choice 1: inliners=32 [SELECTED]
    Pair (6-4): Selected=2 / 2 choices
      Choice 1: inliners=28
      Choice 2: inliners=34 [SELECTED]
    Pair (7-4): Selected=1 / 1 choices
      Choice 1: inliners=20 [SELECTED]


--- GENERATION 50 BEST BREAKDOWN ---
  Total Fitness: 87.71
  Inlier Reward: 340.58
  Cycle Penalty: 0.00
  Overlap Penalty: 185.00
  Edge Residual Penalty: 0.00
  Edge Rot Residual Penalty: 137.88
  Connectivity Reward: 70.00
  Component Penalty: 0.00
  Largest Component: 7
  Num Components: 1
  Active Pairs: 15
  OverlapDiag Sum (indexed): 201.7304 (delta_vs_fitness=16.7348)
  OverlapDiag Pairs: total=21 same_comp=21 broad_reject=0 narrow_checked=21 active=6
  OverlapDiag Top Active Pairs:
    Pair (0,5) pen=123.8066 hits=70/138 hit_ratio=0.5072 avg_depth=0.2920 min_nn=0.6868
    Pair (0,3) pen=24.7118 hits=13/280 hit_ratio=0.0647 avg_depth=0.3699 min_nn=0.1600
    Pair (1,6) pen=19.9821 hits=10/226 hit_ratio=0.1099 avg_depth=0.2622 min_nn=0.8774
    Pair (0,2) pen=16.4951 hits=12/178 hit_ratio=0.0674 avg_depth=0.2454 min_nn=1.2216
    Pair (1,3) pen=8.9713 hits=7/226 hit_ratio=0.0412 avg_depth=0.2582 min_nn=1.0755

  --- ACTIVE GENE MAP ---
    Gene  1 (Pair  3- 1): choice=2 (inl=71)
    Gene  2 (Pair  4- 1): choice=1 (inl=49)
    Gene  6 (Pair  4- 2): choice=2 (inl=36)
    Gene  7 (Pair  5- 2): choice=1 (inl=60)
    Gene  8 (Pair  6- 2): choice=2 (inl=30)
    Gene 10 (Pair  4- 3): choice=1 (inl=30)
    Gene 11 (Pair  5- 3): choice=2 (inl=38)
    Gene 12 (Pair  6- 3): choice=1 (inl=26)
    Gene 13 (Pair  7- 3): choice=2 (inl=0)
    Gene 14 (Pair  5- 4): choice=1 (inl=32)
    Gene 15 (Pair  6- 4): choice=2 (inl=34)
    Gene 16 (Pair  7- 4): choice=1 (inl=20)
    Gene 17 (Pair  6- 5): choice=1 (inl=20)
    Gene 18 (Pair  7- 5): choice=2 (inl=28)
    Gene 19 (Pair  7- 6): choice=1 (inl=24)

  --- SHARD 4 CANDIDATE ANALYSIS ---
    Pair (4-1): Selected=1 / 1 choices
      Choice 1: inliners=49 [SELECTED]
    Pair (4-2): Selected=2 / 2 choices
      Choice 1: inliners=50
      Choice 2: inliners=36 [SELECTED]
    Pair (4-3): Selected=1 / 1 choices
      Choice 1: inliners=30 [SELECTED]
    Pair (5-4): Selected=1 / 1 choices
      Choice 1: inliners=32 [SELECTED]
    Pair (6-4): Selected=2 / 2 choices
      Choice 1: inliners=28
      Choice 2: inliners=34 [SELECTED]
    Pair (7-4): Selected=1 / 1 choices
      Choice 1: inliners=20 [SELECTED]


--- COLLISION AUDIT [FINAL BEST] ---
  Fitness overlap penalty: 184.9956
  Recomputed indexed overlap sum: 201.7304 (delta=16.7348)
  Pair counts: total=21 same_comp=21 broad_reject=0 narrow_checked=21 active=6
  Pair (0,1): center_dist=0.000 broad_radius=0.000 min_nn=10.566 hits=0/280 hit_ratio=0.000 avg_depth=0.000 pair_pen=0.000 [OK] NARROW-PHASE CLEAR
  Pair (0,2): center_dist=0.000 broad_radius=0.000 min_nn=1.222 hits=12/178 hit_ratio=0.067 avg_depth=0.245 pair_pen=16.495 [!!!] ACTIVE COLLISION UNRESOLVED
  Pair (0,3): center_dist=0.000 broad_radius=0.000 min_nn=0.160 hits=13/280 hit_ratio=0.065 avg_depth=0.370 pair_pen=24.712 [!!!] ACTIVE COLLISION UNRESOLVED
  Pair (0,4): center_dist=0.000 broad_radius=0.000 min_nn=21.061 hits=0/280 hit_ratio=0.000 avg_depth=0.000 pair_pen=0.000 [OK] NARROW-PHASE CLEAR
  Pair (0,5): center_dist=0.000 broad_radius=0.000 min_nn=0.687 hits=70/138 hit_ratio=0.507 avg_depth=0.292 pair_pen=123.807 [!!!] ACTIVE COLLISION UNRESOLVED
  Pair (0,6): center_dist=0.000 broad_radius=0.000 min_nn=4.097 hits=0/280 hit_ratio=0.000 avg_depth=0.000 pair_pen=0.000 [OK] NARROW-PHASE CLEAR
  Pair (1,2): center_dist=0.000 broad_radius=0.000 min_nn=23.062 hits=0/226 hit_ratio=0.000 avg_depth=0.000 pair_pen=0.000 [OK] NARROW-PHASE CLEAR
  Pair (1,3): center_dist=0.000 broad_radius=0.000 min_nn=1.075 hits=7/226 hit_ratio=0.041 avg_depth=0.258 pair_pen=8.971 [!!!] ACTIVE COLLISION UNRESOLVED
  Pair (1,4): center_dist=0.000 broad_radius=0.000 min_nn=34.042 hits=0/226 hit_ratio=0.000 avg_depth=0.000 pair_pen=0.000 [OK] NARROW-PHASE CLEAR
  Pair (1,5): center_dist=0.000 broad_radius=0.000 min_nn=24.267 hits=0/226 hit_ratio=0.000 avg_depth=0.000 pair_pen=0.000 [OK] NARROW-PHASE CLEAR
  Pair (1,6): center_dist=0.000 broad_radius=0.000 min_nn=0.877 hits=10/226 hit_ratio=0.110 avg_depth=0.262 pair_pen=19.982 [!!!] ACTIVE COLLISION UNRESOLVED
  Pair (2,3): center_dist=0.000 broad_radius=0.000 min_nn=31.721 hits=0/178 hit_ratio=0.000 avg_depth=0.000 pair_pen=0.000 [OK] NARROW-PHASE CLEAR
  Pair (2,4): center_dist=0.000 broad_radius=0.000 min_nn=0.640 hits=5/178 hit_ratio=0.028 avg_depth=0.436 pair_pen=7.764 [!!!] ACTIVE COLLISION UNRESOLVED
  Pair (2,5): center_dist=0.000 broad_radius=0.000 min_nn=2.841 hits=0/178 hit_ratio=0.000 avg_depth=0.000 pair_pen=0.000 [OK] NARROW-PHASE CLEAR
  Pair (2,6): center_dist=0.000 broad_radius=0.000 min_nn=4.746 hits=0/178 hit_ratio=0.000 avg_depth=0.000 pair_pen=0.000 [OK] NARROW-PHASE CLEAR
  Pair (3,4): center_dist=0.000 broad_radius=0.000 min_nn=45.690 hits=0/170 hit_ratio=0.000 avg_depth=0.000 pair_pen=0.000 [OK] NARROW-PHASE CLEAR
  Pair (3,5): center_dist=0.000 broad_radius=0.000 min_nn=14.717 hits=0/170 hit_ratio=0.000 avg_depth=0.000 pair_pen=0.000 [OK] NARROW-PHASE CLEAR
  Pair (3,6): center_dist=0.000 broad_radius=0.000 min_nn=17.601 hits=0/170 hit_ratio=0.000 avg_depth=0.000 pair_pen=0.000 [OK] NARROW-PHASE CLEAR
  Pair (4,5): center_dist=0.000 broad_radius=0.000 min_nn=32.529 hits=0/158 hit_ratio=0.000 avg_depth=0.000 pair_pen=0.000 [OK] NARROW-PHASE CLEAR
  Pair (4,6): center_dist=0.000 broad_radius=0.000 min_nn=13.932 hits=0/158 hit_ratio=0.000 avg_depth=0.000 pair_pen=0.000 [OK] NARROW-PHASE CLEAR
  Pair (5,6): center_dist=0.000 broad_radius=0.000 min_nn=28.351 hits=0/138 hit_ratio=0.000 avg_depth=0.000 pair_pen=0.000 [OK] NARROW-PHASE CLEAR


--- COLLISION CLOUD SUMMARY ---
  Params: voxel=5 edge_exclusion=2 epsilon=2.5 max_points=300
  Sherd 1: in=6117 out=6334 filtered=1260 candidate=11191 voxel=280 final=280 radius=41.441
  Sherd 2: in=5623 out=6093 filtered=1279 candidate=10437 voxel=229 final=229 radius=33.321
  Sherd 3: in=3672 out=4151 filtered=881 candidate=6942 voxel=192 final=192 radius=35.146
  Sherd 4: in=3601 out=4150 filtered=951 candidate=6800 voxel=161 final=161 radius=35.470
  Sherd 5: in=3939 out=4090 filtered=1077 candidate=6952 voxel=166 final=166 radius=29.760
  Sherd 6: in=3093 out=3266 filtered=913 candidate=5446 voxel=127 final=127 radius=27.938
  Sherd 7: in=1629 out=1390 filtered=501 candidate=2518 voxel=85 final=85 radius=24.289
  Valid sherds=7 empty_clouds=0


--- GENERATION 0 BEST BREAKDOWN ---
  Total Fitness: -76.93
  Inlier Reward: 392.95
  Cycle Penalty: 0.00
  Overlap Penalty: 309.58
  Edge Residual Penalty: 41.96
  Edge Rot Residual Penalty: 188.33
  Connectivity Reward: 70.00
  Component Penalty: 0.00
  Largest Component: 7
  Num Components: 1
  Active Pairs: 17
  OverlapDiag Sum (indexed): 328.6808 (delta_vs_fitness=19.0991)
  OverlapDiag Pairs: total=21 same_comp=21 broad_reject=0 narrow_checked=21 active=9
  OverlapDiag Top Active Pairs:
    Pair (5,6) pen=78.7069 hits=30/85 hit_ratio=0.3529 avg_depth=0.2937 min_nn=0.4952
    Pair (1,5) pen=56.7524 hits=38/127 hit_ratio=0.2992 avg_depth=0.2237 min_nn=1.3707
    Pair (3,6) pen=55.0490 hits=28/85 hit_ratio=0.3294 avg_depth=0.2227 min_nn=0.8513
    Pair (1,6) pen=48.2774 hits=19/229 hit_ratio=0.2235 avg_depth=0.2918 min_nn=1.0012
    Pair (3,5) pen=45.0603 hits=17/127 hit_ratio=0.1339 avg_depth=0.3917 min_nn=0.3064

  --- ACTIVE GENE MAP ---
    Gene  1 (Pair  3- 1): choice=2 (inl=71)
    Gene  2 (Pair  4- 1): choice=1 (inl=49)
    Gene  4 (Pair  6- 1): choice=2 (inl=20)
    Gene  5 (Pair  7- 1): choice=1 (inl=22)
    Gene  6 (Pair  4- 2): choice=2 (inl=40)
    Gene  7 (Pair  5- 2): choice=1 (inl=60)
    Gene  8 (Pair  6- 2): choice=2 (inl=30)
    Gene  9 (Pair  7- 2): choice=1 (inl=22)
    Gene 10 (Pair  4- 3): choice=1 (inl=30)
    Gene 11 (Pair  5- 3): choice=3 (inl=40)
    Gene 12 (Pair  6- 3): choice=2 (inl=34)
    Gene 13 (Pair  7- 3): choice=1 (inl=20)
    Gene 14 (Pair  5- 4): choice=1 (inl=30)
    Gene 15 (Pair  6- 4): choice=2 (inl=34)
    Gene 16 (Pair  7- 4): choice=1 (inl=20)
    Gene 18 (Pair  7- 5): choice=2 (inl=22)
    Gene 19 (Pair  7- 6): choice=1 (inl=24)

  --- SHARD 4 CANDIDATE ANALYSIS ---
    Pair (4-1): Selected=1 / 1 choices
      Choice 1: inliners=49 [SELECTED]
    Pair (4-2): Selected=2 / 2 choices
      Choice 1: inliners=50
      Choice 2: inliners=40 [SELECTED]
    Pair (4-3): Selected=1 / 1 choices
      Choice 1: inliners=30 [SELECTED]
    Pair (5-4): Selected=1 / 1 choices
      Choice 1: inliners=30 [SELECTED]
    Pair (6-4): Selected=2 / 2 choices
      Choice 1: inliners=28
      Choice 2: inliners=34 [SELECTED]
    Pair (7-4): Selected=1 / 1 choices
      Choice 1: inliners=20 [SELECTED]


--- GENERATION 10 BEST BREAKDOWN ---
  Total Fitness: 61.53
  Inlier Reward: 345.90
  Cycle Penalty: 0.00
  Overlap Penalty: 215.01
  Edge Residual Penalty: 5.02
  Edge Rot Residual Penalty: 134.35
  Connectivity Reward: 70.00
  Component Penalty: 0.00
  Largest Component: 7
  Num Components: 1
  Active Pairs: 15
  OverlapDiag Sum (indexed): 224.9812 (delta_vs_fitness=9.9720)
  OverlapDiag Pairs: total=21 same_comp=21 broad_reject=0 narrow_checked=21 active=7
  OverlapDiag Top Active Pairs:
    Pair (0,6) pen=131.0073 hits=51/85 hit_ratio=0.6000 avg_depth=0.2920 min_nn=0.6819
    Pair (3,5) pen=45.0603 hits=17/127 hit_ratio=0.1339 avg_depth=0.3917 min_nn=0.3064
    Pair (1,5) pen=13.2059 hits=7/127 hit_ratio=0.0551 avg_depth=0.3613 min_nn=0.7459
    Pair (0,2) pen=13.0617 hits=12/280 hit_ratio=0.0573 avg_depth=0.1986 min_nn=0.6488
    Pair (0,3) pen=12.6739 hits=11/280 hit_ratio=0.0621 avg_depth=0.1969 min_nn=1.0534

  --- ACTIVE GENE MAP ---
    Gene  1 (Pair  3- 1): choice=2 (inl=71)
    Gene  2 (Pair  4- 1): choice=1 (inl=49)
    Gene  4 (Pair  6- 1): choice=2 (inl=20)
    Gene  7 (Pair  5- 2): choice=1 (inl=60)
    Gene  8 (Pair  6- 2): choice=2 (inl=30)
    Gene  9 (Pair  7- 2): choice=1 (inl=22)
    Gene 10 (Pair  4- 3): choice=1 (inl=30)
    Gene 11 (Pair  5- 3): choice=3 (inl=40)
    Gene 12 (Pair  6- 3): choice=2 (inl=34)
    Gene 13 (Pair  7- 3): choice=1 (inl=20)
    Gene 14 (Pair  5- 4): choice=1 (inl=30)
    Gene 15 (Pair  6- 4): choice=2 (inl=34)
    Gene 16 (Pair  7- 4): choice=1 (inl=20)
    Gene 17 (Pair  6- 5): choice=1 (inl=20)
    Gene 18 (Pair  7- 5): choice=1 (inl=20)

  --- SHARD 4 CANDIDATE ANALYSIS ---
    Pair (4-1): Selected=1 / 1 choices
      Choice 1: inliners=49 [SELECTED]
    Pair (4-2): Selected=0 / 2 choices
      Choice 1: inliners=50
      Choice 2: inliners=40
    Pair (4-3): Selected=1 / 1 choices
      Choice 1: inliners=30 [SELECTED]
    Pair (5-4): Selected=1 / 1 choices
      Choice 1: inliners=30 [SELECTED]
    Pair (6-4): Selected=2 / 2 choices
      Choice 1: inliners=28
      Choice 2: inliners=34 [SELECTED]
    Pair (7-4): Selected=1 / 1 choices
      Choice 1: inliners=20 [SELECTED]


--- GENERATION 20 BEST BREAKDOWN ---
  Total Fitness: 61.53
  Inlier Reward: 345.90
  Cycle Penalty: 0.00
  Overlap Penalty: 215.01
  Edge Residual Penalty: 5.02
  Edge Rot Residual Penalty: 134.35
  Connectivity Reward: 70.00
  Component Penalty: 0.00
  Largest Component: 7
  Num Components: 1
  Active Pairs: 15
  OverlapDiag Sum (indexed): 224.9812 (delta_vs_fitness=9.9720)
  OverlapDiag Pairs: total=21 same_comp=21 broad_reject=0 narrow_checked=21 active=7
  OverlapDiag Top Active Pairs:
    Pair (0,6) pen=131.0073 hits=51/85 hit_ratio=0.6000 avg_depth=0.2920 min_nn=0.6819
    Pair (3,5) pen=45.0603 hits=17/127 hit_ratio=0.1339 avg_depth=0.3917 min_nn=0.3064
    Pair (1,5) pen=13.2059 hits=7/127 hit_ratio=0.0551 avg_depth=0.3613 min_nn=0.7459
    Pair (0,2) pen=13.0617 hits=12/280 hit_ratio=0.0573 avg_depth=0.1986 min_nn=0.6488
    Pair (0,3) pen=12.6739 hits=11/280 hit_ratio=0.0621 avg_depth=0.1969 min_nn=1.0534

  --- ACTIVE GENE MAP ---
    Gene  1 (Pair  3- 1): choice=2 (inl=71)
    Gene  2 (Pair  4- 1): choice=1 (inl=49)
    Gene  4 (Pair  6- 1): choice=2 (inl=20)
    Gene  7 (Pair  5- 2): choice=1 (inl=60)
    Gene  8 (Pair  6- 2): choice=2 (inl=30)
    Gene  9 (Pair  7- 2): choice=1 (inl=22)
    Gene 10 (Pair  4- 3): choice=1 (inl=30)
    Gene 11 (Pair  5- 3): choice=3 (inl=40)
    Gene 12 (Pair  6- 3): choice=2 (inl=34)
    Gene 13 (Pair  7- 3): choice=1 (inl=20)
    Gene 14 (Pair  5- 4): choice=1 (inl=30)
    Gene 15 (Pair  6- 4): choice=2 (inl=34)
    Gene 16 (Pair  7- 4): choice=1 (inl=20)
    Gene 17 (Pair  6- 5): choice=1 (inl=20)
    Gene 18 (Pair  7- 5): choice=1 (inl=20)

  --- SHARD 4 CANDIDATE ANALYSIS ---
    Pair (4-1): Selected=1 / 1 choices
      Choice 1: inliners=49 [SELECTED]
    Pair (4-2): Selected=0 / 2 choices
      Choice 1: inliners=50
      Choice 2: inliners=40
    Pair (4-3): Selected=1 / 1 choices
      Choice 1: inliners=30 [SELECTED]
    Pair (5-4): Selected=1 / 1 choices
      Choice 1: inliners=30 [SELECTED]
    Pair (6-4): Selected=2 / 2 choices
      Choice 1: inliners=28
      Choice 2: inliners=34 [SELECTED]
    Pair (7-4): Selected=1 / 1 choices
      Choice 1: inliners=20 [SELECTED]


--- GENERATION 30 BEST BREAKDOWN ---
  Total Fitness: 66.22
  Inlier Reward: 332.66
  Cycle Penalty: 0.00
  Overlap Penalty: 215.01
  Edge Residual Penalty: 5.02
  Edge Rot Residual Penalty: 116.41
  Connectivity Reward: 70.00
  Component Penalty: 0.00
  Largest Component: 7
  Num Components: 1
  Active Pairs: 14
  OverlapDiag Sum (indexed): 224.9812 (delta_vs_fitness=9.9720)
  OverlapDiag Pairs: total=21 same_comp=21 broad_reject=0 narrow_checked=21 active=7
  OverlapDiag Top Active Pairs:
    Pair (0,6) pen=131.0073 hits=51/85 hit_ratio=0.6000 avg_depth=0.2920 min_nn=0.6819
    Pair (3,5) pen=45.0603 hits=17/127 hit_ratio=0.1339 avg_depth=0.3917 min_nn=0.3064
    Pair (1,5) pen=13.2059 hits=7/127 hit_ratio=0.0551 avg_depth=0.3613 min_nn=0.7459
    Pair (0,2) pen=13.0617 hits=12/280 hit_ratio=0.0573 avg_depth=0.1986 min_nn=0.6488
    Pair (0,3) pen=12.6739 hits=11/280 hit_ratio=0.0621 avg_depth=0.1969 min_nn=1.0534

  --- ACTIVE GENE MAP ---
    Gene  1 (Pair  3- 1): choice=2 (inl=71)
    Gene  2 (Pair  4- 1): choice=1 (inl=49)
    Gene  4 (Pair  6- 1): choice=2 (inl=20)
    Gene  7 (Pair  5- 2): choice=1 (inl=60)
    Gene  8 (Pair  6- 2): choice=2 (inl=30)
    Gene  9 (Pair  7- 2): choice=1 (inl=22)
    Gene 10 (Pair  4- 3): choice=1 (inl=30)
    Gene 11 (Pair  5- 3): choice=3 (inl=40)
    Gene 12 (Pair  6- 3): choice=2 (inl=34)
    Gene 13 (Pair  7- 3): choice=1 (inl=20)
    Gene 14 (Pair  5- 4): choice=1 (inl=30)
    Gene 15 (Pair  6- 4): choice=2 (inl=34)
    Gene 16 (Pair  7- 4): choice=1 (inl=20)
    Gene 18 (Pair  7- 5): choice=1 (inl=20)

  --- SHARD 4 CANDIDATE ANALYSIS ---
    Pair (4-1): Selected=1 / 1 choices
      Choice 1: inliners=49 [SELECTED]
    Pair (4-2): Selected=0 / 2 choices
      Choice 1: inliners=50
      Choice 2: inliners=40
    Pair (4-3): Selected=1 / 1 choices
      Choice 1: inliners=30 [SELECTED]
    Pair (5-4): Selected=1 / 1 choices
      Choice 1: inliners=30 [SELECTED]
    Pair (6-4): Selected=2 / 2 choices
      Choice 1: inliners=28
      Choice 2: inliners=34 [SELECTED]
    Pair (7-4): Selected=1 / 1 choices
      Choice 1: inliners=20 [SELECTED]


--- GENERATION 40 BEST BREAKDOWN ---
  Total Fitness: 69.89
  Inlier Reward: 320.26
  Cycle Penalty: 0.00
  Overlap Penalty: 215.01
  Edge Residual Penalty: 0.00
  Edge Rot Residual Penalty: 105.36
  Connectivity Reward: 70.00
  Component Penalty: 0.00
  Largest Component: 7
  Num Components: 1
  Active Pairs: 13
  OverlapDiag Sum (indexed): 224.9812 (delta_vs_fitness=9.9720)
  OverlapDiag Pairs: total=21 same_comp=21 broad_reject=0 narrow_checked=21 active=7
  OverlapDiag Top Active Pairs:
    Pair (0,6) pen=131.0073 hits=51/85 hit_ratio=0.6000 avg_depth=0.2920 min_nn=0.6819
    Pair (3,5) pen=45.0603 hits=17/127 hit_ratio=0.1339 avg_depth=0.3917 min_nn=0.3064
    Pair (1,5) pen=13.2059 hits=7/127 hit_ratio=0.0551 avg_depth=0.3613 min_nn=0.7459
    Pair (0,2) pen=13.0617 hits=12/280 hit_ratio=0.0573 avg_depth=0.1986 min_nn=0.6488
    Pair (0,3) pen=12.6739 hits=11/280 hit_ratio=0.0621 avg_depth=0.1969 min_nn=1.0534

  --- ACTIVE GENE MAP ---
    Gene  1 (Pair  3- 1): choice=2 (inl=71)
    Gene  2 (Pair  4- 1): choice=1 (inl=49)
    Gene  4 (Pair  6- 1): choice=2 (inl=20)
    Gene  7 (Pair  5- 2): choice=1 (inl=60)
    Gene  8 (Pair  6- 2): choice=2 (inl=30)
    Gene  9 (Pair  7- 2): choice=1 (inl=22)
    Gene 10 (Pair  4- 3): choice=1 (inl=30)
    Gene 11 (Pair  5- 3): choice=3 (inl=40)
    Gene 12 (Pair  6- 3): choice=2 (inl=34)
    Gene 13 (Pair  7- 3): choice=1 (inl=20)
    Gene 14 (Pair  5- 4): choice=1 (inl=30)
    Gene 15 (Pair  6- 4): choice=2 (inl=34)
    Gene 16 (Pair  7- 4): choice=1 (inl=20)

  --- SHARD 4 CANDIDATE ANALYSIS ---
    Pair (4-1): Selected=1 / 1 choices
      Choice 1: inliners=49 [SELECTED]
    Pair (4-2): Selected=0 / 2 choices
      Choice 1: inliners=50
      Choice 2: inliners=40
    Pair (4-3): Selected=1 / 1 choices
      Choice 1: inliners=30 [SELECTED]
    Pair (5-4): Selected=1 / 1 choices
      Choice 1: inliners=30 [SELECTED]
    Pair (6-4): Selected=2 / 2 choices
      Choice 1: inliners=28
      Choice 2: inliners=34 [SELECTED]
    Pair (7-4): Selected=1 / 1 choices
      Choice 1: inliners=20 [SELECTED]


--- GENERATION 50 BEST BREAKDOWN ---
  Total Fitness: 69.89
  Inlier Reward: 320.26
  Cycle Penalty: 0.00
  Overlap Penalty: 215.01
  Edge Residual Penalty: 0.00
  Edge Rot Residual Penalty: 105.36
  Connectivity Reward: 70.00
  Component Penalty: 0.00
  Largest Component: 7
  Num Components: 1
  Active Pairs: 13
  OverlapDiag Sum (indexed): 224.9812 (delta_vs_fitness=9.9720)
  OverlapDiag Pairs: total=21 same_comp=21 broad_reject=0 narrow_checked=21 active=7
  OverlapDiag Top Active Pairs:
    Pair (0,6) pen=131.0073 hits=51/85 hit_ratio=0.6000 avg_depth=0.2920 min_nn=0.6819
    Pair (3,5) pen=45.0603 hits=17/127 hit_ratio=0.1339 avg_depth=0.3917 min_nn=0.3064
    Pair (1,5) pen=13.2059 hits=7/127 hit_ratio=0.0551 avg_depth=0.3613 min_nn=0.7459
    Pair (0,2) pen=13.0617 hits=12/280 hit_ratio=0.0573 avg_depth=0.1986 min_nn=0.6488
    Pair (0,3) pen=12.6739 hits=11/280 hit_ratio=0.0621 avg_depth=0.1969 min_nn=1.0534

  --- ACTIVE GENE MAP ---
    Gene  1 (Pair  3- 1): choice=2 (inl=71)
    Gene  2 (Pair  4- 1): choice=1 (inl=49)
    Gene  4 (Pair  6- 1): choice=2 (inl=20)
    Gene  7 (Pair  5- 2): choice=1 (inl=60)
    Gene  8 (Pair  6- 2): choice=2 (inl=30)
    Gene  9 (Pair  7- 2): choice=1 (inl=22)
    Gene 10 (Pair  4- 3): choice=1 (inl=30)
    Gene 11 (Pair  5- 3): choice=3 (inl=40)
    Gene 12 (Pair  6- 3): choice=2 (inl=34)
    Gene 13 (Pair  7- 3): choice=1 (inl=20)
    Gene 14 (Pair  5- 4): choice=1 (inl=30)
    Gene 15 (Pair  6- 4): choice=2 (inl=34)
    Gene 16 (Pair  7- 4): choice=1 (inl=20)

  --- SHARD 4 CANDIDATE ANALYSIS ---
    Pair (4-1): Selected=1 / 1 choices
      Choice 1: inliners=49 [SELECTED]
    Pair (4-2): Selected=0 / 2 choices
      Choice 1: inliners=50
      Choice 2: inliners=40
    Pair (4-3): Selected=1 / 1 choices
      Choice 1: inliners=30 [SELECTED]
    Pair (5-4): Selected=1 / 1 choices
      Choice 1: inliners=30 [SELECTED]
    Pair (6-4): Selected=2 / 2 choices
      Choice 1: inliners=28
      Choice 2: inliners=34 [SELECTED]
    Pair (7-4): Selected=1 / 1 choices
      Choice 1: inliners=20 [SELECTED]


--- COLLISION AUDIT [FINAL BEST] ---
  Fitness overlap penalty: 215.0092
  Recomputed indexed overlap sum: 224.9812 (delta=9.9720)
  Pair counts: total=21 same_comp=21 broad_reject=0 narrow_checked=21 active=7
  Pair (0,1): center_dist=0.000 broad_radius=0.000 min_nn=3.546 hits=0/280 hit_ratio=0.000 avg_depth=0.000 pair_pen=0.000 [OK] NARROW-PHASE CLEAR
  Pair (0,2): center_dist=0.000 broad_radius=0.000 min_nn=0.649 hits=12/280 hit_ratio=0.057 avg_depth=0.199 pair_pen=13.062 [!!!] ACTIVE COLLISION UNRESOLVED
  Pair (0,3): center_dist=0.000 broad_radius=0.000 min_nn=1.053 hits=11/280 hit_ratio=0.062 avg_depth=0.197 pair_pen=12.674 [!!!] ACTIVE COLLISION UNRESOLVED
  Pair (0,4): center_dist=0.000 broad_radius=0.000 min_nn=21.461 hits=0/280 hit_ratio=0.000 avg_depth=0.000 pair_pen=0.000 [OK] NARROW-PHASE CLEAR
  Pair (0,5): center_dist=0.000 broad_radius=0.000 min_nn=3.351 hits=0/280 hit_ratio=0.000 avg_depth=0.000 pair_pen=0.000 [OK] NARROW-PHASE CLEAR
  Pair (0,6): center_dist=0.000 broad_radius=0.000 min_nn=0.682 hits=51/85 hit_ratio=0.600 avg_depth=0.292 pair_pen=131.007 [!!!] ACTIVE COLLISION UNRESOLVED
  Pair (1,2): center_dist=0.000 broad_radius=0.000 min_nn=2.215 hits=1/229 hit_ratio=0.005 avg_depth=0.114 pair_pen=0.535 [!!!] ACTIVE COLLISION UNRESOLVED
  Pair (1,3): center_dist=0.000 broad_radius=0.000 min_nn=19.401 hits=0/229 hit_ratio=0.000 avg_depth=0.000 pair_pen=0.000 [OK] NARROW-PHASE CLEAR
  Pair (1,4): center_dist=0.000 broad_radius=0.000 min_nn=10.534 hits=0/229 hit_ratio=0.000 avg_depth=0.000 pair_pen=0.000 [OK] NARROW-PHASE CLEAR
  Pair (1,5): center_dist=0.000 broad_radius=0.000 min_nn=0.746 hits=7/127 hit_ratio=0.055 avg_depth=0.361 pair_pen=13.206 [!!!] ACTIVE COLLISION UNRESOLVED
  Pair (1,6): center_dist=0.000 broad_radius=0.000 min_nn=17.989 hits=0/229 hit_ratio=0.000 avg_depth=0.000 pair_pen=0.000 [OK] NARROW-PHASE CLEAR
  Pair (2,3): center_dist=0.000 broad_radius=0.000 min_nn=28.602 hits=0/192 hit_ratio=0.000 avg_depth=0.000 pair_pen=0.000 [OK] NARROW-PHASE CLEAR
  Pair (2,4): center_dist=0.000 broad_radius=0.000 min_nn=1.349 hits=9/192 hit_ratio=0.047 avg_depth=0.188 pair_pen=9.436 [!!!] ACTIVE COLLISION UNRESOLVED
  Pair (2,5): center_dist=0.000 broad_radius=0.000 min_nn=15.289 hits=0/192 hit_ratio=0.000 avg_depth=0.000 pair_pen=0.000 [OK] NARROW-PHASE CLEAR
  Pair (2,6): center_dist=0.000 broad_radius=0.000 min_nn=4.370 hits=0/192 hit_ratio=0.000 avg_depth=0.000 pair_pen=0.000 [OK] NARROW-PHASE CLEAR
  Pair (3,4): center_dist=0.000 broad_radius=0.000 min_nn=45.069 hits=0/161 hit_ratio=0.000 avg_depth=0.000 pair_pen=0.000 [OK] NARROW-PHASE CLEAR
  Pair (3,5): center_dist=0.000 broad_radius=0.000 min_nn=0.306 hits=17/127 hit_ratio=0.134 avg_depth=0.392 pair_pen=45.060 [!!!] ACTIVE COLLISION UNRESOLVED
  Pair (3,6): center_dist=0.000 broad_radius=0.000 min_nn=10.568 hits=0/161 hit_ratio=0.000 avg_depth=0.000 pair_pen=0.000 [OK] NARROW-PHASE CLEAR
  Pair (4,5): center_dist=0.000 broad_radius=0.000 min_nn=32.272 hits=0/166 hit_ratio=0.000 avg_depth=0.000 pair_pen=0.000 [OK] NARROW-PHASE CLEAR
  Pair (4,6): center_dist=0.000 broad_radius=0.000 min_nn=28.963 hits=0/166 hit_ratio=0.000 avg_depth=0.000 pair_pen=0.000 [OK] NARROW-PHASE CLEAR
  Pair (5,6): center_dist=0.000 broad_radius=0.000 min_nn=11.590 hits=0/127 hit_ratio=0.000 avg_depth=0.000 pair_pen=0.000 [OK] NARROW-PHASE CLEAR

