
--- COLLISION CLOUD SUMMARY ---
  Params: voxel=5 edge_exclusion=2 epsilon=2.5 max_points=300
  Sherd 1: in=16002 out=9322 filtered=2063 candidate=23261 voxel=581 final=581 radius=86.469
  Sherd 2: in=10351 out=8187 filtered=1243 candidate=17295 voxel=457 final=457 radius=63.604
  Sherd 3: in=7968 out=3686 filtered=1173 candidate=10481 voxel=269 final=269 radius=48.286
  Sherd 4: in=6710 out=6149 filtered=1076 candidate=11783 voxel=296 final=296 radius=41.737
  Sherd 5: in=5529 out=6026 filtered=1207 candidate=10348 voxel=288 final=288 radius=64.825
  Sherd 6: in=4587 out=4839 filtered=1205 candidate=8221 voxel=213 final=213 radius=55.914
  Sherd 7: in=5265 out=5815 filtered=985 candidate=10095 voxel=275 final=275 radius=44.286
  Sherd 8: in=4346 out=4615 filtered=824 candidate=8137 voxel=210 final=210 radius=31.112
  Sherd 9: in=4020 out=4452 filtered=805 candidate=7667 voxel=206 final=206 radius=32.257
  Sherd 10: in=3036 out=2371 filtered=904 candidate=4503 voxel=126 final=126 radius=32.906
  Sherd 11: in=2175 out=2364 filtered=629 candidate=3910 voxel=120 final=120 radius=26.022
  Valid sherds=11 empty_clouds=0


--- GENERATION 0 BEST BREAKDOWN ---
  Total Fitness: -879343.82
  Inlier Reward: 1140.39
  Cycle Penalty: 8554.42
  Overlap Penalty: 1280.52
  Edge Residual Penalty: 870193.26
  Edge Rot Residual Penalty: 566.00
  Connectivity Reward: 110.00
  Component Penalty: 0.00
  Largest Component: 11
  Num Components: 1
  Active Pairs: 42
  OverlapDiag Sum (indexed): 1299.9778 (delta_vs_fitness=19.4563)
  OverlapDiag Pairs: total=55 same_comp=55 broad_reject=0 narrow_checked=55 active=29
  OverlapDiag Top Active Pairs:
    Pair (2,3) pen=138.7929 hits=132/296 hit_ratio=0.4572 avg_depth=0.3138 min_nn=0.5459
    Pair (3,7) pen=136.0510 hits=109/210 hit_ratio=0.5190 avg_depth=0.2947 min_nn=0.3483
    Pair (3,6) pen=99.7572 hits=94/296 hit_ratio=0.3200 avg_depth=0.2957 min_nn=0.3557
    Pair (2,7) pen=91.3841 hits=73/269 hit_ratio=0.3476 avg_depth=0.2748 min_nn=0.8731
    Pair (2,6) pen=90.9739 hits=80/275 hit_ratio=0.2909 avg_depth=0.2931 min_nn=0.5263

  --- ACTIVE GENE MAP ---
    Gene  0 (Pair  2- 1): choice=2 (inl=70)
    Gene  1 (Pair  3- 1): choice=8 (inl=55)
    Gene  2 (Pair  4- 1): choice=4 (inl=63)
    Gene  3 (Pair  5- 1): choice=4 (inl=26)
    Gene  4 (Pair  7- 1): choice=3 (inl=61)
    Gene  5 (Pair  8- 1): choice=6 (inl=53)
    Gene  6 (Pair  9- 1): choice=8 (inl=36)
    Gene  7 (Pair 10- 1): choice=1 (inl=32)
    Gene  9 (Pair  3- 2): choice=6 (inl=53)
    Gene 10 (Pair  4- 2): choice=2 (inl=32)
    Gene 11 (Pair  5- 2): choice=1 (inl=30)
    Gene 12 (Pair  7- 2): choice=1 (inl=32)
    Gene 13 (Pair  8- 2): choice=1 (inl=30)
    Gene 14 (Pair  9- 2): choice=2 (inl=45)
    Gene 15 (Pair 10- 2): choice=3 (inl=36)
    Gene 16 (Pair 11- 2): choice=1 (inl=30)
    Gene 17 (Pair  4- 3): choice=3 (inl=56)
    Gene 18 (Pair  5- 3): choice=7 (inl=56)
    Gene 19 (Pair  7- 3): choice=3 (inl=86)
    Gene 21 (Pair  9- 3): choice=12 (inl=51)
    Gene 23 (Pair 11- 3): choice=3 (inl=32)
    Gene 24 (Pair  5- 4): choice=2 (inl=77)
    Gene 25 (Pair  7- 4): choice=1 (inl=36)
    Gene 26 (Pair  8- 4): choice=4 (inl=36)
    Gene 28 (Pair 10- 4): choice=1 (inl=28)
    Gene 29 (Pair 11- 4): choice=1 (inl=16)
    Gene 30 (Pair  6- 5): choice=1 (inl=34)
    Gene 31 (Pair  7- 5): choice=4 (inl=58)
    Gene 32 (Pair  8- 5): choice=2 (inl=36)
    Gene 33 (Pair  9- 5): choice=4 (inl=0)
    Gene 34 (Pair 10- 5): choice=3 (inl=51)
    Gene 35 (Pair  7- 6): choice=1 (inl=8)
    Gene 37 (Pair  8- 7): choice=3 (inl=24)
    Gene 38 (Pair  9- 7): choice=3 (inl=28)
    Gene 39 (Pair 10- 7): choice=1 (inl=52)
    Gene 40 (Pair 11- 7): choice=1 (inl=12)
    Gene 41 (Pair  9- 8): choice=12 (inl=56)
    Gene 42 (Pair 10- 8): choice=3 (inl=44)
    Gene 43 (Pair 11- 8): choice=6 (inl=28)
    Gene 44 (Pair 10- 9): choice=5 (inl=26)
    Gene 45 (Pair 11- 9): choice=3 (inl=22)
    Gene 46 (Pair 11-10): choice=1 (inl=38)

  --- SHARD 4 CANDIDATE ANALYSIS ---
    Pair (4-1): Selected=4 / 4 choices
      Choice 1: inliners=32
      Choice 2: inliners=67
      Choice 3: inliners=72
      Choice 4: inliners=63 [SELECTED]
    Pair (4-2): Selected=2 / 5 choices
      Choice 1: inliners=12
      Choice 2: inliners=32 [SELECTED]
      Choice 3: inliners=20
      Choice 4: inliners=24
      Choice 5: inliners=58
    Pair (4-3): Selected=3 / 4 choices
      Choice 1: inliners=50
      Choice 2: inliners=34
      Choice 3: inliners=56 [SELECTED]
      Choice 4: inliners=34
    Pair (5-4): Selected=2 / 2 choices
      Choice 1: inliners=70
      Choice 2: inliners=77 [SELECTED]
    Pair (7-4): Selected=1 / 1 choices
      Choice 1: inliners=36 [SELECTED]
    Pair (8-4): Selected=4 / 5 choices
      Choice 1: inliners=0
      Choice 2: inliners=47
      Choice 3: inliners=14
      Choice 4: inliners=36 [SELECTED]
      Choice 5: inliners=36
    Pair (9-4): Selected=0 / 8 choices
      Choice 1: inliners=42
      Choice 2: inliners=20
      Choice 3: inliners=32
      Choice 4: inliners=38
      Choice 5: inliners=0
      Choice 6: inliners=36
      Choice 7: inliners=22
      Choice 8: inliners=28
    Pair (10-4): Selected=1 / 2 choices
      Choice 1: inliners=28 [SELECTED]
      Choice 2: inliners=26
    Pair (11-4): Selected=1 / 3 choices
      Choice 1: inliners=16 [SELECTED]
      Choice 2: inliners=14
      Choice 3: inliners=36


--- GENERATION 10 BEST BREAKDOWN ---
  Total Fitness: -396888.85
  Inlier Reward: 1042.51
  Cycle Penalty: 5698.22
  Overlap Penalty: 2394.61
  Edge Residual Penalty: 389442.10
  Edge Rot Residual Penalty: 506.42
  Connectivity Reward: 110.00
  Component Penalty: 0.00
  Largest Component: 11
  Num Components: 1
  Active Pairs: 41
  OverlapDiag Sum (indexed): 2423.7499 (delta_vs_fitness=29.1355)
  OverlapDiag Pairs: total=55 same_comp=55 broad_reject=0 narrow_checked=55 active=37
  OverlapDiag Top Active Pairs:
    Pair (6,10) pen=154.2340 hits=70/120 hit_ratio=0.5833 avg_depth=0.3236 min_nn=0.5311
    Pair (2,3) pen=138.7929 hits=132/296 hit_ratio=0.4572 avg_depth=0.3138 min_nn=0.5459
    Pair (3,8) pen=116.2070 hits=97/206 hit_ratio=0.4709 avg_depth=0.2764 min_nn=0.5003
    Pair (8,9) pen=113.0205 hits=52/206 hit_ratio=0.3651 avg_depth=0.3421 min_nn=0.5011
    Pair (7,10) pen=111.6067 hits=54/120 hit_ratio=0.4500 avg_depth=0.2993 min_nn=0.4231

  --- ACTIVE GENE MAP ---
    Gene  0 (Pair  2- 1): choice=2 (inl=70)
    Gene  1 (Pair  3- 1): choice=8 (inl=55)
    Gene  2 (Pair  4- 1): choice=4 (inl=63)
    Gene  3 (Pair  5- 1): choice=4 (inl=26)
    Gene  4 (Pair  7- 1): choice=3 (inl=61)
    Gene  5 (Pair  8- 1): choice=3 (inl=32)
    Gene  6 (Pair  9- 1): choice=7 (inl=47)
    Gene  7 (Pair 10- 1): choice=2 (inl=40)
    Gene  8 (Pair 11- 1): choice=3 (inl=8)
    Gene 10 (Pair  4- 2): choice=4 (inl=24)
    Gene 11 (Pair  5- 2): choice=1 (inl=30)
    Gene 12 (Pair  7- 2): choice=1 (inl=32)
    Gene 13 (Pair  8- 2): choice=1 (inl=30)
    Gene 14 (Pair  9- 2): choice=2 (inl=45)
    Gene 15 (Pair 10- 2): choice=2 (inl=42)
    Gene 16 (Pair 11- 2): choice=2 (inl=30)
    Gene 17 (Pair  4- 3): choice=3 (inl=56)
    Gene 18 (Pair  5- 3): choice=6 (inl=36)
    Gene 19 (Pair  7- 3): choice=1 (inl=64)
    Gene 20 (Pair  8- 3): choice=3 (inl=38)
    Gene 21 (Pair  9- 3): choice=10 (inl=22)
    Gene 23 (Pair 11- 3): choice=4 (inl=0)
    Gene 24 (Pair  5- 4): choice=2 (inl=77)
    Gene 25 (Pair  7- 4): choice=1 (inl=36)
    Gene 26 (Pair  8- 4): choice=2 (inl=47)
    Gene 27 (Pair  9- 4): choice=1 (inl=42)
    Gene 28 (Pair 10- 4): choice=1 (inl=28)
    Gene 31 (Pair  7- 5): choice=4 (inl=58)
    Gene 32 (Pair  8- 5): choice=2 (inl=36)
    Gene 33 (Pair  9- 5): choice=1 (inl=38)
    Gene 34 (Pair 10- 5): choice=3 (inl=51)
    Gene 35 (Pair  7- 6): choice=1 (inl=8)
    Gene 37 (Pair  8- 7): choice=5 (inl=47)
    Gene 38 (Pair  9- 7): choice=3 (inl=28)
    Gene 39 (Pair 10- 7): choice=1 (inl=52)
    Gene 40 (Pair 11- 7): choice=1 (inl=12)
    Gene 41 (Pair  9- 8): choice=5 (inl=22)
    Gene 42 (Pair 10- 8): choice=3 (inl=44)
    Gene 43 (Pair 11- 8): choice=3 (inl=26)
    Gene 44 (Pair 10- 9): choice=4 (inl=28)
    Gene 45 (Pair 11- 9): choice=3 (inl=22)

  --- SHARD 4 CANDIDATE ANALYSIS ---
    Pair (4-1): Selected=4 / 4 choices
      Choice 1: inliners=32
      Choice 2: inliners=67
      Choice 3: inliners=72
      Choice 4: inliners=63 [SELECTED]
    Pair (4-2): Selected=4 / 5 choices
      Choice 1: inliners=12
      Choice 2: inliners=32
      Choice 3: inliners=20
      Choice 4: inliners=24 [SELECTED]
      Choice 5: inliners=58
    Pair (4-3): Selected=3 / 4 choices
      Choice 1: inliners=50
      Choice 2: inliners=34
      Choice 3: inliners=56 [SELECTED]
      Choice 4: inliners=34
    Pair (5-4): Selected=2 / 2 choices
      Choice 1: inliners=70
      Choice 2: inliners=77 [SELECTED]
    Pair (7-4): Selected=1 / 1 choices
      Choice 1: inliners=36 [SELECTED]
    Pair (8-4): Selected=2 / 5 choices
      Choice 1: inliners=0
      Choice 2: inliners=47 [SELECTED]
      Choice 3: inliners=14
      Choice 4: inliners=36
      Choice 5: inliners=36
    Pair (9-4): Selected=1 / 8 choices
      Choice 1: inliners=42 [SELECTED]
      Choice 2: inliners=20
      Choice 3: inliners=32
      Choice 4: inliners=38
      Choice 5: inliners=0
      Choice 6: inliners=36
      Choice 7: inliners=22
      Choice 8: inliners=28
    Pair (10-4): Selected=1 / 2 choices
      Choice 1: inliners=28 [SELECTED]
      Choice 2: inliners=26
    Pair (11-4): Selected=0 / 3 choices
      Choice 1: inliners=16
      Choice 2: inliners=14
      Choice 3: inliners=36


--- GENERATION 20 BEST BREAKDOWN ---
  Total Fitness: -305910.25
  Inlier Reward: 1103.45
  Cycle Penalty: 4576.13
  Overlap Penalty: 2293.96
  Edge Residual Penalty: 299733.91
  Edge Rot Residual Penalty: 509.70
  Connectivity Reward: 100.00
  Component Penalty: 0.00
  Largest Component: 10
  Num Components: 2
  Active Pairs: 40
  OverlapDiag Sum (indexed): 2311.9561 (delta_vs_fitness=17.9926)
  OverlapDiag Pairs: total=55 same_comp=45 broad_reject=0 narrow_checked=45 active=32
  OverlapDiag Top Active Pairs:
    Pair (6,10) pen=154.2340 hits=70/120 hit_ratio=0.5833 avg_depth=0.3236 min_nn=0.5311
    Pair (2,3) pen=138.7929 hits=132/296 hit_ratio=0.4572 avg_depth=0.3138 min_nn=0.5459
    Pair (1,2) pen=128.3967 hits=110/457 hit_ratio=0.4089 avg_depth=0.3173 min_nn=0.4474
    Pair (1,3) pen=122.4838 hits=116/296 hit_ratio=0.3919 avg_depth=0.3099 min_nn=0.3458
    Pair (8,10) pen=120.8733 hits=64/120 hit_ratio=0.5333 avg_depth=0.2819 min_nn=0.5753

  --- ACTIVE GENE MAP ---
    Gene  0 (Pair  2- 1): choice=5 (inl=59)
    Gene  1 (Pair  3- 1): choice=8 (inl=55)
    Gene  2 (Pair  4- 1): choice=4 (inl=63)
    Gene  3 (Pair  5- 1): choice=1 (inl=76)
    Gene  4 (Pair  7- 1): choice=3 (inl=61)
    Gene  5 (Pair  8- 1): choice=3 (inl=32)
    Gene  6 (Pair  9- 1): choice=9 (inl=40)
    Gene  7 (Pair 10- 1): choice=2 (inl=40)
    Gene  8 (Pair 11- 1): choice=3 (inl=8)
    Gene  9 (Pair  3- 2): choice=1 (inl=62)
    Gene 10 (Pair  4- 2): choice=4 (inl=24)
    Gene 11 (Pair  5- 2): choice=1 (inl=30)
    Gene 12 (Pair  7- 2): choice=1 (inl=32)
    Gene 13 (Pair  8- 2): choice=1 (inl=30)
    Gene 14 (Pair  9- 2): choice=2 (inl=45)
    Gene 15 (Pair 10- 2): choice=2 (inl=42)
    Gene 16 (Pair 11- 2): choice=2 (inl=30)
    Gene 17 (Pair  4- 3): choice=3 (inl=56)
    Gene 18 (Pair  5- 3): choice=7 (inl=56)
    Gene 19 (Pair  7- 3): choice=1 (inl=64)
    Gene 20 (Pair  8- 3): choice=1 (inl=34)
    Gene 21 (Pair  9- 3): choice=12 (inl=51)
    Gene 22 (Pair 10- 3): choice=2 (inl=47)
    Gene 23 (Pair 11- 3): choice=4 (inl=0)
    Gene 24 (Pair  5- 4): choice=2 (inl=77)
    Gene 25 (Pair  7- 4): choice=1 (inl=36)
    Gene 26 (Pair  8- 4): choice=2 (inl=47)
    Gene 31 (Pair  7- 5): choice=4 (inl=58)
    Gene 32 (Pair  8- 5): choice=2 (inl=36)
    Gene 33 (Pair  9- 5): choice=1 (inl=38)
    Gene 34 (Pair 10- 5): choice=3 (inl=51)
    Gene 37 (Pair  8- 7): choice=5 (inl=47)
    Gene 38 (Pair  9- 7): choice=2 (inl=0)
    Gene 39 (Pair 10- 7): choice=1 (inl=52)
    Gene 40 (Pair 11- 7): choice=3 (inl=16)
    Gene 41 (Pair  9- 8): choice=5 (inl=22)
    Gene 42 (Pair 10- 8): choice=1 (inl=40)
    Gene 43 (Pair 11- 8): choice=6 (inl=28)
    Gene 44 (Pair 10- 9): choice=1 (inl=26)
    Gene 45 (Pair 11- 9): choice=4 (inl=26)

  --- SHARD 4 CANDIDATE ANALYSIS ---
    Pair (4-1): Selected=4 / 4 choices
      Choice 1: inliners=32
      Choice 2: inliners=67
      Choice 3: inliners=72
      Choice 4: inliners=63 [SELECTED]
    Pair (4-2): Selected=4 / 5 choices
      Choice 1: inliners=12
      Choice 2: inliners=32
      Choice 3: inliners=20
      Choice 4: inliners=24 [SELECTED]
      Choice 5: inliners=58
    Pair (4-3): Selected=3 / 4 choices
      Choice 1: inliners=50
      Choice 2: inliners=34
      Choice 3: inliners=56 [SELECTED]
      Choice 4: inliners=34
    Pair (5-4): Selected=2 / 2 choices
      Choice 1: inliners=70
      Choice 2: inliners=77 [SELECTED]
    Pair (7-4): Selected=1 / 1 choices
      Choice 1: inliners=36 [SELECTED]
    Pair (8-4): Selected=2 / 5 choices
      Choice 1: inliners=0
      Choice 2: inliners=47 [SELECTED]
      Choice 3: inliners=14
      Choice 4: inliners=36
      Choice 5: inliners=36
    Pair (9-4): Selected=0 / 8 choices
      Choice 1: inliners=42
      Choice 2: inliners=20
      Choice 3: inliners=32
      Choice 4: inliners=38
      Choice 5: inliners=0
      Choice 6: inliners=36
      Choice 7: inliners=22
      Choice 8: inliners=28
    Pair (10-4): Selected=0 / 2 choices
      Choice 1: inliners=28
      Choice 2: inliners=26
    Pair (11-4): Selected=0 / 3 choices
      Choice 1: inliners=16
      Choice 2: inliners=14
      Choice 3: inliners=36


--- GENERATION 30 BEST BREAKDOWN ---
  Total Fitness: -177936.95
  Inlier Reward: 864.73
  Cycle Penalty: 2604.94
  Overlap Penalty: 2863.26
  Edge Residual Penalty: 173021.74
  Edge Rot Residual Penalty: 411.75
  Connectivity Reward: 100.00
  Component Penalty: 0.00
  Largest Component: 10
  Num Components: 2
  Active Pairs: 32
  OverlapDiag Sum (indexed): 2872.0203 (delta_vs_fitness=8.7579)
  OverlapDiag Pairs: total=55 same_comp=45 broad_reject=0 narrow_checked=45 active=39
  OverlapDiag Top Active Pairs:
    Pair (6,10) pen=154.2340 hits=70/120 hit_ratio=0.5833 avg_depth=0.3236 min_nn=0.5311
    Pair (2,3) pen=138.7929 hits=132/296 hit_ratio=0.4572 avg_depth=0.3138 min_nn=0.5459
    Pair (1,2) pen=128.3967 hits=110/457 hit_ratio=0.4089 avg_depth=0.3173 min_nn=0.4474
    Pair (1,3) pen=122.4838 hits=116/296 hit_ratio=0.3919 avg_depth=0.3099 min_nn=0.3458
    Pair (8,10) pen=120.8733 hits=64/120 hit_ratio=0.5333 avg_depth=0.2819 min_nn=0.5753

  --- ACTIVE GENE MAP ---
    Gene  0 (Pair  2- 1): choice=5 (inl=59)
    Gene  1 (Pair  3- 1): choice=8 (inl=55)
    Gene  2 (Pair  4- 1): choice=4 (inl=63)
    Gene  3 (Pair  5- 1): choice=3 (inl=76)
    Gene  4 (Pair  7- 1): choice=3 (inl=61)
    Gene  5 (Pair  8- 1): choice=3 (inl=32)
    Gene  6 (Pair  9- 1): choice=9 (inl=40)
    Gene  7 (Pair 10- 1): choice=2 (inl=40)
    Gene  8 (Pair 11- 1): choice=3 (inl=8)
    Gene  9 (Pair  3- 2): choice=1 (inl=62)
    Gene 10 (Pair  4- 2): choice=4 (inl=24)
    Gene 11 (Pair  5- 2): choice=1 (inl=30)
    Gene 12 (Pair  7- 2): choice=1 (inl=32)
    Gene 13 (Pair  8- 2): choice=1 (inl=30)
    Gene 14 (Pair  9- 2): choice=2 (inl=45)
    Gene 15 (Pair 10- 2): choice=2 (inl=42)
    Gene 16 (Pair 11- 2): choice=2 (inl=30)
    Gene 18 (Pair  5- 3): choice=6 (inl=36)
    Gene 19 (Pair  7- 3): choice=1 (inl=64)
    Gene 20 (Pair  8- 3): choice=1 (inl=34)
    Gene 21 (Pair  9- 3): choice=12 (inl=51)
    Gene 23 (Pair 11- 3): choice=4 (inl=0)
    Gene 31 (Pair  7- 5): choice=4 (inl=58)
    Gene 33 (Pair  9- 5): choice=1 (inl=38)
    Gene 34 (Pair 10- 5): choice=3 (inl=51)
    Gene 37 (Pair  8- 7): choice=5 (inl=47)
    Gene 38 (Pair  9- 7): choice=2 (inl=0)
    Gene 39 (Pair 10- 7): choice=1 (inl=52)
    Gene 42 (Pair 10- 8): choice=3 (inl=44)
    Gene 43 (Pair 11- 8): choice=6 (inl=28)
    Gene 44 (Pair 10- 9): choice=1 (inl=26)
    Gene 45 (Pair 11- 9): choice=4 (inl=26)

  --- SHARD 4 CANDIDATE ANALYSIS ---
    Pair (4-1): Selected=4 / 4 choices
      Choice 1: inliners=32
      Choice 2: inliners=67
      Choice 3: inliners=72
      Choice 4: inliners=63 [SELECTED]
    Pair (4-2): Selected=4 / 5 choices
      Choice 1: inliners=12
      Choice 2: inliners=32
      Choice 3: inliners=20
      Choice 4: inliners=24 [SELECTED]
      Choice 5: inliners=58
    Pair (4-3): Selected=0 / 4 choices
      Choice 1: inliners=50
      Choice 2: inliners=34
      Choice 3: inliners=56
      Choice 4: inliners=34
    Pair (5-4): Selected=0 / 2 choices
      Choice 1: inliners=70
      Choice 2: inliners=77
    Pair (7-4): Selected=0 / 1 choices
      Choice 1: inliners=36
    Pair (8-4): Selected=0 / 5 choices
      Choice 1: inliners=0
      Choice 2: inliners=47
      Choice 3: inliners=14
      Choice 4: inliners=36
      Choice 5: inliners=36
    Pair (9-4): Selected=0 / 8 choices
      Choice 1: inliners=42
      Choice 2: inliners=20
      Choice 3: inliners=32
      Choice 4: inliners=38
      Choice 5: inliners=0
      Choice 6: inliners=36
      Choice 7: inliners=22
      Choice 8: inliners=28
    Pair (10-4): Selected=0 / 2 choices
      Choice 1: inliners=28
      Choice 2: inliners=26
    Pair (11-4): Selected=0 / 3 choices
      Choice 1: inliners=16
      Choice 2: inliners=14
      Choice 3: inliners=36


--- GENERATION 40 BEST BREAKDOWN ---
  Total Fitness: -130725.73
  Inlier Reward: 787.27
  Cycle Penalty: 1589.76
  Overlap Penalty: 2363.07
  Edge Residual Penalty: 127296.19
  Edge Rot Residual Penalty: 363.98
  Connectivity Reward: 100.00
  Component Penalty: 0.00
  Largest Component: 10
  Num Components: 2
  Active Pairs: 30
  OverlapDiag Sum (indexed): 2380.0270 (delta_vs_fitness=16.9552)
  OverlapDiag Pairs: total=55 same_comp=45 broad_reject=0 narrow_checked=45 active=37
  OverlapDiag Top Active Pairs:
    Pair (6,10) pen=154.2340 hits=70/120 hit_ratio=0.5833 avg_depth=0.3236 min_nn=0.5311
    Pair (2,3) pen=138.7929 hits=132/296 hit_ratio=0.4572 avg_depth=0.3138 min_nn=0.5459
    Pair (1,2) pen=128.3967 hits=110/457 hit_ratio=0.4089 avg_depth=0.3173 min_nn=0.4474
    Pair (1,3) pen=122.4838 hits=116/296 hit_ratio=0.3919 avg_depth=0.3099 min_nn=0.3458
    Pair (8,10) pen=120.8733 hits=64/120 hit_ratio=0.5333 avg_depth=0.2819 min_nn=0.5753

  --- ACTIVE GENE MAP ---
    Gene  0 (Pair  2- 1): choice=5 (inl=59)
    Gene  1 (Pair  3- 1): choice=8 (inl=55)
    Gene  2 (Pair  4- 1): choice=4 (inl=63)
    Gene  4 (Pair  7- 1): choice=3 (inl=61)
    Gene  5 (Pair  8- 1): choice=3 (inl=32)
    Gene  6 (Pair  9- 1): choice=9 (inl=40)
    Gene  7 (Pair 10- 1): choice=2 (inl=40)
    Gene  8 (Pair 11- 1): choice=3 (inl=8)
    Gene  9 (Pair  3- 2): choice=1 (inl=62)
    Gene 10 (Pair  4- 2): choice=4 (inl=24)
    Gene 11 (Pair  5- 2): choice=1 (inl=30)
    Gene 12 (Pair  7- 2): choice=1 (inl=32)
    Gene 13 (Pair  8- 2): choice=1 (inl=30)
    Gene 14 (Pair  9- 2): choice=2 (inl=45)
    Gene 15 (Pair 10- 2): choice=2 (inl=42)
    Gene 16 (Pair 11- 2): choice=2 (inl=30)
    Gene 18 (Pair  5- 3): choice=7 (inl=56)
    Gene 19 (Pair  7- 3): choice=1 (inl=64)
    Gene 20 (Pair  8- 3): choice=1 (inl=34)
    Gene 22 (Pair 10- 3): choice=2 (inl=47)
    Gene 23 (Pair 11- 3): choice=4 (inl=0)
    Gene 33 (Pair  9- 5): choice=1 (inl=38)
    Gene 34 (Pair 10- 5): choice=3 (inl=51)
    Gene 37 (Pair  8- 7): choice=5 (inl=47)
    Gene 38 (Pair  9- 7): choice=2 (inl=0)
    Gene 39 (Pair 10- 7): choice=1 (inl=52)
    Gene 42 (Pair 10- 8): choice=3 (inl=44)
    Gene 43 (Pair 11- 8): choice=6 (inl=28)
    Gene 44 (Pair 10- 9): choice=1 (inl=26)
    Gene 45 (Pair 11- 9): choice=4 (inl=26)

  --- SHARD 4 CANDIDATE ANALYSIS ---
    Pair (4-1): Selected=4 / 4 choices
      Choice 1: inliners=32
      Choice 2: inliners=67
      Choice 3: inliners=72
      Choice 4: inliners=63 [SELECTED]
    Pair (4-2): Selected=4 / 5 choices
      Choice 1: inliners=12
      Choice 2: inliners=32
      Choice 3: inliners=20
      Choice 4: inliners=24 [SELECTED]
      Choice 5: inliners=58
    Pair (4-3): Selected=0 / 4 choices
      Choice 1: inliners=50
      Choice 2: inliners=34
      Choice 3: inliners=56
      Choice 4: inliners=34
    Pair (5-4): Selected=0 / 2 choices
      Choice 1: inliners=70
      Choice 2: inliners=77
    Pair (7-4): Selected=0 / 1 choices
      Choice 1: inliners=36
    Pair (8-4): Selected=0 / 5 choices
      Choice 1: inliners=0
      Choice 2: inliners=47
      Choice 3: inliners=14
      Choice 4: inliners=36
      Choice 5: inliners=36
    Pair (9-4): Selected=0 / 8 choices
      Choice 1: inliners=42
      Choice 2: inliners=20
      Choice 3: inliners=32
      Choice 4: inliners=38
      Choice 5: inliners=0
      Choice 6: inliners=36
      Choice 7: inliners=22
      Choice 8: inliners=28
    Pair (10-4): Selected=0 / 2 choices
      Choice 1: inliners=28
      Choice 2: inliners=26
    Pair (11-4): Selected=0 / 3 choices
      Choice 1: inliners=16
      Choice 2: inliners=14
      Choice 3: inliners=36


--- GENERATION 50 BEST BREAKDOWN ---
  Total Fitness: -115945.46
  Inlier Reward: 786.49
  Cycle Penalty: 1054.96
  Overlap Penalty: 2599.69
  Edge Residual Penalty: 112855.78
  Edge Rot Residual Penalty: 331.51
  Connectivity Reward: 110.00
  Component Penalty: 0.00
  Largest Component: 11
  Num Components: 1
  Active Pairs: 30
  OverlapDiag Sum (indexed): 2624.7584 (delta_vs_fitness=25.0719)
  OverlapDiag Pairs: total=55 same_comp=55 broad_reject=0 narrow_checked=55 active=41
  OverlapDiag Top Active Pairs:
    Pair (6,10) pen=154.2340 hits=70/120 hit_ratio=0.5833 avg_depth=0.3236 min_nn=0.5311
    Pair (2,3) pen=138.7929 hits=132/296 hit_ratio=0.4572 avg_depth=0.3138 min_nn=0.5459
    Pair (1,2) pen=128.3967 hits=110/457 hit_ratio=0.4089 avg_depth=0.3173 min_nn=0.4474
    Pair (1,3) pen=122.4838 hits=116/296 hit_ratio=0.3919 avg_depth=0.3099 min_nn=0.3458
    Pair (3,8) pen=116.2070 hits=97/206 hit_ratio=0.4709 avg_depth=0.2764 min_nn=0.5003

  --- ACTIVE GENE MAP ---
    Gene  0 (Pair  2- 1): choice=5 (inl=59)
    Gene  1 (Pair  3- 1): choice=8 (inl=55)
    Gene  2 (Pair  4- 1): choice=4 (inl=63)
    Gene  4 (Pair  7- 1): choice=3 (inl=61)
    Gene  5 (Pair  8- 1): choice=3 (inl=32)
    Gene  6 (Pair  9- 1): choice=7 (inl=47)
    Gene  7 (Pair 10- 1): choice=2 (inl=40)
    Gene  8 (Pair 11- 1): choice=3 (inl=8)
    Gene  9 (Pair  3- 2): choice=1 (inl=62)
    Gene 10 (Pair  4- 2): choice=4 (inl=24)
    Gene 11 (Pair  5- 2): choice=1 (inl=30)
    Gene 12 (Pair  7- 2): choice=1 (inl=32)
    Gene 13 (Pair  8- 2): choice=1 (inl=30)
    Gene 14 (Pair  9- 2): choice=2 (inl=45)
    Gene 15 (Pair 10- 2): choice=2 (inl=42)
    Gene 16 (Pair 11- 2): choice=2 (inl=30)
    Gene 17 (Pair  4- 3): choice=3 (inl=56)
    Gene 18 (Pair  5- 3): choice=7 (inl=56)
    Gene 19 (Pair  7- 3): choice=1 (inl=64)
    Gene 22 (Pair 10- 3): choice=2 (inl=47)
    Gene 23 (Pair 11- 3): choice=4 (inl=0)
    Gene 34 (Pair 10- 5): choice=3 (inl=51)
    Gene 36 (Pair  9- 6): choice=3 (inl=0)
    Gene 37 (Pair  8- 7): choice=5 (inl=47)
    Gene 38 (Pair  9- 7): choice=2 (inl=0)
    Gene 39 (Pair 10- 7): choice=1 (inl=52)
    Gene 42 (Pair 10- 8): choice=3 (inl=44)
    Gene 43 (Pair 11- 8): choice=6 (inl=28)
    Gene 44 (Pair 10- 9): choice=1 (inl=26)
    Gene 45 (Pair 11- 9): choice=4 (inl=26)

  --- SHARD 4 CANDIDATE ANALYSIS ---
    Pair (4-1): Selected=4 / 4 choices
      Choice 1: inliners=32
      Choice 2: inliners=67
      Choice 3: inliners=72
      Choice 4: inliners=63 [SELECTED]
    Pair (4-2): Selected=4 / 5 choices
      Choice 1: inliners=12
      Choice 2: inliners=32
      Choice 3: inliners=20
      Choice 4: inliners=24 [SELECTED]
      Choice 5: inliners=58
    Pair (4-3): Selected=3 / 4 choices
      Choice 1: inliners=50
      Choice 2: inliners=34
      Choice 3: inliners=56 [SELECTED]
      Choice 4: inliners=34
    Pair (5-4): Selected=0 / 2 choices
      Choice 1: inliners=70
      Choice 2: inliners=77
    Pair (7-4): Selected=0 / 1 choices
      Choice 1: inliners=36
    Pair (8-4): Selected=0 / 5 choices
      Choice 1: inliners=0
      Choice 2: inliners=47
      Choice 3: inliners=14
      Choice 4: inliners=36
      Choice 5: inliners=36
    Pair (9-4): Selected=0 / 8 choices
      Choice 1: inliners=42
      Choice 2: inliners=20
      Choice 3: inliners=32
      Choice 4: inliners=38
      Choice 5: inliners=0
      Choice 6: inliners=36
      Choice 7: inliners=22
      Choice 8: inliners=28
    Pair (10-4): Selected=0 / 2 choices
      Choice 1: inliners=28
      Choice 2: inliners=26
    Pair (11-4): Selected=0 / 3 choices
      Choice 1: inliners=16
      Choice 2: inliners=14
      Choice 3: inliners=36


--- COLLISION AUDIT [FINAL BEST] ---
  Fitness overlap penalty: 2599.6866
  Recomputed indexed overlap sum: 2624.7584 (delta=25.0719)
  Pair counts: total=55 same_comp=55 broad_reject=0 narrow_checked=55 active=41
  Pair (0,1): center_dist=0.000 broad_radius=0.000 min_nn=1.497 hits=5/581 hit_ratio=0.011 avg_depth=0.298 pair_pen=4.231 [!!!] ACTIVE COLLISION UNRESOLVED
  Pair (0,2): center_dist=0.000 broad_radius=0.000 min_nn=4.732 hits=0/581 hit_ratio=0.000 avg_depth=0.000 pair_pen=0.000 [OK] NARROW-PHASE CLEAR
  Pair (0,3): center_dist=0.000 broad_radius=0.000 min_nn=1.912 hits=1/581 hit_ratio=0.002 avg_depth=0.235 pair_pen=0.298 [!!!] ACTIVE COLLISION UNRESOLVED
  Pair (0,4): center_dist=0.000 broad_radius=0.000 min_nn=0.521 hits=75/581 hit_ratio=0.260 avg_depth=0.233 pair_pen=64.488 [!!!] ACTIVE COLLISION UNRESOLVED
  Pair (0,5): center_dist=0.000 broad_radius=0.000 min_nn=9.295 hits=0/581 hit_ratio=0.000 avg_depth=0.000 pair_pen=0.000 [OK] NARROW-PHASE CLEAR
  Pair (0,6): center_dist=0.000 broad_radius=0.000 min_nn=3.794 hits=0/581 hit_ratio=0.000 avg_depth=0.000 pair_pen=0.000 [OK] NARROW-PHASE CLEAR
  Pair (0,7): center_dist=0.000 broad_radius=0.000 min_nn=4.553 hits=0/581 hit_ratio=0.000 avg_depth=0.000 pair_pen=0.000 [OK] NARROW-PHASE CLEAR
  Pair (0,8): center_dist=0.000 broad_radius=0.000 min_nn=5.524 hits=0/581 hit_ratio=0.000 avg_depth=0.000 pair_pen=0.000 [OK] NARROW-PHASE CLEAR
  Pair (0,9): center_dist=0.000 broad_radius=0.000 min_nn=4.738 hits=0/581 hit_ratio=0.000 avg_depth=0.000 pair_pen=0.000 [OK] NARROW-PHASE CLEAR
  Pair (0,10): center_dist=0.000 broad_radius=0.000 min_nn=3.631 hits=0/581 hit_ratio=0.000 avg_depth=0.000 pair_pen=0.000 [OK] NARROW-PHASE CLEAR
  Pair (1,2): center_dist=0.000 broad_radius=0.000 min_nn=0.447 hits=110/457 hit_ratio=0.409 avg_depth=0.317 pair_pen=128.397 [!!!] ACTIVE COLLISION UNRESOLVED
  Pair (1,3): center_dist=0.000 broad_radius=0.000 min_nn=0.346 hits=116/296 hit_ratio=0.392 avg_depth=0.310 pair_pen=122.484 [!!!] ACTIVE COLLISION UNRESOLVED
  Pair (1,4): center_dist=0.000 broad_radius=0.000 min_nn=1.011 hits=2/457 hit_ratio=0.007 avg_depth=0.504 pair_pen=1.533 [!!!] ACTIVE COLLISION UNRESOLVED
  Pair (1,5): center_dist=0.000 broad_radius=0.000 min_nn=1.276 hits=42/457 hit_ratio=0.192 avg_depth=0.201 pair_pen=40.783 [!!!] ACTIVE COLLISION UNRESOLVED
  Pair (1,6): center_dist=0.000 broad_radius=0.000 min_nn=0.407 hits=63/275 hit_ratio=0.229 avg_depth=0.304 pair_pen=79.580 [!!!] ACTIVE COLLISION UNRESOLVED
  Pair (1,7): center_dist=0.000 broad_radius=0.000 min_nn=0.784 hits=19/210 hit_ratio=0.090 avg_depth=0.262 pair_pen=26.896 [!!!] ACTIVE COLLISION UNRESOLVED
  Pair (1,8): center_dist=0.000 broad_radius=0.000 min_nn=0.261 hits=71/206 hit_ratio=0.345 avg_depth=0.294 pair_pen=98.105 [!!!] ACTIVE COLLISION UNRESOLVED
  Pair (1,9): center_dist=0.000 broad_radius=0.000 min_nn=0.307 hits=30/457 hit_ratio=0.238 avg_depth=0.338 pair_pen=71.666 [!!!] ACTIVE COLLISION UNRESOLVED
  Pair (1,10): center_dist=0.000 broad_radius=0.000 min_nn=1.099 hits=23/457 hit_ratio=0.192 avg_depth=0.259 pair_pen=42.556 [!!!] ACTIVE COLLISION UNRESOLVED
  Pair (2,3): center_dist=0.000 broad_radius=0.000 min_nn=0.546 hits=132/296 hit_ratio=0.457 avg_depth=0.314 pair_pen=138.793 [!!!] ACTIVE COLLISION UNRESOLVED
  Pair (2,4): center_dist=0.000 broad_radius=0.000 min_nn=3.764 hits=0/269 hit_ratio=0.000 avg_depth=0.000 pair_pen=0.000 [OK] NARROW-PHASE CLEAR
  Pair (2,5): center_dist=0.000 broad_radius=0.000 min_nn=0.548 hits=22/269 hit_ratio=0.103 avg_depth=0.310 pair_pen=36.679 [!!!] ACTIVE COLLISION UNRESOLVED
  Pair (2,6): center_dist=0.000 broad_radius=0.000 min_nn=0.526 hits=80/275 hit_ratio=0.291 avg_depth=0.293 pair_pen=90.974 [!!!] ACTIVE COLLISION UNRESOLVED
  Pair (2,7): center_dist=0.000 broad_radius=0.000 min_nn=0.814 hits=24/210 hit_ratio=0.114 avg_depth=0.236 pair_pen=30.536 [!!!] ACTIVE COLLISION UNRESOLVED
  Pair (2,8): center_dist=0.000 broad_radius=0.000 min_nn=0.118 hits=69/206 hit_ratio=0.335 avg_depth=0.299 pair_pen=97.937 [!!!] ACTIVE COLLISION UNRESOLVED
  Pair (2,9): center_dist=0.000 broad_radius=0.000 min_nn=0.428 hits=41/269 hit_ratio=0.317 avg_depth=0.304 pair_pen=84.509 [!!!] ACTIVE COLLISION UNRESOLVED
  Pair (2,10): center_dist=0.000 broad_radius=0.000 min_nn=0.537 hits=30/120 hit_ratio=0.250 avg_depth=0.323 pair_pen=70.149 [!!!] ACTIVE COLLISION UNRESOLVED
  Pair (3,4): center_dist=0.000 broad_radius=0.000 min_nn=0.977 hits=15/288 hit_ratio=0.052 avg_depth=0.337 pair_pen=23.489 [!!!] ACTIVE COLLISION UNRESOLVED
  Pair (3,5): center_dist=0.000 broad_radius=0.000 min_nn=0.534 hits=25/213 hit_ratio=0.117 avg_depth=0.318 pair_pen=42.878 [!!!] ACTIVE COLLISION UNRESOLVED
  Pair (3,6): center_dist=0.000 broad_radius=0.000 min_nn=0.356 hits=94/296 hit_ratio=0.320 avg_depth=0.296 pair_pen=99.757 [!!!] ACTIVE COLLISION UNRESOLVED
  Pair (3,7): center_dist=0.000 broad_radius=0.000 min_nn=0.831 hits=41/296 hit_ratio=0.171 avg_depth=0.225 pair_pen=43.427 [!!!] ACTIVE COLLISION UNRESOLVED
  Pair (3,8): center_dist=0.000 broad_radius=0.000 min_nn=0.500 hits=97/206 hit_ratio=0.471 avg_depth=0.276 pair_pen=116.207 [!!!] ACTIVE COLLISION UNRESOLVED
  Pair (3,9): center_dist=0.000 broad_radius=0.000 min_nn=0.443 hits=44/296 hit_ratio=0.333 avg_depth=0.315 pair_pen=92.559 [!!!] ACTIVE COLLISION UNRESOLVED
  Pair (3,10): center_dist=0.000 broad_radius=0.000 min_nn=0.413 hits=37/296 hit_ratio=0.292 avg_depth=0.227 pair_pen=56.408 [!!!] ACTIVE COLLISION UNRESOLVED
  Pair (4,5): center_dist=0.000 broad_radius=0.000 min_nn=6.946 hits=0/288 hit_ratio=0.000 avg_depth=0.000 pair_pen=0.000 [OK] NARROW-PHASE CLEAR
  Pair (4,6): center_dist=0.000 broad_radius=0.000 min_nn=1.036 hits=15/288 hit_ratio=0.052 avg_depth=0.346 pair_pen=24.052 [!!!] ACTIVE COLLISION UNRESOLVED
  Pair (4,7): center_dist=0.000 broad_radius=0.000 min_nn=1.062 hits=6/288 hit_ratio=0.029 avg_depth=0.267 pair_pen=6.773 [!!!] ACTIVE COLLISION UNRESOLVED
  Pair (4,8): center_dist=0.000 broad_radius=0.000 min_nn=2.060 hits=1/288 hit_ratio=0.005 avg_depth=0.176 pair_pen=0.531 [!!!] ACTIVE COLLISION UNRESOLVED
  Pair (4,9): center_dist=0.000 broad_radius=0.000 min_nn=2.025 hits=1/288 hit_ratio=0.008 avg_depth=0.190 pair_pen=0.777 [!!!] ACTIVE COLLISION UNRESOLVED
  Pair (4,10): center_dist=0.000 broad_radius=0.000 min_nn=2.515 hits=0/288 hit_ratio=0.000 avg_depth=0.000 pair_pen=0.000 [OK] NARROW-PHASE CLEAR
  Pair (5,6): center_dist=0.000 broad_radius=0.000 min_nn=6.738 hits=0/213 hit_ratio=0.000 avg_depth=0.000 pair_pen=0.000 [OK] NARROW-PHASE CLEAR
  Pair (5,7): center_dist=0.000 broad_radius=0.000 min_nn=28.163 hits=0/213 hit_ratio=0.000 avg_depth=0.000 pair_pen=0.000 [OK] NARROW-PHASE CLEAR
  Pair (5,8): center_dist=0.000 broad_radius=0.000 min_nn=1.089 hits=8/213 hit_ratio=0.038 avg_depth=0.306 pair_pen=10.929 [!!!] ACTIVE COLLISION UNRESOLVED
  Pair (5,9): center_dist=0.000 broad_radius=0.000 min_nn=20.266 hits=0/213 hit_ratio=0.000 avg_depth=0.000 pair_pen=0.000 [OK] NARROW-PHASE CLEAR
  Pair (5,10): center_dist=0.000 broad_radius=0.000 min_nn=25.153 hits=0/213 hit_ratio=0.000 avg_depth=0.000 pair_pen=0.000 [OK] NARROW-PHASE CLEAR
  Pair (6,7): center_dist=0.000 broad_radius=0.000 min_nn=0.166 hits=60/210 hit_ratio=0.286 avg_depth=0.291 pair_pen=83.920 [!!!] ACTIVE COLLISION UNRESOLVED
  Pair (6,8): center_dist=0.000 broad_radius=0.000 min_nn=0.165 hits=76/206 hit_ratio=0.369 avg_depth=0.273 pair_pen=94.655 [!!!] ACTIVE COLLISION UNRESOLVED
  Pair (6,9): center_dist=0.000 broad_radius=0.000 min_nn=0.574 hits=48/275 hit_ratio=0.333 avg_depth=0.321 pair_pen=97.116 [!!!] ACTIVE COLLISION UNRESOLVED
  Pair (6,10): center_dist=0.000 broad_radius=0.000 min_nn=0.531 hits=70/120 hit_ratio=0.583 avg_depth=0.324 pair_pen=154.234 [!!!] ACTIVE COLLISION UNRESOLVED
  Pair (7,8): center_dist=0.000 broad_radius=0.000 min_nn=0.747 hits=37/206 hit_ratio=0.180 avg_depth=0.273 pair_pen=52.853 [!!!] ACTIVE COLLISION UNRESOLVED
  Pair (7,9): center_dist=0.000 broad_radius=0.000 min_nn=0.782 hits=39/210 hit_ratio=0.310 avg_depth=0.244 pair_pen=64.249 [!!!] ACTIVE COLLISION UNRESOLVED
  Pair (7,10): center_dist=0.000 broad_radius=0.000 min_nn=0.423 hits=54/120 hit_ratio=0.450 avg_depth=0.299 pair_pen=111.607 [!!!] ACTIVE COLLISION UNRESOLVED
  Pair (8,9): center_dist=0.000 broad_radius=0.000 min_nn=0.501 hits=52/206 hit_ratio=0.365 avg_depth=0.342 pair_pen=113.020 [!!!] ACTIVE COLLISION UNRESOLVED
  Pair (8,10): center_dist=0.000 broad_radius=0.000 min_nn=0.839 hits=17/120 hit_ratio=0.142 avg_depth=0.252 pair_pen=30.268 [!!!] ACTIVE COLLISION UNRESOLVED
  Pair (9,10): center_dist=0.000 broad_radius=0.000 min_nn=0.612 hits=36/120 hit_ratio=0.300 avg_depth=0.291 pair_pen=74.454 [!!!] ACTIVE COLLISION UNRESOLVED

