
--- COLLISION CLOUD SUMMARY ---
  Params: voxel=5 edge_exclusion=2 epsilon=2.5 max_points=300
  Sherd 1: in=19463 out=17145 filtered=1717 candidate=34891 voxel=885 final=885 radius=70.944
  Sherd 2: in=12178 out=13455 filtered=1288 candidate=24345 voxel=559 final=559 radius=62.580
  Sherd 3: in=11577 out=12798 filtered=1397 candidate=22978 voxel=498 final=498 radius=53.271
  Sherd 4: in=9399 out=10462 filtered=1246 candidate=18615 voxel=410 final=410 radius=53.112
  Sherd 5: in=9309 out=9798 filtered=1420 candidate=17687 voxel=432 final=432 radius=56.575
  Sherd 6: in=6574 out=7317 filtered=1285 candidate=12606 voxel=320 final=320 radius=63.231
  Sherd 7: in=1745 out=1796 filtered=610 candidate=2931 voxel=85 final=85 radius=24.700
  Sherd 8: in=1576 out=1761 filtered=561 candidate=2776 voxel=78 final=78 radius=21.125
  Valid sherds=8 empty_clouds=0


--- GENERATION 0 BEST BREAKDOWN ---
  Total Fitness: -112107.83
  Inlier Reward: 0.00
  Cycle Penalty: 924.04
  Overlap Penalty: 217.44
  Edge Residual Penalty: 110794.01
  Edge Rot Residual Penalty: 252.34
  Connectivity Reward: 80.00
  Component Penalty: 0.00
  Largest Component: 8
  Num Components: 1
  Active Pairs: 23
  OverlapDiag Sum (indexed): 298.1220 (delta_vs_fitness=80.6783)
  OverlapDiag Pairs: total=28 same_comp=28 broad_reject=0 narrow_checked=28 active=13
  OverlapDiag Top Active Pairs:
    Pair (1,6) pen=107.1464 hits=33/85 hit_ratio=0.3882 avg_depth=0.3556 min_nn=0.1736
    Pair (3,5) pen=60.9353 hits=67/320 hit_ratio=0.2094 avg_depth=0.2482 min_nn=0.6625
    Pair (0,6) pen=25.7047 hits=8/85 hit_ratio=0.0941 avg_depth=0.4823 min_nn=0.6716
    Pair (0,2) pen=20.3017 hits=15/498 hit_ratio=0.0301 avg_depth=0.3398 min_nn=0.6060
    Pair (4,5) pen=19.2378 hits=16/432 hit_ratio=0.0406 avg_depth=0.2795 min_nn=0.5611

  --- ACTIVE GENE MAP ---
    Gene  0 (Pair  2- 1): choice=1 (inl=78)
    Gene  1 (Pair  3- 1): choice=1 (inl=61)
    Gene  2 (Pair  4- 1): choice=6 (inl=57)
    Gene  3 (Pair  5- 1): choice=3 (inl=59)
    Gene  4 (Pair  6- 1): choice=1 (inl=34)
    Gene  5 (Pair  7- 1): choice=5 (inl=34)
    Gene  6 (Pair  3- 2): choice=1 (inl=42)
    Gene  7 (Pair  4- 2): choice=2 (inl=18)
    Gene  8 (Pair  5- 2): choice=1 (inl=42)
    Gene  9 (Pair  6- 2): choice=1 (inl=18)
    Gene 10 (Pair  7- 2): choice=2 (inl=26)
    Gene 11 (Pair  8- 2): choice=2 (inl=34)
    Gene 12 (Pair  4- 3): choice=2 (inl=0)
    Gene 13 (Pair  5- 3): choice=1 (inl=58)
    Gene 14 (Pair  6- 3): choice=1 (inl=22)
    Gene 15 (Pair  7- 3): choice=1 (inl=20)
    Gene 16 (Pair  8- 3): choice=1 (inl=34)
    Gene 18 (Pair  6- 4): choice=2 (inl=28)
    Gene 20 (Pair  8- 4): choice=1 (inl=30)
    Gene 21 (Pair  6- 5): choice=2 (inl=46)
    Gene 22 (Pair  7- 5): choice=1 (inl=36)
    Gene 23 (Pair  8- 5): choice=2 (inl=30)
    Gene 25 (Pair  8- 7): choice=1 (inl=18)

  --- SHARD 4 CANDIDATE ANALYSIS ---
    Pair (4-1): Selected=6 / 7 choices
      Choice 1: inliners=87
      Choice 2: inliners=52
      Choice 3: inliners=24
      Choice 4: inliners=24
      Choice 5: inliners=65
      Choice 6: inliners=57 [SELECTED]
      Choice 7: inliners=30
    Pair (4-2): Selected=2 / 2 choices
      Choice 1: inliners=8
      Choice 2: inliners=18 [SELECTED]
    Pair (4-3): Selected=2 / 2 choices
      Choice 1: inliners=32
      Choice 2: inliners=0 [SELECTED]
    Pair (5-4): Selected=0 / 3 choices
      Choice 1: inliners=20
      Choice 2: inliners=46
      Choice 3: inliners=18
    Pair (6-4): Selected=2 / 2 choices
      Choice 1: inliners=18
      Choice 2: inliners=28 [SELECTED]
    Pair (7-4): Selected=0 / 3 choices
      Choice 1: inliners=6
      Choice 2: inliners=30
      Choice 3: inliners=24
    Pair (8-4): Selected=1 / 3 choices
      Choice 1: inliners=30 [SELECTED]
      Choice 2: inliners=12
      Choice 3: inliners=32


--- GENERATION 10 BEST BREAKDOWN ---
  Total Fitness: -39276.53
  Inlier Reward: 0.00
  Cycle Penalty: 220.88
  Overlap Penalty: 346.60
  Edge Residual Penalty: 38571.82
  Edge Rot Residual Penalty: 217.23
  Connectivity Reward: 80.00
  Component Penalty: 0.00
  Largest Component: 8
  Num Components: 1
  Active Pairs: 21
  OverlapDiag Sum (indexed): 435.2831 (delta_vs_fitness=88.6867)
  OverlapDiag Pairs: total=28 same_comp=28 broad_reject=0 narrow_checked=28 active=12
  OverlapDiag Top Active Pairs:
    Pair (1,4) pen=129.1474 hits=279/432 hit_ratio=0.6458 avg_depth=0.2368 min_nn=0.4909
    Pair (3,5) pen=119.5324 hits=146/320 hit_ratio=0.4562 avg_depth=0.2761 min_nn=0.2357
    Pair (1,2) pen=36.0126 hits=39/498 hit_ratio=0.0783 avg_depth=0.2522 min_nn=0.9031
    Pair (0,3) pen=26.1543 hits=17/410 hit_ratio=0.0415 avg_depth=0.3624 min_nn=0.4577
    Pair (0,6) pen=25.7047 hits=8/85 hit_ratio=0.0941 avg_depth=0.4823 min_nn=0.6716

  --- ACTIVE GENE MAP ---
    Gene  0 (Pair  2- 1): choice=2 (inl=46)
    Gene  1 (Pair  3- 1): choice=3 (inl=100)
    Gene  2 (Pair  4- 1): choice=5 (inl=65)
    Gene  3 (Pair  5- 1): choice=1 (inl=65)
    Gene  4 (Pair  6- 1): choice=1 (inl=34)
    Gene  5 (Pair  7- 1): choice=5 (inl=34)
    Gene  6 (Pair  3- 2): choice=1 (inl=42)
    Gene  7 (Pair  4- 2): choice=1 (inl=8)
    Gene  8 (Pair  5- 2): choice=2 (inl=38)
    Gene  9 (Pair  6- 2): choice=1 (inl=18)
    Gene 10 (Pair  7- 2): choice=2 (inl=26)
    Gene 11 (Pair  8- 2): choice=2 (inl=34)
    Gene 13 (Pair  5- 3): choice=1 (inl=58)
    Gene 14 (Pair  6- 3): choice=1 (inl=22)
    Gene 18 (Pair  6- 4): choice=2 (inl=28)
    Gene 19 (Pair  7- 4): choice=2 (inl=30)
    Gene 20 (Pair  8- 4): choice=1 (inl=30)
    Gene 21 (Pair  6- 5): choice=2 (inl=46)
    Gene 23 (Pair  8- 5): choice=2 (inl=30)
    Gene 24 (Pair  7- 6): choice=3 (inl=22)
    Gene 25 (Pair  8- 7): choice=1 (inl=18)

  --- SHARD 4 CANDIDATE ANALYSIS ---
    Pair (4-1): Selected=5 / 7 choices
      Choice 1: inliners=87
      Choice 2: inliners=52
      Choice 3: inliners=24
      Choice 4: inliners=24
      Choice 5: inliners=65 [SELECTED]
      Choice 6: inliners=57
      Choice 7: inliners=30
    Pair (4-2): Selected=1 / 2 choices
      Choice 1: inliners=8 [SELECTED]
      Choice 2: inliners=18
    Pair (4-3): Selected=0 / 2 choices
      Choice 1: inliners=32
      Choice 2: inliners=0
    Pair (5-4): Selected=0 / 3 choices
      Choice 1: inliners=20
      Choice 2: inliners=46
      Choice 3: inliners=18
    Pair (6-4): Selected=2 / 2 choices
      Choice 1: inliners=18
      Choice 2: inliners=28 [SELECTED]
    Pair (7-4): Selected=2 / 3 choices
      Choice 1: inliners=6
      Choice 2: inliners=30 [SELECTED]
      Choice 3: inliners=24
    Pair (8-4): Selected=1 / 3 choices
      Choice 1: inliners=30 [SELECTED]
      Choice 2: inliners=12
      Choice 3: inliners=32


--- GENERATION 20 BEST BREAKDOWN ---
  Total Fitness: -7154.94
  Inlier Reward: 0.00
  Cycle Penalty: 0.00
  Overlap Penalty: 210.88
  Edge Residual Penalty: 6844.28
  Edge Rot Residual Penalty: 179.78
  Connectivity Reward: 80.00
  Component Penalty: 0.00
  Largest Component: 8
  Num Components: 1
  Active Pairs: 18
  OverlapDiag Sum (indexed): 291.5584 (delta_vs_fitness=80.6783)
  OverlapDiag Pairs: total=28 same_comp=28 broad_reject=0 narrow_checked=28 active=12
  OverlapDiag Top Active Pairs:
    Pair (3,6) pen=106.7480 hits=40/85 hit_ratio=0.4706 avg_depth=0.2990 min_nn=0.3255
    Pair (3,5) pen=60.9353 hits=67/320 hit_ratio=0.2094 avg_depth=0.2482 min_nn=0.6625
    Pair (0,6) pen=32.1067 hits=12/85 hit_ratio=0.1412 avg_depth=0.3359 min_nn=0.9568
    Pair (0,2) pen=20.3017 hits=15/498 hit_ratio=0.0301 avg_depth=0.3398 min_nn=0.6060
    Pair (4,5) pen=19.2378 hits=16/432 hit_ratio=0.0406 avg_depth=0.2795 min_nn=0.5611

  --- ACTIVE GENE MAP ---
    Gene  0 (Pair  2- 1): choice=1 (inl=78)
    Gene  1 (Pair  3- 1): choice=1 (inl=61)
    Gene  2 (Pair  4- 1): choice=6 (inl=57)
    Gene  3 (Pair  5- 1): choice=3 (inl=59)
    Gene  4 (Pair  6- 1): choice=1 (inl=34)
    Gene  5 (Pair  7- 1): choice=3 (inl=56)
    Gene  6 (Pair  3- 2): choice=1 (inl=42)
    Gene  7 (Pair  4- 2): choice=2 (inl=18)
    Gene  8 (Pair  5- 2): choice=1 (inl=42)
    Gene  9 (Pair  6- 2): choice=1 (inl=18)
    Gene 10 (Pair  7- 2): choice=2 (inl=26)
    Gene 11 (Pair  8- 2): choice=2 (inl=34)
    Gene 12 (Pair  4- 3): choice=2 (inl=0)
    Gene 13 (Pair  5- 3): choice=1 (inl=58)
    Gene 16 (Pair  8- 3): choice=2 (inl=24)
    Gene 18 (Pair  6- 4): choice=2 (inl=28)
    Gene 23 (Pair  8- 5): choice=2 (inl=30)
    Gene 24 (Pair  7- 6): choice=2 (inl=49)

  --- SHARD 4 CANDIDATE ANALYSIS ---
    Pair (4-1): Selected=6 / 7 choices
      Choice 1: inliners=87
      Choice 2: inliners=52
      Choice 3: inliners=24
      Choice 4: inliners=24
      Choice 5: inliners=65
      Choice 6: inliners=57 [SELECTED]
      Choice 7: inliners=30
    Pair (4-2): Selected=2 / 2 choices
      Choice 1: inliners=8
      Choice 2: inliners=18 [SELECTED]
    Pair (4-3): Selected=2 / 2 choices
      Choice 1: inliners=32
      Choice 2: inliners=0 [SELECTED]
    Pair (5-4): Selected=0 / 3 choices
      Choice 1: inliners=20
      Choice 2: inliners=46
      Choice 3: inliners=18
    Pair (6-4): Selected=2 / 2 choices
      Choice 1: inliners=18
      Choice 2: inliners=28 [SELECTED]
    Pair (7-4): Selected=0 / 3 choices
      Choice 1: inliners=6
      Choice 2: inliners=30
      Choice 3: inliners=24
    Pair (8-4): Selected=0 / 3 choices
      Choice 1: inliners=30
      Choice 2: inliners=12
      Choice 3: inliners=32


--- GENERATION 30 BEST BREAKDOWN ---
  Total Fitness: -2468.23
  Inlier Reward: 0.00
  Cycle Penalty: 0.00
  Overlap Penalty: 325.11
  Edge Residual Penalty: 2047.46
  Edge Rot Residual Penalty: 175.66
  Connectivity Reward: 80.00
  Component Penalty: 0.00
  Largest Component: 8
  Num Components: 1
  Active Pairs: 18
  OverlapDiag Sum (indexed): 405.4198 (delta_vs_fitness=80.3077)
  OverlapDiag Pairs: total=28 same_comp=28 broad_reject=0 narrow_checked=28 active=12
  OverlapDiag Top Active Pairs:
    Pair (2,3) pen=114.2320 hits=141/498 hit_ratio=0.3293 avg_depth=0.3106 min_nn=0.4115
    Pair (3,6) pen=106.7480 hits=40/85 hit_ratio=0.4706 avg_depth=0.2990 min_nn=0.3255
    Pair (3,5) pen=60.9353 hits=67/320 hit_ratio=0.2094 avg_depth=0.2482 min_nn=0.6625
    Pair (0,6) pen=32.1067 hits=12/85 hit_ratio=0.1412 avg_depth=0.3359 min_nn=0.9568
    Pair (4,5) pen=19.2378 hits=16/432 hit_ratio=0.0406 avg_depth=0.2795 min_nn=0.5611

  --- ACTIVE GENE MAP ---
    Gene  0 (Pair  2- 1): choice=2 (inl=46)
    Gene  1 (Pair  3- 1): choice=5 (inl=50)
    Gene  2 (Pair  4- 1): choice=6 (inl=57)
    Gene  3 (Pair  5- 1): choice=3 (inl=59)
    Gene  4 (Pair  6- 1): choice=1 (inl=34)
    Gene  5 (Pair  7- 1): choice=3 (inl=56)
    Gene  6 (Pair  3- 2): choice=1 (inl=42)
    Gene  7 (Pair  4- 2): choice=2 (inl=18)
    Gene  8 (Pair  5- 2): choice=1 (inl=42)
    Gene  9 (Pair  6- 2): choice=1 (inl=18)
    Gene 10 (Pair  7- 2): choice=2 (inl=26)
    Gene 11 (Pair  8- 2): choice=2 (inl=34)
    Gene 13 (Pair  5- 3): choice=1 (inl=58)
    Gene 16 (Pair  8- 3): choice=2 (inl=24)
    Gene 18 (Pair  6- 4): choice=2 (inl=28)
    Gene 19 (Pair  7- 4): choice=2 (inl=30)
    Gene 20 (Pair  8- 4): choice=1 (inl=30)
    Gene 24 (Pair  7- 6): choice=2 (inl=49)

  --- SHARD 4 CANDIDATE ANALYSIS ---
    Pair (4-1): Selected=6 / 7 choices
      Choice 1: inliners=87
      Choice 2: inliners=52
      Choice 3: inliners=24
      Choice 4: inliners=24
      Choice 5: inliners=65
      Choice 6: inliners=57 [SELECTED]
      Choice 7: inliners=30
    Pair (4-2): Selected=2 / 2 choices
      Choice 1: inliners=8
      Choice 2: inliners=18 [SELECTED]
    Pair (4-3): Selected=0 / 2 choices
      Choice 1: inliners=32
      Choice 2: inliners=0
    Pair (5-4): Selected=0 / 3 choices
      Choice 1: inliners=20
      Choice 2: inliners=46
      Choice 3: inliners=18
    Pair (6-4): Selected=2 / 2 choices
      Choice 1: inliners=18
      Choice 2: inliners=28 [SELECTED]
    Pair (7-4): Selected=2 / 3 choices
      Choice 1: inliners=6
      Choice 2: inliners=30 [SELECTED]
      Choice 3: inliners=24
    Pair (8-4): Selected=1 / 3 choices
      Choice 1: inliners=30 [SELECTED]
      Choice 2: inliners=12
      Choice 3: inliners=32


--- GENERATION 40 BEST BREAKDOWN ---
  Total Fitness: -1788.85
  Inlier Reward: 0.00
  Cycle Penalty: 0.00
  Overlap Penalty: 203.33
  Edge Residual Penalty: 1519.75
  Edge Rot Residual Penalty: 145.76
  Connectivity Reward: 80.00
  Component Penalty: 0.00
  Largest Component: 8
  Num Components: 1
  Active Pairs: 13
  OverlapDiag Sum (indexed): 286.2633 (delta_vs_fitness=82.9299)
  OverlapDiag Pairs: total=28 same_comp=28 broad_reject=0 narrow_checked=28 active=12
  OverlapDiag Top Active Pairs:
    Pair (1,4) pen=129.1474 hits=279/432 hit_ratio=0.6458 avg_depth=0.2368 min_nn=0.4909
    Pair (0,6) pen=32.1067 hits=12/85 hit_ratio=0.1412 avg_depth=0.3359 min_nn=0.9568
    Pair (3,7) pen=30.9891 hits=9/78 hit_ratio=0.1154 avg_depth=0.4634 min_nn=0.0816
    Pair (2,3) pen=19.0254 hits=19/498 hit_ratio=0.0463 avg_depth=0.2312 min_nn=0.8522
    Pair (0,4) pen=13.9189 hits=10/885 hit_ratio=0.0231 avg_depth=0.3780 min_nn=0.4365

  --- ACTIVE GENE MAP ---
    Gene  0 (Pair  2- 1): choice=2 (inl=46)
    Gene  1 (Pair  3- 1): choice=5 (inl=50)
    Gene  3 (Pair  5- 1): choice=1 (inl=65)
    Gene  4 (Pair  6- 1): choice=1 (inl=34)
    Gene  5 (Pair  7- 1): choice=3 (inl=56)
    Gene  6 (Pair  3- 2): choice=1 (inl=42)
    Gene  7 (Pair  4- 2): choice=2 (inl=18)
    Gene  9 (Pair  6- 2): choice=1 (inl=18)
    Gene 11 (Pair  8- 2): choice=2 (inl=34)
    Gene 13 (Pair  5- 3): choice=1 (inl=58)
    Gene 16 (Pair  8- 3): choice=2 (inl=24)
    Gene 18 (Pair  6- 4): choice=1 (inl=18)
    Gene 19 (Pair  7- 4): choice=2 (inl=30)

  --- SHARD 4 CANDIDATE ANALYSIS ---
    Pair (4-1): Selected=0 / 7 choices
      Choice 1: inliners=87
      Choice 2: inliners=52
      Choice 3: inliners=24
      Choice 4: inliners=24
      Choice 5: inliners=65
      Choice 6: inliners=57
      Choice 7: inliners=30
    Pair (4-2): Selected=2 / 2 choices
      Choice 1: inliners=8
      Choice 2: inliners=18 [SELECTED]
    Pair (4-3): Selected=0 / 2 choices
      Choice 1: inliners=32
      Choice 2: inliners=0
    Pair (5-4): Selected=0 / 3 choices
      Choice 1: inliners=20
      Choice 2: inliners=46
      Choice 3: inliners=18
    Pair (6-4): Selected=1 / 2 choices
      Choice 1: inliners=18 [SELECTED]
      Choice 2: inliners=28
    Pair (7-4): Selected=2 / 3 choices
      Choice 1: inliners=6
      Choice 2: inliners=30 [SELECTED]
      Choice 3: inliners=24
    Pair (8-4): Selected=0 / 3 choices
      Choice 1: inliners=30
      Choice 2: inliners=12
      Choice 3: inliners=32


--- GENERATION 50 BEST BREAKDOWN ---
  Total Fitness: -1661.49
  Inlier Reward: 0.00
  Cycle Penalty: 0.00
  Overlap Penalty: 74.19
  Edge Residual Penalty: 1509.61
  Edge Rot Residual Penalty: 157.70
  Connectivity Reward: 80.00
  Component Penalty: 0.00
  Largest Component: 8
  Num Components: 1
  Active Pairs: 15
  OverlapDiag Sum (indexed): 173.1686 (delta_vs_fitness=98.9826)
  OverlapDiag Pairs: total=28 same_comp=28 broad_reject=0 narrow_checked=28 active=12
  OverlapDiag Top Active Pairs:
    Pair (0,6) pen=32.1067 hits=12/85 hit_ratio=0.1412 avg_depth=0.3359 min_nn=0.9568
    Pair (3,7) pen=30.9891 hits=9/78 hit_ratio=0.1154 avg_depth=0.4634 min_nn=0.0816
    Pair (4,5) pen=19.2378 hits=16/432 hit_ratio=0.0406 avg_depth=0.2795 min_nn=0.5611
    Pair (2,3) pen=19.0254 hits=19/498 hit_ratio=0.0463 avg_depth=0.2312 min_nn=0.8522
    Pair (0,1) pen=13.1675 hits=10/885 hit_ratio=0.0161 avg_depth=0.3885 min_nn=0.5894

  --- ACTIVE GENE MAP ---
    Gene  0 (Pair  2- 1): choice=2 (inl=46)
    Gene  1 (Pair  3- 1): choice=5 (inl=50)
    Gene  3 (Pair  5- 1): choice=3 (inl=59)
    Gene  4 (Pair  6- 1): choice=1 (inl=34)
    Gene  5 (Pair  7- 1): choice=3 (inl=56)
    Gene  6 (Pair  3- 2): choice=1 (inl=42)
    Gene  7 (Pair  4- 2): choice=2 (inl=18)
    Gene  8 (Pair  5- 2): choice=1 (inl=42)
    Gene  9 (Pair  6- 2): choice=1 (inl=18)
    Gene 11 (Pair  8- 2): choice=2 (inl=34)
    Gene 13 (Pair  5- 3): choice=1 (inl=58)
    Gene 14 (Pair  6- 3): choice=1 (inl=22)
    Gene 16 (Pair  8- 3): choice=2 (inl=24)
    Gene 18 (Pair  6- 4): choice=2 (inl=28)
    Gene 19 (Pair  7- 4): choice=2 (inl=30)

  --- SHARD 4 CANDIDATE ANALYSIS ---
    Pair (4-1): Selected=0 / 7 choices
      Choice 1: inliners=87
      Choice 2: inliners=52
      Choice 3: inliners=24
      Choice 4: inliners=24
      Choice 5: inliners=65
      Choice 6: inliners=57
      Choice 7: inliners=30
    Pair (4-2): Selected=2 / 2 choices
      Choice 1: inliners=8
      Choice 2: inliners=18 [SELECTED]
    Pair (4-3): Selected=0 / 2 choices
      Choice 1: inliners=32
      Choice 2: inliners=0
    Pair (5-4): Selected=0 / 3 choices
      Choice 1: inliners=20
      Choice 2: inliners=46
      Choice 3: inliners=18
    Pair (6-4): Selected=2 / 2 choices
      Choice 1: inliners=18
      Choice 2: inliners=28 [SELECTED]
    Pair (7-4): Selected=2 / 3 choices
      Choice 1: inliners=6
      Choice 2: inliners=30 [SELECTED]
      Choice 3: inliners=24
    Pair (8-4): Selected=0 / 3 choices
      Choice 1: inliners=30
      Choice 2: inliners=12
      Choice 3: inliners=32


--- COLLISION AUDIT [FINAL BEST] ---
  Fitness overlap penalty: 74.1860
  Recomputed indexed overlap sum: 173.1686 (delta=98.9826)
  Pair counts: total=28 same_comp=28 broad_reject=0 narrow_checked=28 active=12
  Pair (0,1): center_dist=0.000 broad_radius=0.000 min_nn=0.589 hits=10/885 hit_ratio=0.016 avg_depth=0.388 pair_pen=13.167 [!!!] ACTIVE COLLISION UNRESOLVED
  Pair (0,2): center_dist=0.000 broad_radius=0.000 min_nn=0.812 hits=8/498 hit_ratio=0.016 avg_depth=0.420 pair_pen=10.736 [!!!] ACTIVE COLLISION UNRESOLVED
  Pair (0,3): center_dist=0.000 broad_radius=0.000 min_nn=0.895 hits=7/885 hit_ratio=0.017 avg_depth=0.343 pair_pen=7.877 [!!!] ACTIVE COLLISION UNRESOLVED
  Pair (0,4): center_dist=0.000 broad_radius=0.000 min_nn=0.570 hits=9/885 hit_ratio=0.021 avg_depth=0.329 pair_pen=10.734 [!!!] ACTIVE COLLISION UNRESOLVED
  Pair (0,5): center_dist=0.000 broad_radius=0.000 min_nn=1.459 hits=7/320 hit_ratio=0.022 avg_depth=0.211 pair_pen=6.152 [!!!] ACTIVE COLLISION UNRESOLVED
  Pair (0,6): center_dist=0.000 broad_radius=0.000 min_nn=0.957 hits=12/85 hit_ratio=0.141 avg_depth=0.336 pair_pen=32.107 [!!!] ACTIVE COLLISION UNRESOLVED
  Pair (0,7): center_dist=0.000 broad_radius=0.000 min_nn=17.331 hits=0/885 hit_ratio=0.000 avg_depth=0.000 pair_pen=0.000 [OK] NARROW-PHASE CLEAR
  Pair (1,2): center_dist=0.000 broad_radius=0.000 min_nn=77.028 hits=0/559 hit_ratio=0.000 avg_depth=0.000 pair_pen=0.000 [OK] NARROW-PHASE CLEAR
  Pair (1,3): center_dist=0.000 broad_radius=0.000 min_nn=1.053 hits=6/559 hit_ratio=0.011 avg_depth=0.299 pair_pen=5.296 [!!!] ACTIVE COLLISION UNRESOLVED
  Pair (1,4): center_dist=0.000 broad_radius=0.000 min_nn=3.305 hits=0/559 hit_ratio=0.000 avg_depth=0.000 pair_pen=0.000 [OK] NARROW-PHASE CLEAR
  Pair (1,5): center_dist=0.000 broad_radius=0.000 min_nn=80.546 hits=0/559 hit_ratio=0.000 avg_depth=0.000 pair_pen=0.000 [OK] NARROW-PHASE CLEAR
  Pair (1,6): center_dist=0.000 broad_radius=0.000 min_nn=97.660 hits=0/559 hit_ratio=0.000 avg_depth=0.000 pair_pen=0.000 [OK] NARROW-PHASE CLEAR
  Pair (1,7): center_dist=0.000 broad_radius=0.000 min_nn=0.988 hits=6/78 hit_ratio=0.077 avg_depth=0.242 pair_pen=11.090 [!!!] ACTIVE COLLISION UNRESOLVED
  Pair (2,3): center_dist=0.000 broad_radius=0.000 min_nn=0.852 hits=19/498 hit_ratio=0.046 avg_depth=0.231 pair_pen=19.025 [!!!] ACTIVE COLLISION UNRESOLVED
  Pair (2,4): center_dist=0.000 broad_radius=0.000 min_nn=74.131 hits=0/498 hit_ratio=0.000 avg_depth=0.000 pair_pen=0.000 [OK] NARROW-PHASE CLEAR
  Pair (2,5): center_dist=0.000 broad_radius=0.000 min_nn=16.420 hits=0/498 hit_ratio=0.000 avg_depth=0.000 pair_pen=0.000 [OK] NARROW-PHASE CLEAR
  Pair (2,6): center_dist=0.000 broad_radius=0.000 min_nn=1.464 hits=4/85 hit_ratio=0.047 avg_depth=0.285 pair_pen=6.757 [!!!] ACTIVE COLLISION UNRESOLVED
  Pair (2,7): center_dist=0.000 broad_radius=0.000 min_nn=78.071 hits=0/498 hit_ratio=0.000 avg_depth=0.000 pair_pen=0.000 [OK] NARROW-PHASE CLEAR
  Pair (3,4): center_dist=0.000 broad_radius=0.000 min_nn=68.185 hits=0/410 hit_ratio=0.000 avg_depth=0.000 pair_pen=0.000 [OK] NARROW-PHASE CLEAR
  Pair (3,5): center_dist=0.000 broad_radius=0.000 min_nn=98.047 hits=0/410 hit_ratio=0.000 avg_depth=0.000 pair_pen=0.000 [OK] NARROW-PHASE CLEAR
  Pair (3,6): center_dist=0.000 broad_radius=0.000 min_nn=70.976 hits=0/410 hit_ratio=0.000 avg_depth=0.000 pair_pen=0.000 [OK] NARROW-PHASE CLEAR
  Pair (3,7): center_dist=0.000 broad_radius=0.000 min_nn=0.082 hits=9/78 hit_ratio=0.115 avg_depth=0.463 pair_pen=30.989 [!!!] ACTIVE COLLISION UNRESOLVED
  Pair (4,5): center_dist=0.000 broad_radius=0.000 min_nn=0.561 hits=16/432 hit_ratio=0.041 avg_depth=0.280 pair_pen=19.238 [!!!] ACTIVE COLLISION UNRESOLVED
  Pair (4,6): center_dist=0.000 broad_radius=0.000 min_nn=39.539 hits=0/432 hit_ratio=0.000 avg_depth=0.000 pair_pen=0.000 [OK] NARROW-PHASE CLEAR
  Pair (4,7): center_dist=0.000 broad_radius=0.000 min_nn=86.818 hits=0/432 hit_ratio=0.000 avg_depth=0.000 pair_pen=0.000 [OK] NARROW-PHASE CLEAR
  Pair (5,6): center_dist=0.000 broad_radius=0.000 min_nn=4.278 hits=0/320 hit_ratio=0.000 avg_depth=0.000 pair_pen=0.000 [OK] NARROW-PHASE CLEAR
  Pair (5,7): center_dist=0.000 broad_radius=0.000 min_nn=141.674 hits=0/320 hit_ratio=0.000 avg_depth=0.000 pair_pen=0.000 [OK] NARROW-PHASE CLEAR
  Pair (6,7): center_dist=0.000 broad_radius=0.000 min_nn=123.503 hits=0/85 hit_ratio=0.000 avg_depth=0.000 pair_pen=0.000 [OK] NARROW-PHASE CLEAR

