
--- COLLISION CLOUD SUMMARY ---
  Params: voxel=5 edge_exclusion=2 epsilon=2.5 max_points=300
  Sherd 1: in=29196 out=33483 filtered=1746 candidate=60933 voxel=1620 final=1620 radius=72.247
  Sherd 2: in=26028 out=29475 filtered=1961 candidate=53542 voxel=1491 final=1491 radius=76.050
  Sherd 3: in=14590 out=8150 filtered=1693 candidate=21047 voxel=566 final=566 radius=65.045
  Sherd 4: in=8442 out=10188 filtered=1179 candidate=17451 voxel=460 final=460 radius=45.273
  Valid sherds=4 empty_clouds=0


--- GENERATION 0 BEST BREAKDOWN ---
  Total Fitness: 473.70
  Inlier Reward: 434.04
  Cycle Penalty: 0.00
  Overlap Penalty: 0.00
  Edge Residual Penalty: 0.00
  Edge Rot Residual Penalty: 0.33
  Connectivity Reward: 40.00
  Component Penalty: 0.00
  Largest Component: 4
  Num Components: 1
  Active Pairs: 5
  OverlapDiag Sum (indexed): 34.1523 (delta_vs_fitness=34.1523)
  OverlapDiag Pairs: total=6 same_comp=6 broad_reject=0 narrow_checked=6 active=2
  OverlapDiag Top Active Pairs:
    Pair (0,1) pen=18.7508 hits=16/1491 hit_ratio=0.0107 avg_depth=0.3439 min_nn=0.8240
    Pair (0,3) pen=15.4015 hits=11/460 hit_ratio=0.0239 avg_depth=0.3735 min_nn=0.8956

  --- ACTIVE GENE MAP ---
    Gene  0 (Pair  2- 1): choice=3 (inl=84)
    Gene  1 (Pair  3- 1): choice=2 (inl=179)
    Gene  2 (Pair  4- 1): choice=4 (inl=55)
    Gene  3 (Pair  3- 2): choice=11 (inl=139)
    Gene  4 (Pair  4- 2): choice=6 (inl=114)

  --- SHARD 4 CANDIDATE ANALYSIS ---
    Pair (4-1): Selected=4 / 5 choices
      Choice 1: inliners=46
      Choice 2: inliners=0
      Choice 3: inliners=42
      Choice 4: inliners=55 [SELECTED]
      Choice 5: inliners=38
    Pair (4-2): Selected=6 / 7 choices
      Choice 1: inliners=20
      Choice 2: inliners=20
      Choice 3: inliners=30
      Choice 4: inliners=34
      Choice 5: inliners=20
      Choice 6: inliners=114 [SELECTED]
      Choice 7: inliners=40
    Pair (4-3): Selected=0 / 9 choices
      Choice 1: inliners=10
      Choice 2: inliners=8
      Choice 3: inliners=48
      Choice 4: inliners=28
      Choice 5: inliners=22
      Choice 6: inliners=8
      Choice 7: inliners=0
      Choice 8: inliners=20
      Choice 9: inliners=8


--- GENERATION 10 BEST BREAKDOWN ---
  Total Fitness: 473.70
  Inlier Reward: 434.04
  Cycle Penalty: 0.00
  Overlap Penalty: 0.00
  Edge Residual Penalty: 0.00
  Edge Rot Residual Penalty: 0.33
  Connectivity Reward: 40.00
  Component Penalty: 0.00
  Largest Component: 4
  Num Components: 1
  Active Pairs: 5
  OverlapDiag Sum (indexed): 34.1523 (delta_vs_fitness=34.1523)
  OverlapDiag Pairs: total=6 same_comp=6 broad_reject=0 narrow_checked=6 active=2
  OverlapDiag Top Active Pairs:
    Pair (0,1) pen=18.7508 hits=16/1491 hit_ratio=0.0107 avg_depth=0.3439 min_nn=0.8240
    Pair (0,3) pen=15.4015 hits=11/460 hit_ratio=0.0239 avg_depth=0.3735 min_nn=0.8956

  --- ACTIVE GENE MAP ---
    Gene  0 (Pair  2- 1): choice=3 (inl=84)
    Gene  1 (Pair  3- 1): choice=2 (inl=179)
    Gene  2 (Pair  4- 1): choice=4 (inl=55)
    Gene  3 (Pair  3- 2): choice=11 (inl=139)
    Gene  4 (Pair  4- 2): choice=6 (inl=114)

  --- SHARD 4 CANDIDATE ANALYSIS ---
    Pair (4-1): Selected=4 / 5 choices
      Choice 1: inliners=46
      Choice 2: inliners=0
      Choice 3: inliners=42
      Choice 4: inliners=55 [SELECTED]
      Choice 5: inliners=38
    Pair (4-2): Selected=6 / 7 choices
      Choice 1: inliners=20
      Choice 2: inliners=20
      Choice 3: inliners=30
      Choice 4: inliners=34
      Choice 5: inliners=20
      Choice 6: inliners=114 [SELECTED]
      Choice 7: inliners=40
    Pair (4-3): Selected=0 / 9 choices
      Choice 1: inliners=10
      Choice 2: inliners=8
      Choice 3: inliners=48
      Choice 4: inliners=28
      Choice 5: inliners=22
      Choice 6: inliners=8
      Choice 7: inliners=0
      Choice 8: inliners=20
      Choice 9: inliners=8


--- GENERATION 20 BEST BREAKDOWN ---
  Total Fitness: 473.70
  Inlier Reward: 434.04
  Cycle Penalty: 0.00
  Overlap Penalty: 0.00
  Edge Residual Penalty: 0.00
  Edge Rot Residual Penalty: 0.33
  Connectivity Reward: 40.00
  Component Penalty: 0.00
  Largest Component: 4
  Num Components: 1
  Active Pairs: 5
  OverlapDiag Sum (indexed): 34.1523 (delta_vs_fitness=34.1523)
  OverlapDiag Pairs: total=6 same_comp=6 broad_reject=0 narrow_checked=6 active=2
  OverlapDiag Top Active Pairs:
    Pair (0,1) pen=18.7508 hits=16/1491 hit_ratio=0.0107 avg_depth=0.3439 min_nn=0.8240
    Pair (0,3) pen=15.4015 hits=11/460 hit_ratio=0.0239 avg_depth=0.3735 min_nn=0.8956

  --- ACTIVE GENE MAP ---
    Gene  0 (Pair  2- 1): choice=3 (inl=84)
    Gene  1 (Pair  3- 1): choice=2 (inl=179)
    Gene  2 (Pair  4- 1): choice=4 (inl=55)
    Gene  3 (Pair  3- 2): choice=11 (inl=139)
    Gene  4 (Pair  4- 2): choice=6 (inl=114)

  --- SHARD 4 CANDIDATE ANALYSIS ---
    Pair (4-1): Selected=4 / 5 choices
      Choice 1: inliners=46
      Choice 2: inliners=0
      Choice 3: inliners=42
      Choice 4: inliners=55 [SELECTED]
      Choice 5: inliners=38
    Pair (4-2): Selected=6 / 7 choices
      Choice 1: inliners=20
      Choice 2: inliners=20
      Choice 3: inliners=30
      Choice 4: inliners=34
      Choice 5: inliners=20
      Choice 6: inliners=114 [SELECTED]
      Choice 7: inliners=40
    Pair (4-3): Selected=0 / 9 choices
      Choice 1: inliners=10
      Choice 2: inliners=8
      Choice 3: inliners=48
      Choice 4: inliners=28
      Choice 5: inliners=22
      Choice 6: inliners=8
      Choice 7: inliners=0
      Choice 8: inliners=20
      Choice 9: inliners=8


--- GENERATION 30 BEST BREAKDOWN ---
  Total Fitness: 473.70
  Inlier Reward: 434.04
  Cycle Penalty: 0.00
  Overlap Penalty: 0.00
  Edge Residual Penalty: 0.00
  Edge Rot Residual Penalty: 0.33
  Connectivity Reward: 40.00
  Component Penalty: 0.00
  Largest Component: 4
  Num Components: 1
  Active Pairs: 5
  OverlapDiag Sum (indexed): 34.1523 (delta_vs_fitness=34.1523)
  OverlapDiag Pairs: total=6 same_comp=6 broad_reject=0 narrow_checked=6 active=2
  OverlapDiag Top Active Pairs:
    Pair (0,1) pen=18.7508 hits=16/1491 hit_ratio=0.0107 avg_depth=0.3439 min_nn=0.8240
    Pair (0,3) pen=15.4015 hits=11/460 hit_ratio=0.0239 avg_depth=0.3735 min_nn=0.8956

  --- ACTIVE GENE MAP ---
    Gene  0 (Pair  2- 1): choice=3 (inl=84)
    Gene  1 (Pair  3- 1): choice=2 (inl=179)
    Gene  2 (Pair  4- 1): choice=4 (inl=55)
    Gene  3 (Pair  3- 2): choice=11 (inl=139)
    Gene  4 (Pair  4- 2): choice=6 (inl=114)

  --- SHARD 4 CANDIDATE ANALYSIS ---
    Pair (4-1): Selected=4 / 5 choices
      Choice 1: inliners=46
      Choice 2: inliners=0
      Choice 3: inliners=42
      Choice 4: inliners=55 [SELECTED]
      Choice 5: inliners=38
    Pair (4-2): Selected=6 / 7 choices
      Choice 1: inliners=20
      Choice 2: inliners=20
      Choice 3: inliners=30
      Choice 4: inliners=34
      Choice 5: inliners=20
      Choice 6: inliners=114 [SELECTED]
      Choice 7: inliners=40
    Pair (4-3): Selected=0 / 9 choices
      Choice 1: inliners=10
      Choice 2: inliners=8
      Choice 3: inliners=48
      Choice 4: inliners=28
      Choice 5: inliners=22
      Choice 6: inliners=8
      Choice 7: inliners=0
      Choice 8: inliners=20
      Choice 9: inliners=8


--- GENERATION 40 BEST BREAKDOWN ---
  Total Fitness: 473.70
  Inlier Reward: 434.04
  Cycle Penalty: 0.00
  Overlap Penalty: 0.00
  Edge Residual Penalty: 0.00
  Edge Rot Residual Penalty: 0.33
  Connectivity Reward: 40.00
  Component Penalty: 0.00
  Largest Component: 4
  Num Components: 1
  Active Pairs: 5
  OverlapDiag Sum (indexed): 34.1523 (delta_vs_fitness=34.1523)
  OverlapDiag Pairs: total=6 same_comp=6 broad_reject=0 narrow_checked=6 active=2
  OverlapDiag Top Active Pairs:
    Pair (0,1) pen=18.7508 hits=16/1491 hit_ratio=0.0107 avg_depth=0.3439 min_nn=0.8240
    Pair (0,3) pen=15.4015 hits=11/460 hit_ratio=0.0239 avg_depth=0.3735 min_nn=0.8956

  --- ACTIVE GENE MAP ---
    Gene  0 (Pair  2- 1): choice=3 (inl=84)
    Gene  1 (Pair  3- 1): choice=2 (inl=179)
    Gene  2 (Pair  4- 1): choice=4 (inl=55)
    Gene  3 (Pair  3- 2): choice=11 (inl=139)
    Gene  4 (Pair  4- 2): choice=6 (inl=114)

  --- SHARD 4 CANDIDATE ANALYSIS ---
    Pair (4-1): Selected=4 / 5 choices
      Choice 1: inliners=46
      Choice 2: inliners=0
      Choice 3: inliners=42
      Choice 4: inliners=55 [SELECTED]
      Choice 5: inliners=38
    Pair (4-2): Selected=6 / 7 choices
      Choice 1: inliners=20
      Choice 2: inliners=20
      Choice 3: inliners=30
      Choice 4: inliners=34
      Choice 5: inliners=20
      Choice 6: inliners=114 [SELECTED]
      Choice 7: inliners=40
    Pair (4-3): Selected=0 / 9 choices
      Choice 1: inliners=10
      Choice 2: inliners=8
      Choice 3: inliners=48
      Choice 4: inliners=28
      Choice 5: inliners=22
      Choice 6: inliners=8
      Choice 7: inliners=0
      Choice 8: inliners=20
      Choice 9: inliners=8


--- GENERATION 50 BEST BREAKDOWN ---
  Total Fitness: 473.70
  Inlier Reward: 434.04
  Cycle Penalty: 0.00
  Overlap Penalty: 0.00
  Edge Residual Penalty: 0.00
  Edge Rot Residual Penalty: 0.33
  Connectivity Reward: 40.00
  Component Penalty: 0.00
  Largest Component: 4
  Num Components: 1
  Active Pairs: 5
  OverlapDiag Sum (indexed): 34.1523 (delta_vs_fitness=34.1523)
  OverlapDiag Pairs: total=6 same_comp=6 broad_reject=0 narrow_checked=6 active=2
  OverlapDiag Top Active Pairs:
    Pair (0,1) pen=18.7508 hits=16/1491 hit_ratio=0.0107 avg_depth=0.3439 min_nn=0.8240
    Pair (0,3) pen=15.4015 hits=11/460 hit_ratio=0.0239 avg_depth=0.3735 min_nn=0.8956

  --- ACTIVE GENE MAP ---
    Gene  0 (Pair  2- 1): choice=3 (inl=84)
    Gene  1 (Pair  3- 1): choice=2 (inl=179)
    Gene  2 (Pair  4- 1): choice=4 (inl=55)
    Gene  3 (Pair  3- 2): choice=11 (inl=139)
    Gene  4 (Pair  4- 2): choice=6 (inl=114)

  --- SHARD 4 CANDIDATE ANALYSIS ---
    Pair (4-1): Selected=4 / 5 choices
      Choice 1: inliners=46
      Choice 2: inliners=0
      Choice 3: inliners=42
      Choice 4: inliners=55 [SELECTED]
      Choice 5: inliners=38
    Pair (4-2): Selected=6 / 7 choices
      Choice 1: inliners=20
      Choice 2: inliners=20
      Choice 3: inliners=30
      Choice 4: inliners=34
      Choice 5: inliners=20
      Choice 6: inliners=114 [SELECTED]
      Choice 7: inliners=40
    Pair (4-3): Selected=0 / 9 choices
      Choice 1: inliners=10
      Choice 2: inliners=8
      Choice 3: inliners=48
      Choice 4: inliners=28
      Choice 5: inliners=22
      Choice 6: inliners=8
      Choice 7: inliners=0
      Choice 8: inliners=20
      Choice 9: inliners=8


--- COLLISION AUDIT [FINAL BEST] ---
  Fitness overlap penalty: 0.0000
  Recomputed indexed overlap sum: 34.1523 (delta=34.1523)
  Pair counts: total=6 same_comp=6 broad_reject=0 narrow_checked=6 active=2
  Pair (0,1): center_dist=0.000 broad_radius=0.000 min_nn=0.824 hits=16/1491 hit_ratio=0.011 avg_depth=0.344 pair_pen=18.751 [!!!] ACTIVE COLLISION UNRESOLVED
  Pair (0,2): center_dist=0.000 broad_radius=0.000 min_nn=4.131 hits=0/1620 hit_ratio=0.000 avg_depth=0.000 pair_pen=0.000 [OK] NARROW-PHASE CLEAR
  Pair (0,3): center_dist=0.000 broad_radius=0.000 min_nn=0.896 hits=11/460 hit_ratio=0.024 avg_depth=0.373 pair_pen=15.402 [!!!] ACTIVE COLLISION UNRESOLVED
  Pair (1,2): center_dist=0.000 broad_radius=0.000 min_nn=4.199 hits=0/1491 hit_ratio=0.000 avg_depth=0.000 pair_pen=0.000 [OK] NARROW-PHASE CLEAR
  Pair (1,3): center_dist=0.000 broad_radius=0.000 min_nn=3.068 hits=0/1491 hit_ratio=0.000 avg_depth=0.000 pair_pen=0.000 [OK] NARROW-PHASE CLEAR
  Pair (2,3): center_dist=0.000 broad_radius=0.000 min_nn=19.912 hits=0/566 hit_ratio=0.000 avg_depth=0.000 pair_pen=0.000 [OK] NARROW-PHASE CLEAR


--- COLLISION CLOUD SUMMARY ---
  Params: voxel=5 edge_exclusion=2 epsilon=2.5 max_points=300
  Sherd 1: in=29196 out=33483 filtered=1746 candidate=60933 voxel=1620 final=1620 radius=72.247
  Sherd 2: in=26028 out=29475 filtered=1961 candidate=53542 voxel=1484 final=1484 radius=75.644
  Sherd 3: in=14590 out=8150 filtered=1693 candidate=21047 voxel=568 final=568 radius=63.974
  Sherd 4: in=8442 out=10188 filtered=1179 candidate=17451 voxel=475 final=475 radius=44.476
  Valid sherds=4 empty_clouds=0


--- GENERATION 0 BEST BREAKDOWN ---
  Total Fitness: 380.48
  Inlier Reward: 392.03
  Cycle Penalty: 0.00
  Overlap Penalty: 0.00
  Edge Residual Penalty: 0.00
  Edge Rot Residual Penalty: 51.56
  Connectivity Reward: 40.00
  Component Penalty: 0.00
  Largest Component: 4
  Num Components: 1
  Active Pairs: 5
  OverlapDiag Sum (indexed): 48.6440 (delta_vs_fitness=48.6440)
  OverlapDiag Pairs: total=6 same_comp=6 broad_reject=0 narrow_checked=6 active=3
  OverlapDiag Top Active Pairs:
    Pair (1,3) pen=24.2198 hits=21/475 hit_ratio=0.0442 avg_depth=0.2798 min_nn=1.0306
    Pair (1,2) pen=22.0376 hits=16/568 hit_ratio=0.0282 avg_depth=0.3528 min_nn=0.3331
    Pair (0,1) pen=2.3866 hits=4/1484 hit_ratio=0.0027 avg_depth=0.2961 min_nn=1.1728

  --- ACTIVE GENE MAP ---
    Gene  0 (Pair  2- 1): choice=1 (inl=38)
    Gene  1 (Pair  3- 1): choice=2 (inl=174)
    Gene  3 (Pair  3- 2): choice=14 (inl=149)
    Gene  4 (Pair  4- 2): choice=6 (inl=114)
    Gene  5 (Pair  4- 3): choice=3 (inl=48)

  --- SHARD 4 CANDIDATE ANALYSIS ---
    Pair (4-1): Selected=0 / 5 choices
      Choice 1: inliners=46
      Choice 2: inliners=32
      Choice 3: inliners=42
      Choice 4: inliners=53
      Choice 5: inliners=16
    Pair (4-2): Selected=6 / 7 choices
      Choice 1: inliners=20
      Choice 2: inliners=28
      Choice 3: inliners=38
      Choice 4: inliners=22
      Choice 5: inliners=28
      Choice 6: inliners=114 [SELECTED]
      Choice 7: inliners=40
    Pair (4-3): Selected=3 / 9 choices
      Choice 1: inliners=0
      Choice 2: inliners=0
      Choice 3: inliners=48 [SELECTED]
      Choice 4: inliners=28
      Choice 5: inliners=22
      Choice 6: inliners=10
      Choice 7: inliners=16
      Choice 8: inliners=4
      Choice 9: inliners=8


--- GENERATION 10 BEST BREAKDOWN ---
  Total Fitness: 476.74
  Inlier Reward: 437.13
  Cycle Penalty: 0.00
  Overlap Penalty: 0.00
  Edge Residual Penalty: 0.00
  Edge Rot Residual Penalty: 0.39
  Connectivity Reward: 40.00
  Component Penalty: 0.00
  Largest Component: 4
  Num Components: 1
  Active Pairs: 5
  OverlapDiag Sum (indexed): 44.3782 (delta_vs_fitness=44.3782)
  OverlapDiag Pairs: total=6 same_comp=6 broad_reject=0 narrow_checked=6 active=2
  OverlapDiag Top Active Pairs:
    Pair (0,1) pen=25.3253 hits=17/1484 hit_ratio=0.0115 avg_depth=0.4325 min_nn=0.7849
    Pair (0,3) pen=19.0530 hits=15/475 hit_ratio=0.0316 avg_depth=0.3142 min_nn=1.1960

  --- ACTIVE GENE MAP ---
    Gene  0 (Pair  2- 1): choice=3 (inl=84)
    Gene  1 (Pair  3- 1): choice=2 (inl=174)
    Gene  2 (Pair  4- 1): choice=4 (inl=53)
    Gene  3 (Pair  3- 2): choice=14 (inl=149)
    Gene  4 (Pair  4- 2): choice=6 (inl=114)

  --- SHARD 4 CANDIDATE ANALYSIS ---
    Pair (4-1): Selected=4 / 5 choices
      Choice 1: inliners=46
      Choice 2: inliners=32
      Choice 3: inliners=42
      Choice 4: inliners=53 [SELECTED]
      Choice 5: inliners=16
    Pair (4-2): Selected=6 / 7 choices
      Choice 1: inliners=20
      Choice 2: inliners=28
      Choice 3: inliners=38
      Choice 4: inliners=22
      Choice 5: inliners=28
      Choice 6: inliners=114 [SELECTED]
      Choice 7: inliners=40
    Pair (4-3): Selected=0 / 9 choices
      Choice 1: inliners=0
      Choice 2: inliners=0
      Choice 3: inliners=48
      Choice 4: inliners=28
      Choice 5: inliners=22
      Choice 6: inliners=10
      Choice 7: inliners=16
      Choice 8: inliners=4
      Choice 9: inliners=8


--- GENERATION 20 BEST BREAKDOWN ---
  Total Fitness: 476.74
  Inlier Reward: 437.13
  Cycle Penalty: 0.00
  Overlap Penalty: 0.00
  Edge Residual Penalty: 0.00
  Edge Rot Residual Penalty: 0.39
  Connectivity Reward: 40.00
  Component Penalty: 0.00
  Largest Component: 4
  Num Components: 1
  Active Pairs: 5
  OverlapDiag Sum (indexed): 44.3782 (delta_vs_fitness=44.3782)
  OverlapDiag Pairs: total=6 same_comp=6 broad_reject=0 narrow_checked=6 active=2
  OverlapDiag Top Active Pairs:
    Pair (0,1) pen=25.3253 hits=17/1484 hit_ratio=0.0115 avg_depth=0.4325 min_nn=0.7849
    Pair (0,3) pen=19.0530 hits=15/475 hit_ratio=0.0316 avg_depth=0.3142 min_nn=1.1960

  --- ACTIVE GENE MAP ---
    Gene  0 (Pair  2- 1): choice=3 (inl=84)
    Gene  1 (Pair  3- 1): choice=2 (inl=174)
    Gene  2 (Pair  4- 1): choice=4 (inl=53)
    Gene  3 (Pair  3- 2): choice=14 (inl=149)
    Gene  4 (Pair  4- 2): choice=6 (inl=114)

  --- SHARD 4 CANDIDATE ANALYSIS ---
    Pair (4-1): Selected=4 / 5 choices
      Choice 1: inliners=46
      Choice 2: inliners=32
      Choice 3: inliners=42
      Choice 4: inliners=53 [SELECTED]
      Choice 5: inliners=16
    Pair (4-2): Selected=6 / 7 choices
      Choice 1: inliners=20
      Choice 2: inliners=28
      Choice 3: inliners=38
      Choice 4: inliners=22
      Choice 5: inliners=28
      Choice 6: inliners=114 [SELECTED]
      Choice 7: inliners=40
    Pair (4-3): Selected=0 / 9 choices
      Choice 1: inliners=0
      Choice 2: inliners=0
      Choice 3: inliners=48
      Choice 4: inliners=28
      Choice 5: inliners=22
      Choice 6: inliners=10
      Choice 7: inliners=16
      Choice 8: inliners=4
      Choice 9: inliners=8


--- GENERATION 30 BEST BREAKDOWN ---
  Total Fitness: 476.74
  Inlier Reward: 437.13
  Cycle Penalty: 0.00
  Overlap Penalty: 0.00
  Edge Residual Penalty: 0.00
  Edge Rot Residual Penalty: 0.39
  Connectivity Reward: 40.00
  Component Penalty: 0.00
  Largest Component: 4
  Num Components: 1
  Active Pairs: 5
  OverlapDiag Sum (indexed): 44.3782 (delta_vs_fitness=44.3782)
  OverlapDiag Pairs: total=6 same_comp=6 broad_reject=0 narrow_checked=6 active=2
  OverlapDiag Top Active Pairs:
    Pair (0,1) pen=25.3253 hits=17/1484 hit_ratio=0.0115 avg_depth=0.4325 min_nn=0.7849
    Pair (0,3) pen=19.0530 hits=15/475 hit_ratio=0.0316 avg_depth=0.3142 min_nn=1.1960

  --- ACTIVE GENE MAP ---
    Gene  0 (Pair  2- 1): choice=3 (inl=84)
    Gene  1 (Pair  3- 1): choice=2 (inl=174)
    Gene  2 (Pair  4- 1): choice=4 (inl=53)
    Gene  3 (Pair  3- 2): choice=14 (inl=149)
    Gene  4 (Pair  4- 2): choice=6 (inl=114)

  --- SHARD 4 CANDIDATE ANALYSIS ---
    Pair (4-1): Selected=4 / 5 choices
      Choice 1: inliners=46
      Choice 2: inliners=32
      Choice 3: inliners=42
      Choice 4: inliners=53 [SELECTED]
      Choice 5: inliners=16
    Pair (4-2): Selected=6 / 7 choices
      Choice 1: inliners=20
      Choice 2: inliners=28
      Choice 3: inliners=38
      Choice 4: inliners=22
      Choice 5: inliners=28
      Choice 6: inliners=114 [SELECTED]
      Choice 7: inliners=40
    Pair (4-3): Selected=0 / 9 choices
      Choice 1: inliners=0
      Choice 2: inliners=0
      Choice 3: inliners=48
      Choice 4: inliners=28
      Choice 5: inliners=22
      Choice 6: inliners=10
      Choice 7: inliners=16
      Choice 8: inliners=4
      Choice 9: inliners=8


--- GENERATION 40 BEST BREAKDOWN ---
  Total Fitness: 476.74
  Inlier Reward: 437.13
  Cycle Penalty: 0.00
  Overlap Penalty: 0.00
  Edge Residual Penalty: 0.00
  Edge Rot Residual Penalty: 0.39
  Connectivity Reward: 40.00
  Component Penalty: 0.00
  Largest Component: 4
  Num Components: 1
  Active Pairs: 5
  OverlapDiag Sum (indexed): 44.3782 (delta_vs_fitness=44.3782)
  OverlapDiag Pairs: total=6 same_comp=6 broad_reject=0 narrow_checked=6 active=2
  OverlapDiag Top Active Pairs:
    Pair (0,1) pen=25.3253 hits=17/1484 hit_ratio=0.0115 avg_depth=0.4325 min_nn=0.7849
    Pair (0,3) pen=19.0530 hits=15/475 hit_ratio=0.0316 avg_depth=0.3142 min_nn=1.1960

  --- ACTIVE GENE MAP ---
    Gene  0 (Pair  2- 1): choice=3 (inl=84)
    Gene  1 (Pair  3- 1): choice=2 (inl=174)
    Gene  2 (Pair  4- 1): choice=4 (inl=53)
    Gene  3 (Pair  3- 2): choice=14 (inl=149)
    Gene  4 (Pair  4- 2): choice=6 (inl=114)

  --- SHARD 4 CANDIDATE ANALYSIS ---
    Pair (4-1): Selected=4 / 5 choices
      Choice 1: inliners=46
      Choice 2: inliners=32
      Choice 3: inliners=42
      Choice 4: inliners=53 [SELECTED]
      Choice 5: inliners=16
    Pair (4-2): Selected=6 / 7 choices
      Choice 1: inliners=20
      Choice 2: inliners=28
      Choice 3: inliners=38
      Choice 4: inliners=22
      Choice 5: inliners=28
      Choice 6: inliners=114 [SELECTED]
      Choice 7: inliners=40
    Pair (4-3): Selected=0 / 9 choices
      Choice 1: inliners=0
      Choice 2: inliners=0
      Choice 3: inliners=48
      Choice 4: inliners=28
      Choice 5: inliners=22
      Choice 6: inliners=10
      Choice 7: inliners=16
      Choice 8: inliners=4
      Choice 9: inliners=8


--- GENERATION 50 BEST BREAKDOWN ---
  Total Fitness: 476.74
  Inlier Reward: 437.13
  Cycle Penalty: 0.00
  Overlap Penalty: 0.00
  Edge Residual Penalty: 0.00
  Edge Rot Residual Penalty: 0.39
  Connectivity Reward: 40.00
  Component Penalty: 0.00
  Largest Component: 4
  Num Components: 1
  Active Pairs: 5
  OverlapDiag Sum (indexed): 44.3782 (delta_vs_fitness=44.3782)
  OverlapDiag Pairs: total=6 same_comp=6 broad_reject=0 narrow_checked=6 active=2
  OverlapDiag Top Active Pairs:
    Pair (0,1) pen=25.3253 hits=17/1484 hit_ratio=0.0115 avg_depth=0.4325 min_nn=0.7849
    Pair (0,3) pen=19.0530 hits=15/475 hit_ratio=0.0316 avg_depth=0.3142 min_nn=1.1960

  --- ACTIVE GENE MAP ---
    Gene  0 (Pair  2- 1): choice=3 (inl=84)
    Gene  1 (Pair  3- 1): choice=2 (inl=174)
    Gene  2 (Pair  4- 1): choice=4 (inl=53)
    Gene  3 (Pair  3- 2): choice=14 (inl=149)
    Gene  4 (Pair  4- 2): choice=6 (inl=114)

  --- SHARD 4 CANDIDATE ANALYSIS ---
    Pair (4-1): Selected=4 / 5 choices
      Choice 1: inliners=46
      Choice 2: inliners=32
      Choice 3: inliners=42
      Choice 4: inliners=53 [SELECTED]
      Choice 5: inliners=16
    Pair (4-2): Selected=6 / 7 choices
      Choice 1: inliners=20
      Choice 2: inliners=28
      Choice 3: inliners=38
      Choice 4: inliners=22
      Choice 5: inliners=28
      Choice 6: inliners=114 [SELECTED]
      Choice 7: inliners=40
    Pair (4-3): Selected=0 / 9 choices
      Choice 1: inliners=0
      Choice 2: inliners=0
      Choice 3: inliners=48
      Choice 4: inliners=28
      Choice 5: inliners=22
      Choice 6: inliners=10
      Choice 7: inliners=16
      Choice 8: inliners=4
      Choice 9: inliners=8


--- COLLISION AUDIT [FINAL BEST] ---
  Fitness overlap penalty: 0.0000
  Recomputed indexed overlap sum: 44.3782 (delta=44.3782)
  Pair counts: total=6 same_comp=6 broad_reject=0 narrow_checked=6 active=2
  Pair (0,1): center_dist=0.000 broad_radius=0.000 min_nn=0.785 hits=17/1484 hit_ratio=0.011 avg_depth=0.433 pair_pen=25.325 [!!!] ACTIVE COLLISION UNRESOLVED
  Pair (0,2): center_dist=0.000 broad_radius=0.000 min_nn=4.576 hits=0/1620 hit_ratio=0.000 avg_depth=0.000 pair_pen=0.000 [OK] NARROW-PHASE CLEAR
  Pair (0,3): center_dist=0.000 broad_radius=0.000 min_nn=1.196 hits=15/475 hit_ratio=0.032 avg_depth=0.314 pair_pen=19.053 [!!!] ACTIVE COLLISION UNRESOLVED
  Pair (1,2): center_dist=0.000 broad_radius=0.000 min_nn=5.124 hits=0/1484 hit_ratio=0.000 avg_depth=0.000 pair_pen=0.000 [OK] NARROW-PHASE CLEAR
  Pair (1,3): center_dist=0.000 broad_radius=0.000 min_nn=5.639 hits=0/1484 hit_ratio=0.000 avg_depth=0.000 pair_pen=0.000 [OK] NARROW-PHASE CLEAR
  Pair (2,3): center_dist=0.000 broad_radius=0.000 min_nn=19.827 hits=0/568 hit_ratio=0.000 avg_depth=0.000 pair_pen=0.000 [OK] NARROW-PHASE CLEAR

