
--- COLLISION CLOUD SUMMARY ---
  Params: voxel=5 edge_exclusion=2 epsilon=2.5 max_points=300
  Sherd 1: in=7717 out=7977 filtered=1136 candidate=14558 voxel=389 final=389 radius=49.349
  Sherd 2: in=7044 out=8380 filtered=1069 candidate=14355 voxel=371 final=371 radius=47.736
  Sherd 3: in=2895 out=3446 filtered=694 candidate=5647 voxel=161 final=161 radius=28.197
  Sherd 4: in=1569 out=1995 filtered=520 candidate=3044 voxel=91 final=91 radius=22.965
  Sherd 5: in=1583 out=2194 filtered=462 candidate=3315 voxel=88 final=88 radius=21.008
  Sherd 6: in=1106 out=1571 filtered=423 candidate=2254 voxel=70 final=70 radius=20.043
  Valid sherds=6 empty_clouds=0


--- GENERATION 0 BEST BREAKDOWN ---
  Total Fitness: 25.21
  Inlier Reward: 307.58
  Cycle Penalty: 0.00
  Overlap Penalty: 179.32
  Edge Residual Penalty: 0.00
  Edge Rot Residual Penalty: 163.05
  Connectivity Reward: 60.00
  Component Penalty: 0.00
  Largest Component: 6
  Num Components: 1
  Active Pairs: 15
  OverlapDiag Sum (indexed): 187.9438 (delta_vs_fitness=8.6243)
  OverlapDiag Pairs: total=15 same_comp=15 broad_reject=0 narrow_checked=15 active=6
  OverlapDiag Top Active Pairs:
    Pair (1,2) pen=99.6784 hits=52/161 hit_ratio=0.3230 avg_depth=0.3277 min_nn=0.3991
    Pair (0,5) pen=30.9494 hits=12/389 hit_ratio=0.1714 avg_depth=0.2786 min_nn=1.2396
    Pair (3,4) pen=25.5582 hits=11/91 hit_ratio=0.1250 avg_depth=0.3000 min_nn=1.2163
    Pair (0,4) pen=23.1335 hits=7/88 hit_ratio=0.0795 avg_depth=0.5479 min_nn=0.5755
    Pair (0,2) pen=4.6493 hits=4/389 hit_ratio=0.0248 avg_depth=0.2981 min_nn=1.4195

  --- ACTIVE GENE MAP ---
    Gene  0 (Pair  2- 1): choice=1 (inl=32)
    Gene  1 (Pair  3- 1): choice=2 (inl=36)
    Gene  2 (Pair  4- 1): choice=1 (inl=22)
    Gene  3 (Pair  5- 1): choice=2 (inl=26)
    Gene  4 (Pair  6- 1): choice=1 (inl=33)
    Gene  5 (Pair  3- 2): choice=4 (inl=67)
    Gene  6 (Pair  4- 2): choice=1 (inl=10)
    Gene  7 (Pair  5- 2): choice=1 (inl=28)
    Gene  8 (Pair  6- 2): choice=1 (inl=26)
    Gene  9 (Pair  4- 3): choice=1 (inl=18)
    Gene 10 (Pair  5- 3): choice=3 (inl=20)
    Gene 11 (Pair  6- 3): choice=2 (inl=22)
    Gene 12 (Pair  5- 4): choice=1 (inl=22)
    Gene 13 (Pair  6- 4): choice=1 (inl=22)
    Gene 14 (Pair  6- 5): choice=1 (inl=28)

  --- SHARD 4 CANDIDATE ANALYSIS ---
    Pair (4-1): Selected=1 / 1 choices
      Choice 1: inliners=22 [SELECTED]
    Pair (4-2): Selected=1 / 2 choices
      Choice 1: inliners=10 [SELECTED]
      Choice 2: inliners=24
    Pair (4-3): Selected=1 / 2 choices
      Choice 1: inliners=18 [SELECTED]
      Choice 2: inliners=26
    Pair (5-4): Selected=1 / 1 choices
      Choice 1: inliners=22 [SELECTED]
    Pair (6-4): Selected=1 / 1 choices
      Choice 1: inliners=22 [SELECTED]


--- GENERATION 10 BEST BREAKDOWN ---
  Total Fitness: 128.68
  Inlier Reward: 222.71
  Cycle Penalty: 0.00
  Overlap Penalty: 49.92
  Edge Residual Penalty: 0.00
  Edge Rot Residual Penalty: 104.11
  Connectivity Reward: 60.00
  Component Penalty: 0.00
  Largest Component: 6
  Num Components: 1
  Active Pairs: 12
  OverlapDiag Sum (indexed): 73.2999 (delta_vs_fitness=23.3765)
  OverlapDiag Pairs: total=15 same_comp=15 broad_reject=0 narrow_checked=15 active=5
  OverlapDiag Top Active Pairs:
    Pair (0,5) pen=30.9494 hits=12/389 hit_ratio=0.1714 avg_depth=0.2786 min_nn=1.2396
    Pair (0,4) pen=18.9741 hits=8/88 hit_ratio=0.0909 avg_depth=0.3445 min_nn=0.9881
    Pair (1,2) pen=13.2868 hits=8/371 hit_ratio=0.0497 avg_depth=0.3359 min_nn=0.7613
    Pair (3,4) pen=5.1365 hits=3/91 hit_ratio=0.0330 avg_depth=0.3991 min_nn=0.8690
    Pair (2,3) pen=4.9532 hits=3/91 hit_ratio=0.0330 avg_depth=0.3716 min_nn=1.3239

  --- ACTIVE GENE MAP ---
    Gene  1 (Pair  3- 1): choice=1 (inl=24)
    Gene  3 (Pair  5- 1): choice=1 (inl=24)
    Gene  4 (Pair  6- 1): choice=1 (inl=33)
    Gene  5 (Pair  3- 2): choice=1 (inl=45)
    Gene  6 (Pair  4- 2): choice=1 (inl=10)
    Gene  7 (Pair  5- 2): choice=1 (inl=28)
    Gene  8 (Pair  6- 2): choice=1 (inl=26)
    Gene  9 (Pair  4- 3): choice=1 (inl=18)
    Gene 10 (Pair  5- 3): choice=1 (inl=26)
    Gene 11 (Pair  6- 3): choice=2 (inl=22)
    Gene 12 (Pair  5- 4): choice=1 (inl=22)
    Gene 14 (Pair  6- 5): choice=1 (inl=28)

  --- SHARD 4 CANDIDATE ANALYSIS ---
    Pair (4-1): Selected=0 / 1 choices
      Choice 1: inliners=22
    Pair (4-2): Selected=1 / 2 choices
      Choice 1: inliners=10 [SELECTED]
      Choice 2: inliners=24
    Pair (4-3): Selected=1 / 2 choices
      Choice 1: inliners=18 [SELECTED]
      Choice 2: inliners=26
    Pair (5-4): Selected=1 / 1 choices
      Choice 1: inliners=22 [SELECTED]
    Pair (6-4): Selected=0 / 1 choices
      Choice 1: inliners=22


--- GENERATION 20 BEST BREAKDOWN ---
  Total Fitness: 128.68
  Inlier Reward: 222.71
  Cycle Penalty: 0.00
  Overlap Penalty: 49.92
  Edge Residual Penalty: 0.00
  Edge Rot Residual Penalty: 104.11
  Connectivity Reward: 60.00
  Component Penalty: 0.00
  Largest Component: 6
  Num Components: 1
  Active Pairs: 12
  OverlapDiag Sum (indexed): 73.2999 (delta_vs_fitness=23.3765)
  OverlapDiag Pairs: total=15 same_comp=15 broad_reject=0 narrow_checked=15 active=5
  OverlapDiag Top Active Pairs:
    Pair (0,5) pen=30.9494 hits=12/389 hit_ratio=0.1714 avg_depth=0.2786 min_nn=1.2396
    Pair (0,4) pen=18.9741 hits=8/88 hit_ratio=0.0909 avg_depth=0.3445 min_nn=0.9881
    Pair (1,2) pen=13.2868 hits=8/371 hit_ratio=0.0497 avg_depth=0.3359 min_nn=0.7613
    Pair (3,4) pen=5.1365 hits=3/91 hit_ratio=0.0330 avg_depth=0.3991 min_nn=0.8690
    Pair (2,3) pen=4.9532 hits=3/91 hit_ratio=0.0330 avg_depth=0.3716 min_nn=1.3239

  --- ACTIVE GENE MAP ---
    Gene  1 (Pair  3- 1): choice=1 (inl=24)
    Gene  3 (Pair  5- 1): choice=1 (inl=24)
    Gene  4 (Pair  6- 1): choice=1 (inl=33)
    Gene  5 (Pair  3- 2): choice=1 (inl=45)
    Gene  6 (Pair  4- 2): choice=1 (inl=10)
    Gene  7 (Pair  5- 2): choice=1 (inl=28)
    Gene  8 (Pair  6- 2): choice=1 (inl=26)
    Gene  9 (Pair  4- 3): choice=1 (inl=18)
    Gene 10 (Pair  5- 3): choice=1 (inl=26)
    Gene 11 (Pair  6- 3): choice=2 (inl=22)
    Gene 12 (Pair  5- 4): choice=1 (inl=22)
    Gene 14 (Pair  6- 5): choice=1 (inl=28)

  --- SHARD 4 CANDIDATE ANALYSIS ---
    Pair (4-1): Selected=0 / 1 choices
      Choice 1: inliners=22
    Pair (4-2): Selected=1 / 2 choices
      Choice 1: inliners=10 [SELECTED]
      Choice 2: inliners=24
    Pair (4-3): Selected=1 / 2 choices
      Choice 1: inliners=18 [SELECTED]
      Choice 2: inliners=26
    Pair (5-4): Selected=1 / 1 choices
      Choice 1: inliners=22 [SELECTED]
    Pair (6-4): Selected=0 / 1 choices
      Choice 1: inliners=22


--- GENERATION 30 BEST BREAKDOWN ---
  Total Fitness: 128.68
  Inlier Reward: 222.71
  Cycle Penalty: 0.00
  Overlap Penalty: 49.92
  Edge Residual Penalty: 0.00
  Edge Rot Residual Penalty: 104.11
  Connectivity Reward: 60.00
  Component Penalty: 0.00
  Largest Component: 6
  Num Components: 1
  Active Pairs: 12
  OverlapDiag Sum (indexed): 73.2999 (delta_vs_fitness=23.3765)
  OverlapDiag Pairs: total=15 same_comp=15 broad_reject=0 narrow_checked=15 active=5
  OverlapDiag Top Active Pairs:
    Pair (0,5) pen=30.9494 hits=12/389 hit_ratio=0.1714 avg_depth=0.2786 min_nn=1.2396
    Pair (0,4) pen=18.9741 hits=8/88 hit_ratio=0.0909 avg_depth=0.3445 min_nn=0.9881
    Pair (1,2) pen=13.2868 hits=8/371 hit_ratio=0.0497 avg_depth=0.3359 min_nn=0.7613
    Pair (3,4) pen=5.1365 hits=3/91 hit_ratio=0.0330 avg_depth=0.3991 min_nn=0.8690
    Pair (2,3) pen=4.9532 hits=3/91 hit_ratio=0.0330 avg_depth=0.3716 min_nn=1.3239

  --- ACTIVE GENE MAP ---
    Gene  1 (Pair  3- 1): choice=1 (inl=24)
    Gene  3 (Pair  5- 1): choice=1 (inl=24)
    Gene  4 (Pair  6- 1): choice=1 (inl=33)
    Gene  5 (Pair  3- 2): choice=1 (inl=45)
    Gene  6 (Pair  4- 2): choice=1 (inl=10)
    Gene  7 (Pair  5- 2): choice=1 (inl=28)
    Gene  8 (Pair  6- 2): choice=1 (inl=26)
    Gene  9 (Pair  4- 3): choice=1 (inl=18)
    Gene 10 (Pair  5- 3): choice=1 (inl=26)
    Gene 11 (Pair  6- 3): choice=2 (inl=22)
    Gene 12 (Pair  5- 4): choice=1 (inl=22)
    Gene 14 (Pair  6- 5): choice=1 (inl=28)

  --- SHARD 4 CANDIDATE ANALYSIS ---
    Pair (4-1): Selected=0 / 1 choices
      Choice 1: inliners=22
    Pair (4-2): Selected=1 / 2 choices
      Choice 1: inliners=10 [SELECTED]
      Choice 2: inliners=24
    Pair (4-3): Selected=1 / 2 choices
      Choice 1: inliners=18 [SELECTED]
      Choice 2: inliners=26
    Pair (5-4): Selected=1 / 1 choices
      Choice 1: inliners=22 [SELECTED]
    Pair (6-4): Selected=0 / 1 choices
      Choice 1: inliners=22


--- GENERATION 40 BEST BREAKDOWN ---
  Total Fitness: 132.65
  Inlier Reward: 202.44
  Cycle Penalty: 0.00
  Overlap Penalty: 49.92
  Edge Residual Penalty: 0.00
  Edge Rot Residual Penalty: 79.86
  Connectivity Reward: 60.00
  Component Penalty: 0.00
  Largest Component: 6
  Num Components: 1
  Active Pairs: 11
  OverlapDiag Sum (indexed): 73.2999 (delta_vs_fitness=23.3765)
  OverlapDiag Pairs: total=15 same_comp=15 broad_reject=0 narrow_checked=15 active=5
  OverlapDiag Top Active Pairs:
    Pair (0,5) pen=30.9494 hits=12/389 hit_ratio=0.1714 avg_depth=0.2786 min_nn=1.2396
    Pair (0,4) pen=18.9741 hits=8/88 hit_ratio=0.0909 avg_depth=0.3445 min_nn=0.9881
    Pair (1,2) pen=13.2868 hits=8/371 hit_ratio=0.0497 avg_depth=0.3359 min_nn=0.7613
    Pair (3,4) pen=5.1365 hits=3/91 hit_ratio=0.0330 avg_depth=0.3991 min_nn=0.8690
    Pair (2,3) pen=4.9532 hits=3/91 hit_ratio=0.0330 avg_depth=0.3716 min_nn=1.3239

  --- ACTIVE GENE MAP ---
    Gene  1 (Pair  3- 1): choice=1 (inl=24)
    Gene  3 (Pair  5- 1): choice=1 (inl=24)
    Gene  4 (Pair  6- 1): choice=1 (inl=33)
    Gene  5 (Pair  3- 2): choice=1 (inl=45)
    Gene  6 (Pair  4- 2): choice=1 (inl=10)
    Gene  7 (Pair  5- 2): choice=1 (inl=28)
    Gene  9 (Pair  4- 3): choice=1 (inl=18)
    Gene 10 (Pair  5- 3): choice=1 (inl=26)
    Gene 11 (Pair  6- 3): choice=2 (inl=22)
    Gene 12 (Pair  5- 4): choice=1 (inl=22)
    Gene 14 (Pair  6- 5): choice=1 (inl=28)

  --- SHARD 4 CANDIDATE ANALYSIS ---
    Pair (4-1): Selected=0 / 1 choices
      Choice 1: inliners=22
    Pair (4-2): Selected=1 / 2 choices
      Choice 1: inliners=10 [SELECTED]
      Choice 2: inliners=24
    Pair (4-3): Selected=1 / 2 choices
      Choice 1: inliners=18 [SELECTED]
      Choice 2: inliners=26
    Pair (5-4): Selected=1 / 1 choices
      Choice 1: inliners=22 [SELECTED]
    Pair (6-4): Selected=0 / 1 choices
      Choice 1: inliners=22


--- GENERATION 50 BEST BREAKDOWN ---
  Total Fitness: 132.65
  Inlier Reward: 202.44
  Cycle Penalty: 0.00
  Overlap Penalty: 49.92
  Edge Residual Penalty: 0.00
  Edge Rot Residual Penalty: 79.86
  Connectivity Reward: 60.00
  Component Penalty: 0.00
  Largest Component: 6
  Num Components: 1
  Active Pairs: 11
  OverlapDiag Sum (indexed): 73.2999 (delta_vs_fitness=23.3765)
  OverlapDiag Pairs: total=15 same_comp=15 broad_reject=0 narrow_checked=15 active=5
  OverlapDiag Top Active Pairs:
    Pair (0,5) pen=30.9494 hits=12/389 hit_ratio=0.1714 avg_depth=0.2786 min_nn=1.2396
    Pair (0,4) pen=18.9741 hits=8/88 hit_ratio=0.0909 avg_depth=0.3445 min_nn=0.9881
    Pair (1,2) pen=13.2868 hits=8/371 hit_ratio=0.0497 avg_depth=0.3359 min_nn=0.7613
    Pair (3,4) pen=5.1365 hits=3/91 hit_ratio=0.0330 avg_depth=0.3991 min_nn=0.8690
    Pair (2,3) pen=4.9532 hits=3/91 hit_ratio=0.0330 avg_depth=0.3716 min_nn=1.3239

  --- ACTIVE GENE MAP ---
    Gene  1 (Pair  3- 1): choice=1 (inl=24)
    Gene  3 (Pair  5- 1): choice=1 (inl=24)
    Gene  4 (Pair  6- 1): choice=1 (inl=33)
    Gene  5 (Pair  3- 2): choice=1 (inl=45)
    Gene  6 (Pair  4- 2): choice=1 (inl=10)
    Gene  7 (Pair  5- 2): choice=1 (inl=28)
    Gene  9 (Pair  4- 3): choice=1 (inl=18)
    Gene 10 (Pair  5- 3): choice=1 (inl=26)
    Gene 11 (Pair  6- 3): choice=2 (inl=22)
    Gene 12 (Pair  5- 4): choice=1 (inl=22)
    Gene 14 (Pair  6- 5): choice=1 (inl=28)

  --- SHARD 4 CANDIDATE ANALYSIS ---
    Pair (4-1): Selected=0 / 1 choices
      Choice 1: inliners=22
    Pair (4-2): Selected=1 / 2 choices
      Choice 1: inliners=10 [SELECTED]
      Choice 2: inliners=24
    Pair (4-3): Selected=1 / 2 choices
      Choice 1: inliners=18 [SELECTED]
      Choice 2: inliners=26
    Pair (5-4): Selected=1 / 1 choices
      Choice 1: inliners=22 [SELECTED]
    Pair (6-4): Selected=0 / 1 choices
      Choice 1: inliners=22


--- COLLISION AUDIT [FINAL BEST] ---
  Fitness overlap penalty: 49.9235
  Recomputed indexed overlap sum: 73.2999 (delta=23.3765)
  Pair counts: total=15 same_comp=15 broad_reject=0 narrow_checked=15 active=5
  Pair (0,1): center_dist=0.000 broad_radius=0.000 min_nn=2.733 hits=0/389 hit_ratio=0.000 avg_depth=0.000 pair_pen=0.000 [OK] NARROW-PHASE CLEAR
  Pair (0,2): center_dist=0.000 broad_radius=0.000 min_nn=2.618 hits=0/389 hit_ratio=0.000 avg_depth=0.000 pair_pen=0.000 [OK] NARROW-PHASE CLEAR
  Pair (0,3): center_dist=0.000 broad_radius=0.000 min_nn=6.412 hits=0/389 hit_ratio=0.000 avg_depth=0.000 pair_pen=0.000 [OK] NARROW-PHASE CLEAR
  Pair (0,4): center_dist=0.000 broad_radius=0.000 min_nn=0.988 hits=8/88 hit_ratio=0.091 avg_depth=0.345 pair_pen=18.974 [!!!] ACTIVE COLLISION UNRESOLVED
  Pair (0,5): center_dist=0.000 broad_radius=0.000 min_nn=1.240 hits=12/389 hit_ratio=0.171 avg_depth=0.279 pair_pen=30.949 [!!!] ACTIVE COLLISION UNRESOLVED
  Pair (1,2): center_dist=0.000 broad_radius=0.000 min_nn=0.761 hits=8/371 hit_ratio=0.050 avg_depth=0.336 pair_pen=13.287 [!!!] ACTIVE COLLISION UNRESOLVED
  Pair (1,3): center_dist=0.000 broad_radius=0.000 min_nn=34.291 hits=0/371 hit_ratio=0.000 avg_depth=0.000 pair_pen=0.000 [OK] NARROW-PHASE CLEAR
  Pair (1,4): center_dist=0.000 broad_radius=0.000 min_nn=41.406 hits=0/371 hit_ratio=0.000 avg_depth=0.000 pair_pen=0.000 [OK] NARROW-PHASE CLEAR
  Pair (1,5): center_dist=0.000 broad_radius=0.000 min_nn=12.575 hits=0/371 hit_ratio=0.000 avg_depth=0.000 pair_pen=0.000 [OK] NARROW-PHASE CLEAR
  Pair (2,3): center_dist=0.000 broad_radius=0.000 min_nn=1.324 hits=3/91 hit_ratio=0.033 avg_depth=0.372 pair_pen=4.953 [!!!] ACTIVE COLLISION UNRESOLVED
  Pair (2,4): center_dist=0.000 broad_radius=0.000 min_nn=25.698 hits=0/161 hit_ratio=0.000 avg_depth=0.000 pair_pen=0.000 [OK] NARROW-PHASE CLEAR
  Pair (2,5): center_dist=0.000 broad_radius=0.000 min_nn=55.422 hits=0/161 hit_ratio=0.000 avg_depth=0.000 pair_pen=0.000 [OK] NARROW-PHASE CLEAR
  Pair (3,4): center_dist=0.000 broad_radius=0.000 min_nn=0.869 hits=3/91 hit_ratio=0.033 avg_depth=0.399 pair_pen=5.136 [!!!] ACTIVE COLLISION UNRESOLVED
  Pair (3,5): center_dist=0.000 broad_radius=0.000 min_nn=79.749 hits=0/91 hit_ratio=0.000 avg_depth=0.000 pair_pen=0.000 [OK] NARROW-PHASE CLEAR
  Pair (4,5): center_dist=0.000 broad_radius=0.000 min_nn=58.126 hits=0/88 hit_ratio=0.000 avg_depth=0.000 pair_pen=0.000 [OK] NARROW-PHASE CLEAR


--- COLLISION CLOUD SUMMARY ---
  Params: voxel=5 edge_exclusion=2 epsilon=2.5 max_points=300
  Sherd 1: in=7717 out=7977 filtered=1136 candidate=14558 voxel=389 final=389 radius=49.349
  Sherd 2: in=7044 out=8380 filtered=1069 candidate=14355 voxel=373 final=373 radius=46.355
  Sherd 3: in=2895 out=3446 filtered=694 candidate=5647 voxel=172 final=172 radius=28.874
  Sherd 4: in=1569 out=1995 filtered=520 candidate=3044 voxel=91 final=91 radius=24.065
  Sherd 5: in=1583 out=2194 filtered=462 candidate=3315 voxel=102 final=102 radius=19.963
  Sherd 6: in=1106 out=1571 filtered=423 candidate=2254 voxel=72 final=72 radius=19.778
  Valid sherds=6 empty_clouds=0


--- GENERATION 0 BEST BREAKDOWN ---
  Total Fitness: 89.69
  Inlier Reward: 313.38
  Cycle Penalty: 0.00
  Overlap Penalty: 114.50
  Edge Residual Penalty: 0.00
  Edge Rot Residual Penalty: 169.19
  Connectivity Reward: 60.00
  Component Penalty: 0.00
  Largest Component: 6
  Num Components: 1
  Active Pairs: 15
  OverlapDiag Sum (indexed): 127.8062 (delta_vs_fitness=13.3053)
  OverlapDiag Pairs: total=15 same_comp=15 broad_reject=0 narrow_checked=15 active=7
  OverlapDiag Top Active Pairs:
    Pair (0,5) pen=32.7552 hits=12/389 hit_ratio=0.1389 avg_depth=0.3473 min_nn=0.4596
    Pair (0,4) pen=32.6953 hits=12/102 hit_ratio=0.1176 avg_depth=0.3865 min_nn=0.4814
    Pair (3,4) pen=28.4707 hits=13/91 hit_ratio=0.1429 avg_depth=0.2755 min_nn=1.1691
    Pair (1,5) pen=20.5798 hits=11/72 hit_ratio=0.1528 avg_depth=0.1917 min_nn=1.1597
    Pair (0,1) pen=8.0990 hits=7/389 hit_ratio=0.0180 avg_depth=0.3486 min_nn=0.9437

  --- ACTIVE GENE MAP ---
    Gene  0 (Pair  2- 1): choice=2 (inl=34)
    Gene  1 (Pair  3- 1): choice=1 (inl=24)
    Gene  2 (Pair  4- 1): choice=1 (inl=22)
    Gene  3 (Pair  5- 1): choice=2 (inl=26)
    Gene  4 (Pair  6- 1): choice=1 (inl=33)
    Gene  5 (Pair  3- 2): choice=4 (inl=65)
    Gene  6 (Pair  4- 2): choice=1 (inl=24)
    Gene  7 (Pair  5- 2): choice=1 (inl=28)
    Gene  8 (Pair  6- 2): choice=2 (inl=26)
    Gene  9 (Pair  4- 3): choice=1 (inl=18)
    Gene 10 (Pair  5- 3): choice=1 (inl=26)
    Gene 11 (Pair  6- 3): choice=2 (inl=16)
    Gene 12 (Pair  5- 4): choice=1 (inl=22)
    Gene 13 (Pair  6- 4): choice=1 (inl=22)
    Gene 14 (Pair  6- 5): choice=1 (inl=28)

  --- SHARD 4 CANDIDATE ANALYSIS ---
    Pair (4-1): Selected=1 / 1 choices
      Choice 1: inliners=22 [SELECTED]
    Pair (4-2): Selected=1 / 2 choices
      Choice 1: inliners=24 [SELECTED]
      Choice 2: inliners=22
    Pair (4-3): Selected=1 / 2 choices
      Choice 1: inliners=18 [SELECTED]
      Choice 2: inliners=30
    Pair (5-4): Selected=1 / 1 choices
      Choice 1: inliners=22 [SELECTED]
    Pair (6-4): Selected=1 / 1 choices
      Choice 1: inliners=22 [SELECTED]


--- GENERATION 10 BEST BREAKDOWN ---
  Total Fitness: 113.33
  Inlier Reward: 251.93
  Cycle Penalty: 0.00
  Overlap Penalty: 111.13
  Edge Residual Penalty: 0.00
  Edge Rot Residual Penalty: 87.46
  Connectivity Reward: 60.00
  Component Penalty: 0.00
  Largest Component: 6
  Num Components: 1
  Active Pairs: 11
  OverlapDiag Sum (indexed): 124.2813 (delta_vs_fitness=13.1502)
  OverlapDiag Pairs: total=15 same_comp=15 broad_reject=0 narrow_checked=15 active=8
  OverlapDiag Top Active Pairs:
    Pair (0,5) pen=32.7552 hits=12/389 hit_ratio=0.1389 avg_depth=0.3473 min_nn=0.4596
    Pair (0,4) pen=32.6953 hits=12/102 hit_ratio=0.1176 avg_depth=0.3865 min_nn=0.4814
    Pair (3,4) pen=28.4707 hits=13/91 hit_ratio=0.1429 avg_depth=0.2755 min_nn=1.1691
    Pair (1,2) pen=17.2099 hits=11/172 hit_ratio=0.0640 avg_depth=0.2880 min_nn=1.1087
    Pair (0,2) pen=4.6663 hits=5/389 hit_ratio=0.0174 avg_depth=0.2713 min_nn=1.4339

  --- ACTIVE GENE MAP ---
    Gene  1 (Pair  3- 1): choice=2 (inl=38)
    Gene  2 (Pair  4- 1): choice=1 (inl=22)
    Gene  3 (Pair  5- 1): choice=2 (inl=26)
    Gene  4 (Pair  6- 1): choice=1 (inl=33)
    Gene  5 (Pair  3- 2): choice=4 (inl=65)
    Gene  6 (Pair  4- 2): choice=1 (inl=24)
    Gene  7 (Pair  5- 2): choice=1 (inl=28)
    Gene  8 (Pair  6- 2): choice=2 (inl=26)
    Gene 10 (Pair  5- 3): choice=1 (inl=26)
    Gene 11 (Pair  6- 3): choice=2 (inl=16)
    Gene 12 (Pair  5- 4): choice=1 (inl=22)

  --- SHARD 4 CANDIDATE ANALYSIS ---
    Pair (4-1): Selected=1 / 1 choices
      Choice 1: inliners=22 [SELECTED]
    Pair (4-2): Selected=1 / 2 choices
      Choice 1: inliners=24 [SELECTED]
      Choice 2: inliners=22
    Pair (4-3): Selected=0 / 2 choices
      Choice 1: inliners=18
      Choice 2: inliners=30
    Pair (5-4): Selected=1 / 1 choices
      Choice 1: inliners=22 [SELECTED]
    Pair (6-4): Selected=0 / 1 choices
      Choice 1: inliners=22


--- GENERATION 20 BEST BREAKDOWN ---
  Total Fitness: 113.33
  Inlier Reward: 251.93
  Cycle Penalty: 0.00
  Overlap Penalty: 111.13
  Edge Residual Penalty: 0.00
  Edge Rot Residual Penalty: 87.46
  Connectivity Reward: 60.00
  Component Penalty: 0.00
  Largest Component: 6
  Num Components: 1
  Active Pairs: 11
  OverlapDiag Sum (indexed): 124.2813 (delta_vs_fitness=13.1502)
  OverlapDiag Pairs: total=15 same_comp=15 broad_reject=0 narrow_checked=15 active=8
  OverlapDiag Top Active Pairs:
    Pair (0,5) pen=32.7552 hits=12/389 hit_ratio=0.1389 avg_depth=0.3473 min_nn=0.4596
    Pair (0,4) pen=32.6953 hits=12/102 hit_ratio=0.1176 avg_depth=0.3865 min_nn=0.4814
    Pair (3,4) pen=28.4707 hits=13/91 hit_ratio=0.1429 avg_depth=0.2755 min_nn=1.1691
    Pair (1,2) pen=17.2099 hits=11/172 hit_ratio=0.0640 avg_depth=0.2880 min_nn=1.1087
    Pair (0,2) pen=4.6663 hits=5/389 hit_ratio=0.0174 avg_depth=0.2713 min_nn=1.4339

  --- ACTIVE GENE MAP ---
    Gene  1 (Pair  3- 1): choice=2 (inl=38)
    Gene  2 (Pair  4- 1): choice=1 (inl=22)
    Gene  3 (Pair  5- 1): choice=2 (inl=26)
    Gene  4 (Pair  6- 1): choice=1 (inl=33)
    Gene  5 (Pair  3- 2): choice=4 (inl=65)
    Gene  6 (Pair  4- 2): choice=1 (inl=24)
    Gene  7 (Pair  5- 2): choice=1 (inl=28)
    Gene  8 (Pair  6- 2): choice=2 (inl=26)
    Gene 10 (Pair  5- 3): choice=1 (inl=26)
    Gene 11 (Pair  6- 3): choice=2 (inl=16)
    Gene 12 (Pair  5- 4): choice=1 (inl=22)

  --- SHARD 4 CANDIDATE ANALYSIS ---
    Pair (4-1): Selected=1 / 1 choices
      Choice 1: inliners=22 [SELECTED]
    Pair (4-2): Selected=1 / 2 choices
      Choice 1: inliners=24 [SELECTED]
      Choice 2: inliners=22
    Pair (4-3): Selected=0 / 2 choices
      Choice 1: inliners=18
      Choice 2: inliners=30
    Pair (5-4): Selected=1 / 1 choices
      Choice 1: inliners=22 [SELECTED]
    Pair (6-4): Selected=0 / 1 choices
      Choice 1: inliners=22


--- GENERATION 30 BEST BREAKDOWN ---
  Total Fitness: 151.36
  Inlier Reward: 231.91
  Cycle Penalty: 0.00
  Overlap Penalty: 111.13
  Edge Residual Penalty: 0.00
  Edge Rot Residual Penalty: 29.42
  Connectivity Reward: 60.00
  Component Penalty: 0.00
  Largest Component: 6
  Num Components: 1
  Active Pairs: 10
  OverlapDiag Sum (indexed): 124.2813 (delta_vs_fitness=13.1502)
  OverlapDiag Pairs: total=15 same_comp=15 broad_reject=0 narrow_checked=15 active=8
  OverlapDiag Top Active Pairs:
    Pair (0,5) pen=32.7552 hits=12/389 hit_ratio=0.1389 avg_depth=0.3473 min_nn=0.4596
    Pair (0,4) pen=32.6953 hits=12/102 hit_ratio=0.1176 avg_depth=0.3865 min_nn=0.4814
    Pair (3,4) pen=28.4707 hits=13/91 hit_ratio=0.1429 avg_depth=0.2755 min_nn=1.1691
    Pair (1,2) pen=17.2099 hits=11/172 hit_ratio=0.0640 avg_depth=0.2880 min_nn=1.1087
    Pair (0,2) pen=4.6663 hits=5/389 hit_ratio=0.0174 avg_depth=0.2713 min_nn=1.4339

  --- ACTIVE GENE MAP ---
    Gene  1 (Pair  3- 1): choice=2 (inl=38)
    Gene  2 (Pair  4- 1): choice=1 (inl=22)
    Gene  3 (Pair  5- 1): choice=2 (inl=26)
    Gene  4 (Pair  6- 1): choice=1 (inl=33)
    Gene  5 (Pair  3- 2): choice=4 (inl=65)
    Gene  6 (Pair  4- 2): choice=1 (inl=24)
    Gene  7 (Pair  5- 2): choice=1 (inl=28)
    Gene  8 (Pair  6- 2): choice=2 (inl=26)
    Gene 11 (Pair  6- 3): choice=2 (inl=16)
    Gene 12 (Pair  5- 4): choice=1 (inl=22)

  --- SHARD 4 CANDIDATE ANALYSIS ---
    Pair (4-1): Selected=1 / 1 choices
      Choice 1: inliners=22 [SELECTED]
    Pair (4-2): Selected=1 / 2 choices
      Choice 1: inliners=24 [SELECTED]
      Choice 2: inliners=22
    Pair (4-3): Selected=0 / 2 choices
      Choice 1: inliners=18
      Choice 2: inliners=30
    Pair (5-4): Selected=1 / 1 choices
      Choice 1: inliners=22 [SELECTED]
    Pair (6-4): Selected=0 / 1 choices
      Choice 1: inliners=22


--- GENERATION 40 BEST BREAKDOWN ---
  Total Fitness: 151.36
  Inlier Reward: 231.91
  Cycle Penalty: 0.00
  Overlap Penalty: 111.13
  Edge Residual Penalty: 0.00
  Edge Rot Residual Penalty: 29.42
  Connectivity Reward: 60.00
  Component Penalty: 0.00
  Largest Component: 6
  Num Components: 1
  Active Pairs: 10
  OverlapDiag Sum (indexed): 124.2813 (delta_vs_fitness=13.1502)
  OverlapDiag Pairs: total=15 same_comp=15 broad_reject=0 narrow_checked=15 active=8
  OverlapDiag Top Active Pairs:
    Pair (0,5) pen=32.7552 hits=12/389 hit_ratio=0.1389 avg_depth=0.3473 min_nn=0.4596
    Pair (0,4) pen=32.6953 hits=12/102 hit_ratio=0.1176 avg_depth=0.3865 min_nn=0.4814
    Pair (3,4) pen=28.4707 hits=13/91 hit_ratio=0.1429 avg_depth=0.2755 min_nn=1.1691
    Pair (1,2) pen=17.2099 hits=11/172 hit_ratio=0.0640 avg_depth=0.2880 min_nn=1.1087
    Pair (0,2) pen=4.6663 hits=5/389 hit_ratio=0.0174 avg_depth=0.2713 min_nn=1.4339

  --- ACTIVE GENE MAP ---
    Gene  1 (Pair  3- 1): choice=2 (inl=38)
    Gene  2 (Pair  4- 1): choice=1 (inl=22)
    Gene  3 (Pair  5- 1): choice=2 (inl=26)
    Gene  4 (Pair  6- 1): choice=1 (inl=33)
    Gene  5 (Pair  3- 2): choice=4 (inl=65)
    Gene  6 (Pair  4- 2): choice=1 (inl=24)
    Gene  7 (Pair  5- 2): choice=1 (inl=28)
    Gene  8 (Pair  6- 2): choice=2 (inl=26)
    Gene 11 (Pair  6- 3): choice=2 (inl=16)
    Gene 12 (Pair  5- 4): choice=1 (inl=22)

  --- SHARD 4 CANDIDATE ANALYSIS ---
    Pair (4-1): Selected=1 / 1 choices
      Choice 1: inliners=22 [SELECTED]
    Pair (4-2): Selected=1 / 2 choices
      Choice 1: inliners=24 [SELECTED]
      Choice 2: inliners=22
    Pair (4-3): Selected=0 / 2 choices
      Choice 1: inliners=18
      Choice 2: inliners=30
    Pair (5-4): Selected=1 / 1 choices
      Choice 1: inliners=22 [SELECTED]
    Pair (6-4): Selected=0 / 1 choices
      Choice 1: inliners=22


--- GENERATION 50 BEST BREAKDOWN ---
  Total Fitness: 181.13
  Inlier Reward: 214.08
  Cycle Penalty: 0.00
  Overlap Penalty: 62.93
  Edge Residual Penalty: 0.00
  Edge Rot Residual Penalty: 30.02
  Connectivity Reward: 60.00
  Component Penalty: 0.00
  Largest Component: 6
  Num Components: 1
  Active Pairs: 9
  OverlapDiag Sum (indexed): 75.6943 (delta_vs_fitness=12.7655)
  OverlapDiag Pairs: total=15 same_comp=15 broad_reject=0 narrow_checked=15 active=7
  OverlapDiag Top Active Pairs:
    Pair (0,5) pen=32.7552 hits=12/389 hit_ratio=0.1389 avg_depth=0.3473 min_nn=0.4596
    Pair (1,2) pen=17.2099 hits=11/172 hit_ratio=0.0640 avg_depth=0.2880 min_nn=1.1087
    Pair (3,4) pen=12.9638 hits=6/102 hit_ratio=0.0588 avg_depth=0.3981 min_nn=0.2527
    Pair (0,2) pen=4.6663 hits=5/389 hit_ratio=0.0174 avg_depth=0.2713 min_nn=1.4339
    Pair (0,3) pen=4.1390 hits=3/389 hit_ratio=0.0330 avg_depth=0.2462 min_nn=1.3123

  --- ACTIVE GENE MAP ---
    Gene  1 (Pair  3- 1): choice=2 (inl=38)
    Gene  2 (Pair  4- 1): choice=1 (inl=22)
    Gene  4 (Pair  6- 1): choice=1 (inl=33)
    Gene  5 (Pair  3- 2): choice=4 (inl=65)
    Gene  6 (Pair  4- 2): choice=1 (inl=24)
    Gene  7 (Pair  5- 2): choice=1 (inl=28)
    Gene  8 (Pair  6- 2): choice=2 (inl=26)
    Gene 11 (Pair  6- 3): choice=2 (inl=16)
    Gene 12 (Pair  5- 4): choice=1 (inl=22)

  --- SHARD 4 CANDIDATE ANALYSIS ---
    Pair (4-1): Selected=1 / 1 choices
      Choice 1: inliners=22 [SELECTED]
    Pair (4-2): Selected=1 / 2 choices
      Choice 1: inliners=24 [SELECTED]
      Choice 2: inliners=22
    Pair (4-3): Selected=0 / 2 choices
      Choice 1: inliners=18
      Choice 2: inliners=30
    Pair (5-4): Selected=1 / 1 choices
      Choice 1: inliners=22 [SELECTED]
    Pair (6-4): Selected=0 / 1 choices
      Choice 1: inliners=22


--- COLLISION AUDIT [FINAL BEST] ---
  Fitness overlap penalty: 62.9289
  Recomputed indexed overlap sum: 75.6943 (delta=12.7655)
  Pair counts: total=15 same_comp=15 broad_reject=0 narrow_checked=15 active=7
  Pair (0,1): center_dist=0.000 broad_radius=0.000 min_nn=2.991 hits=0/389 hit_ratio=0.000 avg_depth=0.000 pair_pen=0.000 [OK] NARROW-PHASE CLEAR
  Pair (0,2): center_dist=0.000 broad_radius=0.000 min_nn=1.434 hits=5/389 hit_ratio=0.017 avg_depth=0.271 pair_pen=4.666 [!!!] ACTIVE COLLISION UNRESOLVED
  Pair (0,3): center_dist=0.000 broad_radius=0.000 min_nn=1.312 hits=3/389 hit_ratio=0.033 avg_depth=0.246 pair_pen=4.139 [!!!] ACTIVE COLLISION UNRESOLVED
  Pair (0,4): center_dist=0.000 broad_radius=0.000 min_nn=10.556 hits=0/389 hit_ratio=0.000 avg_depth=0.000 pair_pen=0.000 [OK] NARROW-PHASE CLEAR
  Pair (0,5): center_dist=0.000 broad_radius=0.000 min_nn=0.460 hits=12/389 hit_ratio=0.139 avg_depth=0.347 pair_pen=32.755 [!!!] ACTIVE COLLISION UNRESOLVED
  Pair (1,2): center_dist=0.000 broad_radius=0.000 min_nn=1.109 hits=11/172 hit_ratio=0.064 avg_depth=0.288 pair_pen=17.210 [!!!] ACTIVE COLLISION UNRESOLVED
  Pair (1,3): center_dist=0.000 broad_radius=0.000 min_nn=28.845 hits=0/373 hit_ratio=0.000 avg_depth=0.000 pair_pen=0.000 [OK] NARROW-PHASE CLEAR
  Pair (1,4): center_dist=0.000 broad_radius=0.000 min_nn=1.149 hits=2/373 hit_ratio=0.020 avg_depth=0.461 pair_pen=2.828 [!!!] ACTIVE COLLISION UNRESOLVED
  Pair (1,5): center_dist=0.000 broad_radius=0.000 min_nn=35.266 hits=0/373 hit_ratio=0.000 avg_depth=0.000 pair_pen=0.000 [OK] NARROW-PHASE CLEAR
  Pair (2,3): center_dist=0.000 broad_radius=0.000 min_nn=43.341 hits=0/172 hit_ratio=0.000 avg_depth=0.000 pair_pen=0.000 [OK] NARROW-PHASE CLEAR
  Pair (2,4): center_dist=0.000 broad_radius=0.000 min_nn=50.610 hits=0/172 hit_ratio=0.000 avg_depth=0.000 pair_pen=0.000 [OK] NARROW-PHASE CLEAR
  Pair (2,5): center_dist=0.000 broad_radius=0.000 min_nn=2.375 hits=1/172 hit_ratio=0.014 avg_depth=0.050 pair_pen=1.132 [!!!] ACTIVE COLLISION UNRESOLVED
  Pair (3,4): center_dist=0.000 broad_radius=0.000 min_nn=0.253 hits=6/102 hit_ratio=0.059 avg_depth=0.398 pair_pen=12.964 [!!!] ACTIVE COLLISION UNRESOLVED
  Pair (3,5): center_dist=0.000 broad_radius=0.000 min_nn=60.434 hits=0/91 hit_ratio=0.000 avg_depth=0.000 pair_pen=0.000 [OK] NARROW-PHASE CLEAR
  Pair (4,5): center_dist=0.000 broad_radius=0.000 min_nn=83.983 hits=0/102 hit_ratio=0.000 avg_depth=0.000 pair_pen=0.000 [OK] NARROW-PHASE CLEAR

