[ICP MODE] compare (flags: --icp-mode=global|incremental|compare)
#################### Pottery Data load ####################
Attempting to read file: /Dataset/SfS_pp/Axes/Pot_F_Piece_01_Axis.xyz
File opened successfully
Successfully read 1 points
Attempting to read PCD file: /Dataset/SfS_pp/Breaklines/Pot_F_Piece_01_Breakline_0.pcd
File opened successfully
Found 5 segments, 131 total points
Processing 131 points
Found 131 unique points
Successfully processed PCD file
Attempting to read XYZ file: /Dataset/SfS_pp/Surfaces/Pot_F_Piece_01_Surface_0.xyz
Found 7717 total points, reading 7717 points
Successfully read 7717 points
Attempting to read XYZ file: /Dataset/SfS_pp/Surfaces/Pot_F_Piece_01_Surface_1.xyz
Found 7977 total points, reading 7977 points
Successfully read 7977 points
Attempting to read PCD file: /Dataset/SfS_pp/Surfaces/Pot_F_Piece_01_Surface_F.pcd
Attempting to read file: /Dataset/SfS_pp/Axes/Pot_F_Piece_02_Axis.xyz
File opened successfully
Successfully read 1 points
Attempting to read PCD file: /Dataset/SfS_pp/Breaklines/Pot_F_Piece_02_Breakline_0.pcd
File opened successfully
Found 3 segments, 125 total points
Processing 125 points
Found 125 unique points
Successfully processed PCD file
Attempting to read XYZ file: /Dataset/SfS_pp/Surfaces/Pot_F_Piece_02_Surface_0.xyz
Found 7044 total points, reading 7044 points
Successfully read 7044 points
Attempting to read XYZ file: /Dataset/SfS_pp/Surfaces/Pot_F_Piece_02_Surface_1.xyz
Found 8380 total points, reading 8380 points
Successfully read 8380 points
Attempting to read PCD file: /Dataset/SfS_pp/Surfaces/Pot_F_Piece_02_Surface_F.pcd
Attempting to read file: /Dataset/SfS_pp/Axes/Pot_F_Piece_03_Axis.xyz
File opened successfully
Successfully read 1 points
Attempting to read PCD file: /Dataset/SfS_pp/Breaklines/Pot_F_Piece_03_Breakline_0.pcd
File opened successfully
Found 3 segments, 84 total points
Processing 84 points
Found 84 unique points
Successfully processed PCD file
Attempting to read XYZ file: /Dataset/SfS_pp/Surfaces/Pot_F_Piece_03_Surface_0.xyz
Found 2895 total points, reading 2895 points
Successfully read 2895 points
Attempting to read XYZ file: /Dataset/SfS_pp/Surfaces/Pot_F_Piece_03_Surface_1.xyz
Found 3446 total points, reading 3446 points
Successfully read 3446 points
Attempting to read PCD file: /Dataset/SfS_pp/Surfaces/Pot_F_Piece_03_Surface_F.pcd
Attempting to read file: /Dataset/SfS_pp/Axes/Pot_F_Piece_04_Axis.xyz
File opened successfully
Successfully read 1 points
Attempting to read PCD file: /Dataset/SfS_pp/Breaklines/Pot_F_Piece_04_Breakline_0.pcd
File opened successfully
Found 2 segments, 59 total points
Processing 59 points
Found 59 unique points
Successfully processed PCD file
Attempting to read XYZ file: /Dataset/SfS_pp/Surfaces/Pot_F_Piece_04_Surface_0.xyz
Found 1569 total points, reading 1569 points
Successfully read 1569 points
Attempting to read XYZ file: /Dataset/SfS_pp/Surfaces/Pot_F_Piece_04_Surface_1.xyz
Found 1995 total points, reading 1995 points
Successfully read 1995 points
Attempting to read PCD file: /Dataset/SfS_pp/Surfaces/Pot_F_Piece_04_Surface_F.pcd
Attempting to read file: /Dataset/SfS_pp/Axes/Pot_F_Piece_05_Axis.xyz
File opened successfully
Successfully read 1 points
Attempting to read PCD file: /Dataset/SfS_pp/Breaklines/Pot_F_Piece_05_Breakline_0.pcd
File opened successfully
Found 4 segments, 57 total points
Processing 57 points
Found 57 unique points
Successfully processed PCD file
Attempting to read XYZ file: /Dataset/SfS_pp/Surfaces/Pot_F_Piece_05_Surface_0.xyz
Found 1583 total points, reading 1583 points
Successfully read 1583 points
Attempting to read XYZ file: /Dataset/SfS_pp/Surfaces/Pot_F_Piece_05_Surface_1.xyz
Found 2194 total points, reading 2194 points
Successfully read 2194 points
Attempting to read PCD file: /Dataset/SfS_pp/Surfaces/Pot_F_Piece_05_Surface_F.pcd
Attempting to read file: /Dataset/SfS_pp/Axes/Pot_F_Piece_06_Axis.xyz
File opened successfully
Successfully read 1 points
Attempting to read PCD file: /Dataset/SfS_pp/Breaklines/Pot_F_Piece_06_Breakline_0.pcd
File opened successfully
Found 3 segments, 50 total points
Processing 50 points
Found 50 unique points
Successfully processed PCD file
Attempting to read XYZ file: /Dataset/SfS_pp/Surfaces/Pot_F_Piece_06_Surface_0.xyz
Found 1106 total points, reading 1106 points
Successfully read 1106 points
Attempting to read XYZ file: /Dataset/SfS_pp/Surfaces/Pot_F_Piece_06_Surface_1.xyz
Found 1571 total points, reading 1571 points
Successfully read 1571 points
Attempting to read PCD file: /Dataset/SfS_pp/Surfaces/Pot_F_Piece_06_Surface_F.pcd
Attempting to read file: /Dataset/SfS_pp/Axes/Pot_F_Piece_07_Axis.xyz
File opened successfully
Successfully read 3 points
Attempting to read PCD file: /Dataset/SfS_pp/Breaklines/Pot_F_Piece_07_Breakline_0.pcd
File opened successfully
Found 2 segments, 28 total points
Processing 28 points
Found 28 unique points
Successfully processed PCD file
#################### Ground Truth data load ####################
0 1 1 1 1 1 0
1 0 1 0 1 0 0
1 1 0 0 0 1 0
1 0 0 0 1 0 0
1 1 0 1 0 0 0
1 0 1 0 0 0 0
0 0 0 0 0 0 0
#################### Save initial state ####################
#################### Change Axis symmetrix to z axis ####################
#################### Feature matching ####################
Total Number : 36
#################### Pairwise pruning ####################
Pruned match count: 27
#################### Genetic Algorithm search ####################
=== GA Iteration 1 / 2 ===
#################### GROUND TRUTH CANDIDATE AUDIT ####################
[GT AUDIT] Edge 1-2 (GT=1) Candidates: 2
  Choice 1: inliner= 32 score=0.601 density=19.991 [Wrapped] rad=1.4614 trans=12.3622
  Choice 2: inliner= 34 score=0.491 density=22.801 [Wrapped] rad=0.5777 trans=11.7560
  -> Best Match for GT: Choice 2 (rad_err=0.5777)
[GT AUDIT] Edge 1-3 (GT=1) Candidates: 2
  Choice 1: inliner= 24 score=0.549 density=15.490 [Wrapped] rad=2.5047 trans=9.6644
  Choice 2: inliner= 36 score=0.430 density=25.166 [Wrapped] rad=1.4937 trans=6.5210
  -> Best Match for GT: Choice 2 (rad_err=1.4937)
[GT AUDIT] Edge 1-4 (GT=1) Candidates: 1
  Choice 1: inliner= 22 score=0.252 density=17.570 [Wrapped] rad=0.1878 trans=9.0178 [VALID GT MATCH]
  -> Best Match for GT: Choice 1 (rad_err=0.1878)
[GT AUDIT] Edge 1-5 (GT=1) Candidates: 2
  Choice 1: inliner= 24 score=0.820 density=13.187 [Wrapped] rad=3.0144 trans=12.9653
  Choice 2: inliner= 26 score=0.458 density=17.830 [Wrapped] rad=2.1305 trans=14.2117
  -> Best Match for GT: Choice 2 (rad_err=2.1305)
[GT AUDIT] Edge 1-6 (GT=1) Candidates: 1
  Choice 1: inliner= 33 score=0.227 density=26.893 [Wrapped] rad=2.3385 trans=16.5826
  -> Best Match for GT: Choice 1 (rad_err=2.3385)
[GT AUDIT] Edge 2-3 (GT=1) Candidates: 4
  Choice 1: inliner= 45 score=0.516 density=29.692 [Wrapped] rad=2.9029 trans=8.8276
  Choice 2: inliner= 22 score=0.470 density=14.968 [Wrapped] rad=2.8423 trans=46.5259
  Choice 3: inliner= 36 score=0.455 density=24.744 [Wrapped] rad=3.0990 trans=39.8454
  Choice 4: inliner= 67 score=0.264 density=53.021 [Wrapped] rad=0.1121 trans=6.9971 [VALID GT MATCH]
  -> Best Match for GT: Choice 4 (rad_err=0.1121)
[GT AUDIT] Edge 2-5 (GT=1) Candidates: 2
  Choice 1: inliner= 28 score=0.282 density=21.839 [Wrapped] rad=0.4615 trans=4.5700
  Choice 2: inliner= 20 score=0.448 density=13.811 [Wrapped] rad=2.2038 trans=6.0219
  -> Best Match for GT: Choice 1 (rad_err=0.4615)
[GT AUDIT] Edge 3-6 (GT=1) Candidates: 2
  Choice 1: inliner= 33 score=0.300 density=25.391 [Wrapped] rad=2.8353 trans=32.0725
  Choice 2: inliner= 22 score=0.535 density=14.332 [Wrapped] rad=2.4679 trans=12.4535
  -> Best Match for GT: Choice 2 (rad_err=2.4679)
[GT AUDIT] Edge 4-5 (GT=1) Candidates: 1
  Choice 1: inliner= 22 score=0.255 density=17.531 [Wrapped] rad=0.1400 trans=4.8965 [VALID GT MATCH]
  -> Best Match for GT: Choice 1 (rad_err=0.1400)
######################################################################
[GA] Generation 0 best fitness: 25.2126
[GA] Generation 1 best fitness: 25.2126
[GA] Generation 2 best fitness: 56.9656
[GA] Generation 3 best fitness: 89.7687
[GA] Generation 4 best fitness: 89.7687
[GA] Generation 5 best fitness: 90.0407
[GA] Generation 6 best fitness: 90.0407
[GA] Generation 7 best fitness: 90.0407
[GA] Generation 8 best fitness: 128.6751
[GA] Generation 9 best fitness: 128.6751
[GA] Generation 10 best fitness: 128.6751
[GA] Generation 11 best fitness: 128.6751
[GA] Generation 12 best fitness: 128.6751
[GA] Generation 13 best fitness: 128.6751
[GA] Generation 14 best fitness: 128.6751
[GA] Generation 15 best fitness: 128.6751
[GA] Generation 16 best fitness: 128.6751
[GA] Generation 17 best fitness: 128.6751
[GA] Generation 18 best fitness: 128.6751
[GA] Generation 19 best fitness: 128.6751
[GA] Generation 20 best fitness: 128.6751
[GA] Generation 21 best fitness: 128.6751
[GA] Generation 22 best fitness: 128.6751
[GA] Generation 23 best fitness: 128.6751
[GA] Generation 24 best fitness: 128.6751
[GA] Generation 25 best fitness: 128.6751
[GA] Generation 26 best fitness: 128.6751
[GA] Generation 27 best fitness: 128.6751
[GA] Generation 28 best fitness: 128.6751
[GA] Generation 29 best fitness: 128.6751
[GA] Generation 30 best fitness: 128.6751
[GA] Generation 31 best fitness: 128.6751
[GA] Generation 32 best fitness: 131.2326
[GA] Generation 33 best fitness: 131.2326
[GA] Generation 34 best fitness: 131.2326
[GA] Generation 35 best fitness: 131.2326
[GA] Generation 36 best fitness: 131.2326
[GA] Generation 37 best fitness: 131.2326
[GA] Generation 38 best fitness: 132.6549
[GA] Generation 39 best fitness: 132.6549
[GA] Generation 40 best fitness: 132.6549
[GA] Generation 41 best fitness: 132.6549
[GA] Generation 42 best fitness: 132.6549
[GA] Generation 43 best fitness: 132.6549
[GA] Generation 44 best fitness: 132.6549
[GA] Generation 45 best fitness: 132.6549
[GA] Generation 46 best fitness: 132.6549
[GA] Generation 47 best fitness: 132.6549
[GA] Generation 48 best fitness: 132.6549
[GA] Generation 49 best fitness: 132.6549
[GA Iter 1] Best fitness: 132.6549 (improvement: 1000000132.6549)
[GA Iter 1] Recomputing matches on assembled positions...
[GA Iter 1] New match count: 36
[GA Iter 1] Pruned match count: 28
=== GA Iteration 2 / 2 ===
#################### GROUND TRUTH CANDIDATE AUDIT ####################
[GT AUDIT] Edge 1-2 (GT=1) Candidates: 2
  Choice 1: inliner= 34 score=0.544 density=22.020 [Wrapped] rad=0.4400 trans=9.6688
  Choice 2: inliner= 34 score=0.516 density=22.422 [Wrapped] rad=0.4888 trans=7.6397
  -> Best Match for GT: Choice 1 (rad_err=0.4400)
[GT AUDIT] Edge 1-3 (GT=1) Candidates: 2
  Choice 1: inliner= 24 score=0.547 density=15.511 [Wrapped] rad=0.1931 trans=9.3347 [VALID GT MATCH]
  Choice 2: inliner= 38 score=0.422 density=26.720 [Wrapped] rad=2.4557 trans=8.5350
  -> Best Match for GT: Choice 1 (rad_err=0.1931)
[GT AUDIT] Edge 1-4 (GT=1) Candidates: 1
  Choice 1: inliner= 22 score=0.250 density=17.596 [Wrapped] rad=3.0676 trans=14.5126
  -> Best Match for GT: Choice 1 (rad_err=3.0676)
[GT AUDIT] Edge 1-5 (GT=1) Candidates: 2
  Choice 1: inliner= 24 score=0.820 density=13.183 [Wrapped] rad=1.7833 trans=11.2424
  Choice 2: inliner= 26 score=0.458 density=17.834 [Wrapped] rad=0.9316 trans=13.1263
  -> Best Match for GT: Choice 2 (rad_err=0.9316)
[GT AUDIT] Edge 1-6 (GT=1) Candidates: 1
  Choice 1: inliner= 33 score=0.189 density=27.759 [Wrapped] rad=1.1452 trans=9.4912
  -> Best Match for GT: Choice 1 (rad_err=1.1452)
[GT AUDIT] Edge 2-3 (GT=1) Candidates: 4
  Choice 1: inliner= 38 score=0.576 density=24.106 [Wrapped] rad=0.0900 trans=4.1345 [VALID GT MATCH]
  Choice 2: inliner= 22 score=0.452 density=15.151 [Wrapped] rad=3.0269 trans=51.5547
  Choice 3: inliner= 36 score=0.275 density=28.225 [Wrapped] rad=2.8963 trans=47.0988
  Choice 4: inliner= 65 score=0.239 density=52.468 [Wrapped] rad=2.9584 trans=8.7816
  -> Best Match for GT: Choice 1 (rad_err=0.0900)
[GT AUDIT] Edge 2-5 (GT=1) Candidates: 2
  Choice 1: inliner= 28 score=0.282 density=21.839 [Wrapped] rad=0.2741 trans=2.3159 [VALID GT MATCH]
  Choice 2: inliner= 22 score=0.498 density=14.683 [Wrapped] rad=2.3461 trans=4.6129
  -> Best Match for GT: Choice 1 (rad_err=0.2741)
[GT AUDIT] Edge 3-6 (GT=1) Candidates: 2
  Choice 1: inliner= 33 score=0.300 density=25.377 [Wrapped] rad=2.8124 trans=39.7651
  Choice 2: inliner= 16 score=0.566 density=10.218 [Wrapped] rad=1.3341 trans=7.1982
  -> Best Match for GT: Choice 2 (rad_err=1.3341)
[GT AUDIT] Edge 4-5 (GT=1) Candidates: 1
  Choice 1: inliner= 22 score=0.256 density=17.522 [Wrapped] rad=3.0846 trans=2.6631
  -> Best Match for GT: Choice 1 (rad_err=3.0846)
######################################################################
[GA] Generation 0 best fitness: -174.6738
[GA] Generation 1 best fitness: 89.6852
[GA] Generation 2 best fitness: 89.6852
[GA] Generation 3 best fitness: 89.6852
[GA] Generation 4 best fitness: 105.2132
[GA] Generation 5 best fitness: 105.2132
[GA] Generation 6 best fitness: 105.2132
[GA] Generation 7 best fitness: 105.2132
[GA] Generation 8 best fitness: 113.3336
[GA] Generation 9 best fitness: 113.3336
[GA] Generation 10 best fitness: 113.3336
[GA] Generation 11 best fitness: 113.3336
[GA] Generation 12 best fitness: 113.3336
[GA] Generation 13 best fitness: 113.3336
[GA] Generation 14 best fitness: 113.3336
[GA] Generation 15 best fitness: 113.3336
[GA] Generation 16 best fitness: 113.3336
[GA] Generation 17 best fitness: 113.3336
[GA] Generation 18 best fitness: 113.3336
[GA] Generation 19 best fitness: 113.3336
[GA] Generation 20 best fitness: 113.3336
[GA] Generation 21 best fitness: 113.3336
[GA] Generation 22 best fitness: 113.3336
[GA] Generation 23 best fitness: 113.3336
[GA] Generation 24 best fitness: 113.3336
[GA] Generation 25 best fitness: 113.3336
[GA] Generation 26 best fitness: 113.3336
[GA] Generation 27 best fitness: 113.3336
[GA] Generation 28 best fitness: 113.3336
[GA] Generation 29 best fitness: 113.3336
[GA] Generation 30 best fitness: 142.9714
[GA] Generation 31 best fitness: 151.3640
[GA] Generation 32 best fitness: 151.3640
[GA] Generation 33 best fitness: 151.3640
[GA] Generation 34 best fitness: 151.3640
[GA] Generation 35 best fitness: 151.3640
[GA] Generation 36 best fitness: 151.3640
[GA] Generation 37 best fitness: 151.3640
[GA] Generation 38 best fitness: 151.3640
[GA] Generation 39 best fitness: 151.3640
[GA] Generation 40 best fitness: 151.3640
[GA] Generation 41 best fitness: 151.3640
[GA] Generation 42 best fitness: 151.3640
[GA] Generation 43 best fitness: 151.3640
[GA] Generation 44 best fitness: 151.3640
[GA] Generation 45 best fitness: 151.3640
[GA] Generation 46 best fitness: 181.1319
[GA] Generation 47 best fitness: 181.1319
[GA] Generation 48 best fitness: 181.1319
[GA] Generation 49 best fitness: 181.1319
[GA Iter 2] Best fitness: 181.1319 (improvement: 48.4770)
GA converged after 2 iteration(s).
[CountResult DEBUG] Thresholds: rad=0.3500, trans=50.0000
[CountResult DEBUG] Edge 1-2 GT=1.0000 Pred=0.0000 rad_err=0.0684 trans_err=1.0579 => PASS
[CountResult DEBUG] Edge 1-3 GT=1.0000 Pred=1.0000 rad_err=0.0919 trans_err=24.7821 => PASS
[CountResult DEBUG] Edge 1-4 GT=1.0000 Pred=1.0000 rad_err=0.7102 trans_err=104.8304 => FAIL
[CountResult DEBUG] Edge 1-5 GT=1.0000 Pred=0.0000 rad_err=0.1697 trans_err=38.6688 => PASS
[CountResult DEBUG] Edge 1-6 GT=1.0000 Pred=1.0000 rad_err=0.1483 trans_err=73.3628 => FAIL
[CountResult DEBUG] Edge 2-3 GT=1.0000 Pred=1.0000 rad_err=0.0498 trans_err=20.0210 => PASS
[CountResult DEBUG] Edge 2-5 GT=1.0000 Pred=1.0000 rad_err=0.1153 trans_err=30.0888 => PASS
[CountResult DEBUG] Edge 3-6 GT=1.0000 Pred=1.0000 rad_err=0.1221 trans_err=35.0965 => PASS
[CountResult DEBUG] Edge 4-5 GT=1.0000 Pred=1.0000 rad_err=0.5844 trans_err=159.1727 => FAIL
[CountResult DEBUG] Sherd 1 gt_edges=5 matched_edges=3 => MATCHED
[CountResult DEBUG] Sherd 2 gt_edges=3 matched_edges=3 => MATCHED
[CountResult DEBUG] Sherd 3 gt_edges=3 matched_edges=3 => MATCHED
[CountResult DEBUG] Sherd 4 gt_edges=2 matched_edges=0 => MISSED
[CountResult DEBUG] Sherd 5 gt_edges=3 matched_edges=2 => MATCHED
[CountResult DEBUG] Sherd 6 gt_edges=2 matched_edges=1 => MATCHED
[CountResult DEBUG] Sherd 7 gt_edges=0 matched_edges=0 => MISSED
Sherd accuracy : 5 / 6 (83.3333%)
Edge accuracy : 5 / 9 (61.1111%)
########## Pre-ICP GA Results ##########
Sherd Accuracy : 5 / 6
Edge Accuracy  : 5 / 9
########################################
#################### Post-GA Global ICP Refinement ####################
#################### Fine reconstruction is converge ####################
[CountResult DEBUG] Thresholds: rad=0.3500, trans=50.0000
[CountResult DEBUG] Edge 1-2 GT=1.0000 Pred=1.0000 rad_err=0.0310 trans_err=12.3289 => PASS
[CountResult DEBUG] Edge 1-3 GT=1.0000 Pred=1.0000 rad_err=0.0338 trans_err=0.9064 => PASS
[CountResult DEBUG] Edge 1-4 GT=1.0000 Pred=1.0000 rad_err=0.7246 trans_err=144.6560 => FAIL
[CountResult DEBUG] Edge 1-5 GT=1.0000 Pred=1.0000 rad_err=0.0898 trans_err=43.0836 => PASS
[CountResult DEBUG] Edge 1-6 GT=1.0000 Pred=1.0000 rad_err=0.0399 trans_err=9.7397 => PASS
[CountResult DEBUG] Edge 2-3 GT=1.0000 Pred=1.0000 rad_err=0.0284 trans_err=5.8412 => PASS
[CountResult DEBUG] Edge 2-5 GT=1.0000 Pred=1.0000 rad_err=0.1082 trans_err=43.3067 => PASS
[CountResult DEBUG] Edge 3-6 GT=1.0000 Pred=1.0000 rad_err=0.0197 trans_err=7.5370 => PASS
[CountResult DEBUG] Edge 4-5 GT=1.0000 Pred=1.0000 rad_err=0.7488 trans_err=167.4651 => FAIL
[CountResult DEBUG] Sherd 1 gt_edges=5 matched_edges=4 => MATCHED
[CountResult DEBUG] Sherd 2 gt_edges=3 matched_edges=3 => MATCHED
[CountResult DEBUG] Sherd 3 gt_edges=3 matched_edges=3 => MATCHED
[CountResult DEBUG] Sherd 4 gt_edges=2 matched_edges=0 => MISSED
[CountResult DEBUG] Sherd 5 gt_edges=3 matched_edges=2 => MATCHED
[CountResult DEBUG] Sherd 6 gt_edges=2 matched_edges=2 => MATCHED
[CountResult DEBUG] Sherd 7 gt_edges=0 matched_edges=0 => MISSED
Sherd accuracy : 5 / 6 (83.3333%)
Edge accuracy : 7 / 9 (77.7778%)
########## Post-ICP Global Results ##########
Sherd Accuracy : 5 / 6
Edge Accuracy  : 7 / 9
########################################
#################### Post-GA Incremental ICP Refinement ####################
[CountResult DEBUG] Thresholds: rad=0.3500, trans=50.0000
[CountResult DEBUG] Edge 1-2 GT=1.0000 Pred=0.0000 rad_err=0.2838 trans_err=61.4708 => FAIL
[CountResult DEBUG] Edge 1-3 GT=1.0000 Pred=1.0000 rad_err=0.0842 trans_err=21.4064 => PASS
[CountResult DEBUG] Edge 1-4 GT=1.0000 Pred=1.0000 rad_err=0.2761 trans_err=53.9952 => FAIL
[CountResult DEBUG] Edge 1-5 GT=1.0000 Pred=0.0000 rad_err=0.2595 trans_err=94.3182 => FAIL
[CountResult DEBUG] Edge 1-6 GT=1.0000 Pred=1.0000 rad_err=0.1556 trans_err=77.0297 => FAIL
[CountResult DEBUG] Edge 2-3 GT=1.0000 Pred=1.0000 rad_err=0.2076 trans_err=75.8004 => FAIL
[CountResult DEBUG] Edge 2-5 GT=1.0000 Pred=1.0000 rad_err=0.5353 trans_err=211.4040 => FAIL
[CountResult DEBUG] Edge 3-6 GT=1.0000 Pred=1.0000 rad_err=0.1637 trans_err=45.0552 => PASS
[CountResult DEBUG] Edge 4-5 GT=1.0000 Pred=1.0000 rad_err=0.4392 trans_err=148.2059 => FAIL
[CountResult DEBUG] Sherd 1 gt_edges=5 matched_edges=1 => MATCHED
[CountResult DEBUG] Sherd 2 gt_edges=3 matched_edges=1 => MATCHED
[CountResult DEBUG] Sherd 3 gt_edges=3 matched_edges=3 => MATCHED
[CountResult DEBUG] Sherd 4 gt_edges=2 matched_edges=0 => MISSED
[CountResult DEBUG] Sherd 5 gt_edges=3 matched_edges=0 => MISSED
[CountResult DEBUG] Sherd 6 gt_edges=2 matched_edges=1 => MATCHED
[CountResult DEBUG] Sherd 7 gt_edges=0 matched_edges=0 => MISSED
Sherd accuracy : 4 / 6 (66.6667%)
Edge accuracy : 2 / 9 (22.2222%)
########## Post-ICP Incremental Results ##########
Sherd Accuracy : 4 / 6
Edge Accuracy  : 2 / 9
########################################
########## Final Refined Results ##########
Selected Stage      : Post-ICP Global (selected in compare)
Final Sherd Accuracy : 5 / 6
Final Edge Accuracy  : 7 / 9
Total Runtime        : 1398800.2430 sec
###########################################
Showing Refined assembly. Press 'G' to toggle Ground Truth comparison! Press 'Q' to quit.
