
--- COLLISION CLOUD SUMMARY ---
  Params: voxel=5 edge_exclusion=2 epsilon=2.5 max_points=300
  Sherd 1: in=6117 out=6334 filtered=1260 candidate=11191 voxel=280 final=280 radius=41.441
  Sherd 2: in=5623 out=6093 filtered=1279 candidate=10437 voxel=226 final=226 radius=33.902
  Sherd 3: in=3672 out=4151 filtered=881 candidate=6942 voxel=178 final=178 radius=34.469
  Sherd 4: in=3601 out=4150 filtered=951 candidate=6800 voxel=170 final=170 radius=33.981
  Sherd 5: in=3939 out=4090 filtered=1077 candidate=6952 voxel=158 final=158 radius=28.804
  Sherd 6: in=3093 out=3266 filtered=913 candidate=5446 voxel=138 final=138 radius=28.538
  Sherd 7: in=1629 out=1390 filtered=501 candidate=2518 voxel=91 final=91 radius=23.354
  Valid sherds=7 empty_clouds=0


--- GENERATION 0 BEST BREAKDOWN ---
  Total Fitness: -5326.70
  Inlier Reward: 408.62
  Cycle Penalty: 0.00
  Overlap Penalty: 1455.24
  Edge Residual Penalty: 4184.90
  Edge Rot Residual Penalty: 165.17
  Connectivity Reward: 70.00
  Component Penalty: 0.00
  Largest Component: 7
  Num Components: 1
  Active Pairs: 17
  OverlapDiag Sum (indexed): 1476.8164 (delta_vs_fitness=21.5725)
  OverlapDiag Pairs: total=21 same_comp=21 broad_reject=0 narrow_checked=21 active=15
  OverlapDiag Top Active Pairs:
    Pair (1,4) pen=200.3006 hits=117/158 hit_ratio=0.7405 avg_depth=0.3278 min_nn=0.2294
    Pair (1,3) pen=187.6417 hits=127/170 hit_ratio=0.7471 avg_depth=0.3073 min_nn=0.1865
    Pair (3,4) pen=180.9305 hits=115/170 hit_ratio=0.7025 avg_depth=0.3119 min_nn=0.5154
    Pair (3,5) pen=179.2673 hits=92/138 hit_ratio=0.6667 avg_depth=0.3267 min_nn=0.3473
    Pair (1,5) pen=176.4685 hits=93/138 hit_ratio=0.6739 avg_depth=0.3201 min_nn=0.0470

  --- ACTIVE GENE MAP ---
    Gene  0 (Pair  2- 1): choice=1 (inl=36)
    Gene  1 (Pair  3- 1): choice=2 (inl=71)
    Gene  2 (Pair  4- 1): choice=1 (inl=49)
    Gene  3 (Pair  5- 1): choice=1 (inl=42)
    Gene  4 (Pair  6- 1): choice=1 (inl=22)
    Gene  5 (Pair  7- 1): choice=1 (inl=20)
    Gene  6 (Pair  4- 2): choice=1 (inl=50)
    Gene  7 (Pair  5- 2): choice=1 (inl=60)
    Gene  8 (Pair  6- 2): choice=2 (inl=30)
    Gene 10 (Pair  4- 3): choice=1 (inl=30)
    Gene 12 (Pair  6- 3): choice=2 (inl=34)
    Gene 13 (Pair  7- 3): choice=1 (inl=20)
    Gene 14 (Pair  5- 4): choice=1 (inl=32)
    Gene 15 (Pair  6- 4): choice=1 (inl=28)
    Gene 16 (Pair  7- 4): choice=1 (inl=20)
    Gene 18 (Pair  7- 5): choice=2 (inl=28)
    Gene 19 (Pair  7- 6): choice=1 (inl=24)

  --- SHARD 4 CANDIDATE ANALYSIS ---
    Pair (4-1): Selected=1 / 1 choices
      Choice 1: inliners=49 [SELECTED]
    Pair (4-2): Selected=1 / 2 choices
      Choice 1: inliners=50 [SELECTED]
      Choice 2: inliners=36
    Pair (4-3): Selected=1 / 1 choices
      Choice 1: inliners=30 [SELECTED]
    Pair (5-4): Selected=1 / 1 choices
      Choice 1: inliners=32 [SELECTED]
    Pair (6-4): Selected=1 / 2 choices
      Choice 1: inliners=28 [SELECTED]
      Choice 2: inliners=34
    Pair (7-4): Selected=1 / 1 choices
      Choice 1: inliners=20 [SELECTED]


--- GENERATION 10 BEST BREAKDOWN ---
  Total Fitness: -2263.54
  Inlier Reward: 282.20
  Cycle Penalty: 0.00
  Overlap Penalty: 363.80
  Edge Residual Penalty: 2124.61
  Edge Rot Residual Penalty: 127.33
  Connectivity Reward: 70.00
  Component Penalty: 0.00
  Largest Component: 7
  Num Components: 1
  Active Pairs: 10
  OverlapDiag Sum (indexed): 383.4732 (delta_vs_fitness=19.6685)
  OverlapDiag Pairs: total=21 same_comp=21 broad_reject=0 narrow_checked=21 active=7
  OverlapDiag Top Active Pairs:
    Pair (1,3) pen=174.0574 hits=124/170 hit_ratio=0.7294 avg_depth=0.2938 min_nn=0.5210
    Pair (0,6) pen=156.2765 hits=57/91 hit_ratio=0.6264 avg_depth=0.3240 min_nn=0.3594
    Pair (2,5) pen=16.9756 hits=8/178 hit_ratio=0.0580 avg_depth=0.4131 min_nn=0.6939
    Pair (0,2) pen=16.4951 hits=12/178 hit_ratio=0.0674 avg_depth=0.2454 min_nn=1.2216
    Pair (1,4) pen=9.9128 hits=7/226 hit_ratio=0.0443 avg_depth=0.2843 min_nn=0.6323

  --- ACTIVE GENE MAP ---
    Gene  1 (Pair  3- 1): choice=2 (inl=71)
    Gene  3 (Pair  5- 1): choice=1 (inl=42)
    Gene  6 (Pair  4- 2): choice=1 (inl=50)
    Gene  7 (Pair  5- 2): choice=1 (inl=60)
    Gene  8 (Pair  6- 2): choice=2 (inl=30)
    Gene  9 (Pair  7- 2): choice=1 (inl=22)
    Gene 12 (Pair  6- 3): choice=2 (inl=34)
    Gene 13 (Pair  7- 3): choice=1 (inl=20)
    Gene 14 (Pair  5- 4): choice=1 (inl=32)
    Gene 15 (Pair  6- 4): choice=2 (inl=34)

  --- SHARD 4 CANDIDATE ANALYSIS ---
    Pair (4-1): Selected=0 / 1 choices
      Choice 1: inliners=49
    Pair (4-2): Selected=1 / 2 choices
      Choice 1: inliners=50 [SELECTED]
      Choice 2: inliners=36
    Pair (4-3): Selected=0 / 1 choices
      Choice 1: inliners=30
    Pair (5-4): Selected=1 / 1 choices
      Choice 1: inliners=32 [SELECTED]
    Pair (6-4): Selected=2 / 2 choices
      Choice 1: inliners=28
      Choice 2: inliners=34 [SELECTED]
    Pair (7-4): Selected=0 / 1 choices
      Choice 1: inliners=20


--- GENERATION 20 BEST BREAKDOWN ---
  Total Fitness: -680.07
  Inlier Reward: 251.09
  Cycle Penalty: 0.00
  Overlap Penalty: 353.67
  Edge Residual Penalty: 591.52
  Edge Rot Residual Penalty: 55.96
  Connectivity Reward: 70.00
  Component Penalty: 0.00
  Largest Component: 7
  Num Components: 1
  Active Pairs: 9
  OverlapDiag Sum (indexed): 369.5018 (delta_vs_fitness=15.8268)
  OverlapDiag Pairs: total=21 same_comp=21 broad_reject=0 narrow_checked=21 active=8
  OverlapDiag Top Active Pairs:
    Pair (4,5) pen=172.7784 hits=88/138 hit_ratio=0.6377 avg_depth=0.3270 min_nn=0.3683
    Pair (2,6) pen=122.3108 hits=50/91 hit_ratio=0.5495 avg_depth=0.2918 min_nn=0.6812
    Pair (0,2) pen=16.4951 hits=12/178 hit_ratio=0.0674 avg_depth=0.2454 min_nn=1.2216
    Pair (1,3) pen=15.1433 hits=10/226 hit_ratio=0.0529 avg_depth=0.2999 min_nn=0.8870
    Pair (0,5) pen=13.5200 hits=8/280 hit_ratio=0.0507 avg_depth=0.3391 min_nn=1.0925

  --- ACTIVE GENE MAP ---
    Gene  1 (Pair  3- 1): choice=2 (inl=71)
    Gene  3 (Pair  5- 1): choice=1 (inl=42)
    Gene  4 (Pair  6- 1): choice=1 (inl=22)
    Gene  5 (Pair  7- 1): choice=2 (inl=30)
    Gene  6 (Pair  4- 2): choice=1 (inl=50)
    Gene  7 (Pair  5- 2): choice=1 (inl=60)
    Gene  8 (Pair  6- 2): choice=2 (inl=30)
    Gene 11 (Pair  5- 3): choice=1 (inl=12)
    Gene 12 (Pair  6- 3): choice=2 (inl=34)

  --- SHARD 4 CANDIDATE ANALYSIS ---
    Pair (4-1): Selected=0 / 1 choices
      Choice 1: inliners=49
    Pair (4-2): Selected=1 / 2 choices
      Choice 1: inliners=50 [SELECTED]
      Choice 2: inliners=36
    Pair (4-3): Selected=0 / 1 choices
      Choice 1: inliners=30
    Pair (5-4): Selected=0 / 1 choices
      Choice 1: inliners=32
    Pair (6-4): Selected=0 / 2 choices
      Choice 1: inliners=28
      Choice 2: inliners=34
    Pair (7-4): Selected=0 / 1 choices
      Choice 1: inliners=20


--- GENERATION 30 BEST BREAKDOWN ---
  Total Fitness: -4.26
  Inlier Reward: 248.05
  Cycle Penalty: 0.00
  Overlap Penalty: 161.01
  Edge Residual Penalty: 107.89
  Edge Rot Residual Penalty: 53.41
  Connectivity Reward: 70.00
  Component Penalty: 0.00
  Largest Component: 7
  Num Components: 1
  Active Pairs: 8
  OverlapDiag Sum (indexed): 180.3494 (delta_vs_fitness=19.3415)
  OverlapDiag Pairs: total=21 same_comp=21 broad_reject=0 narrow_checked=21 active=8
  OverlapDiag Top Active Pairs:
    Pair (4,6) pen=102.7443 hits=35/91 hit_ratio=0.3846 avg_depth=0.3386 min_nn=0.3796
    Pair (2,5) pen=16.9756 hits=8/178 hit_ratio=0.0580 avg_depth=0.4131 min_nn=0.6939
    Pair (0,2) pen=16.4951 hits=12/178 hit_ratio=0.0674 avg_depth=0.2454 min_nn=1.2216
    Pair (1,3) pen=15.1433 hits=10/226 hit_ratio=0.0529 avg_depth=0.2999 min_nn=0.8870
    Pair (1,4) pen=9.9128 hits=7/226 hit_ratio=0.0443 avg_depth=0.2843 min_nn=0.6323

  --- ACTIVE GENE MAP ---
    Gene  1 (Pair  3- 1): choice=2 (inl=71)
    Gene  3 (Pair  5- 1): choice=1 (inl=42)
    Gene  5 (Pair  7- 1): choice=1 (inl=20)
    Gene  6 (Pair  4- 2): choice=1 (inl=50)
    Gene  7 (Pair  5- 2): choice=1 (inl=60)
    Gene  8 (Pair  6- 2): choice=2 (inl=30)
    Gene 11 (Pair  5- 3): choice=2 (inl=38)
    Gene 12 (Pair  6- 3): choice=2 (inl=34)

  --- SHARD 4 CANDIDATE ANALYSIS ---
    Pair (4-1): Selected=0 / 1 choices
      Choice 1: inliners=49
    Pair (4-2): Selected=1 / 2 choices
      Choice 1: inliners=50 [SELECTED]
      Choice 2: inliners=36
    Pair (4-3): Selected=0 / 1 choices
      Choice 1: inliners=30
    Pair (5-4): Selected=0 / 1 choices
      Choice 1: inliners=32
    Pair (6-4): Selected=0 / 2 choices
      Choice 1: inliners=28
      Choice 2: inliners=34
    Pair (7-4): Selected=0 / 1 choices
      Choice 1: inliners=20


--- GENERATION 40 BEST BREAKDOWN ---
  Total Fitness: 84.95
  Inlier Reward: 234.87
  Cycle Penalty: 0.00
  Overlap Penalty: 48.61
  Edge Residual Penalty: 107.89
  Edge Rot Residual Penalty: 53.41
  Connectivity Reward: 60.00
  Component Penalty: 0.00
  Largest Component: 6
  Num Components: 2
  Active Pairs: 7
  OverlapDiag Sum (indexed): 67.9555 (delta_vs_fitness=19.3415)
  OverlapDiag Pairs: total=21 same_comp=15 broad_reject=0 narrow_checked=15 active=6
  OverlapDiag Top Active Pairs:
    Pair (2,5) pen=16.9756 hits=8/178 hit_ratio=0.0580 avg_depth=0.4131 min_nn=0.6939
    Pair (0,2) pen=16.4951 hits=12/178 hit_ratio=0.0674 avg_depth=0.2454 min_nn=1.2216
    Pair (1,3) pen=15.1433 hits=10/226 hit_ratio=0.0529 avg_depth=0.2999 min_nn=0.8870
    Pair (1,4) pen=9.9128 hits=7/226 hit_ratio=0.0443 avg_depth=0.2843 min_nn=0.6323
    Pair (0,4) pen=5.9140 hits=6/280 hit_ratio=0.0214 avg_depth=0.2584 min_nn=1.1342

  --- ACTIVE GENE MAP ---
    Gene  1 (Pair  3- 1): choice=2 (inl=71)
    Gene  3 (Pair  5- 1): choice=1 (inl=42)
    Gene  6 (Pair  4- 2): choice=1 (inl=50)
    Gene  7 (Pair  5- 2): choice=1 (inl=60)
    Gene  8 (Pair  6- 2): choice=2 (inl=30)
    Gene 11 (Pair  5- 3): choice=2 (inl=38)
    Gene 12 (Pair  6- 3): choice=2 (inl=34)

  --- SHARD 4 CANDIDATE ANALYSIS ---
    Pair (4-1): Selected=0 / 1 choices
      Choice 1: inliners=49
    Pair (4-2): Selected=1 / 2 choices
      Choice 1: inliners=50 [SELECTED]
      Choice 2: inliners=36
    Pair (4-3): Selected=0 / 1 choices
      Choice 1: inliners=30
    Pair (5-4): Selected=0 / 1 choices
      Choice 1: inliners=32
    Pair (6-4): Selected=0 / 2 choices
      Choice 1: inliners=28
      Choice 2: inliners=34
    Pair (7-4): Selected=0 / 1 choices
      Choice 1: inliners=20


--- GENERATION 50 BEST BREAKDOWN ---
  Total Fitness: 174.68
  Inlier Reward: 217.36
  Cycle Penalty: 0.00
  Overlap Penalty: 48.61
  Edge Residual Penalty: 13.84
  Edge Rot Residual Penalty: 40.23
  Connectivity Reward: 60.00
  Component Penalty: 0.00
  Largest Component: 6
  Num Components: 2
  Active Pairs: 6
  OverlapDiag Sum (indexed): 67.9555 (delta_vs_fitness=19.3415)
  OverlapDiag Pairs: total=21 same_comp=15 broad_reject=0 narrow_checked=15 active=6
  OverlapDiag Top Active Pairs:
    Pair (2,5) pen=16.9756 hits=8/178 hit_ratio=0.0580 avg_depth=0.4131 min_nn=0.6939
    Pair (0,2) pen=16.4951 hits=12/178 hit_ratio=0.0674 avg_depth=0.2454 min_nn=1.2216
    Pair (1,3) pen=15.1433 hits=10/226 hit_ratio=0.0529 avg_depth=0.2999 min_nn=0.8870
    Pair (1,4) pen=9.9128 hits=7/226 hit_ratio=0.0443 avg_depth=0.2843 min_nn=0.6323
    Pair (0,4) pen=5.9140 hits=6/280 hit_ratio=0.0214 avg_depth=0.2584 min_nn=1.1342

  --- ACTIVE GENE MAP ---
    Gene  1 (Pair  3- 1): choice=2 (inl=71)
    Gene  3 (Pair  5- 1): choice=1 (inl=42)
    Gene  6 (Pair  4- 2): choice=1 (inl=50)
    Gene  7 (Pair  5- 2): choice=1 (inl=60)
    Gene 11 (Pair  5- 3): choice=2 (inl=38)
    Gene 12 (Pair  6- 3): choice=2 (inl=34)

  --- SHARD 4 CANDIDATE ANALYSIS ---
    Pair (4-1): Selected=0 / 1 choices
      Choice 1: inliners=49
    Pair (4-2): Selected=1 / 2 choices
      Choice 1: inliners=50 [SELECTED]
      Choice 2: inliners=36
    Pair (4-3): Selected=0 / 1 choices
      Choice 1: inliners=30
    Pair (5-4): Selected=0 / 1 choices
      Choice 1: inliners=32
    Pair (6-4): Selected=0 / 2 choices
      Choice 1: inliners=28
      Choice 2: inliners=34
    Pair (7-4): Selected=0 / 1 choices
      Choice 1: inliners=20


--- COLLISION AUDIT [FINAL BEST] ---
  Fitness overlap penalty: 48.6140
  Recomputed indexed overlap sum: 67.9555 (delta=19.3415)
  Pair counts: total=21 same_comp=15 broad_reject=0 narrow_checked=15 active=6
  Pair (0,1): center_dist=0.000 broad_radius=0.000 min_nn=5.535 hits=0/280 hit_ratio=0.000 avg_depth=0.000 pair_pen=0.000 [OK] NARROW-PHASE CLEAR
  Pair (0,2): center_dist=0.000 broad_radius=0.000 min_nn=1.222 hits=12/178 hit_ratio=0.067 avg_depth=0.245 pair_pen=16.495 [!!!] ACTIVE COLLISION UNRESOLVED
  Pair (0,3): center_dist=0.000 broad_radius=0.000 min_nn=6.308 hits=0/280 hit_ratio=0.000 avg_depth=0.000 pair_pen=0.000 [OK] NARROW-PHASE CLEAR
  Pair (0,4): center_dist=0.000 broad_radius=0.000 min_nn=1.134 hits=6/280 hit_ratio=0.021 avg_depth=0.258 pair_pen=5.914 [!!!] ACTIVE COLLISION UNRESOLVED
  Pair (0,5): center_dist=0.000 broad_radius=0.000 min_nn=22.310 hits=0/280 hit_ratio=0.000 avg_depth=0.000 pair_pen=0.000 [OK] NARROW-PHASE CLEAR
  Pair (1,2): center_dist=0.000 broad_radius=0.000 min_nn=11.064 hits=0/226 hit_ratio=0.000 avg_depth=0.000 pair_pen=0.000 [OK] NARROW-PHASE CLEAR
  Pair (1,3): center_dist=0.000 broad_radius=0.000 min_nn=0.887 hits=10/226 hit_ratio=0.053 avg_depth=0.300 pair_pen=15.143 [!!!] ACTIVE COLLISION UNRESOLVED
  Pair (1,4): center_dist=0.000 broad_radius=0.000 min_nn=0.632 hits=7/226 hit_ratio=0.044 avg_depth=0.284 pair_pen=9.913 [!!!] ACTIVE COLLISION UNRESOLVED
  Pair (1,5): center_dist=0.000 broad_radius=0.000 min_nn=30.879 hits=0/226 hit_ratio=0.000 avg_depth=0.000 pair_pen=0.000 [OK] NARROW-PHASE CLEAR
  Pair (2,3): center_dist=0.000 broad_radius=0.000 min_nn=3.092 hits=0/178 hit_ratio=0.000 avg_depth=0.000 pair_pen=0.000 [OK] NARROW-PHASE CLEAR
  Pair (2,4): center_dist=0.000 broad_radius=0.000 min_nn=28.339 hits=0/178 hit_ratio=0.000 avg_depth=0.000 pair_pen=0.000 [OK] NARROW-PHASE CLEAR
  Pair (2,5): center_dist=0.000 broad_radius=0.000 min_nn=0.694 hits=8/178 hit_ratio=0.058 avg_depth=0.413 pair_pen=16.976 [!!!] ACTIVE COLLISION UNRESOLVED
  Pair (3,4): center_dist=0.000 broad_radius=0.000 min_nn=23.528 hits=0/170 hit_ratio=0.000 avg_depth=0.000 pair_pen=0.000 [OK] NARROW-PHASE CLEAR
  Pair (3,5): center_dist=0.000 broad_radius=0.000 min_nn=1.144 hits=3/170 hit_ratio=0.022 avg_depth=0.324 pair_pen=3.515 [!!!] ACTIVE COLLISION UNRESOLVED
  Pair (4,5): center_dist=0.000 broad_radius=0.000 min_nn=46.289 hits=0/158 hit_ratio=0.000 avg_depth=0.000 pair_pen=0.000 [OK] NARROW-PHASE CLEAR

